W1003 05:41:36.336000 2060528 torch/utils/_pytree.py:630] <enum 'KernelPreference'> is an Enum subclass and is now natively supported by torch.compile as an opaque value type. Calling register_constant() on Enum subclasses is deprecated and will be an error in a future release.
W1003 05:41:36.340000 2060527 torch/utils/_pytree.py:630] <enum 'KernelPreference'> is an Enum subclass and is now natively supported by torch.compile as an opaque value type. Calling register_constant() on Enum subclasses is deprecated and will be an error in a future release.
W1003 05:41:36.363000 2060528 torch/utils/_pytree.py:630] <enum 'ScaleCalculationMode'> is an Enum subclass and is now natively supported by torch.compile as an opaque value type. Calling register_constant() on Enum subclasses is deprecated and will be an error in a future release.
W1003 05:41:36.367000 2060527 torch/utils/_pytree.py:630] <enum 'ScaleCalculationMode'> is an Enum subclass and is now natively supported by torch.compile as an opaque value type. Calling register_constant() on Enum subclasses is deprecated and will be an error in a future release.
/scratch/specforge-torchtitan-20261003/graph-loss-source-candidate3/specforge/modeling/draft/llama3_eagle.py:33: UserWarning: flash_attn is not found, falling back to flex_attention. Please install flash_attn if you want to use the flash attention backend.
  warnings.warn(
/scratch/specforge-torchtitan-20261003/graph-loss-source-candidate3/specforge/modeling/draft/llama3_eagle.py:33: UserWarning: flash_attn is not found, falling back to flex_attention. Please install flash_attn if you want to use the flash attention backend.
  warnings.warn(
Loading ['model.embed_tokens.weight', 'lm_head.weight'] from model.safetensors...
 -> Loaded Embeddings
 -> Loaded LM Head
Loading ['model.embed_tokens.weight', 'lm_head.weight'] from model.safetensors...
 -> Loaded Embeddings
 -> Loaded LM Head
[titan] 2026-10-03 05:41:38,595 - root - WARNING - ENV[TORCH_NCCL_ASYNC_ERROR_HANDLING] = 1 will be overridden to 3 based on job config
[titan] 2026-10-03 05:41:38,601 - root - WARNING - ENV[TORCH_NCCL_ASYNC_ERROR_HANDLING] = 1 will be overridden to 3 based on job config
[titan] 2026-10-03 05:41:38,601 - root - INFO - Building device mesh with parallelism: pp=1, dp_replicate=1, dp_shard=2, cp=1, tp=1, ep=1
[titan] 2026-10-03 05:41:38,606 - root - INFO - Successfully created meshes with active dimensions: ['batch', 'loss', 'fsdp']
[titan] 2026-10-03 05:41:38,606 - root - INFO - [GC] Initial GC collection took 0.00 seconds
[titan] 2026-10-03 05:41:38,607 - root - INFO - Building device mesh with parallelism: pp=1, dp_replicate=1, dp_shard=2, cp=1, tp=1, ep=1
[titan] 2026-10-03 05:41:38,608 - root - INFO - Building specforge dflash2
[titan] 2026-10-03 05:41:38,612 - root - INFO - Successfully created meshes with active dimensions: ['batch', 'loss', 'fsdp']
[titan] 2026-10-03 05:41:38,612 - root - INFO - [GC] Initial GC collection took 0.00 seconds
[titan] 2026-10-03 05:41:38,614 - root - INFO - Building specforge dflash2
[titan] 2026-10-03 05:41:38,615 - root - INFO - CUDA capacity: NVIDIA H200 with 139.80GiB memory
[titan] 2026-10-03 05:41:38,615 - root - WARNING - Error running lspci: [Errno 2] No such file or directory: 'lspci', fallback to use device_name
[titan] 2026-10-03 05:41:38,616 - root - INFO - [34mModel specforge dflash2 [31msize: 30,048 total parameters[39m
[titan] 2026-10-03 05:41:38,621 - root - INFO - CUDA capacity: NVIDIA H200 with 139.80GiB memory
[titan] 2026-10-03 05:41:38,621 - root - WARNING - Error running lspci: [Errno 2] No such file or directory: 'lspci', fallback to use device_name
[titan] 2026-10-03 05:41:38,621 - root - INFO - [34mModel specforge dflash2 [31msize: 30,048 total parameters[39m
[titan] 2026-10-03 05:41:38,639 - root - INFO - Applied Data Parallel (simple_fsdp) (dp mode=fully_shard) to the model
[titan] 2026-10-03 05:41:38,639 - root - INFO - aot_fx_trace compile mode: graph capture will happen at training time
[titan] 2026-10-03 05:41:38,645 - root - INFO - Applied Data Parallel (simple_fsdp) (dp mode=fully_shard) to the model
[titan] 2026-10-03 05:41:38,645 - root - INFO - aot_fx_trace compile mode: graph capture will happen at training time
[titan] 2026-10-03 05:41:39,779 - root - WARNING - Error running lspci: [Errno 2] No such file or directory: 'lspci', fallback to use device_name
[titan] 2026-10-03 05:41:39,779 - root - INFO - Peak FLOPS used for computing MFU: 9.890e+14
[titan] 2026-10-03 05:41:39,779 - root - WARNING - Error running lspci: [Errno 2] No such file or directory: 'lspci', fallback to use device_name
[titan] 2026-10-03 05:41:39,779 - root - INFO - Peak FLOPS used for computing MFU: 9.890e+14
[titan] 2026-10-03 05:41:39,779 - root - INFO - CUDA memory usage for model: 0.00GiB(0.00%)
[titan] 2026-10-03 05:41:39,780 - root - INFO - CUDA memory usage for model: 0.00GiB(0.00%)
[titan] 2026-10-03 05:41:39,780 - root - INFO - Optimizer AdamW (model_part=0): 36 params [.*] {'fused': True, 'foreach': False, 'lr': 0.002, 'betas': (0.9, 0.999), 'eps': 1e-08, 'weight_decay': 0.0}
[titan] 2026-10-03 05:41:39,780 - root - INFO - Optimizer AdamW (model_part=0): 36 params [.*] {'fused': True, 'foreach': False, 'lr': 0.002, 'betas': (0.9, 0.999), 'eps': 1e-08, 'weight_decay': 0.0}
[titan] 2026-10-03 05:41:39,781 - root - INFO - Checkpointing active. Checkpoints will be loaded from and saved to /scratch/specforge-torchtitan-20261003/graph-loss-lifecycle-regional/resume/checkpoint
[titan] 2026-10-03 05:41:39,781 - root - INFO - Checkpointing active. Checkpoints will be loaded from and saved to /scratch/specforge-torchtitan-20261003/graph-loss-lifecycle-regional/resume/checkpoint
[titan] 2026-10-03 05:41:39,781 - root - INFO - Trainer is initialized with local batch size 2, global batch size 8, gradient accumulation steps 2, sequence length 32, total steps 3 (warmup 0)
[titan] 2026-10-03 05:41:39,781 - root - INFO - Trainer is initialized with local batch size 2, global batch size 8, gradient accumulation steps 2, sequence length 32, total steps 3 (warmup 0)
[titan] 2026-10-03 05:41:39,782 - root - INFO - NUMA binding applied for GPU 0
[titan] 2026-10-03 05:41:39,782 - root - INFO - NUMA binding applied for GPU 1
[titan] 2026-10-03 05:41:39,782 - root - INFO - Loading the checkpoint from /scratch/specforge-torchtitan-20261003/graph-loss-lifecycle-regional/cut/checkpoint/step-1.
[titan] 2026-10-03 05:41:39,782 - root - INFO - Loading the checkpoint from /scratch/specforge-torchtitan-20261003/graph-loss-lifecycle-regional/cut/checkpoint/step-1.
[titan] 2026-10-03 05:41:40,046 - root - INFO - [GC] GC collection for checkpoint loading. took 0.00 seconds
[titan] 2026-10-03 05:41:40,046 - root - INFO - Finished loading the checkpoint in 0.26 seconds.
[titan] 2026-10-03 05:41:40,046 - root - INFO - [GC] GC collection for checkpoint loading. took 0.00 seconds
[titan] 2026-10-03 05:41:40,046 - root - INFO - Training starts at step 2
[titan] 2026-10-03 05:41:40,046 - root - INFO - Finished loading the checkpoint in 0.26 seconds.
[titan] 2026-10-03 05:41:40,046 - root - INFO - Training starts at step 2
[titan] 2026-10-03 05:41:41,785 - root - INFO - minimal_fx_tracer took 1.723s
[titan] 2026-10-03 05:41:41,785 - root - INFO - Applying 12 graph passes:
  1. functionalize_fused_kernels
  2. eliminate_dead_code_pass
  3. canonicalize_graph_pass
  4. deduplicate_fsdp_unshard_chains_pass
  5. tag_with_memory_policy_pass
  6. apply_cpu_offload_pass
  7. selective_activation_remat_pass
  8. joint_transformer_block_bucketing_reordering_pass
  9. annotate_flex_attention_for_regional_inductor_pass
  10. regional_inductor_pass
  11. insert_kernel_annotations_pass
  12. cudagraph_pass
[titan] 2026-10-03 05:41:41,797 - root - INFO - minimal_fx_tracer took 1.735s
[titan] 2026-10-03 05:41:41,797 - root - INFO - Applying 12 graph passes:
  1. functionalize_fused_kernels
  2. eliminate_dead_code_pass
  3. canonicalize_graph_pass
  4. deduplicate_fsdp_unshard_chains_pass
  5. tag_with_memory_policy_pass
  6. apply_cpu_offload_pass
  7. selective_activation_remat_pass
  8. joint_transformer_block_bucketing_reordering_pass
  9. annotate_flex_attention_for_regional_inductor_pass
  10. regional_inductor_pass
  11. insert_kernel_annotations_pass
  12. cudagraph_pass
[titan] 2026-10-03 05:41:43,425 - root - INFO - Eliminated dead code from the graph
[titan] 2026-10-03 05:41:43,442 - root - INFO - Eliminated dead code from the graph
[titan] 2026-10-03 05:41:43,474 - root - INFO - Removed 75 identity view/reshape node(s) from the graph
[titan] 2026-10-03 05:41:43,490 - root - INFO - Removed 75 identity view/reshape node(s) from the graph
[titan] 2026-10-03 05:41:43,520 - root - INFO - Removed 77 back-to-back transpose node(s) from the graph
[titan] 2026-10-03 05:41:43,536 - root - INFO - Removed 77 back-to-back transpose node(s) from the graph
[titan] 2026-10-03 05:41:43,612 - root - INFO - Normalized 302 view op(s) to reshape
[titan] 2026-10-03 05:41:43,628 - root - INFO - Normalized 302 view op(s) to reshape
[titan] 2026-10-03 05:41:43,665 - root - INFO - Applied selective activation checkpointing (SAC) graph pass.
[titan] 2026-10-03 05:41:43,665 - root - INFO -   Forced 4 nodes to MUST_SAVE at layer boundaries
[titan] 2026-10-03 05:41:43,665 - root - INFO -   Layer non-layer: 8 MUST_SAVE, 58 RECOMPUTE
[titan] 2026-10-03 05:41:43,665 - root - INFO -   Layer 0: 14 MUST_SAVE, 215 RECOMPUTE
[titan] 2026-10-03 05:41:43,665 - root - INFO -   Layer 1: 13 MUST_SAVE, 217 RECOMPUTE
[titan] 2026-10-03 05:41:43,681 - root - INFO - Applied selective activation checkpointing (SAC) graph pass.
[titan] 2026-10-03 05:41:43,681 - root - INFO -   Forced 4 nodes to MUST_SAVE at layer boundaries
[titan] 2026-10-03 05:41:43,681 - root - INFO -   Layer non-layer: 8 MUST_SAVE, 58 RECOMPUTE
[titan] 2026-10-03 05:41:43,681 - root - INFO -   Layer 0: 14 MUST_SAVE, 215 RECOMPUTE
[titan] 2026-10-03 05:41:43,681 - root - INFO -   Layer 1: 13 MUST_SAVE, 217 RECOMPUTE
[titan] 2026-10-03 05:41:44,522 - root - INFO - FSDP reorder: 8 overlap deps across 8 target nodes
[titan] 2026-10-03 05:41:44,534 - root - INFO - FSDP reorder: 8 overlap deps across 8 target nodes
[titan] 2026-10-03 05:41:44,661 - root - INFO - Applied cudagraph pass.
[titan] 2026-10-03 05:41:44,662 - root - INFO - All 12 graph passes took 2.876s
[titan] 2026-10-03 05:41:44,673 - root - INFO - Applied cudagraph pass.
[titan] 2026-10-03 05:41:44,673 - root - INFO - All 12 graph passes took 2.876s
[rank0]:W1003 05:41:45.575000 2060527 torch/_library/opaque_object.py:314] is_opaque_value is deprecated, use is_custom_class_obj instead
[rank0]:W1003 05:41:45.575000 2060527 torch/_library/opaque_object.py:314] is_opaque_value is deprecated, use is_custom_class_obj instead
[rank0]:W1003 05:41:45.575000 2060527 torch/_library/opaque_object.py:314] is_opaque_value is deprecated, use is_custom_class_obj instead
[rank0]:W1003 05:41:45.575000 2060527 torch/_library/opaque_object.py:314] is_opaque_value is deprecated, use is_custom_class_obj instead
[rank0]:W1003 05:41:45.575000 2060527 torch/_library/opaque_object.py:314] is_opaque_value is deprecated, use is_custom_class_obj instead
[rank0]:W1003 05:41:45.576000 2060527 torch/_library/opaque_object.py:314] is_opaque_value is deprecated, use is_custom_class_obj instead
[rank0]:W1003 05:41:45.576000 2060527 torch/_library/opaque_object.py:314] is_opaque_value is deprecated, use is_custom_class_obj instead
[rank0]:W1003 05:41:45.576000 2060527 torch/_library/opaque_object.py:314] is_opaque_value is deprecated, use is_custom_class_obj instead
[rank0]:W1003 05:41:45.576000 2060527 torch/_library/opaque_object.py:314] is_opaque_value is deprecated, use is_custom_class_obj instead
[rank0]:W1003 05:41:45.576000 2060527 torch/_library/opaque_object.py:314] is_opaque_value is deprecated, use is_custom_class_obj instead
[rank0]:W1003 05:41:45.576000 2060527 torch/_library/opaque_object.py:314] is_opaque_value is deprecated, use is_custom_class_obj instead
[rank0]:W1003 05:41:45.576000 2060527 torch/_library/opaque_object.py:314] is_opaque_value is deprecated, use is_custom_class_obj instead
[rank0]:W1003 05:41:45.576000 2060527 torch/_library/opaque_object.py:314] is_opaque_value is deprecated, use is_custom_class_obj instead
[rank0]:W1003 05:41:45.576000 2060527 torch/_library/opaque_object.py:314] is_opaque_value is deprecated, use is_custom_class_obj instead
[rank0]:W1003 05:41:45.576000 2060527 torch/_library/opaque_object.py:314] is_opaque_value is deprecated, use is_custom_class_obj instead
[rank0]:W1003 05:41:45.576000 2060527 torch/_library/opaque_object.py:314] is_opaque_value is deprecated, use is_custom_class_obj instead
[rank0]:W1003 05:41:45.576000 2060527 torch/_library/opaque_object.py:314] is_opaque_value is deprecated, use is_custom_class_obj instead
[rank0]:W1003 05:41:45.576000 2060527 torch/_library/opaque_object.py:314] is_opaque_value is deprecated, use is_custom_class_obj instead
[rank0]:W1003 05:41:45.576000 2060527 torch/_library/opaque_object.py:314] is_opaque_value is deprecated, use is_custom_class_obj instead
[rank0]:W1003 05:41:45.576000 2060527 torch/_library/opaque_object.py:314] is_opaque_value is deprecated, use is_custom_class_obj instead
[rank0]:W1003 05:41:45.576000 2060527 torch/_library/opaque_object.py:314] is_opaque_value is deprecated, use is_custom_class_obj instead
[rank0]:W1003 05:41:45.576000 2060527 torch/_library/opaque_object.py:314] is_opaque_value is deprecated, use is_custom_class_obj instead
[rank0]:W1003 05:41:45.576000 2060527 torch/_library/opaque_object.py:314] is_opaque_value is deprecated, use is_custom_class_obj instead
[rank0]:W1003 05:41:45.576000 2060527 torch/_library/opaque_object.py:314] is_opaque_value is deprecated, use is_custom_class_obj instead
[rank0]:W1003 05:41:45.576000 2060527 torch/_library/opaque_object.py:314] is_opaque_value is deprecated, use is_custom_class_obj instead
[rank0]:W1003 05:41:45.576000 2060527 torch/_library/opaque_object.py:314] is_opaque_value is deprecated, use is_custom_class_obj instead
[rank0]:W1003 05:41:45.576000 2060527 torch/_library/opaque_object.py:314] is_opaque_value is deprecated, use is_custom_class_obj instead
[rank0]:W1003 05:41:45.576000 2060527 torch/_library/opaque_object.py:314] is_opaque_value is deprecated, use is_custom_class_obj instead
[rank0]:W1003 05:41:45.576000 2060527 torch/_library/opaque_object.py:314] is_opaque_value is deprecated, use is_custom_class_obj instead
[rank0]:W1003 05:41:45.576000 2060527 torch/_library/opaque_object.py:314] is_opaque_value is deprecated, use is_custom_class_obj instead
[rank0]:W1003 05:41:45.576000 2060527 torch/_library/opaque_object.py:314] is_opaque_value is deprecated, use is_custom_class_obj instead
[rank0]:W1003 05:41:45.576000 2060527 torch/_library/opaque_object.py:314] is_opaque_value is deprecated, use is_custom_class_obj instead
[rank0]:W1003 05:41:45.576000 2060527 torch/_library/opaque_object.py:314] is_opaque_value is deprecated, use is_custom_class_obj instead
[rank0]:W1003 05:41:45.576000 2060527 torch/_library/opaque_object.py:314] is_opaque_value is deprecated, use is_custom_class_obj instead
[rank0]:W1003 05:41:45.576000 2060527 torch/_library/opaque_object.py:314] is_opaque_value is deprecated, use is_custom_class_obj instead
[rank0]:W1003 05:41:45.576000 2060527 torch/_library/opaque_object.py:314] is_opaque_value is deprecated, use is_custom_class_obj instead
[rank1]:W1003 05:41:45.577000 2060528 torch/_library/opaque_object.py:314] is_opaque_value is deprecated, use is_custom_class_obj instead
[rank1]:W1003 05:41:45.577000 2060528 torch/_library/opaque_object.py:314] is_opaque_value is deprecated, use is_custom_class_obj instead
[rank1]:W1003 05:41:45.577000 2060528 torch/_library/opaque_object.py:314] is_opaque_value is deprecated, use is_custom_class_obj instead
[rank1]:W1003 05:41:45.577000 2060528 torch/_library/opaque_object.py:314] is_opaque_value is deprecated, use is_custom_class_obj instead
[rank1]:W1003 05:41:45.577000 2060528 torch/_library/opaque_object.py:314] is_opaque_value is deprecated, use is_custom_class_obj instead
[rank1]:W1003 05:41:45.577000 2060528 torch/_library/opaque_object.py:314] is_opaque_value is deprecated, use is_custom_class_obj instead
[rank1]:W1003 05:41:45.577000 2060528 torch/_library/opaque_object.py:314] is_opaque_value is deprecated, use is_custom_class_obj instead
[rank1]:W1003 05:41:45.577000 2060528 torch/_library/opaque_object.py:314] is_opaque_value is deprecated, use is_custom_class_obj instead
[rank1]:W1003 05:41:45.577000 2060528 torch/_library/opaque_object.py:314] is_opaque_value is deprecated, use is_custom_class_obj instead
[rank1]:W1003 05:41:45.577000 2060528 torch/_library/opaque_object.py:314] is_opaque_value is deprecated, use is_custom_class_obj instead
[rank1]:W1003 05:41:45.577000 2060528 torch/_library/opaque_object.py:314] is_opaque_value is deprecated, use is_custom_class_obj instead
[rank1]:W1003 05:41:45.577000 2060528 torch/_library/opaque_object.py:314] is_opaque_value is deprecated, use is_custom_class_obj instead
[rank1]:W1003 05:41:45.577000 2060528 torch/_library/opaque_object.py:314] is_opaque_value is deprecated, use is_custom_class_obj instead
[rank1]:W1003 05:41:45.577000 2060528 torch/_library/opaque_object.py:314] is_opaque_value is deprecated, use is_custom_class_obj instead
[rank1]:W1003 05:41:45.577000 2060528 torch/_library/opaque_object.py:314] is_opaque_value is deprecated, use is_custom_class_obj instead
[rank1]:W1003 05:41:45.577000 2060528 torch/_library/opaque_object.py:314] is_opaque_value is deprecated, use is_custom_class_obj instead
[rank1]:W1003 05:41:45.577000 2060528 torch/_library/opaque_object.py:314] is_opaque_value is deprecated, use is_custom_class_obj instead
[rank1]:W1003 05:41:45.578000 2060528 torch/_library/opaque_object.py:314] is_opaque_value is deprecated, use is_custom_class_obj instead
[rank1]:W1003 05:41:45.578000 2060528 torch/_library/opaque_object.py:314] is_opaque_value is deprecated, use is_custom_class_obj instead
[rank1]:W1003 05:41:45.578000 2060528 torch/_library/opaque_object.py:314] is_opaque_value is deprecated, use is_custom_class_obj instead
[rank1]:W1003 05:41:45.578000 2060528 torch/_library/opaque_object.py:314] is_opaque_value is deprecated, use is_custom_class_obj instead
[rank1]:W1003 05:41:45.578000 2060528 torch/_library/opaque_object.py:314] is_opaque_value is deprecated, use is_custom_class_obj instead
[rank1]:W1003 05:41:45.578000 2060528 torch/_library/opaque_object.py:314] is_opaque_value is deprecated, use is_custom_class_obj instead
[rank1]:W1003 05:41:45.578000 2060528 torch/_library/opaque_object.py:314] is_opaque_value is deprecated, use is_custom_class_obj instead
[rank1]:W1003 05:41:45.578000 2060528 torch/_library/opaque_object.py:314] is_opaque_value is deprecated, use is_custom_class_obj instead
[rank1]:W1003 05:41:45.578000 2060528 torch/_library/opaque_object.py:314] is_opaque_value is deprecated, use is_custom_class_obj instead
[rank1]:W1003 05:41:45.578000 2060528 torch/_library/opaque_object.py:314] is_opaque_value is deprecated, use is_custom_class_obj instead
[rank1]:W1003 05:41:45.578000 2060528 torch/_library/opaque_object.py:314] is_opaque_value is deprecated, use is_custom_class_obj instead
[rank1]:W1003 05:41:45.578000 2060528 torch/_library/opaque_object.py:314] is_opaque_value is deprecated, use is_custom_class_obj instead
[rank1]:W1003 05:41:45.578000 2060528 torch/_library/opaque_object.py:314] is_opaque_value is deprecated, use is_custom_class_obj instead
[rank1]:W1003 05:41:45.578000 2060528 torch/_library/opaque_object.py:314] is_opaque_value is deprecated, use is_custom_class_obj instead
[rank1]:W1003 05:41:45.578000 2060528 torch/_library/opaque_object.py:314] is_opaque_value is deprecated, use is_custom_class_obj instead
[rank1]:W1003 05:41:45.578000 2060528 torch/_library/opaque_object.py:314] is_opaque_value is deprecated, use is_custom_class_obj instead
[rank1]:W1003 05:41:45.578000 2060528 torch/_library/opaque_object.py:314] is_opaque_value is deprecated, use is_custom_class_obj instead
[rank1]:W1003 05:41:45.578000 2060528 torch/_library/opaque_object.py:314] is_opaque_value is deprecated, use is_custom_class_obj instead
[rank1]:W1003 05:41:45.578000 2060528 torch/_library/opaque_object.py:314] is_opaque_value is deprecated, use is_custom_class_obj instead
[titan] 2026-10-03 05:41:45,721 - root - INFO - [31mstep:  2  [32mloss: 11.49691  [38;2;180;60;0mgrad_norm:  4.4951  [38;2;54;234;195mmemory:  0.04GiB(0.03%)  [34mtps: 18  [36mtflops: 0.00  [35mmfu: 0.00%[39m
[titan] 2026-10-03 05:41:45,721 - root - INFO - [31mstep:  2  [32mloss: 11.49691  [38;2;180;60;0mgrad_norm:  4.4951  [38;2;54;234;195mmemory:  0.04GiB(0.03%)  [34mtps: 18  [36mtflops: 0.00  [35mmfu: 0.00%[39m
[titan] 2026-10-03 05:41:45,721 - root - INFO - Saving the checkpoint.
[titan] 2026-10-03 05:41:45,721 - root - INFO - Saving the checkpoint.
[titan] 2026-10-03 05:41:45,903 - root - INFO - [GC] GC collection invoked by checkpointer. took 0.11 seconds
[titan] 2026-10-03 05:41:45,904 - root - INFO - Finished saving the checkpoint in 0.18 seconds.
[titan] 2026-10-03 05:41:45,904 - root - INFO - Synchronizing and adjusting timeout for all ProcessGroups to 0:02:00
[titan] 2026-10-03 05:41:45,908 - root - INFO - [GC] GC collection invoked by checkpointer. took 0.11 seconds
[titan] 2026-10-03 05:41:45,909 - root - INFO - Finished saving the checkpoint in 0.19 seconds.
[titan] 2026-10-03 05:41:45,909 - root - INFO - Synchronizing and adjusting timeout for all ProcessGroups to 0:02:00
[titan] 2026-10-03 05:41:45,922 - root - INFO - [31mstep:  3  [32mloss: 11.61195  [38;2;180;60;0mgrad_norm:  3.9127  [38;2;54;234;195mmemory:  0.04GiB(0.03%)  [34mtps: 638  [36mtflops: 0.00  [35mmfu: 0.00%[39m
[titan] 2026-10-03 05:41:45,922 - root - INFO - [31mstep:  3  [32mloss: 11.61195  [38;2;180;60;0mgrad_norm:  3.9127  [38;2;54;234;195mmemory:  0.04GiB(0.03%)  [34mtps: 638  [36mtflops: 0.00  [35mmfu: 0.00%[39m
[titan] 2026-10-03 05:41:45,922 - root - INFO - Saving the checkpoint.
[titan] 2026-10-03 05:41:45,922 - root - INFO - Saving the checkpoint.
[titan] 2026-10-03 05:41:45,922 - root - INFO - Saving a full checkpoint at last step, step 3.
[titan] 2026-10-03 05:41:45,922 - root - INFO - Saving a full checkpoint at last step, step 3.
[titan] 2026-10-03 05:41:45,995 - root - INFO - [GC] GC collection invoked by checkpointer. took 0.00 seconds
[titan] 2026-10-03 05:41:45,995 - root - INFO - Last step checkpoint completed in 0.07s
[titan] 2026-10-03 05:41:45,995 - root - INFO - Sleeping 2 seconds for other ranks to complete
[titan] 2026-10-03 05:41:46,000 - root - INFO - [GC] GC collection invoked by checkpointer. took 0.00 seconds
[titan] 2026-10-03 05:41:46,000 - root - INFO - Last step checkpoint completed in 0.08s
[titan] 2026-10-03 05:41:46,000 - root - INFO - Training completed
[titan] 2026-10-03 05:41:47,995 - root - INFO - Training completed
