W1003 01:10:14.038000 1986803 torch/distributed/run.py:982] 
W1003 01:10:14.038000 1986803 torch/distributed/run.py:982] *****************************************
W1003 01:10:14.038000 1986803 torch/distributed/run.py:982] Setting OMP_NUM_THREADS environment variable for each process to be 1 in default, to avoid your system being overloaded, please further tune the variable for optimal performance in your application as needed. 
W1003 01:10:14.038000 1986803 torch/distributed/run.py:982] *****************************************
/scratch/specforge-torchtitan-20261003/SpecForge-full-titan/specforge/modeling/draft/llama3_eagle.py:33: UserWarning: flash_attn is not found, falling back to flex_attention. Please install flash_attn if you want to use the flash attention backend.
  warnings.warn(
/scratch/specforge-torchtitan-20261003/SpecForge-full-titan/specforge/modeling/draft/llama3_eagle.py:33: UserWarning: flash_attn is not found, falling back to flex_attention. Please install flash_attn if you want to use the flash attention backend.
  warnings.warn(
/scratch/specforge-torchtitan-20261003/SpecForge-full-titan/specforge/modeling/draft/llama3_eagle.py:33: UserWarning: flash_attn is not found, falling back to flex_attention. Please install flash_attn if you want to use the flash attention backend.
  warnings.warn(
/scratch/specforge-torchtitan-20261003/SpecForge-full-titan/specforge/modeling/draft/llama3_eagle.py:33: UserWarning: flash_attn is not found, falling back to flex_attention. Please install flash_attn if you want to use the flash attention backend.
  warnings.warn(
[rank3]:W1003 01:10:25.988000 1986875 torch/distributed/tensor/_redistribute.py:394] While redistributing from (_StridedShard(dim=0, sf=2), Shard(dim=0)) to (Replicate(), Replicate()), 2 sequential all_gather operations will be performed. This is suboptimal: multiple collective operations have higher latency (separate kernel launches and synchronization points) and may give inconsistent results between ranks due to different reduction orders. it is not possible to merge non-ascending order all_gather operations.
[rank1]:W1003 01:10:25.989000 1986873 torch/distributed/tensor/_redistribute.py:394] While redistributing from (_StridedShard(dim=0, sf=2), Shard(dim=0)) to (Replicate(), Replicate()), 2 sequential all_gather operations will be performed. This is suboptimal: multiple collective operations have higher latency (separate kernel launches and synchronization points) and may give inconsistent results between ranks due to different reduction orders. it is not possible to merge non-ascending order all_gather operations.
[rank0]:W1003 01:10:26.055000 1986872 torch/distributed/tensor/_redistribute.py:394] While redistributing from (_StridedShard(dim=0, sf=2), Shard(dim=0)) to (Replicate(), Replicate()), 2 sequential all_gather operations will be performed. This is suboptimal: multiple collective operations have higher latency (separate kernel launches and synchronization points) and may give inconsistent results between ranks due to different reduction orders. it is not possible to merge non-ascending order all_gather operations.
[rank2]:W1003 01:10:26.058000 1986874 torch/distributed/tensor/_redistribute.py:394] While redistributing from (_StridedShard(dim=0, sf=2), Shard(dim=0)) to (Replicate(), Replicate()), 2 sequential all_gather operations will be performed. This is suboptimal: multiple collective operations have higher latency (separate kernel launches and synchronization points) and may give inconsistent results between ranks due to different reduction orders. it is not possible to merge non-ascending order all_gather operations.
[rank3]:W1003 01:10:26.166000 1986875 torch/distributed/tensor/_redistribute.py:394] While redistributing from (_NormPartial(2.0), _NormPartial(2.0)) to (Replicate(), Replicate()), 2 sequential all_reduce operations will be performed. This is suboptimal: multiple collective operations have higher latency (separate kernel launches and synchronization points) and may give inconsistent results between ranks due to different reduction orders. To optimize, flatten mesh dimensions ["fsdp", "tp"] so DTensor can use a single operation instead.
[rank1]:W1003 01:10:26.166000 1986873 torch/distributed/tensor/_redistribute.py:394] While redistributing from (_NormPartial(2.0), _NormPartial(2.0)) to (Replicate(), Replicate()), 2 sequential all_reduce operations will be performed. This is suboptimal: multiple collective operations have higher latency (separate kernel launches and synchronization points) and may give inconsistent results between ranks due to different reduction orders. To optimize, flatten mesh dimensions ["fsdp", "tp"] so DTensor can use a single operation instead.
[rank0]:W1003 01:10:26.167000 1986872 torch/distributed/tensor/_redistribute.py:394] While redistributing from (_NormPartial(2.0), _NormPartial(2.0)) to (Replicate(), Replicate()), 2 sequential all_reduce operations will be performed. This is suboptimal: multiple collective operations have higher latency (separate kernel launches and synchronization points) and may give inconsistent results between ranks due to different reduction orders. To optimize, flatten mesh dimensions ["fsdp", "tp"] so DTensor can use a single operation instead.
[rank2]:W1003 01:10:26.173000 1986874 torch/distributed/tensor/_redistribute.py:394] While redistributing from (_NormPartial(2.0), _NormPartial(2.0)) to (Replicate(), Replicate()), 2 sequential all_reduce operations will be performed. This is suboptimal: multiple collective operations have higher latency (separate kernel launches and synchronization points) and may give inconsistent results between ranks due to different reduction orders. To optimize, flatten mesh dimensions ["fsdp", "tp"] so DTensor can use a single operation instead.
[
  {
    "algorithm": "dflash",
    "tp": 2,
    "dp": 1,
    "cp": 2,
    "loss_type": "dflash",
    "lk_loss_type": null,
    "activation_checkpoint": false,
    "compile": false,
    "compute_dtype": "torch.float32",
    "reference_loss": 4.251956462860107,
    "distributed_loss": 4.251955986022949,
    "max_gradient_abs_error": 7.450580596923828e-09,
    "checked_gradients": 25,
    "native_gradient_norm": 0.23211365938186646,
    "native_optimizer_step": true,
    "optimizer_update_relative_error": 2.068973299174104e-05,
    "optimizer_update_cosine": 1.0
  },
  {
    "algorithm": "dflash2",
    "tp": 2,
    "dp": 1,
    "cp": 2,
    "loss_type": "dflash",
    "lk_loss_type": null,
    "activation_checkpoint": false,
    "compile": false,
    "compute_dtype": "torch.float32",
    "reference_loss": 4.252286434173584,
    "distributed_loss": 4.252285957336426,
    "max_gradient_abs_error": 7.450580596923828e-09,
    "checked_gradients": 36,
    "native_gradient_norm": 0.17537064850330353,
    "native_optimizer_step": true,
    "optimizer_update_relative_error": 7.80864320404362e-06,
    "optimizer_update_cosine": 1.0
  },
  {
    "algorithm": "dspark",
    "tp": 2,
    "dp": 1,
    "cp": 2,
    "loss_type": "dflash",
    "lk_loss_type": null,
    "activation_checkpoint": false,
    "compile": false,
    "compute_dtype": "torch.float32",
    "reference_loss": 1.7480034828186035,
    "distributed_loss": 1.748003602027893,
    "max_gradient_abs_error": 2.9802322387695312e-08,
    "checked_gradients": 31,
    "native_gradient_norm": 0.8564480543136597,
    "native_optimizer_step": true,
    "optimizer_update_relative_error": 4.369937869341811e-06,
    "optimizer_update_cosine": 1.0
  }
]
