W1003 01:21:26.272000 1991812 torch/distributed/run.py:982] 
W1003 01:21:26.272000 1991812 torch/distributed/run.py:982] *****************************************
W1003 01:21:26.272000 1991812 torch/distributed/run.py:982] Setting OMP_NUM_THREADS environment variable for each process to be 1 in default, to avoid your system being overloaded, please further tune the variable for optimal performance in your application as needed. 
W1003 01:21:26.272000 1991812 torch/distributed/run.py:982] *****************************************
/scratch/specforge-torchtitan-20261003/SpecForge-full-titan/specforge/modeling/draft/llama3_eagle.py:33: UserWarning: flash_attn is not found, falling back to flex_attention. Please install flash_attn if you want to use the flash attention backend.
  warnings.warn(
/scratch/specforge-torchtitan-20261003/SpecForge-full-titan/specforge/modeling/draft/llama3_eagle.py:33: UserWarning: flash_attn is not found, falling back to flex_attention. Please install flash_attn if you want to use the flash attention backend.
  warnings.warn(
/scratch/specforge-torchtitan-20261003/SpecForge-full-titan/specforge/modeling/draft/llama3_eagle.py:33: UserWarning: flash_attn is not found, falling back to flex_attention. Please install flash_attn if you want to use the flash attention backend.
  warnings.warn(
/scratch/specforge-torchtitan-20261003/SpecForge-full-titan/specforge/modeling/draft/llama3_eagle.py:33: UserWarning: flash_attn is not found, falling back to flex_attention. Please install flash_attn if you want to use the flash attention backend.
  warnings.warn(
[rank2]:W1003 01:21:38.839000 1991900 torch/distributed/tensor/_redistribute.py:394] While redistributing from (_StridedShard(dim=0, sf=2), Shard(dim=0)) to (Replicate(), Replicate()), 2 sequential all_gather operations will be performed. This is suboptimal: multiple collective operations have higher latency (separate kernel launches and synchronization points) and may give inconsistent results between ranks due to different reduction orders. it is not possible to merge non-ascending order all_gather operations.
[rank0]:W1003 01:21:38.841000 1991898 torch/distributed/tensor/_redistribute.py:394] While redistributing from (_StridedShard(dim=0, sf=2), Shard(dim=0)) to (Replicate(), Replicate()), 2 sequential all_gather operations will be performed. This is suboptimal: multiple collective operations have higher latency (separate kernel launches and synchronization points) and may give inconsistent results between ranks due to different reduction orders. it is not possible to merge non-ascending order all_gather operations.
[rank3]:W1003 01:21:38.907000 1991901 torch/distributed/tensor/_redistribute.py:394] While redistributing from (_StridedShard(dim=0, sf=2), Shard(dim=0)) to (Replicate(), Replicate()), 2 sequential all_gather operations will be performed. This is suboptimal: multiple collective operations have higher latency (separate kernel launches and synchronization points) and may give inconsistent results between ranks due to different reduction orders. it is not possible to merge non-ascending order all_gather operations.
[rank1]:W1003 01:21:38.910000 1991899 torch/distributed/tensor/_redistribute.py:394] While redistributing from (_StridedShard(dim=0, sf=2), Shard(dim=0)) to (Replicate(), Replicate()), 2 sequential all_gather operations will be performed. This is suboptimal: multiple collective operations have higher latency (separate kernel launches and synchronization points) and may give inconsistent results between ranks due to different reduction orders. it is not possible to merge non-ascending order all_gather operations.
[rank1]:W1003 01:21:39.020000 1991899 torch/distributed/tensor/_redistribute.py:394] While redistributing from (_NormPartial(2.0), _NormPartial(2.0)) to (Replicate(), Replicate()), 2 sequential all_reduce operations will be performed. This is suboptimal: multiple collective operations have higher latency (separate kernel launches and synchronization points) and may give inconsistent results between ranks due to different reduction orders. To optimize, flatten mesh dimensions ["fsdp", "tp"] so DTensor can use a single operation instead.
[rank3]:W1003 01:21:39.021000 1991901 torch/distributed/tensor/_redistribute.py:394] While redistributing from (_NormPartial(2.0), _NormPartial(2.0)) to (Replicate(), Replicate()), 2 sequential all_reduce operations will be performed. This is suboptimal: multiple collective operations have higher latency (separate kernel launches and synchronization points) and may give inconsistent results between ranks due to different reduction orders. To optimize, flatten mesh dimensions ["fsdp", "tp"] so DTensor can use a single operation instead.
[rank2]:W1003 01:21:39.021000 1991900 torch/distributed/tensor/_redistribute.py:394] While redistributing from (_NormPartial(2.0), _NormPartial(2.0)) to (Replicate(), Replicate()), 2 sequential all_reduce operations will be performed. This is suboptimal: multiple collective operations have higher latency (separate kernel launches and synchronization points) and may give inconsistent results between ranks due to different reduction orders. To optimize, flatten mesh dimensions ["fsdp", "tp"] so DTensor can use a single operation instead.
[rank0]:W1003 01:21:39.022000 1991898 torch/distributed/tensor/_redistribute.py:394] While redistributing from (_NormPartial(2.0), _NormPartial(2.0)) to (Replicate(), Replicate()), 2 sequential all_reduce operations will be performed. This is suboptimal: multiple collective operations have higher latency (separate kernel launches and synchronization points) and may give inconsistent results between ranks due to different reduction orders. To optimize, flatten mesh dimensions ["fsdp", "tp"] so DTensor can use a single operation instead.
[
  {
    "algorithm": "dflash",
    "tp": 2,
    "dp": 1,
    "cp": 2,
    "loss_type": "dflash",
    "lk_loss_type": null,
    "activation_checkpoint": true,
    "compile": false,
    "compute_dtype": "torch.bfloat16",
    "fused_head": true,
    "fused_conv": true,
    "reference_loss": 4.246874809265137,
    "distributed_loss": 4.246874809265137,
    "max_gradient_abs_error": 0.00021314620971679688,
    "checked_gradients": 25,
    "native_gradient_norm": 0.23002125322818756,
    "native_optimizer_step": true,
    "optimizer_update_relative_error": 0.054587893187999725,
    "optimizer_update_cosine": 0.9985096454620361
  },
  {
    "algorithm": "dflash2",
    "tp": 2,
    "dp": 1,
    "cp": 2,
    "loss_type": "dflash",
    "lk_loss_type": null,
    "activation_checkpoint": true,
    "compile": false,
    "compute_dtype": "torch.bfloat16",
    "fused_head": true,
    "fused_conv": true,
    "reference_loss": 4.247269153594971,
    "distributed_loss": 4.247175693511963,
    "max_gradient_abs_error": 0.0002514868974685669,
    "checked_gradients": 36,
    "native_gradient_norm": 0.17624306678771973,
    "native_optimizer_step": true,
    "optimizer_update_relative_error": 0.07445033639669418,
    "optimizer_update_cosine": 0.9972280263900757
  },
  {
    "algorithm": "dspark",
    "tp": 2,
    "dp": 1,
    "cp": 2,
    "loss_type": "kl",
    "lk_loss_type": null,
    "activation_checkpoint": true,
    "compile": false,
    "compute_dtype": "torch.bfloat16",
    "fused_head": true,
    "fused_conv": true,
    "reference_loss": 1.7512421607971191,
    "distributed_loss": 1.751268982887268,
    "max_gradient_abs_error": 0.0009765625,
    "checked_gradients": 31,
    "native_gradient_norm": 0.8562051057815552,
    "native_optimizer_step": true,
    "optimizer_update_relative_error": 0.11001977324485779,
    "optimizer_update_cosine": 0.9939467310905457
  }
]
