W1003 01:06:54.148000 1985397 torch/distributed/run.py:982] 
W1003 01:06:54.148000 1985397 torch/distributed/run.py:982] *****************************************
W1003 01:06:54.148000 1985397 torch/distributed/run.py:982] Setting OMP_NUM_THREADS environment variable for each process to be 1 in default, to avoid your system being overloaded, please further tune the variable for optimal performance in your application as needed. 
W1003 01:06:54.148000 1985397 torch/distributed/run.py:982] *****************************************
/scratch/specforge-torchtitan-20261003/SpecForge-full-titan/specforge/modeling/draft/llama3_eagle.py:33: UserWarning: flash_attn is not found, falling back to flex_attention. Please install flash_attn if you want to use the flash attention backend.
  warnings.warn(
/scratch/specforge-torchtitan-20261003/SpecForge-full-titan/specforge/modeling/draft/llama3_eagle.py:33: UserWarning: flash_attn is not found, falling back to flex_attention. Please install flash_attn if you want to use the flash attention backend.
  warnings.warn(
/scratch/specforge-torchtitan-20261003/SpecForge-full-titan/specforge/modeling/draft/llama3_eagle.py:33: UserWarning: flash_attn is not found, falling back to flex_attention. Please install flash_attn if you want to use the flash attention backend.
  warnings.warn(
/scratch/specforge-torchtitan-20261003/SpecForge-full-titan/specforge/modeling/draft/llama3_eagle.py:33: UserWarning: flash_attn is not found, falling back to flex_attention. Please install flash_attn if you want to use the flash attention backend.
  warnings.warn(
[rank2]:W1003 01:07:06.053000 1985468 torch/distributed/tensor/_redistribute.py:394] While redistributing from (_StridedShard(dim=0, sf=2), Shard(dim=0)) to (Replicate(), Replicate()), 2 sequential all_gather operations will be performed. This is suboptimal: multiple collective operations have higher latency (separate kernel launches and synchronization points) and may give inconsistent results between ranks due to different reduction orders. it is not possible to merge non-ascending order all_gather operations.
[rank0]:W1003 01:07:06.053000 1985466 torch/distributed/tensor/_redistribute.py:394] While redistributing from (_StridedShard(dim=0, sf=2), Shard(dim=0)) to (Replicate(), Replicate()), 2 sequential all_gather operations will be performed. This is suboptimal: multiple collective operations have higher latency (separate kernel launches and synchronization points) and may give inconsistent results between ranks due to different reduction orders. it is not possible to merge non-ascending order all_gather operations.
[rank3]:W1003 01:07:06.056000 1985469 torch/distributed/tensor/_redistribute.py:394] While redistributing from (_StridedShard(dim=0, sf=2), Shard(dim=0)) to (Replicate(), Replicate()), 2 sequential all_gather operations will be performed. This is suboptimal: multiple collective operations have higher latency (separate kernel launches and synchronization points) and may give inconsistent results between ranks due to different reduction orders. it is not possible to merge non-ascending order all_gather operations.
[rank1]:W1003 01:07:06.058000 1985467 torch/distributed/tensor/_redistribute.py:394] While redistributing from (_StridedShard(dim=0, sf=2), Shard(dim=0)) to (Replicate(), Replicate()), 2 sequential all_gather operations will be performed. This is suboptimal: multiple collective operations have higher latency (separate kernel launches and synchronization points) and may give inconsistent results between ranks due to different reduction orders. it is not possible to merge non-ascending order all_gather operations.
[rank2]:W1003 01:07:06.160000 1985468 torch/distributed/tensor/_redistribute.py:394] While redistributing from (_NormPartial(2.0), _NormPartial(2.0)) to (Replicate(), Replicate()), 2 sequential all_reduce operations will be performed. This is suboptimal: multiple collective operations have higher latency (separate kernel launches and synchronization points) and may give inconsistent results between ranks due to different reduction orders. To optimize, flatten mesh dimensions ["fsdp", "tp"] so DTensor can use a single operation instead.
[rank3]:W1003 01:07:06.162000 1985469 torch/distributed/tensor/_redistribute.py:394] While redistributing from (_NormPartial(2.0), _NormPartial(2.0)) to (Replicate(), Replicate()), 2 sequential all_reduce operations will be performed. This is suboptimal: multiple collective operations have higher latency (separate kernel launches and synchronization points) and may give inconsistent results between ranks due to different reduction orders. To optimize, flatten mesh dimensions ["fsdp", "tp"] so DTensor can use a single operation instead.
[rank0]:W1003 01:07:06.162000 1985466 torch/distributed/tensor/_redistribute.py:394] While redistributing from (_NormPartial(2.0), _NormPartial(2.0)) to (Replicate(), Replicate()), 2 sequential all_reduce operations will be performed. This is suboptimal: multiple collective operations have higher latency (separate kernel launches and synchronization points) and may give inconsistent results between ranks due to different reduction orders. To optimize, flatten mesh dimensions ["fsdp", "tp"] so DTensor can use a single operation instead.
[rank1]:W1003 01:07:06.164000 1985467 torch/distributed/tensor/_redistribute.py:394] While redistributing from (_NormPartial(2.0), _NormPartial(2.0)) to (Replicate(), Replicate()), 2 sequential all_reduce operations will be performed. This is suboptimal: multiple collective operations have higher latency (separate kernel launches and synchronization points) and may give inconsistent results between ranks due to different reduction orders. To optimize, flatten mesh dimensions ["fsdp", "tp"] so DTensor can use a single operation instead.
[
  {
    "algorithm": "dflash",
    "tp": 2,
    "dp": 2,
    "cp": 1,
    "loss_type": "dflash",
    "lk_loss_type": null,
    "activation_checkpoint": false,
    "compile": false,
    "compute_dtype": "torch.float32",
    "reference_loss": 4.251956462860107,
    "distributed_loss": 4.251956462860107,
    "max_gradient_abs_error": 3.725290298461914e-09,
    "checked_gradients": 25,
    "native_gradient_norm": 0.4642273187637329,
    "native_optimizer_step": true,
    "optimizer_update_relative_error": 7.045137408567825e-06,
    "optimizer_update_cosine": 1.0
  },
  {
    "algorithm": "dflash2",
    "tp": 2,
    "dp": 2,
    "cp": 1,
    "loss_type": "dflash",
    "lk_loss_type": null,
    "activation_checkpoint": false,
    "compile": false,
    "compute_dtype": "torch.float32",
    "reference_loss": 4.252286434173584,
    "distributed_loss": 4.252286434173584,
    "max_gradient_abs_error": 7.450580596923828e-09,
    "checked_gradients": 36,
    "native_gradient_norm": 0.35074129700660706,
    "native_optimizer_step": true,
    "optimizer_update_relative_error": 1.4671192730020266e-05,
    "optimizer_update_cosine": 0.9999999403953552
  },
  {
    "algorithm": "dspark",
    "tp": 2,
    "dp": 2,
    "cp": 1,
    "loss_type": "dflash",
    "lk_loss_type": null,
    "activation_checkpoint": false,
    "compile": false,
    "compute_dtype": "torch.float32",
    "reference_loss": 1.7480034828186035,
    "distributed_loss": 1.7480034828186035,
    "max_gradient_abs_error": 3.725290298461914e-09,
    "checked_gradients": 31,
    "native_gradient_norm": 1.7128963470458984,
    "native_optimizer_step": true,
    "optimizer_update_relative_error": 1.0290352747688303e-06,
    "optimizer_update_cosine": 1.0000001192092896
  }
]
