
*****************************************
Setting OMP_NUM_THREADS environment variable for each process to be 1 in default, to avoid your system being overloaded, please further tune the variable for optimal performance in your application as needed. 
*****************************************
/scratch/specforge-torchtitan-20261003/native-bench-snapshot-36eb793/specforge/modeling/draft/llama3_eagle.py:33: UserWarning: flash_attn is not found, falling back to flex_attention. Please install flash_attn if you want to use the flash attention backend.
  warnings.warn(
/scratch/specforge-torchtitan-20261003/native-bench-snapshot-36eb793/specforge/modeling/draft/llama3_eagle.py:33: UserWarning: flash_attn is not found, falling back to flex_attention. Please install flash_attn if you want to use the flash attention backend.
  warnings.warn(
initial_load_model_only=True has no effect without an initial_load_path.
[titan] 2026-10-03 01:38:04,880 - root - WARNING - ENV[TORCH_NCCL_ASYNC_ERROR_HANDLING] = 1 will be overridden to 3 based on job config
[titan] 2026-10-03 01:38:04,890 - root - INFO - [GC] Initial GC collection took 0.00 seconds
[titan] 2026-10-03 01:38:04,890 - root - INFO - Building device mesh with parallelism: pp=1, dp_replicate=1, dp_shard=1, cp=1, tp=2, ep=1
initial_load_model_only=True has no effect without an initial_load_path.
[titan] 2026-10-03 01:38:04,892 - root - WARNING - ENV[TORCH_NCCL_ASYNC_ERROR_HANDLING] = 1 will be overridden to 3 based on job config
[titan] 2026-10-03 01:38:04,899 - root - INFO - Successfully created meshes with active dimensions: ['tp']
[titan] 2026-10-03 01:38:04,901 - root - INFO - Building specforge dflash2
[titan] 2026-10-03 01:38:04,902 - root - INFO - [GC] Initial GC collection took 0.00 seconds
[titan] 2026-10-03 01:38:04,902 - root - INFO - Building device mesh with parallelism: pp=1, dp_replicate=1, dp_shard=1, cp=1, tp=2, ep=1
[titan] 2026-10-03 01:38:04,909 - root - INFO - Successfully created meshes with active dimensions: ['tp']
[titan] 2026-10-03 01:38:04,910 - root - INFO - CUDA capacity: NVIDIA H200 with 139.80GiB memory
[titan] 2026-10-03 01:38:04,911 - root - INFO - Building specforge dflash2
[titan] 2026-10-03 01:38:04,911 - root - WARNING - Error running lspci: [Errno 2] No such file or directory: 'lspci', fallback to use device_name
[titan] 2026-10-03 01:38:04,911 - root - INFO - [34mModel specforge dflash2 [31msize: 1,410,272,512 total parameters[39m
[titan] 2026-10-03 01:38:04,920 - root - INFO - CUDA capacity: NVIDIA H200 with 139.80GiB memory
[titan] 2026-10-03 01:38:04,921 - root - WARNING - Error running lspci: [Errno 2] No such file or directory: 'lspci', fallback to use device_name
[titan] 2026-10-03 01:38:04,921 - root - INFO - [34mModel specforge dflash2 [31msize: 1,410,272,512 total parameters[39m
[titan] 2026-10-03 01:38:04,989 - root - INFO - Applied FSDP to the model
[titan] 2026-10-03 01:38:04,998 - root - INFO - Applied FSDP to the model
[titan] 2026-10-03 01:38:18,817 - root - WARNING - Error running lspci: [Errno 2] No such file or directory: 'lspci', fallback to use device_name
[titan] 2026-10-03 01:38:18,817 - root - INFO - Peak FLOPS used for computing MFU: 9.890e+14
[titan] 2026-10-03 01:38:18,817 - root - INFO - CUDA memory usage for model: 6.67GiB(4.77%)
[titan] 2026-10-03 01:38:18,818 - root - INFO - Optimizer AdamW (model_part=0): 81 params [.*] {'fused': True, 'foreach': False, 'lr': 0.0001, 'betas': (0.9, 0.999), 'eps': 1e-08, 'weight_decay': 0.0}
[titan] 2026-10-03 01:38:18,819 - root - WARNING - initial_load_model_only=True has no effect without an initial_load_path.
[titan] 2026-10-03 01:38:18,819 - root - INFO - Trainer is initialized with local batch size 1, global batch size 4, gradient accumulation steps 4, sequence length 4096, total steps 30 (warmup 0)
[titan] 2026-10-03 01:38:19,000 - root - WARNING - Error running lspci: [Errno 2] No such file or directory: 'lspci', fallback to use device_name
[titan] 2026-10-03 01:38:19,000 - root - INFO - Peak FLOPS used for computing MFU: 9.890e+14
[titan] 2026-10-03 01:38:19,000 - root - INFO - CUDA memory usage for model: 6.67GiB(4.77%)
[titan] 2026-10-03 01:38:19,001 - root - INFO - Optimizer AdamW (model_part=0): 81 params [.*] {'fused': True, 'foreach': False, 'lr': 0.0001, 'betas': (0.9, 0.999), 'eps': 1e-08, 'weight_decay': 0.0}
[titan] 2026-10-03 01:38:19,002 - root - WARNING - initial_load_model_only=True has no effect without an initial_load_path.
[titan] 2026-10-03 01:38:19,002 - root - INFO - Trainer is initialized with local batch size 1, global batch size 4, gradient accumulation steps 4, sequence length 4096, total steps 30 (warmup 0)
[titan] 2026-10-03 01:38:19,197 - root - INFO - Training starts at step 1
[titan] 2026-10-03 01:38:19,197 - root - INFO - Training starts at step 1
/scratch/specforge-torchtitan-20261003/venv/lib/python3.12/site-packages/torch/distributed/c10d_logger.py:83: UserWarning: barrier(): using the device under current context. You can specify `device_id` in `init_process_group` to mute this warning.
  return func(*args, **kwargs)
[rank0]:W1003 01:38:26.531000 2001562 torch/distributed/tensor/_redistribute.py:394] While redistributing from (_NormPartial(2.0), _NormPartial(2.0)) to (Replicate(), Replicate()), 2 sequential all_reduce operations will be performed. This is suboptimal: multiple collective operations have higher latency (separate kernel launches and synchronization points) and may give inconsistent results between ranks due to different reduction orders. To optimize, flatten mesh dimensions ["fsdp", "tp"] so DTensor can use a single operation instead.
[rank1]:W1003 01:38:26.535000 2001563 torch/distributed/tensor/_redistribute.py:394] While redistributing from (_NormPartial(2.0), _NormPartial(2.0)) to (Replicate(), Replicate()), 2 sequential all_reduce operations will be performed. This is suboptimal: multiple collective operations have higher latency (separate kernel launches and synchronization points) and may give inconsistent results between ranks due to different reduction orders. To optimize, flatten mesh dimensions ["fsdp", "tp"] so DTensor can use a single operation instead.
[titan] 2026-10-03 01:38:26,850 - root - INFO - [31mstep:  1  [32mloss: 12.44854  [38;2;180;60;0mgrad_norm:  6.2032  [38;2;54;234;195mmemory: 14.81GiB(10.60%)  [34mtps: 374  [36mtflops: 5.89  [35mmfu: 0.60%[39m
[titan] 2026-10-03 01:38:26,854 - root - INFO - [31mstep:  1  [32mloss: 12.44854  [38;2;180;60;0mgrad_norm:  6.2032  [38;2;54;234;195mmemory: 14.81GiB(10.60%)  [34mtps: 373  [36mtflops: 5.89  [35mmfu: 0.60%[39m
[titan] 2026-10-03 01:38:26,855 - root - INFO - Synchronizing and adjusting timeout for all ProcessGroups to 0:01:40
[titan] 2026-10-03 01:38:26,855 - root - INFO - Synchronizing and adjusting timeout for all ProcessGroups to 0:01:40
/scratch/specforge-torchtitan-20261003/venv/lib/python3.12/site-packages/torch/distributed/c10d_logger.py:83: UserWarning: barrier(): using the device under current context. You can specify `device_id` in `init_process_group` to mute this warning.
  return func(*args, **kwargs)
[titan] 2026-10-03 01:38:40,479 - root - INFO - Training completed
[titan] 2026-10-03 01:38:40,479 - root - INFO - Sleeping 2 seconds for other ranks to complete
[titan] 2026-10-03 01:38:42,479 - root - INFO - Training completed
{
  "output": "/scratch/specforge-torchtitan-20261003/native-bench-tp2/dflash2-tp2.json",
  "optimizer_step_seconds_mean": 0.4675899147987366,
  "optimizer_step_seconds_median": 0.46736965607851744,
  "optimizer_step_seconds_p95": 0.46957841888070107,
  "input_context_tokens_per_second": 35039.2501665741
}
