
*****************************************
Setting OMP_NUM_THREADS environment variable for each process to be 1 in default, to avoid your system being overloaded, please further tune the variable for optimal performance in your application as needed. 
*****************************************
/scratch/specforge-torchtitan-20261003/native-bench-snapshot-36eb793/specforge/modeling/draft/llama3_eagle.py:33: UserWarning: flash_attn is not found, falling back to flex_attention. Please install flash_attn if you want to use the flash attention backend.
  warnings.warn(
/scratch/specforge-torchtitan-20261003/native-bench-snapshot-36eb793/specforge/modeling/draft/llama3_eagle.py:33: UserWarning: flash_attn is not found, falling back to flex_attention. Please install flash_attn if you want to use the flash attention backend.
  warnings.warn(
initial_load_model_only=True has no effect without an initial_load_path.
[titan] 2026-10-03 01:42:26,303 - root - WARNING - ENV[TORCH_NCCL_ASYNC_ERROR_HANDLING] = 1 will be overridden to 3 based on job config
[titan] 2026-10-03 01:42:26,310 - root - INFO - Building device mesh with parallelism: pp=1, dp_replicate=1, dp_shard=2, cp=1, tp=1, ep=1
[titan] 2026-10-03 01:42:26,318 - root - INFO - Successfully created meshes with active dimensions: ['batch', 'loss', 'fsdp']
[titan] 2026-10-03 01:42:26,319 - root - INFO - [GC] Initial GC collection took 0.00 seconds
[titan] 2026-10-03 01:42:26,320 - root - INFO - Building specforge dflash2
[titan] 2026-10-03 01:42:26,330 - root - INFO - CUDA capacity: NVIDIA H200 with 139.80GiB memory
[titan] 2026-10-03 01:42:26,330 - root - WARNING - Error running lspci: [Errno 2] No such file or directory: 'lspci', fallback to use device_name
[titan] 2026-10-03 01:42:26,331 - root - INFO - [34mModel specforge dflash2 [31msize: 1,410,272,512 total parameters[39m
[titan] 2026-10-03 01:42:26,342 - root - INFO - Compiling each TransformerBlock with torch.compile
[titan] 2026-10-03 01:42:26,378 - root - INFO - Applied FSDP to the model
initial_load_model_only=True has no effect without an initial_load_path.
[titan] 2026-10-03 01:42:27,418 - root - WARNING - ENV[TORCH_NCCL_ASYNC_ERROR_HANDLING] = 1 will be overridden to 3 based on job config
[titan] 2026-10-03 01:42:27,425 - root - INFO - Building device mesh with parallelism: pp=1, dp_replicate=1, dp_shard=2, cp=1, tp=1, ep=1
[titan] 2026-10-03 01:42:27,431 - root - INFO - Successfully created meshes with active dimensions: ['batch', 'loss', 'fsdp']
[titan] 2026-10-03 01:42:27,432 - root - INFO - [GC] Initial GC collection took 0.00 seconds
[titan] 2026-10-03 01:42:27,433 - root - INFO - Building specforge dflash2
[titan] 2026-10-03 01:42:27,442 - root - INFO - CUDA capacity: NVIDIA H200 with 139.80GiB memory
[titan] 2026-10-03 01:42:27,443 - root - WARNING - Error running lspci: [Errno 2] No such file or directory: 'lspci', fallback to use device_name
[titan] 2026-10-03 01:42:27,443 - root - INFO - [34mModel specforge dflash2 [31msize: 1,410,272,512 total parameters[39m
[titan] 2026-10-03 01:42:27,454 - root - INFO - Compiling each TransformerBlock with torch.compile
[titan] 2026-10-03 01:42:27,490 - root - INFO - Applied FSDP to the model
[titan] 2026-10-03 01:42:40,927 - root - WARNING - Error running lspci: [Errno 2] No such file or directory: 'lspci', fallback to use device_name
[titan] 2026-10-03 01:42:40,927 - root - INFO - Peak FLOPS used for computing MFU: 9.890e+14
[titan] 2026-10-03 01:42:40,927 - root - INFO - CUDA memory usage for model: 5.81GiB(4.16%)
[titan] 2026-10-03 01:42:40,928 - root - INFO - Optimizer AdamW (model_part=0): 81 params [.*] {'fused': True, 'foreach': False, 'lr': 0.0001, 'betas': (0.9, 0.999), 'eps': 1e-08, 'weight_decay': 0.0}
[titan] 2026-10-03 01:42:40,929 - root - WARNING - initial_load_model_only=True has no effect without an initial_load_path.
[titan] 2026-10-03 01:42:40,929 - root - INFO - Trainer is initialized with local batch size 1, global batch size 4, gradient accumulation steps 2, sequence length 4096, total steps 30 (warmup 0)
[titan] 2026-10-03 01:42:40,931 - root - WARNING - Error running lspci: [Errno 2] No such file or directory: 'lspci', fallback to use device_name
[titan] 2026-10-03 01:42:40,931 - root - INFO - Peak FLOPS used for computing MFU: 9.890e+14
[titan] 2026-10-03 01:42:40,931 - root - INFO - CUDA memory usage for model: 5.81GiB(4.16%)
[titan] 2026-10-03 01:42:40,932 - root - INFO - Optimizer AdamW (model_part=0): 81 params [.*] {'fused': True, 'foreach': False, 'lr': 0.0001, 'betas': (0.9, 0.999), 'eps': 1e-08, 'weight_decay': 0.0}
[titan] 2026-10-03 01:42:40,933 - root - WARNING - initial_load_model_only=True has no effect without an initial_load_path.
[titan] 2026-10-03 01:42:40,933 - root - INFO - Trainer is initialized with local batch size 1, global batch size 4, gradient accumulation steps 2, sequence length 4096, total steps 30 (warmup 0)
[titan] 2026-10-03 01:42:41,268 - root - INFO - Training starts at step 1
[titan] 2026-10-03 01:42:41,268 - root - INFO - Training starts at step 1
/scratch/specforge-torchtitan-20261003/venv/lib/python3.12/site-packages/torch/distributed/c10d_logger.py:83: UserWarning: barrier(): using the device under current context. You can specify `device_id` in `init_process_group` to mute this warning.
  return func(*args, **kwargs)
[rank0]:V1003 01:42:47.590000 2002554 torch/_dynamo/guards.py:5621] [0/1] [__recompiles] Recompiling function forward in /scratch/specforge-torchtitan-20261003/native-bench-snapshot-36eb793/specforge/modeling/draft/dflash2.py:220
[rank0]:V1003 01:42:47.590000 2002554 torch/_dynamo/guards.py:5621] [0/1] [__recompiles]     triggered by the following guard failure(s):
[rank0]:V1003 01:42:47.590000 2002554 torch/_dynamo/guards.py:5621] [0/1] [__recompiles]     - 0/0: tensor 'hidden_states' requires_grad mismatch. expected requires_grad=0
[rank1]:V1003 01:42:47.678000 2002555 torch/_dynamo/guards.py:5621] [0/1] [__recompiles] Recompiling function forward in /scratch/specforge-torchtitan-20261003/native-bench-snapshot-36eb793/specforge/modeling/draft/dflash2.py:220
[rank1]:V1003 01:42:47.678000 2002555 torch/_dynamo/guards.py:5621] [0/1] [__recompiles]     triggered by the following guard failure(s):
[rank1]:V1003 01:42:47.678000 2002555 torch/_dynamo/guards.py:5621] [0/1] [__recompiles]     - 0/0: tensor 'hidden_states' requires_grad mismatch. expected requires_grad=0
[titan] 2026-10-03 01:42:57,186 - root - INFO - [31mstep:  1  [32mloss: 12.44095  [38;2;180;60;0mgrad_norm:  4.8329  [38;2;54;234;195mmemory: 16.69GiB(11.94%)  [34mtps: 275  [36mtflops: 4.34  [35mmfu: 0.44%[39m
[titan] 2026-10-03 01:42:57,186 - root - INFO - [31mstep:  1  [32mloss: 12.44095  [38;2;180;60;0mgrad_norm:  4.8329  [38;2;54;234;195mmemory: 16.69GiB(11.94%)  [34mtps: 266  [36mtflops: 4.19  [35mmfu: 0.42%[39m
[titan] 2026-10-03 01:42:57,186 - root - INFO - Synchronizing and adjusting timeout for all ProcessGroups to 0:01:40
[titan] 2026-10-03 01:42:57,186 - root - INFO - Synchronizing and adjusting timeout for all ProcessGroups to 0:01:40
/scratch/specforge-torchtitan-20261003/venv/lib/python3.12/site-packages/torch/distributed/c10d_logger.py:83: UserWarning: barrier(): using the device under current context. You can specify `device_id` in `init_process_group` to mute this warning.
  return func(*args, **kwargs)
[titan] 2026-10-03 01:43:03,467 - root - INFO - Sleeping 2 seconds for other ranks to complete
[titan] 2026-10-03 01:43:03,467 - root - INFO - Training completed
[titan] 2026-10-03 01:43:05,467 - root - INFO - Training completed
{
  "output": "/scratch/specforge-torchtitan-20261003/native-bench-tp2/dflash2-dp2-compile.json",
  "optimizer_step_seconds_mean": 0.21602601548656822,
  "optimizer_step_seconds_median": 0.21596076618880033,
  "optimizer_step_seconds_p95": 0.21703800931572914,
  "input_context_tokens_per_second": 75842.71719819182
}
