W1003 04:56:51.715000 2044334 venv/lib/python3.12/site-packages/torch/utils/_pytree.py:630] <enum 'KernelPreference'> is an Enum subclass and is now natively supported by torch.compile as an opaque value type. Calling register_constant() on Enum subclasses is deprecated and will be an error in a future release.
W1003 04:56:51.741000 2044334 venv/lib/python3.12/site-packages/torch/utils/_pytree.py:630] <enum 'ScaleCalculationMode'> is an Enum subclass and is now natively supported by torch.compile as an opaque value type. Calling register_constant() on Enum subclasses is deprecated and will be an error in a future release.
W1003 04:56:51.790000 2044333 venv/lib/python3.12/site-packages/torch/utils/_pytree.py:630] <enum 'KernelPreference'> is an Enum subclass and is now natively supported by torch.compile as an opaque value type. Calling register_constant() on Enum subclasses is deprecated and will be an error in a future release.
W1003 04:56:51.818000 2044333 venv/lib/python3.12/site-packages/torch/utils/_pytree.py:630] <enum 'ScaleCalculationMode'> is an Enum subclass and is now natively supported by torch.compile as an opaque value type. Calling register_constant() on Enum subclasses is deprecated and will be an error in a future release.
/scratch/specforge-torchtitan-20261003/extension-bench-source-p2/specforge/modeling/draft/llama3_eagle.py:33: UserWarning: flash_attn is not found, falling back to flex_attention. Please install flash_attn if you want to use the flash attention backend.
  warnings.warn(
/scratch/specforge-torchtitan-20261003/extension-bench-source-p2/specforge/modeling/draft/llama3_eagle.py:33: UserWarning: flash_attn is not found, falling back to flex_attention. Please install flash_attn if you want to use the flash attention backend.
  warnings.warn(
initial_load_model_only=True has no effect without an initial_load_path.
[titan] 2026-10-03 04:57:13,840 - root - WARNING - ENV[TORCH_NCCL_ASYNC_ERROR_HANDLING] = 1 will be overridden to 3 based on job config
[titan] 2026-10-03 04:57:13,847 - root - INFO - Building device mesh with parallelism: pp=1, dp_replicate=1, dp_shard=2, cp=1, tp=1, ep=1
[titan] 2026-10-03 04:57:13,851 - root - INFO - Successfully created meshes with active dimensions: ['batch', 'loss', 'fsdp']
[titan] 2026-10-03 04:57:13,852 - root - INFO - [GC] Initial GC collection took 0.00 seconds
[titan] 2026-10-03 04:57:13,853 - root - INFO - Building specforge dflash2
[titan] 2026-10-03 04:57:13,862 - root - INFO - CUDA capacity: NVIDIA H200 with 139.80GiB memory
[titan] 2026-10-03 04:57:13,863 - root - WARNING - Error running lspci: [Errno 2] No such file or directory: 'lspci', fallback to use device_name
[titan] 2026-10-03 04:57:13,863 - root - INFO - [34mModel specforge dflash2 [31msize: 1,410,272,512 total parameters[39m
[titan] 2026-10-03 04:57:13,898 - root - INFO - Applied Data Parallel (simple_fsdp) (dp mode=fully_shard) to the model
[titan] 2026-10-03 04:57:13,898 - root - INFO - aot_fx_trace compile mode: graph capture will happen at training time
initial_load_model_only=True has no effect without an initial_load_path.
[titan] 2026-10-03 04:57:14,286 - root - WARNING - ENV[TORCH_NCCL_ASYNC_ERROR_HANDLING] = 1 will be overridden to 3 based on job config
[titan] 2026-10-03 04:57:14,298 - root - INFO - Building device mesh with parallelism: pp=1, dp_replicate=1, dp_shard=2, cp=1, tp=1, ep=1
[titan] 2026-10-03 04:57:14,304 - root - INFO - Successfully created meshes with active dimensions: ['batch', 'loss', 'fsdp']
[titan] 2026-10-03 04:57:14,305 - root - INFO - [GC] Initial GC collection took 0.00 seconds
[titan] 2026-10-03 04:57:14,307 - root - INFO - Building specforge dflash2
[titan] 2026-10-03 04:57:14,321 - root - INFO - CUDA capacity: NVIDIA H200 with 139.80GiB memory
[titan] 2026-10-03 04:57:14,322 - root - WARNING - Error running lspci: [Errno 2] No such file or directory: 'lspci', fallback to use device_name
[titan] 2026-10-03 04:57:14,323 - root - INFO - [34mModel specforge dflash2 [31msize: 1,410,272,512 total parameters[39m
[titan] 2026-10-03 04:57:14,361 - root - INFO - Applied Data Parallel (simple_fsdp) (dp mode=fully_shard) to the model
[titan] 2026-10-03 04:57:14,362 - root - INFO - aot_fx_trace compile mode: graph capture will happen at training time
[titan] 2026-10-03 04:57:27,857 - root - WARNING - Error running lspci: [Errno 2] No such file or directory: 'lspci', fallback to use device_name
[titan] 2026-10-03 04:57:27,857 - root - INFO - Peak FLOPS used for computing MFU: 9.890e+14
[titan] 2026-10-03 04:57:27,858 - root - INFO - CUDA memory usage for model: 5.80GiB(4.15%)
[titan] 2026-10-03 04:57:27,859 - root - INFO - Optimizer AdamW (model_part=0): 81 params [.*] {'fused': True, 'foreach': False, 'lr': 0.0001, 'betas': (0.9, 0.999), 'eps': 1e-08, 'weight_decay': 0.0}
[titan] 2026-10-03 04:57:27,859 - root - WARNING - initial_load_model_only=True has no effect without an initial_load_path.
[titan] 2026-10-03 04:57:27,859 - root - INFO - Trainer is initialized with local batch size 1, global batch size 4, gradient accumulation steps 2, sequence length 4096, total steps 30 (warmup 0)
[titan] 2026-10-03 04:57:27,860 - root - INFO - NUMA binding applied for GPU 0
[titan] 2026-10-03 04:57:27,950 - root - WARNING - Error running lspci: [Errno 2] No such file or directory: 'lspci', fallback to use device_name
[titan] 2026-10-03 04:57:27,950 - root - INFO - Peak FLOPS used for computing MFU: 9.890e+14
[titan] 2026-10-03 04:57:27,950 - root - INFO - CUDA memory usage for model: 5.80GiB(4.15%)
[titan] 2026-10-03 04:57:27,951 - root - INFO - Optimizer AdamW (model_part=0): 81 params [.*] {'fused': True, 'foreach': False, 'lr': 0.0001, 'betas': (0.9, 0.999), 'eps': 1e-08, 'weight_decay': 0.0}
[titan] 2026-10-03 04:57:27,952 - root - WARNING - initial_load_model_only=True has no effect without an initial_load_path.
[titan] 2026-10-03 04:57:27,952 - root - INFO - Trainer is initialized with local batch size 1, global batch size 4, gradient accumulation steps 2, sequence length 4096, total steps 30 (warmup 0)
[titan] 2026-10-03 04:57:27,953 - root - INFO - NUMA binding applied for GPU 1
[titan] 2026-10-03 04:57:28,189 - root - INFO - Training starts at step 1
[titan] 2026-10-03 04:57:28,190 - root - INFO - Training starts at step 1
/scratch/specforge-torchtitan-20261003/venv/lib/python3.12/site-packages/torch/distributed/c10d_logger.py:83: UserWarning: barrier(): using the device under current context. You can specify `device_id` in `init_process_group` to mute this warning.
  return func(*args, **kwargs)
/scratch/specforge-torchtitan-20261003/venv/lib/python3.12/site-packages/torch/nn/attention/flex_attention.py:2596: UserWarning: flex_attention called without torch.compile() - this will use an unfused implementation that materializes the full scores matrix instead of generating a fused kernel.

SOLUTION: Use torch.compile(flex_attention)(...)

If you want to debug your score_mod/mask_mod, you can set:
torch.nn.attention.flex_attention._FLEX_ATTENTION_DISABLE_COMPILE_DEBUG = True

This will allow you to use print statements or breakpoints. Note: This doesn't work with the backwards pass and may produce incorrect results.
  _warn_once(
/scratch/specforge-torchtitan-20261003/venv/lib/python3.12/site-packages/torch/nn/attention/flex_attention.py:2596: UserWarning: flex_attention called without torch.compile() - this will use an unfused implementation that materializes the full scores matrix instead of generating a fused kernel.

SOLUTION: Use torch.compile(flex_attention)(...)

If you want to debug your score_mod/mask_mod, you can set:
torch.nn.attention.flex_attention._FLEX_ATTENTION_DISABLE_COMPILE_DEBUG = True

This will allow you to use print statements or breakpoints. Note: This doesn't work with the backwards pass and may produce incorrect results.
  _warn_once(
[titan] 2026-10-03 04:57:32,125 - root - INFO - minimal_fx_tracer took 3.926s
[titan] 2026-10-03 04:57:32,125 - root - INFO - Applying 10 graph passes:
  1. functionalize_fused_kernels
  2. eliminate_dead_code_pass
  3. canonicalize_graph_pass
  4. deduplicate_fsdp_unshard_chains_pass
  5. tag_with_memory_policy_pass
  6. apply_cpu_offload_pass
  7. selective_activation_remat_pass
  8. joint_transformer_block_bucketing_reordering_pass
  9. full_inductor_compilation_pass
  10. cudagraph_pass
[titan] 2026-10-03 04:57:32,342 - root - INFO - minimal_fx_tracer took 4.142s
[titan] 2026-10-03 04:57:32,342 - root - INFO - Applying 10 graph passes:
  1. functionalize_fused_kernels
  2. eliminate_dead_code_pass
  3. canonicalize_graph_pass
  4. deduplicate_fsdp_unshard_chains_pass
  5. tag_with_memory_policy_pass
  6. apply_cpu_offload_pass
  7. selective_activation_remat_pass
  8. joint_transformer_block_bucketing_reordering_pass
  9. full_inductor_compilation_pass
  10. cudagraph_pass
[titan] 2026-10-03 04:57:35,524 - root - INFO - Eliminated dead code from the graph
[titan] 2026-10-03 04:57:35,638 - root - INFO - Removed 224 identity view/reshape node(s) from the graph
[titan] 2026-10-03 04:57:35,743 - root - INFO - Removed 179 back-to-back transpose node(s) from the graph
[titan] 2026-10-03 04:57:35,745 - root - INFO - Removed 76 identity slice node(s)
[titan] 2026-10-03 04:57:35,836 - root - INFO - Eliminated dead code from the graph
[titan] 2026-10-03 04:57:35,948 - root - INFO - Removed 224 identity view/reshape node(s) from the graph
[titan] 2026-10-03 04:57:35,948 - root - INFO - Normalized 576 view op(s) to reshape
[titan] 2026-10-03 04:57:36,056 - root - INFO - Removed 179 back-to-back transpose node(s) from the graph
[titan] 2026-10-03 04:57:36,058 - root - INFO - Removed 76 identity slice node(s)
[titan] 2026-10-03 04:57:36,068 - root - INFO - Canonicalized 29 duplicate FSDP unshard chain(s)
[titan] 2026-10-03 04:57:36,174 - root - INFO - Applied selective activation checkpointing (SAC) graph pass.
[titan] 2026-10-03 04:57:36,174 - root - INFO -   Forced 7 nodes to MUST_SAVE at layer boundaries
[titan] 2026-10-03 04:57:36,174 - root - INFO -   Layer non-layer: 13 MUST_SAVE, 58 RECOMPUTE
[titan] 2026-10-03 04:57:36,174 - root - INFO -   Layer 0: 30 MUST_SAVE, 168 RECOMPUTE
[titan] 2026-10-03 04:57:36,174 - root - INFO -   Layer 1: 30 MUST_SAVE, 169 RECOMPUTE
[titan] 2026-10-03 04:57:36,174 - root - INFO -   Layer 2: 30 MUST_SAVE, 169 RECOMPUTE
[titan] 2026-10-03 04:57:36,174 - root - INFO -   Layer 3: 30 MUST_SAVE, 169 RECOMPUTE
[titan] 2026-10-03 04:57:36,174 - root - INFO -   Layer 4: 29 MUST_SAVE, 170 RECOMPUTE
[titan] 2026-10-03 04:57:36,264 - root - INFO - Normalized 576 view op(s) to reshape
[titan] 2026-10-03 04:57:36,384 - root - INFO - Canonicalized 29 duplicate FSDP unshard chain(s)
[titan] 2026-10-03 04:57:36,495 - root - INFO - Applied selective activation checkpointing (SAC) graph pass.
[titan] 2026-10-03 04:57:36,495 - root - INFO -   Forced 7 nodes to MUST_SAVE at layer boundaries
[titan] 2026-10-03 04:57:36,495 - root - INFO -   Layer non-layer: 13 MUST_SAVE, 58 RECOMPUTE
[titan] 2026-10-03 04:57:36,495 - root - INFO -   Layer 0: 30 MUST_SAVE, 168 RECOMPUTE
[titan] 2026-10-03 04:57:36,495 - root - INFO -   Layer 1: 30 MUST_SAVE, 169 RECOMPUTE
[titan] 2026-10-03 04:57:36,496 - root - INFO -   Layer 2: 30 MUST_SAVE, 169 RECOMPUTE
[titan] 2026-10-03 04:57:36,496 - root - INFO -   Layer 3: 30 MUST_SAVE, 169 RECOMPUTE
[titan] 2026-10-03 04:57:36,496 - root - INFO -   Layer 4: 29 MUST_SAVE, 170 RECOMPUTE
[titan] 2026-10-03 04:57:37,350 - root - INFO - FSDP reorder: 11 overlap deps across 11 target nodes
[titan] 2026-10-03 04:57:37,718 - root - INFO - FSDP reorder: 11 overlap deps across 11 target nodes
[titan] 2026-10-03 04:58:19,967 - root - INFO - Applied cudagraph pass.
[titan] 2026-10-03 04:58:19,967 - root - INFO - All 10 graph passes took 47.841s
[titan] 2026-10-03 04:58:20,894 - root - INFO - Applied cudagraph pass.
[titan] 2026-10-03 04:58:20,894 - root - INFO - All 10 graph passes took 48.552s
[rank1]:W1003 04:58:21.165000 2044334 venv/lib/python3.12/site-packages/torch/_library/opaque_object.py:314] is_opaque_value is deprecated, use is_custom_class_obj instead
[rank1]:W1003 04:58:21.166000 2044334 venv/lib/python3.12/site-packages/torch/_library/opaque_object.py:314] is_opaque_value is deprecated, use is_custom_class_obj instead
[rank1]:W1003 04:58:21.166000 2044334 venv/lib/python3.12/site-packages/torch/_library/opaque_object.py:314] is_opaque_value is deprecated, use is_custom_class_obj instead
[rank1]:W1003 04:58:21.166000 2044334 venv/lib/python3.12/site-packages/torch/_library/opaque_object.py:314] is_opaque_value is deprecated, use is_custom_class_obj instead
[rank1]:W1003 04:58:21.166000 2044334 venv/lib/python3.12/site-packages/torch/_library/opaque_object.py:314] is_opaque_value is deprecated, use is_custom_class_obj instead
[rank1]:W1003 04:58:21.166000 2044334 venv/lib/python3.12/site-packages/torch/_library/opaque_object.py:314] is_opaque_value is deprecated, use is_custom_class_obj instead
[rank1]:W1003 04:58:21.166000 2044334 venv/lib/python3.12/site-packages/torch/_library/opaque_object.py:314] is_opaque_value is deprecated, use is_custom_class_obj instead
[rank1]:W1003 04:58:21.166000 2044334 venv/lib/python3.12/site-packages/torch/_library/opaque_object.py:314] is_opaque_value is deprecated, use is_custom_class_obj instead
[rank1]:W1003 04:58:21.166000 2044334 venv/lib/python3.12/site-packages/torch/_library/opaque_object.py:314] is_opaque_value is deprecated, use is_custom_class_obj instead
[rank1]:W1003 04:58:21.166000 2044334 venv/lib/python3.12/site-packages/torch/_library/opaque_object.py:314] is_opaque_value is deprecated, use is_custom_class_obj instead
[rank1]:W1003 04:58:21.166000 2044334 venv/lib/python3.12/site-packages/torch/_library/opaque_object.py:314] is_opaque_value is deprecated, use is_custom_class_obj instead
[rank1]:W1003 04:58:21.166000 2044334 venv/lib/python3.12/site-packages/torch/_library/opaque_object.py:314] is_opaque_value is deprecated, use is_custom_class_obj instead
[rank1]:W1003 04:58:21.166000 2044334 venv/lib/python3.12/site-packages/torch/_library/opaque_object.py:314] is_opaque_value is deprecated, use is_custom_class_obj instead
[rank1]:W1003 04:58:21.166000 2044334 venv/lib/python3.12/site-packages/torch/_library/opaque_object.py:314] is_opaque_value is deprecated, use is_custom_class_obj instead
[rank1]:W1003 04:58:21.166000 2044334 venv/lib/python3.12/site-packages/torch/_library/opaque_object.py:314] is_opaque_value is deprecated, use is_custom_class_obj instead
[rank1]:W1003 04:58:21.166000 2044334 venv/lib/python3.12/site-packages/torch/_library/opaque_object.py:314] is_opaque_value is deprecated, use is_custom_class_obj instead
[rank1]:W1003 04:58:21.166000 2044334 venv/lib/python3.12/site-packages/torch/_library/opaque_object.py:314] is_opaque_value is deprecated, use is_custom_class_obj instead
[rank1]:W1003 04:58:21.166000 2044334 venv/lib/python3.12/site-packages/torch/_library/opaque_object.py:314] is_opaque_value is deprecated, use is_custom_class_obj instead
[rank1]:W1003 04:58:21.166000 2044334 venv/lib/python3.12/site-packages/torch/_library/opaque_object.py:314] is_opaque_value is deprecated, use is_custom_class_obj instead
[rank1]:W1003 04:58:21.166000 2044334 venv/lib/python3.12/site-packages/torch/_library/opaque_object.py:314] is_opaque_value is deprecated, use is_custom_class_obj instead
[rank1]:W1003 04:58:21.166000 2044334 venv/lib/python3.12/site-packages/torch/_library/opaque_object.py:314] is_opaque_value is deprecated, use is_custom_class_obj instead
[rank1]:W1003 04:58:21.166000 2044334 venv/lib/python3.12/site-packages/torch/_library/opaque_object.py:314] is_opaque_value is deprecated, use is_custom_class_obj instead
[rank1]:W1003 04:58:21.166000 2044334 venv/lib/python3.12/site-packages/torch/_library/opaque_object.py:314] is_opaque_value is deprecated, use is_custom_class_obj instead
[rank1]:W1003 04:58:21.166000 2044334 venv/lib/python3.12/site-packages/torch/_library/opaque_object.py:314] is_opaque_value is deprecated, use is_custom_class_obj instead
[rank1]:W1003 04:58:21.166000 2044334 venv/lib/python3.12/site-packages/torch/_library/opaque_object.py:314] is_opaque_value is deprecated, use is_custom_class_obj instead
[rank1]:W1003 04:58:21.166000 2044334 venv/lib/python3.12/site-packages/torch/_library/opaque_object.py:314] is_opaque_value is deprecated, use is_custom_class_obj instead
[rank1]:W1003 04:58:21.166000 2044334 venv/lib/python3.12/site-packages/torch/_library/opaque_object.py:314] is_opaque_value is deprecated, use is_custom_class_obj instead
[rank1]:W1003 04:58:21.166000 2044334 venv/lib/python3.12/site-packages/torch/_library/opaque_object.py:314] is_opaque_value is deprecated, use is_custom_class_obj instead
[rank1]:W1003 04:58:21.166000 2044334 venv/lib/python3.12/site-packages/torch/_library/opaque_object.py:314] is_opaque_value is deprecated, use is_custom_class_obj instead
[rank1]:W1003 04:58:21.166000 2044334 venv/lib/python3.12/site-packages/torch/_library/opaque_object.py:314] is_opaque_value is deprecated, use is_custom_class_obj instead
[rank1]:W1003 04:58:21.166000 2044334 venv/lib/python3.12/site-packages/torch/_library/opaque_object.py:314] is_opaque_value is deprecated, use is_custom_class_obj instead
[rank1]:W1003 04:58:21.166000 2044334 venv/lib/python3.12/site-packages/torch/_library/opaque_object.py:314] is_opaque_value is deprecated, use is_custom_class_obj instead
[rank1]:W1003 04:58:21.166000 2044334 venv/lib/python3.12/site-packages/torch/_library/opaque_object.py:314] is_opaque_value is deprecated, use is_custom_class_obj instead
[rank1]:W1003 04:58:21.166000 2044334 venv/lib/python3.12/site-packages/torch/_library/opaque_object.py:314] is_opaque_value is deprecated, use is_custom_class_obj instead
[rank1]:W1003 04:58:21.166000 2044334 venv/lib/python3.12/site-packages/torch/_library/opaque_object.py:314] is_opaque_value is deprecated, use is_custom_class_obj instead
[rank1]:W1003 04:58:21.166000 2044334 venv/lib/python3.12/site-packages/torch/_library/opaque_object.py:314] is_opaque_value is deprecated, use is_custom_class_obj instead
[rank1]:W1003 04:58:21.166000 2044334 venv/lib/python3.12/site-packages/torch/_library/opaque_object.py:314] is_opaque_value is deprecated, use is_custom_class_obj instead
[rank1]:W1003 04:58:21.166000 2044334 venv/lib/python3.12/site-packages/torch/_library/opaque_object.py:314] is_opaque_value is deprecated, use is_custom_class_obj instead
[rank1]:W1003 04:58:21.166000 2044334 venv/lib/python3.12/site-packages/torch/_library/opaque_object.py:314] is_opaque_value is deprecated, use is_custom_class_obj instead
[rank1]:W1003 04:58:21.166000 2044334 venv/lib/python3.12/site-packages/torch/_library/opaque_object.py:314] is_opaque_value is deprecated, use is_custom_class_obj instead
[rank1]:W1003 04:58:21.166000 2044334 venv/lib/python3.12/site-packages/torch/_library/opaque_object.py:314] is_opaque_value is deprecated, use is_custom_class_obj instead
[rank1]:W1003 04:58:21.166000 2044334 venv/lib/python3.12/site-packages/torch/_library/opaque_object.py:314] is_opaque_value is deprecated, use is_custom_class_obj instead
[rank1]:W1003 04:58:21.166000 2044334 venv/lib/python3.12/site-packages/torch/_library/opaque_object.py:314] is_opaque_value is deprecated, use is_custom_class_obj instead
[rank1]:W1003 04:58:21.166000 2044334 venv/lib/python3.12/site-packages/torch/_library/opaque_object.py:314] is_opaque_value is deprecated, use is_custom_class_obj instead
[rank1]:W1003 04:58:21.166000 2044334 venv/lib/python3.12/site-packages/torch/_library/opaque_object.py:314] is_opaque_value is deprecated, use is_custom_class_obj instead
[rank1]:W1003 04:58:21.166000 2044334 venv/lib/python3.12/site-packages/torch/_library/opaque_object.py:314] is_opaque_value is deprecated, use is_custom_class_obj instead
[rank1]:W1003 04:58:21.166000 2044334 venv/lib/python3.12/site-packages/torch/_library/opaque_object.py:314] is_opaque_value is deprecated, use is_custom_class_obj instead
[rank1]:W1003 04:58:21.166000 2044334 venv/lib/python3.12/site-packages/torch/_library/opaque_object.py:314] is_opaque_value is deprecated, use is_custom_class_obj instead
[rank1]:W1003 04:58:21.166000 2044334 venv/lib/python3.12/site-packages/torch/_library/opaque_object.py:314] is_opaque_value is deprecated, use is_custom_class_obj instead
[rank1]:W1003 04:58:21.166000 2044334 venv/lib/python3.12/site-packages/torch/_library/opaque_object.py:314] is_opaque_value is deprecated, use is_custom_class_obj instead
[rank1]:W1003 04:58:21.166000 2044334 venv/lib/python3.12/site-packages/torch/_library/opaque_object.py:314] is_opaque_value is deprecated, use is_custom_class_obj instead
[rank1]:W1003 04:58:21.166000 2044334 venv/lib/python3.12/site-packages/torch/_library/opaque_object.py:314] is_opaque_value is deprecated, use is_custom_class_obj instead
[rank1]:W1003 04:58:21.166000 2044334 venv/lib/python3.12/site-packages/torch/_library/opaque_object.py:314] is_opaque_value is deprecated, use is_custom_class_obj instead
[rank1]:W1003 04:58:21.166000 2044334 venv/lib/python3.12/site-packages/torch/_library/opaque_object.py:314] is_opaque_value is deprecated, use is_custom_class_obj instead
[rank1]:W1003 04:58:21.167000 2044334 venv/lib/python3.12/site-packages/torch/_library/opaque_object.py:314] is_opaque_value is deprecated, use is_custom_class_obj instead
[rank1]:W1003 04:58:21.167000 2044334 venv/lib/python3.12/site-packages/torch/_library/opaque_object.py:314] is_opaque_value is deprecated, use is_custom_class_obj instead
[rank1]:W1003 04:58:21.167000 2044334 venv/lib/python3.12/site-packages/torch/_library/opaque_object.py:314] is_opaque_value is deprecated, use is_custom_class_obj instead
[rank1]:W1003 04:58:21.167000 2044334 venv/lib/python3.12/site-packages/torch/_library/opaque_object.py:314] is_opaque_value is deprecated, use is_custom_class_obj instead
[rank1]:W1003 04:58:21.167000 2044334 venv/lib/python3.12/site-packages/torch/_library/opaque_object.py:314] is_opaque_value is deprecated, use is_custom_class_obj instead
[rank1]:W1003 04:58:21.167000 2044334 venv/lib/python3.12/site-packages/torch/_library/opaque_object.py:314] is_opaque_value is deprecated, use is_custom_class_obj instead
[rank1]:W1003 04:58:21.167000 2044334 venv/lib/python3.12/site-packages/torch/_library/opaque_object.py:314] is_opaque_value is deprecated, use is_custom_class_obj instead
[rank1]:W1003 04:58:21.167000 2044334 venv/lib/python3.12/site-packages/torch/_library/opaque_object.py:314] is_opaque_value is deprecated, use is_custom_class_obj instead
[rank1]:W1003 04:58:21.167000 2044334 venv/lib/python3.12/site-packages/torch/_library/opaque_object.py:314] is_opaque_value is deprecated, use is_custom_class_obj instead
[rank0]:W1003 04:58:21.166000 2044333 venv/lib/python3.12/site-packages/torch/_library/opaque_object.py:314] is_opaque_value is deprecated, use is_custom_class_obj instead
[rank1]:W1003 04:58:21.167000 2044334 venv/lib/python3.12/site-packages/torch/_library/opaque_object.py:314] is_opaque_value is deprecated, use is_custom_class_obj instead
[rank1]:W1003 04:58:21.167000 2044334 venv/lib/python3.12/site-packages/torch/_library/opaque_object.py:314] is_opaque_value is deprecated, use is_custom_class_obj instead
[rank1]:W1003 04:58:21.167000 2044334 venv/lib/python3.12/site-packages/torch/_library/opaque_object.py:314] is_opaque_value is deprecated, use is_custom_class_obj instead
[rank1]:W1003 04:58:21.167000 2044334 venv/lib/python3.12/site-packages/torch/_library/opaque_object.py:314] is_opaque_value is deprecated, use is_custom_class_obj instead
[rank0]:W1003 04:58:21.167000 2044333 venv/lib/python3.12/site-packages/torch/_library/opaque_object.py:314] is_opaque_value is deprecated, use is_custom_class_obj instead
[rank1]:W1003 04:58:21.167000 2044334 venv/lib/python3.12/site-packages/torch/_library/opaque_object.py:314] is_opaque_value is deprecated, use is_custom_class_obj instead
[rank1]:W1003 04:58:21.167000 2044334 venv/lib/python3.12/site-packages/torch/_library/opaque_object.py:314] is_opaque_value is deprecated, use is_custom_class_obj instead
[rank0]:W1003 04:58:21.167000 2044333 venv/lib/python3.12/site-packages/torch/_library/opaque_object.py:314] is_opaque_value is deprecated, use is_custom_class_obj instead
[rank1]:W1003 04:58:21.167000 2044334 venv/lib/python3.12/site-packages/torch/_library/opaque_object.py:314] is_opaque_value is deprecated, use is_custom_class_obj instead
[rank1]:W1003 04:58:21.167000 2044334 venv/lib/python3.12/site-packages/torch/_library/opaque_object.py:314] is_opaque_value is deprecated, use is_custom_class_obj instead
[rank0]:W1003 04:58:21.167000 2044333 venv/lib/python3.12/site-packages/torch/_library/opaque_object.py:314] is_opaque_value is deprecated, use is_custom_class_obj instead
[rank1]:W1003 04:58:21.167000 2044334 venv/lib/python3.12/site-packages/torch/_library/opaque_object.py:314] is_opaque_value is deprecated, use is_custom_class_obj instead
[rank0]:W1003 04:58:21.167000 2044333 venv/lib/python3.12/site-packages/torch/_library/opaque_object.py:314] is_opaque_value is deprecated, use is_custom_class_obj instead
[rank1]:W1003 04:58:21.167000 2044334 venv/lib/python3.12/site-packages/torch/_library/opaque_object.py:314] is_opaque_value is deprecated, use is_custom_class_obj instead
[rank1]:W1003 04:58:21.167000 2044334 venv/lib/python3.12/site-packages/torch/_library/opaque_object.py:314] is_opaque_value is deprecated, use is_custom_class_obj instead
[rank0]:W1003 04:58:21.167000 2044333 venv/lib/python3.12/site-packages/torch/_library/opaque_object.py:314] is_opaque_value is deprecated, use is_custom_class_obj instead
[rank1]:W1003 04:58:21.167000 2044334 venv/lib/python3.12/site-packages/torch/_library/opaque_object.py:314] is_opaque_value is deprecated, use is_custom_class_obj instead
[rank0]:W1003 04:58:21.167000 2044333 venv/lib/python3.12/site-packages/torch/_library/opaque_object.py:314] is_opaque_value is deprecated, use is_custom_class_obj instead
[rank1]:W1003 04:58:21.167000 2044334 venv/lib/python3.12/site-packages/torch/_library/opaque_object.py:314] is_opaque_value is deprecated, use is_custom_class_obj instead
[rank0]:W1003 04:58:21.167000 2044333 venv/lib/python3.12/site-packages/torch/_library/opaque_object.py:314] is_opaque_value is deprecated, use is_custom_class_obj instead
[rank1]:W1003 04:58:21.167000 2044334 venv/lib/python3.12/site-packages/torch/_library/opaque_object.py:314] is_opaque_value is deprecated, use is_custom_class_obj instead
[rank0]:W1003 04:58:21.167000 2044333 venv/lib/python3.12/site-packages/torch/_library/opaque_object.py:314] is_opaque_value is deprecated, use is_custom_class_obj instead
[rank1]:W1003 04:58:21.167000 2044334 venv/lib/python3.12/site-packages/torch/_library/opaque_object.py:314] is_opaque_value is deprecated, use is_custom_class_obj instead
[rank0]:W1003 04:58:21.167000 2044333 venv/lib/python3.12/site-packages/torch/_library/opaque_object.py:314] is_opaque_value is deprecated, use is_custom_class_obj instead
[rank1]:W1003 04:58:21.167000 2044334 venv/lib/python3.12/site-packages/torch/_library/opaque_object.py:314] is_opaque_value is deprecated, use is_custom_class_obj instead
[rank0]:W1003 04:58:21.167000 2044333 venv/lib/python3.12/site-packages/torch/_library/opaque_object.py:314] is_opaque_value is deprecated, use is_custom_class_obj instead
[rank1]:W1003 04:58:21.167000 2044334 venv/lib/python3.12/site-packages/torch/_library/opaque_object.py:314] is_opaque_value is deprecated, use is_custom_class_obj instead
[rank1]:W1003 04:58:21.167000 2044334 venv/lib/python3.12/site-packages/torch/_library/opaque_object.py:314] is_opaque_value is deprecated, use is_custom_class_obj instead
[rank0]:W1003 04:58:21.167000 2044333 venv/lib/python3.12/site-packages/torch/_library/opaque_object.py:314] is_opaque_value is deprecated, use is_custom_class_obj instead
[rank0]:W1003 04:58:21.167000 2044333 venv/lib/python3.12/site-packages/torch/_library/opaque_object.py:314] is_opaque_value is deprecated, use is_custom_class_obj instead
[rank0]:W1003 04:58:21.167000 2044333 venv/lib/python3.12/site-packages/torch/_library/opaque_object.py:314] is_opaque_value is deprecated, use is_custom_class_obj instead
[rank0]:W1003 04:58:21.167000 2044333 venv/lib/python3.12/site-packages/torch/_library/opaque_object.py:314] is_opaque_value is deprecated, use is_custom_class_obj instead
[rank0]:W1003 04:58:21.167000 2044333 venv/lib/python3.12/site-packages/torch/_library/opaque_object.py:314] is_opaque_value is deprecated, use is_custom_class_obj instead
[rank0]:W1003 04:58:21.167000 2044333 venv/lib/python3.12/site-packages/torch/_library/opaque_object.py:314] is_opaque_value is deprecated, use is_custom_class_obj instead
[rank0]:W1003 04:58:21.167000 2044333 venv/lib/python3.12/site-packages/torch/_library/opaque_object.py:314] is_opaque_value is deprecated, use is_custom_class_obj instead
[rank0]:W1003 04:58:21.167000 2044333 venv/lib/python3.12/site-packages/torch/_library/opaque_object.py:314] is_opaque_value is deprecated, use is_custom_class_obj instead
[rank0]:W1003 04:58:21.167000 2044333 venv/lib/python3.12/site-packages/torch/_library/opaque_object.py:314] is_opaque_value is deprecated, use is_custom_class_obj instead
[rank0]:W1003 04:58:21.167000 2044333 venv/lib/python3.12/site-packages/torch/_library/opaque_object.py:314] is_opaque_value is deprecated, use is_custom_class_obj instead
[rank0]:W1003 04:58:21.167000 2044333 venv/lib/python3.12/site-packages/torch/_library/opaque_object.py:314] is_opaque_value is deprecated, use is_custom_class_obj instead
[rank0]:W1003 04:58:21.167000 2044333 venv/lib/python3.12/site-packages/torch/_library/opaque_object.py:314] is_opaque_value is deprecated, use is_custom_class_obj instead
[rank0]:W1003 04:58:21.167000 2044333 venv/lib/python3.12/site-packages/torch/_library/opaque_object.py:314] is_opaque_value is deprecated, use is_custom_class_obj instead
[rank0]:W1003 04:58:21.167000 2044333 venv/lib/python3.12/site-packages/torch/_library/opaque_object.py:314] is_opaque_value is deprecated, use is_custom_class_obj instead
[rank0]:W1003 04:58:21.167000 2044333 venv/lib/python3.12/site-packages/torch/_library/opaque_object.py:314] is_opaque_value is deprecated, use is_custom_class_obj instead
[rank0]:W1003 04:58:21.167000 2044333 venv/lib/python3.12/site-packages/torch/_library/opaque_object.py:314] is_opaque_value is deprecated, use is_custom_class_obj instead
[rank0]:W1003 04:58:21.167000 2044333 venv/lib/python3.12/site-packages/torch/_library/opaque_object.py:314] is_opaque_value is deprecated, use is_custom_class_obj instead
[rank0]:W1003 04:58:21.167000 2044333 venv/lib/python3.12/site-packages/torch/_library/opaque_object.py:314] is_opaque_value is deprecated, use is_custom_class_obj instead
[rank0]:W1003 04:58:21.167000 2044333 venv/lib/python3.12/site-packages/torch/_library/opaque_object.py:314] is_opaque_value is deprecated, use is_custom_class_obj instead
[rank0]:W1003 04:58:21.167000 2044333 venv/lib/python3.12/site-packages/torch/_library/opaque_object.py:314] is_opaque_value is deprecated, use is_custom_class_obj instead
[rank0]:W1003 04:58:21.167000 2044333 venv/lib/python3.12/site-packages/torch/_library/opaque_object.py:314] is_opaque_value is deprecated, use is_custom_class_obj instead
[rank0]:W1003 04:58:21.167000 2044333 venv/lib/python3.12/site-packages/torch/_library/opaque_object.py:314] is_opaque_value is deprecated, use is_custom_class_obj instead
[rank0]:W1003 04:58:21.167000 2044333 venv/lib/python3.12/site-packages/torch/_library/opaque_object.py:314] is_opaque_value is deprecated, use is_custom_class_obj instead
[rank0]:W1003 04:58:21.167000 2044333 venv/lib/python3.12/site-packages/torch/_library/opaque_object.py:314] is_opaque_value is deprecated, use is_custom_class_obj instead
[rank0]:W1003 04:58:21.167000 2044333 venv/lib/python3.12/site-packages/torch/_library/opaque_object.py:314] is_opaque_value is deprecated, use is_custom_class_obj instead
[rank0]:W1003 04:58:21.167000 2044333 venv/lib/python3.12/site-packages/torch/_library/opaque_object.py:314] is_opaque_value is deprecated, use is_custom_class_obj instead
[rank0]:W1003 04:58:21.167000 2044333 venv/lib/python3.12/site-packages/torch/_library/opaque_object.py:314] is_opaque_value is deprecated, use is_custom_class_obj instead
[rank0]:W1003 04:58:21.167000 2044333 venv/lib/python3.12/site-packages/torch/_library/opaque_object.py:314] is_opaque_value is deprecated, use is_custom_class_obj instead
[rank0]:W1003 04:58:21.167000 2044333 venv/lib/python3.12/site-packages/torch/_library/opaque_object.py:314] is_opaque_value is deprecated, use is_custom_class_obj instead
[rank0]:W1003 04:58:21.167000 2044333 venv/lib/python3.12/site-packages/torch/_library/opaque_object.py:314] is_opaque_value is deprecated, use is_custom_class_obj instead
[rank0]:W1003 04:58:21.167000 2044333 venv/lib/python3.12/site-packages/torch/_library/opaque_object.py:314] is_opaque_value is deprecated, use is_custom_class_obj instead
[rank0]:W1003 04:58:21.167000 2044333 venv/lib/python3.12/site-packages/torch/_library/opaque_object.py:314] is_opaque_value is deprecated, use is_custom_class_obj instead
[rank0]:W1003 04:58:21.167000 2044333 venv/lib/python3.12/site-packages/torch/_library/opaque_object.py:314] is_opaque_value is deprecated, use is_custom_class_obj instead
[rank0]:W1003 04:58:21.167000 2044333 venv/lib/python3.12/site-packages/torch/_library/opaque_object.py:314] is_opaque_value is deprecated, use is_custom_class_obj instead
[rank0]:W1003 04:58:21.167000 2044333 venv/lib/python3.12/site-packages/torch/_library/opaque_object.py:314] is_opaque_value is deprecated, use is_custom_class_obj instead
[rank0]:W1003 04:58:21.168000 2044333 venv/lib/python3.12/site-packages/torch/_library/opaque_object.py:314] is_opaque_value is deprecated, use is_custom_class_obj instead
[rank0]:W1003 04:58:21.168000 2044333 venv/lib/python3.12/site-packages/torch/_library/opaque_object.py:314] is_opaque_value is deprecated, use is_custom_class_obj instead
[rank0]:W1003 04:58:21.168000 2044333 venv/lib/python3.12/site-packages/torch/_library/opaque_object.py:314] is_opaque_value is deprecated, use is_custom_class_obj instead
[rank0]:W1003 04:58:21.168000 2044333 venv/lib/python3.12/site-packages/torch/_library/opaque_object.py:314] is_opaque_value is deprecated, use is_custom_class_obj instead
[rank0]:W1003 04:58:21.168000 2044333 venv/lib/python3.12/site-packages/torch/_library/opaque_object.py:314] is_opaque_value is deprecated, use is_custom_class_obj instead
[rank0]:W1003 04:58:21.168000 2044333 venv/lib/python3.12/site-packages/torch/_library/opaque_object.py:314] is_opaque_value is deprecated, use is_custom_class_obj instead
[rank0]:W1003 04:58:21.168000 2044333 venv/lib/python3.12/site-packages/torch/_library/opaque_object.py:314] is_opaque_value is deprecated, use is_custom_class_obj instead
[rank0]:W1003 04:58:21.168000 2044333 venv/lib/python3.12/site-packages/torch/_library/opaque_object.py:314] is_opaque_value is deprecated, use is_custom_class_obj instead
[rank0]:W1003 04:58:21.168000 2044333 venv/lib/python3.12/site-packages/torch/_library/opaque_object.py:314] is_opaque_value is deprecated, use is_custom_class_obj instead
[rank0]:W1003 04:58:21.168000 2044333 venv/lib/python3.12/site-packages/torch/_library/opaque_object.py:314] is_opaque_value is deprecated, use is_custom_class_obj instead
[rank0]:W1003 04:58:21.168000 2044333 venv/lib/python3.12/site-packages/torch/_library/opaque_object.py:314] is_opaque_value is deprecated, use is_custom_class_obj instead
[rank0]:W1003 04:58:21.168000 2044333 venv/lib/python3.12/site-packages/torch/_library/opaque_object.py:314] is_opaque_value is deprecated, use is_custom_class_obj instead
[rank0]:W1003 04:58:21.168000 2044333 venv/lib/python3.12/site-packages/torch/_library/opaque_object.py:314] is_opaque_value is deprecated, use is_custom_class_obj instead
[rank0]:W1003 04:58:21.168000 2044333 venv/lib/python3.12/site-packages/torch/_library/opaque_object.py:314] is_opaque_value is deprecated, use is_custom_class_obj instead
[rank0]:W1003 04:58:21.168000 2044333 venv/lib/python3.12/site-packages/torch/_library/opaque_object.py:314] is_opaque_value is deprecated, use is_custom_class_obj instead
[rank0]:W1003 04:58:21.168000 2044333 venv/lib/python3.12/site-packages/torch/_library/opaque_object.py:314] is_opaque_value is deprecated, use is_custom_class_obj instead
[rank0]:W1003 04:58:21.168000 2044333 venv/lib/python3.12/site-packages/torch/_library/opaque_object.py:314] is_opaque_value is deprecated, use is_custom_class_obj instead
[rank0]:W1003 04:58:21.168000 2044333 venv/lib/python3.12/site-packages/torch/_library/opaque_object.py:314] is_opaque_value is deprecated, use is_custom_class_obj instead
[rank0]:W1003 04:58:21.168000 2044333 venv/lib/python3.12/site-packages/torch/_library/opaque_object.py:314] is_opaque_value is deprecated, use is_custom_class_obj instead
[rank0]:W1003 04:58:21.168000 2044333 venv/lib/python3.12/site-packages/torch/_library/opaque_object.py:314] is_opaque_value is deprecated, use is_custom_class_obj instead
[rank0]:W1003 04:58:21.168000 2044333 venv/lib/python3.12/site-packages/torch/_library/opaque_object.py:314] is_opaque_value is deprecated, use is_custom_class_obj instead
[rank0]:W1003 04:58:21.168000 2044333 venv/lib/python3.12/site-packages/torch/_library/opaque_object.py:314] is_opaque_value is deprecated, use is_custom_class_obj instead
[rank0]:W1003 04:58:21.168000 2044333 venv/lib/python3.12/site-packages/torch/_library/opaque_object.py:314] is_opaque_value is deprecated, use is_custom_class_obj instead
[rank0]:W1003 04:58:21.168000 2044333 venv/lib/python3.12/site-packages/torch/_library/opaque_object.py:314] is_opaque_value is deprecated, use is_custom_class_obj instead
[rank0]:W1003 04:58:21.168000 2044333 venv/lib/python3.12/site-packages/torch/_library/opaque_object.py:314] is_opaque_value is deprecated, use is_custom_class_obj instead
[rank0]:W1003 04:58:21.168000 2044333 venv/lib/python3.12/site-packages/torch/_library/opaque_object.py:314] is_opaque_value is deprecated, use is_custom_class_obj instead
[rank0]:W1003 04:58:21.168000 2044333 venv/lib/python3.12/site-packages/torch/_library/opaque_object.py:314] is_opaque_value is deprecated, use is_custom_class_obj instead
[rank0]:W1003 04:58:21.168000 2044333 venv/lib/python3.12/site-packages/torch/_library/opaque_object.py:314] is_opaque_value is deprecated, use is_custom_class_obj instead
[rank0]:W1003 04:58:21.168000 2044333 venv/lib/python3.12/site-packages/torch/_library/opaque_object.py:314] is_opaque_value is deprecated, use is_custom_class_obj instead
[rank0]:W1003 04:58:21.168000 2044333 venv/lib/python3.12/site-packages/torch/_library/opaque_object.py:314] is_opaque_value is deprecated, use is_custom_class_obj instead
[rank0]:W1003 04:58:21.168000 2044333 venv/lib/python3.12/site-packages/torch/_library/opaque_object.py:314] is_opaque_value is deprecated, use is_custom_class_obj instead
[rank0]:W1003 04:58:21.168000 2044333 venv/lib/python3.12/site-packages/torch/_library/opaque_object.py:314] is_opaque_value is deprecated, use is_custom_class_obj instead
[rank0]:W1003 04:58:21.168000 2044333 venv/lib/python3.12/site-packages/torch/_library/opaque_object.py:314] is_opaque_value is deprecated, use is_custom_class_obj instead
[rank0]:W1003 04:58:21.168000 2044333 venv/lib/python3.12/site-packages/torch/_library/opaque_object.py:314] is_opaque_value is deprecated, use is_custom_class_obj instead
[rank0]:W1003 04:58:21.168000 2044333 venv/lib/python3.12/site-packages/torch/_library/opaque_object.py:314] is_opaque_value is deprecated, use is_custom_class_obj instead
[titan] 2026-10-03 04:58:21,629 - root - INFO - [31mstep:  1  [32mloss: 12.44107  [38;2;180;60;0mgrad_norm:  4.8354  [38;2;54;234;195mmemory: 18.67GiB(13.35%)  [34mtps: 121  [36mtflops: 1.91  [35mmfu: 0.19%[39m
[titan] 2026-10-03 04:58:21,629 - root - INFO - [31mstep:  1  [32mloss: 12.44107  [38;2;180;60;0mgrad_norm:  4.8354  [38;2;54;234;195mmemory: 18.67GiB(13.35%)  [34mtps: 122  [36mtflops: 1.92  [35mmfu: 0.19%[39m
[titan] 2026-10-03 04:58:21,630 - root - INFO - Synchronizing and adjusting timeout for all ProcessGroups to 0:01:40
[titan] 2026-10-03 04:58:21,630 - root - INFO - Synchronizing and adjusting timeout for all ProcessGroups to 0:01:40
/scratch/specforge-torchtitan-20261003/venv/lib/python3.12/site-packages/torch/distributed/c10d_logger.py:83: UserWarning: barrier(): using the device under current context. You can specify `device_id` in `init_process_group` to mute this warning.
  return func(*args, **kwargs)
[titan] 2026-10-03 04:58:27,860 - root - INFO - Training completed
[titan] 2026-10-03 04:58:27,860 - root - INFO - Sleeping 2 seconds for other ranks to complete
[titan] 2026-10-03 04:58:29,861 - root - INFO - Training completed
{
  "output": "/scratch/specforge-torchtitan-20261003/graph-loss-fix/graph-full-preserve.json",
  "optimizer_step_seconds_mean": 0.21459221420809627,
  "optimizer_step_seconds_median": 0.21451146434992552,
  "optimizer_step_seconds_p95": 0.21671707183122635,
  "input_context_tokens_per_second": 76349.46151453548
}
