W1003 06:34:25.372000 2077072 torch/utils/_pytree.py:630] <enum 'KernelPreference'> is an Enum subclass and is now natively supported by torch.compile as an opaque value type. Calling register_constant() on Enum subclasses is deprecated and will be an error in a future release.
W1003 06:34:25.400000 2077072 torch/utils/_pytree.py:630] <enum 'ScaleCalculationMode'> is an Enum subclass and is now natively supported by torch.compile as an opaque value type. Calling register_constant() on Enum subclasses is deprecated and will be an error in a future release.
W1003 06:34:25.517000 2077073 torch/utils/_pytree.py:630] <enum 'KernelPreference'> is an Enum subclass and is now natively supported by torch.compile as an opaque value type. Calling register_constant() on Enum subclasses is deprecated and will be an error in a future release.
W1003 06:34:25.545000 2077073 torch/utils/_pytree.py:630] <enum 'ScaleCalculationMode'> is an Enum subclass and is now natively supported by torch.compile as an opaque value type. Calling register_constant() on Enum subclasses is deprecated and will be an error in a future release.
/scratch/specforge-torchtitan-20261003/graph-loss-source-candidate4/specforge/modeling/draft/llama3_eagle.py:33: UserWarning: flash_attn is not found, falling back to flex_attention. Please install flash_attn if you want to use the flash attention backend.
  warnings.warn(
/scratch/specforge-torchtitan-20261003/graph-loss-source-candidate4/specforge/modeling/draft/llama3_eagle.py:33: UserWarning: flash_attn is not found, falling back to flex_attention. Please install flash_attn if you want to use the flash attention backend.
  warnings.warn(
Loading ['model.embed_tokens.weight', 'lm_head.weight'] from model.safetensors...
 -> Loaded Embeddings
 -> Loaded LM Head
Loading ['model.embed_tokens.weight', 'lm_head.weight'] from model.safetensors...
 -> Loaded Embeddings
 -> Loaded LM Head
[titan] 2026-10-03 06:34:27,920 - root - WARNING - ENV[TORCH_NCCL_ASYNC_ERROR_HANDLING] = 1 will be overridden to 3 based on job config
[titan] 2026-10-03 06:34:27,927 - root - INFO - [GC] Initial GC collection took 0.00 seconds
[titan] 2026-10-03 06:34:27,927 - root - INFO - Building device mesh with parallelism: pp=1, dp_replicate=1, dp_shard=1, cp=2, tp=1, ep=1
[titan] 2026-10-03 06:34:27,931 - root - INFO - Successfully created meshes with active dimensions: ['loss', 'cp', 'fsdp']
[titan] 2026-10-03 06:34:27,932 - root - INFO - Building specforge dflash2
[titan] 2026-10-03 06:34:27,940 - root - INFO - CUDA capacity: NVIDIA H200 with 139.80GiB memory
[titan] 2026-10-03 06:34:27,940 - root - WARNING - Error running lspci: [Errno 2] No such file or directory: 'lspci', fallback to use device_name
[titan] 2026-10-03 06:34:27,941 - root - INFO - [34mModel specforge dflash2 [31msize: 30,048 total parameters[39m
[titan] 2026-10-03 06:34:27,951 - root - INFO - Compiling each TransformerBlock with torch.compile
[titan] 2026-10-03 06:34:27,958 - root - WARNING - ENV[TORCH_NCCL_ASYNC_ERROR_HANDLING] = 1 will be overridden to 3 based on job config
[titan] 2026-10-03 06:34:27,979 - root - INFO - [GC] Initial GC collection took 0.00 seconds
[titan] 2026-10-03 06:34:27,979 - root - INFO - Building device mesh with parallelism: pp=1, dp_replicate=1, dp_shard=1, cp=2, tp=1, ep=1
[titan] 2026-10-03 06:34:27,983 - root - INFO - Applied FSDP to the model
[titan] 2026-10-03 06:34:27,985 - root - INFO - Successfully created meshes with active dimensions: ['loss', 'cp', 'fsdp']
[titan] 2026-10-03 06:34:27,987 - root - INFO - Building specforge dflash2
[titan] 2026-10-03 06:34:27,999 - root - INFO - CUDA capacity: NVIDIA H200 with 139.80GiB memory
[titan] 2026-10-03 06:34:27,999 - root - WARNING - Error running lspci: [Errno 2] No such file or directory: 'lspci', fallback to use device_name
[titan] 2026-10-03 06:34:28,000 - root - INFO - [34mModel specforge dflash2 [31msize: 30,048 total parameters[39m
[titan] 2026-10-03 06:34:28,013 - root - INFO - Compiling each TransformerBlock with torch.compile
[titan] 2026-10-03 06:34:28,042 - root - INFO - Applied FSDP to the model
[titan] 2026-10-03 06:34:29,267 - root - WARNING - Error running lspci: [Errno 2] No such file or directory: 'lspci', fallback to use device_name
[titan] 2026-10-03 06:34:29,267 - root - INFO - Peak FLOPS used for computing MFU: 9.890e+14
[titan] 2026-10-03 06:34:29,267 - root - INFO - CUDA memory usage for model: 0.00GiB(0.00%)
[titan] 2026-10-03 06:34:29,268 - root - INFO - Optimizer AdamW (model_part=0): 36 params [.*] {'fused': True, 'foreach': False, 'lr': 0.002, 'betas': (0.9, 0.999), 'eps': 1e-08, 'weight_decay': 0.0}
[titan] 2026-10-03 06:34:29,268 - root - WARNING - Error running lspci: [Errno 2] No such file or directory: 'lspci', fallback to use device_name
[titan] 2026-10-03 06:34:29,268 - root - INFO - Peak FLOPS used for computing MFU: 9.890e+14
[titan] 2026-10-03 06:34:29,268 - root - INFO - CUDA memory usage for model: 0.00GiB(0.00%)
[titan] 2026-10-03 06:34:29,269 - root - INFO - Checkpointing active. Checkpoints will be loaded from and saved to /scratch/specforge-torchtitan-20261003/native-cuda-loss-fix-cp2/cp2-cut/checkpoint
[titan] 2026-10-03 06:34:29,269 - root - INFO - Trainer is initialized with local batch size 2, global batch size 4, gradient accumulation steps 2, sequence length 32, total steps 1 (warmup 0)
[titan] 2026-10-03 06:34:29,269 - root - INFO - Optimizer AdamW (model_part=0): 36 params [.*] {'fused': True, 'foreach': False, 'lr': 0.002, 'betas': (0.9, 0.999), 'eps': 1e-08, 'weight_decay': 0.0}
[titan] 2026-10-03 06:34:29,269 - root - INFO - No checkpoint was provided, this is a fresh start.
[titan] 2026-10-03 06:34:29,269 - root - INFO - Training starts at step 1
[titan] 2026-10-03 06:34:29,270 - root - INFO - Checkpointing active. Checkpoints will be loaded from and saved to /scratch/specforge-torchtitan-20261003/native-cuda-loss-fix-cp2/cp2-cut/checkpoint
[titan] 2026-10-03 06:34:29,270 - root - INFO - Trainer is initialized with local batch size 2, global batch size 4, gradient accumulation steps 2, sequence length 32, total steps 1 (warmup 0)
[titan] 2026-10-03 06:34:29,271 - root - INFO - No checkpoint was provided, this is a fresh start.
[titan] 2026-10-03 06:34:29,271 - root - INFO - Training starts at step 1
/scratch/specforge-torchtitan-20261003/venv/lib/python3.12/site-packages/torch/_dynamo/variables/functions.py:2762: UserWarning: Dynamo detected a call to a `functools.lru_cache`-wrapped function at 'dflash2.py:177'. Dynamo ignores the cache wrapper and directly traces the wrapped function. Silent incorrectness is only a *potential* risk, not something we have observed. Enable TORCH_LOGS=+dynamo for a DEBUG stack trace.

This call originates from:
  File "/scratch/specforge-torchtitan-20261003/graph-loss-source-candidate4/specforge/modeling/draft/dflash2.py", line 177, in _fused_convolution
    fused = _load_fused_grouped_conv()
            ^^^^^^^^^^^^^^^^^^^^^^^^^^

  torch._dynamo.utils.warn_once(msg)
/scratch/specforge-torchtitan-20261003/venv/lib/python3.12/site-packages/torch/_dynamo/variables/functions.py:2762: UserWarning: Dynamo detected a call to a `functools.lru_cache`-wrapped function at 'dflash2.py:177'. Dynamo ignores the cache wrapper and directly traces the wrapped function. Silent incorrectness is only a *potential* risk, not something we have observed. Enable TORCH_LOGS=+dynamo for a DEBUG stack trace.

This call originates from:
  File "/scratch/specforge-torchtitan-20261003/graph-loss-source-candidate4/specforge/modeling/draft/dflash2.py", line 177, in _fused_convolution
    fused = _load_fused_grouped_conv()
            ^^^^^^^^^^^^^^^^^^^^^^^^^^

  torch._dynamo.utils.warn_once(msg)
[titan] 2026-10-03 06:34:36,634 - root - INFO - Recorded CUDA graph
[titan] 2026-10-03 06:34:36,636 - root - INFO - Recorded CUDA graph
[titan] 2026-10-03 06:34:36,789 - root - INFO - [31mstep:  1  [32mloss:  9.98406  [38;2;180;60;0mgrad_norm:  4.2995  [38;2;54;234;195mmemory:  0.04GiB(0.03%)  [34mtps: 4  [36mtflops: 0.00  [35mmfu: 0.00%[39m
[titan] 2026-10-03 06:34:36,789 - root - INFO - [31mstep:  1  [32mloss:  9.98406  [38;2;180;60;0mgrad_norm:  4.2995  [38;2;54;234;195mmemory:  0.04GiB(0.03%)  [34mtps: 4  [36mtflops: 0.00  [35mmfu: 0.00%[39m
[titan] 2026-10-03 06:34:36,789 - root - INFO - Saving the checkpoint.
[titan] 2026-10-03 06:34:36,789 - root - INFO - Saving a full checkpoint at last step, step 1.
[titan] 2026-10-03 06:34:36,789 - root - INFO - Saving the checkpoint.
[titan] 2026-10-03 06:34:36,789 - root - INFO - Saving a full checkpoint at last step, step 1.
[titan] 2026-10-03 06:34:36,995 - root - INFO - [GC] GC collection invoked by checkpointer. took 0.01 seconds
[titan] 2026-10-03 06:34:36,995 - root - INFO - Last step checkpoint completed in 0.21s
[titan] 2026-10-03 06:34:36,996 - root - INFO - Synchronizing and adjusting timeout for all ProcessGroups to 0:02:00
[titan] 2026-10-03 06:34:37,004 - root - INFO - [GC] GC collection invoked by checkpointer. took 0.02 seconds
[titan] 2026-10-03 06:34:37,005 - root - INFO - Last step checkpoint completed in 0.22s
[titan] 2026-10-03 06:34:37,005 - root - INFO - Synchronizing and adjusting timeout for all ProcessGroups to 0:02:00
[titan] 2026-10-03 06:34:37,005 - root - INFO - Training completed
[titan] 2026-10-03 06:34:37,005 - root - INFO - Sleeping 2 seconds for other ranks to complete
[titan] 2026-10-03 06:34:39,005 - root - INFO - Training completed
