W1003 06:33:53.660000 2075500 torch/utils/_pytree.py:630] <enum 'KernelPreference'> is an Enum subclass and is now natively supported by torch.compile as an opaque value type. Calling register_constant() on Enum subclasses is deprecated and will be an error in a future release.
W1003 06:33:53.687000 2075501 torch/utils/_pytree.py:630] <enum 'KernelPreference'> is an Enum subclass and is now natively supported by torch.compile as an opaque value type. Calling register_constant() on Enum subclasses is deprecated and will be an error in a future release.
W1003 06:33:53.688000 2075500 torch/utils/_pytree.py:630] <enum 'ScaleCalculationMode'> is an Enum subclass and is now natively supported by torch.compile as an opaque value type. Calling register_constant() on Enum subclasses is deprecated and will be an error in a future release.
W1003 06:33:53.716000 2075501 torch/utils/_pytree.py:630] <enum 'ScaleCalculationMode'> is an Enum subclass and is now natively supported by torch.compile as an opaque value type. Calling register_constant() on Enum subclasses is deprecated and will be an error in a future release.
/scratch/specforge-torchtitan-20261003/graph-loss-source-candidate4/specforge/modeling/draft/llama3_eagle.py:33: UserWarning: flash_attn is not found, falling back to flex_attention. Please install flash_attn if you want to use the flash attention backend.
  warnings.warn(
/scratch/specforge-torchtitan-20261003/graph-loss-source-candidate4/specforge/modeling/draft/llama3_eagle.py:33: UserWarning: flash_attn is not found, falling back to flex_attention. Please install flash_attn if you want to use the flash attention backend.
  warnings.warn(
Loading ['model.embed_tokens.weight', 'lm_head.weight'] from model.safetensors...
 -> Loaded Embeddings
 -> Loaded LM Head
Loading ['model.embed_tokens.weight', 'lm_head.weight'] from model.safetensors...
 -> Loaded Embeddings
 -> Loaded LM Head
[titan] 2026-10-03 06:33:56,353 - root - WARNING - ENV[TORCH_NCCL_ASYNC_ERROR_HANDLING] = 1 will be overridden to 3 based on job config
[titan] 2026-10-03 06:33:56,354 - root - WARNING - ENV[TORCH_NCCL_ASYNC_ERROR_HANDLING] = 1 will be overridden to 3 based on job config
[titan] 2026-10-03 06:33:56,360 - root - INFO - Building device mesh with parallelism: pp=1, dp_replicate=1, dp_shard=2, cp=1, tp=1, ep=1
[titan] 2026-10-03 06:33:56,360 - root - INFO - Building device mesh with parallelism: pp=1, dp_replicate=1, dp_shard=2, cp=1, tp=1, ep=1
[titan] 2026-10-03 06:33:56,365 - root - INFO - Successfully created meshes with active dimensions: ['batch', 'loss', 'fsdp']
[titan] 2026-10-03 06:33:56,365 - root - INFO - Successfully created meshes with active dimensions: ['batch', 'loss', 'fsdp']
[titan] 2026-10-03 06:33:56,365 - root - INFO - [GC] Initial GC collection took 0.00 seconds
[titan] 2026-10-03 06:33:56,365 - root - INFO - [GC] Initial GC collection took 0.00 seconds
[titan] 2026-10-03 06:33:56,366 - root - INFO - Building specforge dflash2
[titan] 2026-10-03 06:33:56,366 - root - INFO - Building specforge dflash2
[titan] 2026-10-03 06:33:56,374 - root - INFO - CUDA capacity: NVIDIA H200 with 139.80GiB memory
[titan] 2026-10-03 06:33:56,374 - root - INFO - CUDA capacity: NVIDIA H200 with 139.80GiB memory
[titan] 2026-10-03 06:33:56,374 - root - WARNING - Error running lspci: [Errno 2] No such file or directory: 'lspci', fallback to use device_name
[titan] 2026-10-03 06:33:56,374 - root - WARNING - Error running lspci: [Errno 2] No such file or directory: 'lspci', fallback to use device_name
[titan] 2026-10-03 06:33:56,375 - root - INFO - [34mModel specforge dflash2 [31msize: 30,048 total parameters[39m
[titan] 2026-10-03 06:33:56,375 - root - INFO - [34mModel specforge dflash2 [31msize: 30,048 total parameters[39m
[titan] 2026-10-03 06:33:56,385 - root - INFO - Compiling each TransformerBlock with torch.compile
[titan] 2026-10-03 06:33:56,385 - root - INFO - Compiling each TransformerBlock with torch.compile
[titan] 2026-10-03 06:33:56,410 - root - INFO - Applied FSDP to the model
[titan] 2026-10-03 06:33:56,410 - root - INFO - Applied FSDP to the model
[titan] 2026-10-03 06:33:57,884 - root - WARNING - Error running lspci: [Errno 2] No such file or directory: 'lspci', fallback to use device_name
[titan] 2026-10-03 06:33:57,884 - root - INFO - Peak FLOPS used for computing MFU: 9.890e+14
[titan] 2026-10-03 06:33:57,884 - root - WARNING - Error running lspci: [Errno 2] No such file or directory: 'lspci', fallback to use device_name
[titan] 2026-10-03 06:33:57,884 - root - INFO - Peak FLOPS used for computing MFU: 9.890e+14
[titan] 2026-10-03 06:33:57,884 - root - INFO - CUDA memory usage for model: 0.00GiB(0.00%)
[titan] 2026-10-03 06:33:57,884 - root - INFO - CUDA memory usage for model: 0.00GiB(0.00%)
[titan] 2026-10-03 06:33:57,885 - root - INFO - Optimizer AdamW (model_part=0): 36 params [.*] {'fused': True, 'foreach': False, 'lr': 0.002, 'betas': (0.9, 0.999), 'eps': 1e-08, 'weight_decay': 0.0}
[titan] 2026-10-03 06:33:57,885 - root - INFO - Optimizer AdamW (model_part=0): 36 params [.*] {'fused': True, 'foreach': False, 'lr': 0.002, 'betas': (0.9, 0.999), 'eps': 1e-08, 'weight_decay': 0.0}
[titan] 2026-10-03 06:33:57,886 - root - INFO - Checkpointing active. Checkpoints will be loaded from and saved to /scratch/specforge-torchtitan-20261003/native-cuda-loss-fix-dp2/dp2-full/checkpoint
[titan] 2026-10-03 06:33:57,886 - root - INFO - Trainer is initialized with local batch size 2, global batch size 8, gradient accumulation steps 2, sequence length 32, total steps 3 (warmup 0)
[titan] 2026-10-03 06:33:57,886 - root - INFO - No checkpoint was provided, this is a fresh start.
[titan] 2026-10-03 06:33:57,886 - root - INFO - Checkpointing active. Checkpoints will be loaded from and saved to /scratch/specforge-torchtitan-20261003/native-cuda-loss-fix-dp2/dp2-full/checkpoint
[titan] 2026-10-03 06:33:57,886 - root - INFO - Training starts at step 1
[titan] 2026-10-03 06:33:57,886 - root - INFO - Trainer is initialized with local batch size 2, global batch size 8, gradient accumulation steps 2, sequence length 32, total steps 3 (warmup 0)
[titan] 2026-10-03 06:33:57,886 - root - INFO - No checkpoint was provided, this is a fresh start.
[titan] 2026-10-03 06:33:57,886 - root - INFO - Training starts at step 1
/scratch/specforge-torchtitan-20261003/venv/lib/python3.12/site-packages/torch/_dynamo/variables/functions.py:2762: UserWarning: Dynamo detected a call to a `functools.lru_cache`-wrapped function at 'dflash2.py:177'. Dynamo ignores the cache wrapper and directly traces the wrapped function. Silent incorrectness is only a *potential* risk, not something we have observed. Enable TORCH_LOGS=+dynamo for a DEBUG stack trace.

This call originates from:
  File "/scratch/specforge-torchtitan-20261003/graph-loss-source-candidate4/specforge/modeling/draft/dflash2.py", line 177, in _fused_convolution
    fused = _load_fused_grouped_conv()
            ^^^^^^^^^^^^^^^^^^^^^^^^^^

  torch._dynamo.utils.warn_once(msg)
/scratch/specforge-torchtitan-20261003/venv/lib/python3.12/site-packages/torch/_dynamo/variables/functions.py:2762: UserWarning: Dynamo detected a call to a `functools.lru_cache`-wrapped function at 'dflash2.py:177'. Dynamo ignores the cache wrapper and directly traces the wrapped function. Silent incorrectness is only a *potential* risk, not something we have observed. Enable TORCH_LOGS=+dynamo for a DEBUG stack trace.

This call originates from:
  File "/scratch/specforge-torchtitan-20261003/graph-loss-source-candidate4/specforge/modeling/draft/dflash2.py", line 177, in _fused_convolution
    fused = _load_fused_grouped_conv()
            ^^^^^^^^^^^^^^^^^^^^^^^^^^

  torch._dynamo.utils.warn_once(msg)
[titan] 2026-10-03 06:34:12,817 - root - INFO - Recorded CUDA graph
[titan] 2026-10-03 06:34:12,818 - root - INFO - Recorded CUDA graph
[titan] 2026-10-03 06:34:12,970 - root - INFO - [31mstep:  1  [32mloss: 11.10739  [38;2;180;60;0mgrad_norm:  4.0919  [38;2;54;234;195mmemory:  0.10GiB(0.07%)  [34mtps: 8  [36mtflops: 0.00  [35mmfu: 0.00%[39m
[titan] 2026-10-03 06:34:12,970 - root - INFO - [31mstep:  1  [32mloss: 11.10739  [38;2;180;60;0mgrad_norm:  4.0919  [38;2;54;234;195mmemory:  0.10GiB(0.07%)  [34mtps: 8  [36mtflops: 0.00  [35mmfu: 0.00%[39m
[titan] 2026-10-03 06:34:12,970 - root - INFO - Saving the checkpoint.
[titan] 2026-10-03 06:34:12,970 - root - INFO - Saving the checkpoint.
[titan] 2026-10-03 06:34:13,399 - root - INFO - [GC] GC collection invoked by checkpointer. took 0.13 seconds
[titan] 2026-10-03 06:34:13,404 - root - INFO - Finished saving the checkpoint in 0.43 seconds.
[titan] 2026-10-03 06:34:13,404 - root - INFO - Synchronizing and adjusting timeout for all ProcessGroups to 0:02:00
[titan] 2026-10-03 06:34:13,408 - root - INFO - [GC] GC collection invoked by checkpointer. took 0.14 seconds
[titan] 2026-10-03 06:34:13,408 - root - INFO - Finished saving the checkpoint in 0.44 seconds.
[titan] 2026-10-03 06:34:13,408 - root - INFO - Synchronizing and adjusting timeout for all ProcessGroups to 0:02:00
[titan] 2026-10-03 06:34:13,426 - root - INFO - [31mstep:  2  [32mloss: 11.49742  [38;2;180;60;0mgrad_norm:  4.4961  [38;2;54;234;195mmemory:  0.04GiB(0.03%)  [34mtps: 281  [36mtflops: 0.00  [35mmfu: 0.00%[39m
[titan] 2026-10-03 06:34:13,426 - root - INFO - [31mstep:  2  [32mloss: 11.49742  [38;2;180;60;0mgrad_norm:  4.4961  [38;2;54;234;195mmemory:  0.04GiB(0.03%)  [34mtps: 281  [36mtflops: 0.00  [35mmfu: 0.00%[39m
[titan] 2026-10-03 06:34:13,426 - root - INFO - Saving the checkpoint.
[titan] 2026-10-03 06:34:13,426 - root - INFO - Saving the checkpoint.
[titan] 2026-10-03 06:34:13,501 - root - INFO - [GC] GC collection invoked by checkpointer. took 0.00 seconds
[titan] 2026-10-03 06:34:13,502 - root - INFO - Finished saving the checkpoint in 0.08 seconds.
[titan] 2026-10-03 06:34:13,506 - root - INFO - [GC] GC collection invoked by checkpointer. took 0.00 seconds
[titan] 2026-10-03 06:34:13,507 - root - INFO - Finished saving the checkpoint in 0.08 seconds.
[titan] 2026-10-03 06:34:13,514 - root - INFO - [31mstep:  3  [32mloss: 11.61169  [38;2;180;60;0mgrad_norm:  3.9134  [38;2;54;234;195mmemory:  0.04GiB(0.03%)  [34mtps: 1,455  [36mtflops: 0.00  [35mmfu: 0.00%[39m
[titan] 2026-10-03 06:34:13,514 - root - INFO - [31mstep:  3  [32mloss: 11.61169  [38;2;180;60;0mgrad_norm:  3.9134  [38;2;54;234;195mmemory:  0.04GiB(0.03%)  [34mtps: 1,456  [36mtflops: 0.00  [35mmfu: 0.00%[39m
[titan] 2026-10-03 06:34:13,515 - root - INFO - Saving the checkpoint.
[titan] 2026-10-03 06:34:13,515 - root - INFO - Saving a full checkpoint at last step, step 3.
[titan] 2026-10-03 06:34:13,515 - root - INFO - Saving the checkpoint.
[titan] 2026-10-03 06:34:13,515 - root - INFO - Saving a full checkpoint at last step, step 3.
[titan] 2026-10-03 06:34:13,592 - root - INFO - [GC] GC collection invoked by checkpointer. took 0.00 seconds
[titan] 2026-10-03 06:34:13,592 - root - INFO - Last step checkpoint completed in 0.08s
[titan] 2026-10-03 06:34:13,592 - root - INFO - Sleeping 2 seconds for other ranks to complete
[titan] 2026-10-03 06:34:13,596 - root - INFO - [GC] GC collection invoked by checkpointer. took 0.00 seconds
[titan] 2026-10-03 06:34:13,597 - root - INFO - Last step checkpoint completed in 0.08s
[titan] 2026-10-03 06:34:13,597 - root - INFO - Training completed
[titan] 2026-10-03 06:34:15,592 - root - INFO - Training completed
