W1003 07:09:10.543000 2084939 torch/utils/_pytree.py:630] <enum 'KernelPreference'> is an Enum subclass and is now natively supported by torch.compile as an opaque value type. Calling register_constant() on Enum subclasses is deprecated and will be an error in a future release.
W1003 07:09:10.555000 2084938 torch/utils/_pytree.py:630] <enum 'KernelPreference'> is an Enum subclass and is now natively supported by torch.compile as an opaque value type. Calling register_constant() on Enum subclasses is deprecated and will be an error in a future release.
W1003 07:09:10.569000 2084939 torch/utils/_pytree.py:630] <enum 'ScaleCalculationMode'> is an Enum subclass and is now natively supported by torch.compile as an opaque value type. Calling register_constant() on Enum subclasses is deprecated and will be an error in a future release.
W1003 07:09:10.581000 2084938 torch/utils/_pytree.py:630] <enum 'ScaleCalculationMode'> is an Enum subclass and is now natively supported by torch.compile as an opaque value type. Calling register_constant() on Enum subclasses is deprecated and will be an error in a future release.
/scratch/specforge-torchtitan-20261003/extension-bench-source-p5/specforge/modeling/draft/llama3_eagle.py:33: UserWarning: flash_attn is not found, falling back to flex_attention. Please install flash_attn if you want to use the flash attention backend.
  warnings.warn(
/scratch/specforge-torchtitan-20261003/extension-bench-source-p5/specforge/modeling/draft/llama3_eagle.py:33: UserWarning: flash_attn is not found, falling back to flex_attention. Please install flash_attn if you want to use the flash attention backend.
  warnings.warn(
initial_load_model_only=True has no effect without an initial_load_path.
[titan] 2026-10-03 07:09:31,641 - root - WARNING - ENV[TORCH_NCCL_ASYNC_ERROR_HANDLING] = 1 will be overridden to 3 based on job config
[titan] 2026-10-03 07:09:31,648 - root - INFO - Building device mesh with parallelism: pp=1, dp_replicate=1, dp_shard=2, cp=1, tp=1, ep=1
[titan] 2026-10-03 07:09:31,652 - root - INFO - Successfully created meshes with active dimensions: ['batch', 'loss', 'fsdp']
[titan] 2026-10-03 07:09:31,653 - root - INFO - [GC] Initial GC collection took 0.00 seconds
[titan] 2026-10-03 07:09:31,654 - root - INFO - Building specforge dflash
[titan] 2026-10-03 07:09:31,662 - root - INFO - CUDA capacity: NVIDIA H200 with 139.80GiB memory
[titan] 2026-10-03 07:09:31,662 - root - WARNING - Error running lspci: [Errno 2] No such file or directory: 'lspci', fallback to use device_name
[titan] 2026-10-03 07:09:31,663 - root - INFO - [34mModel specforge dflash [31msize: 1,315,339,520 total parameters[39m
[titan] 2026-10-03 07:09:31,674 - root - INFO - Compiling each TransformerBlock with torch.compile
[titan] 2026-10-03 07:09:31,699 - root - INFO - Applied FSDP to the model
initial_load_model_only=True has no effect without an initial_load_path.
[titan] 2026-10-03 07:09:31,713 - root - WARNING - ENV[TORCH_NCCL_ASYNC_ERROR_HANDLING] = 1 will be overridden to 3 based on job config
[titan] 2026-10-03 07:09:31,719 - root - INFO - Building device mesh with parallelism: pp=1, dp_replicate=1, dp_shard=2, cp=1, tp=1, ep=1
[titan] 2026-10-03 07:09:31,723 - root - INFO - Successfully created meshes with active dimensions: ['batch', 'loss', 'fsdp']
[titan] 2026-10-03 07:09:31,724 - root - INFO - [GC] Initial GC collection took 0.00 seconds
[titan] 2026-10-03 07:09:31,725 - root - INFO - Building specforge dflash
[titan] 2026-10-03 07:09:31,732 - root - INFO - CUDA capacity: NVIDIA H200 with 139.80GiB memory
[titan] 2026-10-03 07:09:31,733 - root - WARNING - Error running lspci: [Errno 2] No such file or directory: 'lspci', fallback to use device_name
[titan] 2026-10-03 07:09:31,733 - root - INFO - [34mModel specforge dflash [31msize: 1,315,339,520 total parameters[39m
[titan] 2026-10-03 07:09:31,744 - root - INFO - Compiling each TransformerBlock with torch.compile
[titan] 2026-10-03 07:09:31,770 - root - INFO - Applied FSDP to the model
[titan] 2026-10-03 07:09:43,298 - root - WARNING - Error running lspci: [Errno 2] No such file or directory: 'lspci', fallback to use device_name
[titan] 2026-10-03 07:09:43,298 - root - INFO - Peak FLOPS used for computing MFU: 9.890e+14
[titan] 2026-10-03 07:09:43,298 - root - INFO - CUDA memory usage for model: 5.41GiB(3.87%)
[titan] 2026-10-03 07:09:43,298 - root - WARNING - Error running lspci: [Errno 2] No such file or directory: 'lspci', fallback to use device_name
[titan] 2026-10-03 07:09:43,298 - root - INFO - Peak FLOPS used for computing MFU: 9.890e+14
[titan] 2026-10-03 07:09:43,298 - root - INFO - CUDA memory usage for model: 5.41GiB(3.87%)
[titan] 2026-10-03 07:09:43,298 - root - INFO - Optimizer AdamW (model_part=0): 58 params [.*] {'fused': True, 'foreach': False, 'lr': 0.0001, 'betas': (0.9, 0.999), 'eps': 1e-08, 'weight_decay': 0.0}
[titan] 2026-10-03 07:09:43,299 - root - WARNING - initial_load_model_only=True has no effect without an initial_load_path.
[titan] 2026-10-03 07:09:43,299 - root - INFO - Optimizer AdamW (model_part=0): 58 params [.*] {'fused': True, 'foreach': False, 'lr': 0.0001, 'betas': (0.9, 0.999), 'eps': 1e-08, 'weight_decay': 0.0}
[titan] 2026-10-03 07:09:43,299 - root - INFO - Trainer is initialized with local batch size 1, global batch size 4, gradient accumulation steps 2, sequence length 4096, total steps 30 (warmup 0)
[titan] 2026-10-03 07:09:43,300 - root - WARNING - initial_load_model_only=True has no effect without an initial_load_path.
[titan] 2026-10-03 07:09:43,300 - root - INFO - Trainer is initialized with local batch size 1, global batch size 4, gradient accumulation steps 2, sequence length 4096, total steps 30 (warmup 0)
[titan] 2026-10-03 07:09:43,637 - root - INFO - Training starts at step 1
[titan] 2026-10-03 07:09:43,637 - root - INFO - Training starts at step 1
/scratch/specforge-torchtitan-20261003/venv/lib/python3.12/site-packages/torch/distributed/c10d_logger.py:83: UserWarning: barrier(): using the device under current context. You can specify `device_id` in `init_process_group` to mute this warning.
  return func(*args, **kwargs)
[titan] 2026-10-03 07:09:47,391 - root - INFO - Recorded CUDA graph
[titan] 2026-10-03 07:09:47,392 - root - INFO - Recorded CUDA graph
[titan] 2026-10-03 07:09:47,661 - root - INFO - [31mstep:  1  [32mloss: 12.44200  [38;2;180;60;0mgrad_norm:  3.2601  [38;2;54;234;195mmemory: 14.30GiB(10.23%)  [34mtps: 514  [36mtflops: 8.00  [35mmfu: 0.81%[39m
[titan] 2026-10-03 07:09:47,661 - root - INFO - [31mstep:  1  [32mloss: 12.44200  [38;2;180;60;0mgrad_norm:  3.2601  [38;2;54;234;195mmemory: 14.30GiB(10.23%)  [34mtps: 512  [36mtflops: 7.97  [35mmfu: 0.81%[39m
[titan] 2026-10-03 07:09:47,661 - root - INFO - Synchronizing and adjusting timeout for all ProcessGroups to 0:01:40
[titan] 2026-10-03 07:09:47,661 - root - INFO - Synchronizing and adjusting timeout for all ProcessGroups to 0:01:40
/scratch/specforge-torchtitan-20261003/venv/lib/python3.12/site-packages/torch/distributed/c10d_logger.py:83: UserWarning: barrier(): using the device under current context. You can specify `device_id` in `init_process_group` to mute this warning.
  return func(*args, **kwargs)
[titan] 2026-10-03 07:09:54,193 - root - INFO - Training completed
[titan] 2026-10-03 07:09:54,193 - root - INFO - Sleeping 2 seconds for other ranks to complete
[titan] 2026-10-03 07:09:56,193 - root - INFO - Training completed
{
  "output": "/scratch/specforge-torchtitan-20261003/extension-bench-p5/dflash-titan-cuda-2.json",
  "optimizer_step_seconds_mean": 0.22493878640234471,
  "optimizer_step_seconds_median": 0.2250240882858634,
  "optimizer_step_seconds_p95": 0.22816447168588638,
  "input_context_tokens_per_second": 72837.59400521607
}
