W1003 07:02:47.479000 2083257 torch/utils/_pytree.py:630] <enum 'KernelPreference'> is an Enum subclass and is now natively supported by torch.compile as an opaque value type. Calling register_constant() on Enum subclasses is deprecated and will be an error in a future release.
W1003 07:02:47.484000 2083258 torch/utils/_pytree.py:630] <enum 'KernelPreference'> is an Enum subclass and is now natively supported by torch.compile as an opaque value type. Calling register_constant() on Enum subclasses is deprecated and will be an error in a future release.
W1003 07:02:47.506000 2083257 torch/utils/_pytree.py:630] <enum 'ScaleCalculationMode'> is an Enum subclass and is now natively supported by torch.compile as an opaque value type. Calling register_constant() on Enum subclasses is deprecated and will be an error in a future release.
W1003 07:02:47.511000 2083258 torch/utils/_pytree.py:630] <enum 'ScaleCalculationMode'> is an Enum subclass and is now natively supported by torch.compile as an opaque value type. Calling register_constant() on Enum subclasses is deprecated and will be an error in a future release.
/scratch/specforge-torchtitan-20261003/extension-bench-source-p5/specforge/modeling/draft/llama3_eagle.py:33: UserWarning: flash_attn is not found, falling back to flex_attention. Please install flash_attn if you want to use the flash attention backend.
  warnings.warn(
/scratch/specforge-torchtitan-20261003/extension-bench-source-p5/specforge/modeling/draft/llama3_eagle.py:33: UserWarning: flash_attn is not found, falling back to flex_attention. Please install flash_attn if you want to use the flash attention backend.
  warnings.warn(
initial_load_model_only=True has no effect without an initial_load_path.
[titan] 2026-10-03 07:03:09,453 - root - WARNING - ENV[TORCH_NCCL_ASYNC_ERROR_HANDLING] = 1 will be overridden to 3 based on job config
[titan] 2026-10-03 07:03:09,460 - root - INFO - Building device mesh with parallelism: pp=1, dp_replicate=1, dp_shard=2, cp=1, tp=1, ep=1
[titan] 2026-10-03 07:03:09,465 - root - INFO - Successfully created meshes with active dimensions: ['batch', 'loss', 'fsdp']
[titan] 2026-10-03 07:03:09,465 - root - INFO - [GC] Initial GC collection took 0.00 seconds
[titan] 2026-10-03 07:03:09,467 - root - INFO - Building specforge dflash2
[titan] 2026-10-03 07:03:09,476 - root - INFO - CUDA capacity: NVIDIA H200 with 139.80GiB memory
[titan] 2026-10-03 07:03:09,477 - root - WARNING - Error running lspci: [Errno 2] No such file or directory: 'lspci', fallback to use device_name
[titan] 2026-10-03 07:03:09,477 - root - INFO - [34mModel specforge dflash2 [31msize: 1,410,272,512 total parameters[39m
[titan] 2026-10-03 07:03:09,510 - root - INFO - Applied Data Parallel (simple_fsdp) (dp mode=fully_shard) to the model
[titan] 2026-10-03 07:03:09,511 - root - INFO - aot_fx_trace compile mode: graph capture will happen at training time
initial_load_model_only=True has no effect without an initial_load_path.
[titan] 2026-10-03 07:03:09,548 - root - WARNING - ENV[TORCH_NCCL_ASYNC_ERROR_HANDLING] = 1 will be overridden to 3 based on job config
[titan] 2026-10-03 07:03:09,555 - root - INFO - Building device mesh with parallelism: pp=1, dp_replicate=1, dp_shard=2, cp=1, tp=1, ep=1
[titan] 2026-10-03 07:03:09,559 - root - INFO - Successfully created meshes with active dimensions: ['batch', 'loss', 'fsdp']
[titan] 2026-10-03 07:03:09,560 - root - INFO - [GC] Initial GC collection took 0.00 seconds
[titan] 2026-10-03 07:03:09,561 - root - INFO - Building specforge dflash2
[titan] 2026-10-03 07:03:09,571 - root - INFO - CUDA capacity: NVIDIA H200 with 139.80GiB memory
[titan] 2026-10-03 07:03:09,571 - root - WARNING - Error running lspci: [Errno 2] No such file or directory: 'lspci', fallback to use device_name
[titan] 2026-10-03 07:03:09,572 - root - INFO - [34mModel specforge dflash2 [31msize: 1,410,272,512 total parameters[39m
[titan] 2026-10-03 07:03:09,605 - root - INFO - Applied Data Parallel (simple_fsdp) (dp mode=fully_shard) to the model
[titan] 2026-10-03 07:03:09,606 - root - INFO - aot_fx_trace compile mode: graph capture will happen at training time
[titan] 2026-10-03 07:03:21,881 - root - WARNING - Error running lspci: [Errno 2] No such file or directory: 'lspci', fallback to use device_name
[titan] 2026-10-03 07:03:21,881 - root - INFO - Peak FLOPS used for computing MFU: 9.890e+14
[titan] 2026-10-03 07:03:21,882 - root - INFO - CUDA memory usage for model: 5.80GiB(4.15%)
[titan] 2026-10-03 07:03:21,882 - root - INFO - Optimizer AdamW (model_part=0): 81 params [.*] {'fused': True, 'foreach': False, 'lr': 0.0001, 'betas': (0.9, 0.999), 'eps': 1e-08, 'weight_decay': 0.0}
[titan] 2026-10-03 07:03:21,883 - root - WARNING - initial_load_model_only=True has no effect without an initial_load_path.
[titan] 2026-10-03 07:03:21,883 - root - INFO - Trainer is initialized with local batch size 1, global batch size 4, gradient accumulation steps 2, sequence length 4096, total steps 30 (warmup 0)
[titan] 2026-10-03 07:03:21,883 - root - INFO - NUMA binding applied for GPU 0
[titan] 2026-10-03 07:03:21,884 - root - WARNING - Error running lspci: [Errno 2] No such file or directory: 'lspci', fallback to use device_name
[titan] 2026-10-03 07:03:21,884 - root - INFO - Peak FLOPS used for computing MFU: 9.890e+14
[titan] 2026-10-03 07:03:21,885 - root - INFO - CUDA memory usage for model: 5.80GiB(4.15%)
[titan] 2026-10-03 07:03:21,885 - root - INFO - Optimizer AdamW (model_part=0): 81 params [.*] {'fused': True, 'foreach': False, 'lr': 0.0001, 'betas': (0.9, 0.999), 'eps': 1e-08, 'weight_decay': 0.0}
[titan] 2026-10-03 07:03:21,886 - root - WARNING - initial_load_model_only=True has no effect without an initial_load_path.
[titan] 2026-10-03 07:03:21,886 - root - INFO - Trainer is initialized with local batch size 1, global batch size 4, gradient accumulation steps 2, sequence length 4096, total steps 30 (warmup 0)
[titan] 2026-10-03 07:03:21,886 - root - INFO - NUMA binding applied for GPU 1
[titan] 2026-10-03 07:03:22,046 - root - INFO - Training starts at step 1
[titan] 2026-10-03 07:03:22,046 - root - INFO - Training starts at step 1
/scratch/specforge-torchtitan-20261003/venv/lib/python3.12/site-packages/torch/distributed/c10d_logger.py:83: UserWarning: barrier(): using the device under current context. You can specify `device_id` in `init_process_group` to mute this warning.
  return func(*args, **kwargs)
/scratch/specforge-torchtitan-20261003/venv/lib/python3.12/site-packages/torch/nn/attention/flex_attention.py:2596: UserWarning: flex_attention called without torch.compile() - this will use an unfused implementation that materializes the full scores matrix instead of generating a fused kernel.

SOLUTION: Use torch.compile(flex_attention)(...)

If you want to debug your score_mod/mask_mod, you can set:
torch.nn.attention.flex_attention._FLEX_ATTENTION_DISABLE_COMPILE_DEBUG = True

This will allow you to use print statements or breakpoints. Note: This doesn't work with the backwards pass and may produce incorrect results.
  _warn_once(
/scratch/specforge-torchtitan-20261003/venv/lib/python3.12/site-packages/torch/nn/attention/flex_attention.py:2596: UserWarning: flex_attention called without torch.compile() - this will use an unfused implementation that materializes the full scores matrix instead of generating a fused kernel.

SOLUTION: Use torch.compile(flex_attention)(...)

If you want to debug your score_mod/mask_mod, you can set:
torch.nn.attention.flex_attention._FLEX_ATTENTION_DISABLE_COMPILE_DEBUG = True

This will allow you to use print statements or breakpoints. Note: This doesn't work with the backwards pass and may produce incorrect results.
  _warn_once(
[titan] 2026-10-03 07:03:25,803 - root - INFO - minimal_fx_tracer took 3.748s
[titan] 2026-10-03 07:03:25,803 - root - INFO - Applying 10 graph passes:
  1. functionalize_fused_kernels
  2. eliminate_dead_code_pass
  3. canonicalize_graph_pass
  4. deduplicate_fsdp_unshard_chains_pass
  5. tag_with_memory_policy_pass
  6. apply_cpu_offload_pass
  7. selective_activation_remat_pass
  8. joint_transformer_block_bucketing_reordering_pass
  9. full_inductor_compilation_pass
  10. cudagraph_pass
[titan] 2026-10-03 07:03:25,813 - root - INFO - minimal_fx_tracer took 3.758s
[titan] 2026-10-03 07:03:25,813 - root - INFO - Applying 10 graph passes:
  1. functionalize_fused_kernels
  2. eliminate_dead_code_pass
  3. canonicalize_graph_pass
  4. deduplicate_fsdp_unshard_chains_pass
  5. tag_with_memory_policy_pass
  6. apply_cpu_offload_pass
  7. selective_activation_remat_pass
  8. joint_transformer_block_bucketing_reordering_pass
  9. full_inductor_compilation_pass
  10. cudagraph_pass
[titan] 2026-10-03 07:03:28,988 - root - INFO - Eliminated dead code from the graph
[titan] 2026-10-03 07:03:29,013 - root - INFO - Eliminated dead code from the graph
[titan] 2026-10-03 07:03:29,095 - root - INFO - Removed 166 identity view/reshape node(s) from the graph
[titan] 2026-10-03 07:03:29,120 - root - INFO - Removed 166 identity view/reshape node(s) from the graph
[titan] 2026-10-03 07:03:29,196 - root - INFO - Removed 179 back-to-back transpose node(s) from the graph
[titan] 2026-10-03 07:03:29,197 - root - INFO - Removed 60 identity slice node(s)
[titan] 2026-10-03 07:03:29,220 - root - INFO - Removed 179 back-to-back transpose node(s) from the graph
[titan] 2026-10-03 07:03:29,221 - root - INFO - Removed 60 identity slice node(s)
[titan] 2026-10-03 07:03:29,391 - root - INFO - Normalized 576 view op(s) to reshape
[titan] 2026-10-03 07:03:29,417 - root - INFO - Normalized 576 view op(s) to reshape
[titan] 2026-10-03 07:03:29,495 - root - INFO - Applied selective activation checkpointing (SAC) graph pass.
[titan] 2026-10-03 07:03:29,495 - root - INFO -   Forced 7 nodes to MUST_SAVE at layer boundaries
[titan] 2026-10-03 07:03:29,495 - root - INFO -   Layer non-layer: 13 MUST_SAVE, 58 RECOMPUTE
[titan] 2026-10-03 07:03:29,495 - root - INFO -   Layer 0: 30 MUST_SAVE, 168 RECOMPUTE
[titan] 2026-10-03 07:03:29,495 - root - INFO -   Layer 1: 30 MUST_SAVE, 169 RECOMPUTE
[titan] 2026-10-03 07:03:29,495 - root - INFO -   Layer 2: 30 MUST_SAVE, 169 RECOMPUTE
[titan] 2026-10-03 07:03:29,495 - root - INFO -   Layer 3: 30 MUST_SAVE, 169 RECOMPUTE
[titan] 2026-10-03 07:03:29,495 - root - INFO -   Layer 4: 29 MUST_SAVE, 170 RECOMPUTE
[titan] 2026-10-03 07:03:29,520 - root - INFO - Applied selective activation checkpointing (SAC) graph pass.
[titan] 2026-10-03 07:03:29,520 - root - INFO -   Forced 7 nodes to MUST_SAVE at layer boundaries
[titan] 2026-10-03 07:03:29,520 - root - INFO -   Layer non-layer: 13 MUST_SAVE, 58 RECOMPUTE
[titan] 2026-10-03 07:03:29,520 - root - INFO -   Layer 0: 30 MUST_SAVE, 168 RECOMPUTE
[titan] 2026-10-03 07:03:29,520 - root - INFO -   Layer 1: 30 MUST_SAVE, 169 RECOMPUTE
[titan] 2026-10-03 07:03:29,520 - root - INFO -   Layer 2: 30 MUST_SAVE, 169 RECOMPUTE
[titan] 2026-10-03 07:03:29,520 - root - INFO -   Layer 3: 30 MUST_SAVE, 169 RECOMPUTE
[titan] 2026-10-03 07:03:29,520 - root - INFO -   Layer 4: 29 MUST_SAVE, 170 RECOMPUTE
[titan] 2026-10-03 07:03:30,795 - root - INFO - FSDP reorder: 11 overlap deps across 11 target nodes
[titan] 2026-10-03 07:03:30,796 - root - INFO - FSDP reorder: 11 overlap deps across 11 target nodes
[titan] 2026-10-03 07:03:33,644 - root - INFO - Applied cudagraph pass.
[titan] 2026-10-03 07:03:33,644 - root - INFO - All 10 graph passes took 7.841s
[titan] 2026-10-03 07:03:33,645 - root - INFO - Applied cudagraph pass.
[titan] 2026-10-03 07:03:33,645 - root - INFO - All 10 graph passes took 7.832s
[rank0]:W1003 07:03:33.912000 2083257 torch/_library/opaque_object.py:314] is_opaque_value is deprecated, use is_custom_class_obj instead
[rank0]:W1003 07:03:33.913000 2083257 torch/_library/opaque_object.py:314] is_opaque_value is deprecated, use is_custom_class_obj instead
[rank0]:W1003 07:03:33.913000 2083257 torch/_library/opaque_object.py:314] is_opaque_value is deprecated, use is_custom_class_obj instead
[rank0]:W1003 07:03:33.913000 2083257 torch/_library/opaque_object.py:314] is_opaque_value is deprecated, use is_custom_class_obj instead
[rank0]:W1003 07:03:33.913000 2083257 torch/_library/opaque_object.py:314] is_opaque_value is deprecated, use is_custom_class_obj instead
[rank0]:W1003 07:03:33.913000 2083257 torch/_library/opaque_object.py:314] is_opaque_value is deprecated, use is_custom_class_obj instead
[rank0]:W1003 07:03:33.913000 2083257 torch/_library/opaque_object.py:314] is_opaque_value is deprecated, use is_custom_class_obj instead
[rank0]:W1003 07:03:33.913000 2083257 torch/_library/opaque_object.py:314] is_opaque_value is deprecated, use is_custom_class_obj instead
[rank0]:W1003 07:03:33.913000 2083257 torch/_library/opaque_object.py:314] is_opaque_value is deprecated, use is_custom_class_obj instead
[rank0]:W1003 07:03:33.913000 2083257 torch/_library/opaque_object.py:314] is_opaque_value is deprecated, use is_custom_class_obj instead
[rank0]:W1003 07:03:33.913000 2083257 torch/_library/opaque_object.py:314] is_opaque_value is deprecated, use is_custom_class_obj instead
[rank0]:W1003 07:03:33.913000 2083257 torch/_library/opaque_object.py:314] is_opaque_value is deprecated, use is_custom_class_obj instead
[rank0]:W1003 07:03:33.913000 2083257 torch/_library/opaque_object.py:314] is_opaque_value is deprecated, use is_custom_class_obj instead
[rank0]:W1003 07:03:33.913000 2083257 torch/_library/opaque_object.py:314] is_opaque_value is deprecated, use is_custom_class_obj instead
[rank0]:W1003 07:03:33.913000 2083257 torch/_library/opaque_object.py:314] is_opaque_value is deprecated, use is_custom_class_obj instead
[rank0]:W1003 07:03:33.913000 2083257 torch/_library/opaque_object.py:314] is_opaque_value is deprecated, use is_custom_class_obj instead
[rank0]:W1003 07:03:33.913000 2083257 torch/_library/opaque_object.py:314] is_opaque_value is deprecated, use is_custom_class_obj instead
[rank0]:W1003 07:03:33.913000 2083257 torch/_library/opaque_object.py:314] is_opaque_value is deprecated, use is_custom_class_obj instead
[rank0]:W1003 07:03:33.913000 2083257 torch/_library/opaque_object.py:314] is_opaque_value is deprecated, use is_custom_class_obj instead
[rank0]:W1003 07:03:33.913000 2083257 torch/_library/opaque_object.py:314] is_opaque_value is deprecated, use is_custom_class_obj instead
[rank0]:W1003 07:03:33.913000 2083257 torch/_library/opaque_object.py:314] is_opaque_value is deprecated, use is_custom_class_obj instead
[rank0]:W1003 07:03:33.913000 2083257 torch/_library/opaque_object.py:314] is_opaque_value is deprecated, use is_custom_class_obj instead
[rank0]:W1003 07:03:33.913000 2083257 torch/_library/opaque_object.py:314] is_opaque_value is deprecated, use is_custom_class_obj instead
[rank0]:W1003 07:03:33.913000 2083257 torch/_library/opaque_object.py:314] is_opaque_value is deprecated, use is_custom_class_obj instead
[rank0]:W1003 07:03:33.913000 2083257 torch/_library/opaque_object.py:314] is_opaque_value is deprecated, use is_custom_class_obj instead
[rank0]:W1003 07:03:33.913000 2083257 torch/_library/opaque_object.py:314] is_opaque_value is deprecated, use is_custom_class_obj instead
[rank0]:W1003 07:03:33.913000 2083257 torch/_library/opaque_object.py:314] is_opaque_value is deprecated, use is_custom_class_obj instead
[rank0]:W1003 07:03:33.913000 2083257 torch/_library/opaque_object.py:314] is_opaque_value is deprecated, use is_custom_class_obj instead
[rank0]:W1003 07:03:33.913000 2083257 torch/_library/opaque_object.py:314] is_opaque_value is deprecated, use is_custom_class_obj instead
[rank0]:W1003 07:03:33.913000 2083257 torch/_library/opaque_object.py:314] is_opaque_value is deprecated, use is_custom_class_obj instead
[rank0]:W1003 07:03:33.913000 2083257 torch/_library/opaque_object.py:314] is_opaque_value is deprecated, use is_custom_class_obj instead
[rank0]:W1003 07:03:33.913000 2083257 torch/_library/opaque_object.py:314] is_opaque_value is deprecated, use is_custom_class_obj instead
[rank0]:W1003 07:03:33.913000 2083257 torch/_library/opaque_object.py:314] is_opaque_value is deprecated, use is_custom_class_obj instead
[rank0]:W1003 07:03:33.913000 2083257 torch/_library/opaque_object.py:314] is_opaque_value is deprecated, use is_custom_class_obj instead
[rank0]:W1003 07:03:33.913000 2083257 torch/_library/opaque_object.py:314] is_opaque_value is deprecated, use is_custom_class_obj instead
[rank0]:W1003 07:03:33.913000 2083257 torch/_library/opaque_object.py:314] is_opaque_value is deprecated, use is_custom_class_obj instead
[rank0]:W1003 07:03:33.913000 2083257 torch/_library/opaque_object.py:314] is_opaque_value is deprecated, use is_custom_class_obj instead
[rank0]:W1003 07:03:33.913000 2083257 torch/_library/opaque_object.py:314] is_opaque_value is deprecated, use is_custom_class_obj instead
[rank0]:W1003 07:03:33.913000 2083257 torch/_library/opaque_object.py:314] is_opaque_value is deprecated, use is_custom_class_obj instead
[rank0]:W1003 07:03:33.913000 2083257 torch/_library/opaque_object.py:314] is_opaque_value is deprecated, use is_custom_class_obj instead
[rank0]:W1003 07:03:33.913000 2083257 torch/_library/opaque_object.py:314] is_opaque_value is deprecated, use is_custom_class_obj instead
[rank0]:W1003 07:03:33.913000 2083257 torch/_library/opaque_object.py:314] is_opaque_value is deprecated, use is_custom_class_obj instead
[rank0]:W1003 07:03:33.913000 2083257 torch/_library/opaque_object.py:314] is_opaque_value is deprecated, use is_custom_class_obj instead
[rank0]:W1003 07:03:33.913000 2083257 torch/_library/opaque_object.py:314] is_opaque_value is deprecated, use is_custom_class_obj instead
[rank0]:W1003 07:03:33.913000 2083257 torch/_library/opaque_object.py:314] is_opaque_value is deprecated, use is_custom_class_obj instead
[rank0]:W1003 07:03:33.913000 2083257 torch/_library/opaque_object.py:314] is_opaque_value is deprecated, use is_custom_class_obj instead
[rank0]:W1003 07:03:33.913000 2083257 torch/_library/opaque_object.py:314] is_opaque_value is deprecated, use is_custom_class_obj instead
[rank1]:W1003 07:03:33.913000 2083258 torch/_library/opaque_object.py:314] is_opaque_value is deprecated, use is_custom_class_obj instead
[rank0]:W1003 07:03:33.913000 2083257 torch/_library/opaque_object.py:314] is_opaque_value is deprecated, use is_custom_class_obj instead
[rank0]:W1003 07:03:33.913000 2083257 torch/_library/opaque_object.py:314] is_opaque_value is deprecated, use is_custom_class_obj instead
[rank0]:W1003 07:03:33.913000 2083257 torch/_library/opaque_object.py:314] is_opaque_value is deprecated, use is_custom_class_obj instead
[rank0]:W1003 07:03:33.913000 2083257 torch/_library/opaque_object.py:314] is_opaque_value is deprecated, use is_custom_class_obj instead
[rank1]:W1003 07:03:33.913000 2083258 torch/_library/opaque_object.py:314] is_opaque_value is deprecated, use is_custom_class_obj instead
[rank0]:W1003 07:03:33.913000 2083257 torch/_library/opaque_object.py:314] is_opaque_value is deprecated, use is_custom_class_obj instead
[rank0]:W1003 07:03:33.914000 2083257 torch/_library/opaque_object.py:314] is_opaque_value is deprecated, use is_custom_class_obj instead
[rank1]:W1003 07:03:33.913000 2083258 torch/_library/opaque_object.py:314] is_opaque_value is deprecated, use is_custom_class_obj instead
[rank0]:W1003 07:03:33.914000 2083257 torch/_library/opaque_object.py:314] is_opaque_value is deprecated, use is_custom_class_obj instead
[rank1]:W1003 07:03:33.914000 2083258 torch/_library/opaque_object.py:314] is_opaque_value is deprecated, use is_custom_class_obj instead
[rank0]:W1003 07:03:33.914000 2083257 torch/_library/opaque_object.py:314] is_opaque_value is deprecated, use is_custom_class_obj instead
[rank1]:W1003 07:03:33.914000 2083258 torch/_library/opaque_object.py:314] is_opaque_value is deprecated, use is_custom_class_obj instead
[rank0]:W1003 07:03:33.914000 2083257 torch/_library/opaque_object.py:314] is_opaque_value is deprecated, use is_custom_class_obj instead
[rank1]:W1003 07:03:33.914000 2083258 torch/_library/opaque_object.py:314] is_opaque_value is deprecated, use is_custom_class_obj instead
[rank0]:W1003 07:03:33.914000 2083257 torch/_library/opaque_object.py:314] is_opaque_value is deprecated, use is_custom_class_obj instead
[rank1]:W1003 07:03:33.914000 2083258 torch/_library/opaque_object.py:314] is_opaque_value is deprecated, use is_custom_class_obj instead
[rank0]:W1003 07:03:33.914000 2083257 torch/_library/opaque_object.py:314] is_opaque_value is deprecated, use is_custom_class_obj instead
[rank1]:W1003 07:03:33.914000 2083258 torch/_library/opaque_object.py:314] is_opaque_value is deprecated, use is_custom_class_obj instead
[rank0]:W1003 07:03:33.914000 2083257 torch/_library/opaque_object.py:314] is_opaque_value is deprecated, use is_custom_class_obj instead
[rank0]:W1003 07:03:33.914000 2083257 torch/_library/opaque_object.py:314] is_opaque_value is deprecated, use is_custom_class_obj instead
[rank1]:W1003 07:03:33.914000 2083258 torch/_library/opaque_object.py:314] is_opaque_value is deprecated, use is_custom_class_obj instead
[rank0]:W1003 07:03:33.914000 2083257 torch/_library/opaque_object.py:314] is_opaque_value is deprecated, use is_custom_class_obj instead
[rank1]:W1003 07:03:33.914000 2083258 torch/_library/opaque_object.py:314] is_opaque_value is deprecated, use is_custom_class_obj instead
[rank0]:W1003 07:03:33.914000 2083257 torch/_library/opaque_object.py:314] is_opaque_value is deprecated, use is_custom_class_obj instead
[rank1]:W1003 07:03:33.914000 2083258 torch/_library/opaque_object.py:314] is_opaque_value is deprecated, use is_custom_class_obj instead
[rank0]:W1003 07:03:33.914000 2083257 torch/_library/opaque_object.py:314] is_opaque_value is deprecated, use is_custom_class_obj instead
[rank1]:W1003 07:03:33.914000 2083258 torch/_library/opaque_object.py:314] is_opaque_value is deprecated, use is_custom_class_obj instead
[rank0]:W1003 07:03:33.914000 2083257 torch/_library/opaque_object.py:314] is_opaque_value is deprecated, use is_custom_class_obj instead
[rank1]:W1003 07:03:33.914000 2083258 torch/_library/opaque_object.py:314] is_opaque_value is deprecated, use is_custom_class_obj instead
[rank0]:W1003 07:03:33.914000 2083257 torch/_library/opaque_object.py:314] is_opaque_value is deprecated, use is_custom_class_obj instead
[rank1]:W1003 07:03:33.914000 2083258 torch/_library/opaque_object.py:314] is_opaque_value is deprecated, use is_custom_class_obj instead
[rank0]:W1003 07:03:33.914000 2083257 torch/_library/opaque_object.py:314] is_opaque_value is deprecated, use is_custom_class_obj instead
[rank1]:W1003 07:03:33.914000 2083258 torch/_library/opaque_object.py:314] is_opaque_value is deprecated, use is_custom_class_obj instead
[rank0]:W1003 07:03:33.914000 2083257 torch/_library/opaque_object.py:314] is_opaque_value is deprecated, use is_custom_class_obj instead
[rank1]:W1003 07:03:33.914000 2083258 torch/_library/opaque_object.py:314] is_opaque_value is deprecated, use is_custom_class_obj instead
[rank0]:W1003 07:03:33.914000 2083257 torch/_library/opaque_object.py:314] is_opaque_value is deprecated, use is_custom_class_obj instead
[rank1]:W1003 07:03:33.914000 2083258 torch/_library/opaque_object.py:314] is_opaque_value is deprecated, use is_custom_class_obj instead
[rank0]:W1003 07:03:33.914000 2083257 torch/_library/opaque_object.py:314] is_opaque_value is deprecated, use is_custom_class_obj instead
[rank1]:W1003 07:03:33.914000 2083258 torch/_library/opaque_object.py:314] is_opaque_value is deprecated, use is_custom_class_obj instead
[rank0]:W1003 07:03:33.914000 2083257 torch/_library/opaque_object.py:314] is_opaque_value is deprecated, use is_custom_class_obj instead
[rank1]:W1003 07:03:33.914000 2083258 torch/_library/opaque_object.py:314] is_opaque_value is deprecated, use is_custom_class_obj instead
[rank0]:W1003 07:03:33.914000 2083257 torch/_library/opaque_object.py:314] is_opaque_value is deprecated, use is_custom_class_obj instead
[rank1]:W1003 07:03:33.914000 2083258 torch/_library/opaque_object.py:314] is_opaque_value is deprecated, use is_custom_class_obj instead
[rank0]:W1003 07:03:33.914000 2083257 torch/_library/opaque_object.py:314] is_opaque_value is deprecated, use is_custom_class_obj instead
[rank1]:W1003 07:03:33.914000 2083258 torch/_library/opaque_object.py:314] is_opaque_value is deprecated, use is_custom_class_obj instead
[rank0]:W1003 07:03:33.914000 2083257 torch/_library/opaque_object.py:314] is_opaque_value is deprecated, use is_custom_class_obj instead
[rank1]:W1003 07:03:33.914000 2083258 torch/_library/opaque_object.py:314] is_opaque_value is deprecated, use is_custom_class_obj instead
[rank0]:W1003 07:03:33.914000 2083257 torch/_library/opaque_object.py:314] is_opaque_value is deprecated, use is_custom_class_obj instead
[rank1]:W1003 07:03:33.914000 2083258 torch/_library/opaque_object.py:314] is_opaque_value is deprecated, use is_custom_class_obj instead
[rank0]:W1003 07:03:33.914000 2083257 torch/_library/opaque_object.py:314] is_opaque_value is deprecated, use is_custom_class_obj instead
[rank1]:W1003 07:03:33.914000 2083258 torch/_library/opaque_object.py:314] is_opaque_value is deprecated, use is_custom_class_obj instead
[rank0]:W1003 07:03:33.914000 2083257 torch/_library/opaque_object.py:314] is_opaque_value is deprecated, use is_custom_class_obj instead
[rank1]:W1003 07:03:33.914000 2083258 torch/_library/opaque_object.py:314] is_opaque_value is deprecated, use is_custom_class_obj instead
[rank0]:W1003 07:03:33.914000 2083257 torch/_library/opaque_object.py:314] is_opaque_value is deprecated, use is_custom_class_obj instead
[rank1]:W1003 07:03:33.914000 2083258 torch/_library/opaque_object.py:314] is_opaque_value is deprecated, use is_custom_class_obj instead
[rank0]:W1003 07:03:33.914000 2083257 torch/_library/opaque_object.py:314] is_opaque_value is deprecated, use is_custom_class_obj instead
[rank0]:W1003 07:03:33.914000 2083257 torch/_library/opaque_object.py:314] is_opaque_value is deprecated, use is_custom_class_obj instead
[rank1]:W1003 07:03:33.914000 2083258 torch/_library/opaque_object.py:314] is_opaque_value is deprecated, use is_custom_class_obj instead
[rank0]:W1003 07:03:33.914000 2083257 torch/_library/opaque_object.py:314] is_opaque_value is deprecated, use is_custom_class_obj instead
[rank1]:W1003 07:03:33.914000 2083258 torch/_library/opaque_object.py:314] is_opaque_value is deprecated, use is_custom_class_obj instead
[rank0]:W1003 07:03:33.914000 2083257 torch/_library/opaque_object.py:314] is_opaque_value is deprecated, use is_custom_class_obj instead
[rank1]:W1003 07:03:33.914000 2083258 torch/_library/opaque_object.py:314] is_opaque_value is deprecated, use is_custom_class_obj instead
[rank1]:W1003 07:03:33.914000 2083258 torch/_library/opaque_object.py:314] is_opaque_value is deprecated, use is_custom_class_obj instead
[rank1]:W1003 07:03:33.914000 2083258 torch/_library/opaque_object.py:314] is_opaque_value is deprecated, use is_custom_class_obj instead
[rank1]:W1003 07:03:33.914000 2083258 torch/_library/opaque_object.py:314] is_opaque_value is deprecated, use is_custom_class_obj instead
[rank1]:W1003 07:03:33.914000 2083258 torch/_library/opaque_object.py:314] is_opaque_value is deprecated, use is_custom_class_obj instead
[rank1]:W1003 07:03:33.914000 2083258 torch/_library/opaque_object.py:314] is_opaque_value is deprecated, use is_custom_class_obj instead
[rank1]:W1003 07:03:33.914000 2083258 torch/_library/opaque_object.py:314] is_opaque_value is deprecated, use is_custom_class_obj instead
[rank1]:W1003 07:03:33.914000 2083258 torch/_library/opaque_object.py:314] is_opaque_value is deprecated, use is_custom_class_obj instead
[rank1]:W1003 07:03:33.914000 2083258 torch/_library/opaque_object.py:314] is_opaque_value is deprecated, use is_custom_class_obj instead
[rank1]:W1003 07:03:33.914000 2083258 torch/_library/opaque_object.py:314] is_opaque_value is deprecated, use is_custom_class_obj instead
[rank1]:W1003 07:03:33.914000 2083258 torch/_library/opaque_object.py:314] is_opaque_value is deprecated, use is_custom_class_obj instead
[rank1]:W1003 07:03:33.914000 2083258 torch/_library/opaque_object.py:314] is_opaque_value is deprecated, use is_custom_class_obj instead
[rank1]:W1003 07:03:33.914000 2083258 torch/_library/opaque_object.py:314] is_opaque_value is deprecated, use is_custom_class_obj instead
[rank1]:W1003 07:03:33.914000 2083258 torch/_library/opaque_object.py:314] is_opaque_value is deprecated, use is_custom_class_obj instead
[rank1]:W1003 07:03:33.914000 2083258 torch/_library/opaque_object.py:314] is_opaque_value is deprecated, use is_custom_class_obj instead
[rank1]:W1003 07:03:33.914000 2083258 torch/_library/opaque_object.py:314] is_opaque_value is deprecated, use is_custom_class_obj instead
[rank1]:W1003 07:03:33.914000 2083258 torch/_library/opaque_object.py:314] is_opaque_value is deprecated, use is_custom_class_obj instead
[rank1]:W1003 07:03:33.914000 2083258 torch/_library/opaque_object.py:314] is_opaque_value is deprecated, use is_custom_class_obj instead
[rank1]:W1003 07:03:33.914000 2083258 torch/_library/opaque_object.py:314] is_opaque_value is deprecated, use is_custom_class_obj instead
[rank1]:W1003 07:03:33.914000 2083258 torch/_library/opaque_object.py:314] is_opaque_value is deprecated, use is_custom_class_obj instead
[rank1]:W1003 07:03:33.914000 2083258 torch/_library/opaque_object.py:314] is_opaque_value is deprecated, use is_custom_class_obj instead
[rank1]:W1003 07:03:33.914000 2083258 torch/_library/opaque_object.py:314] is_opaque_value is deprecated, use is_custom_class_obj instead
[rank1]:W1003 07:03:33.914000 2083258 torch/_library/opaque_object.py:314] is_opaque_value is deprecated, use is_custom_class_obj instead
[rank1]:W1003 07:03:33.914000 2083258 torch/_library/opaque_object.py:314] is_opaque_value is deprecated, use is_custom_class_obj instead
[rank1]:W1003 07:03:33.914000 2083258 torch/_library/opaque_object.py:314] is_opaque_value is deprecated, use is_custom_class_obj instead
[rank1]:W1003 07:03:33.914000 2083258 torch/_library/opaque_object.py:314] is_opaque_value is deprecated, use is_custom_class_obj instead
[rank1]:W1003 07:03:33.914000 2083258 torch/_library/opaque_object.py:314] is_opaque_value is deprecated, use is_custom_class_obj instead
[rank1]:W1003 07:03:33.914000 2083258 torch/_library/opaque_object.py:314] is_opaque_value is deprecated, use is_custom_class_obj instead
[rank1]:W1003 07:03:33.914000 2083258 torch/_library/opaque_object.py:314] is_opaque_value is deprecated, use is_custom_class_obj instead
[rank1]:W1003 07:03:33.914000 2083258 torch/_library/opaque_object.py:314] is_opaque_value is deprecated, use is_custom_class_obj instead
[rank1]:W1003 07:03:33.914000 2083258 torch/_library/opaque_object.py:314] is_opaque_value is deprecated, use is_custom_class_obj instead
[rank1]:W1003 07:03:33.914000 2083258 torch/_library/opaque_object.py:314] is_opaque_value is deprecated, use is_custom_class_obj instead
[rank1]:W1003 07:03:33.914000 2083258 torch/_library/opaque_object.py:314] is_opaque_value is deprecated, use is_custom_class_obj instead
[rank1]:W1003 07:03:33.915000 2083258 torch/_library/opaque_object.py:314] is_opaque_value is deprecated, use is_custom_class_obj instead
[rank1]:W1003 07:03:33.915000 2083258 torch/_library/opaque_object.py:314] is_opaque_value is deprecated, use is_custom_class_obj instead
[rank1]:W1003 07:03:33.915000 2083258 torch/_library/opaque_object.py:314] is_opaque_value is deprecated, use is_custom_class_obj instead
[rank1]:W1003 07:03:33.915000 2083258 torch/_library/opaque_object.py:314] is_opaque_value is deprecated, use is_custom_class_obj instead
[rank1]:W1003 07:03:33.915000 2083258 torch/_library/opaque_object.py:314] is_opaque_value is deprecated, use is_custom_class_obj instead
[rank1]:W1003 07:03:33.915000 2083258 torch/_library/opaque_object.py:314] is_opaque_value is deprecated, use is_custom_class_obj instead
[rank1]:W1003 07:03:33.915000 2083258 torch/_library/opaque_object.py:314] is_opaque_value is deprecated, use is_custom_class_obj instead
[rank1]:W1003 07:03:33.915000 2083258 torch/_library/opaque_object.py:314] is_opaque_value is deprecated, use is_custom_class_obj instead
[rank1]:W1003 07:03:33.915000 2083258 torch/_library/opaque_object.py:314] is_opaque_value is deprecated, use is_custom_class_obj instead
[rank1]:W1003 07:03:33.915000 2083258 torch/_library/opaque_object.py:314] is_opaque_value is deprecated, use is_custom_class_obj instead
[rank1]:W1003 07:03:33.915000 2083258 torch/_library/opaque_object.py:314] is_opaque_value is deprecated, use is_custom_class_obj instead
[rank1]:W1003 07:03:33.915000 2083258 torch/_library/opaque_object.py:314] is_opaque_value is deprecated, use is_custom_class_obj instead
[rank1]:W1003 07:03:33.915000 2083258 torch/_library/opaque_object.py:314] is_opaque_value is deprecated, use is_custom_class_obj instead
[rank1]:W1003 07:03:33.915000 2083258 torch/_library/opaque_object.py:314] is_opaque_value is deprecated, use is_custom_class_obj instead
[rank1]:W1003 07:03:33.915000 2083258 torch/_library/opaque_object.py:314] is_opaque_value is deprecated, use is_custom_class_obj instead
[rank1]:W1003 07:03:33.915000 2083258 torch/_library/opaque_object.py:314] is_opaque_value is deprecated, use is_custom_class_obj instead
[rank1]:W1003 07:03:33.915000 2083258 torch/_library/opaque_object.py:314] is_opaque_value is deprecated, use is_custom_class_obj instead
[rank1]:W1003 07:03:33.915000 2083258 torch/_library/opaque_object.py:314] is_opaque_value is deprecated, use is_custom_class_obj instead
[rank1]:W1003 07:03:33.915000 2083258 torch/_library/opaque_object.py:314] is_opaque_value is deprecated, use is_custom_class_obj instead
[rank1]:W1003 07:03:33.915000 2083258 torch/_library/opaque_object.py:314] is_opaque_value is deprecated, use is_custom_class_obj instead
[titan] 2026-10-03 07:03:34,372 - root - INFO - [31mstep:  1  [32mloss: 12.44104  [38;2;180;60;0mgrad_norm:  4.8355  [38;2;54;234;195mmemory: 16.53GiB(11.82%)  [34mtps: 329  [36mtflops: 5.19  [35mmfu: 0.52%[39m
[titan] 2026-10-03 07:03:34,372 - root - INFO - [31mstep:  1  [32mloss: 12.44104  [38;2;180;60;0mgrad_norm:  4.8355  [38;2;54;234;195mmemory: 16.53GiB(11.82%)  [34mtps: 330  [36mtflops: 5.21  [35mmfu: 0.53%[39m
[titan] 2026-10-03 07:03:34,373 - root - INFO - Synchronizing and adjusting timeout for all ProcessGroups to 0:01:40
[titan] 2026-10-03 07:03:34,373 - root - INFO - Synchronizing and adjusting timeout for all ProcessGroups to 0:01:40
/scratch/specforge-torchtitan-20261003/venv/lib/python3.12/site-packages/torch/distributed/c10d_logger.py:83: UserWarning: barrier(): using the device under current context. You can specify `device_id` in `init_process_group` to mute this warning.
  return func(*args, **kwargs)
[titan] 2026-10-03 07:03:40,458 - root - INFO - Training completed
[titan] 2026-10-03 07:03:40,458 - root - INFO - Sleeping 2 seconds for other ranks to complete
[titan] 2026-10-03 07:03:42,458 - root - INFO - Training completed
{
  "output": "/scratch/specforge-torchtitan-20261003/extension-bench-p5/dflash2-graph-full-1.json",
  "optimizer_step_seconds_mean": 0.20995467342436314,
  "optimizer_step_seconds_median": 0.20950476732105017,
  "optimizer_step_seconds_p95": 0.2120733056217432,
  "input_context_tokens_per_second": 78035.89095101705
}
