W1003 07:19:54.576000 2087759 torch/utils/_pytree.py:630] <enum 'KernelPreference'> is an Enum subclass and is now natively supported by torch.compile as an opaque value type. Calling register_constant() on Enum subclasses is deprecated and will be an error in a future release.
W1003 07:19:54.577000 2087760 torch/utils/_pytree.py:630] <enum 'KernelPreference'> is an Enum subclass and is now natively supported by torch.compile as an opaque value type. Calling register_constant() on Enum subclasses is deprecated and will be an error in a future release.
W1003 07:19:54.603000 2087759 torch/utils/_pytree.py:630] <enum 'ScaleCalculationMode'> is an Enum subclass and is now natively supported by torch.compile as an opaque value type. Calling register_constant() on Enum subclasses is deprecated and will be an error in a future release.
W1003 07:19:54.604000 2087760 torch/utils/_pytree.py:630] <enum 'ScaleCalculationMode'> is an Enum subclass and is now natively supported by torch.compile as an opaque value type. Calling register_constant() on Enum subclasses is deprecated and will be an error in a future release.
/scratch/specforge-torchtitan-20261003/extension-bench-source-p5/specforge/modeling/draft/llama3_eagle.py:33: UserWarning: flash_attn is not found, falling back to flex_attention. Please install flash_attn if you want to use the flash attention backend.
  warnings.warn(
/scratch/specforge-torchtitan-20261003/extension-bench-source-p5/specforge/modeling/draft/llama3_eagle.py:33: UserWarning: flash_attn is not found, falling back to flex_attention. Please install flash_attn if you want to use the flash attention backend.
  warnings.warn(
initial_load_model_only=True has no effect without an initial_load_path.
[titan] 2026-10-03 07:20:15,814 - root - WARNING - ENV[TORCH_NCCL_ASYNC_ERROR_HANDLING] = 1 will be overridden to 3 based on job config
[titan] 2026-10-03 07:20:15,821 - root - INFO - Building device mesh with parallelism: pp=1, dp_replicate=1, dp_shard=2, cp=1, tp=1, ep=1
[titan] 2026-10-03 07:20:15,825 - root - INFO - Successfully created meshes with active dimensions: ['batch', 'loss', 'fsdp']
[titan] 2026-10-03 07:20:15,826 - root - INFO - [GC] Initial GC collection took 0.00 seconds
[titan] 2026-10-03 07:20:15,827 - root - INFO - Building specforge dflash
[titan] 2026-10-03 07:20:15,834 - root - INFO - CUDA capacity: NVIDIA H200 with 139.80GiB memory
[titan] 2026-10-03 07:20:15,835 - root - WARNING - Error running lspci: [Errno 2] No such file or directory: 'lspci', fallback to use device_name
[titan] 2026-10-03 07:20:15,836 - root - INFO - [34mModel specforge dflash [31msize: 1,315,339,520 total parameters[39m
initial_load_model_only=True has no effect without an initial_load_path.
[titan] 2026-10-03 07:20:15,858 - root - WARNING - ENV[TORCH_NCCL_ASYNC_ERROR_HANDLING] = 1 will be overridden to 3 based on job config
[titan] 2026-10-03 07:20:15,859 - root - INFO - Applied Data Parallel (simple_fsdp) (dp mode=fully_shard) to the model
[titan] 2026-10-03 07:20:15,860 - root - INFO - aot_fx_trace compile mode: graph capture will happen at training time
[titan] 2026-10-03 07:20:15,865 - root - INFO - Building device mesh with parallelism: pp=1, dp_replicate=1, dp_shard=2, cp=1, tp=1, ep=1
[titan] 2026-10-03 07:20:15,869 - root - INFO - Successfully created meshes with active dimensions: ['batch', 'loss', 'fsdp']
[titan] 2026-10-03 07:20:15,870 - root - INFO - [GC] Initial GC collection took 0.00 seconds
[titan] 2026-10-03 07:20:15,871 - root - INFO - Building specforge dflash
[titan] 2026-10-03 07:20:15,878 - root - INFO - CUDA capacity: NVIDIA H200 with 139.80GiB memory
[titan] 2026-10-03 07:20:15,879 - root - WARNING - Error running lspci: [Errno 2] No such file or directory: 'lspci', fallback to use device_name
[titan] 2026-10-03 07:20:15,879 - root - INFO - [34mModel specforge dflash [31msize: 1,315,339,520 total parameters[39m
[titan] 2026-10-03 07:20:15,903 - root - INFO - Applied Data Parallel (simple_fsdp) (dp mode=fully_shard) to the model
[titan] 2026-10-03 07:20:15,903 - root - INFO - aot_fx_trace compile mode: graph capture will happen at training time
[titan] 2026-10-03 07:20:27,525 - root - WARNING - Error running lspci: [Errno 2] No such file or directory: 'lspci', fallback to use device_name
[titan] 2026-10-03 07:20:27,525 - root - INFO - Peak FLOPS used for computing MFU: 9.890e+14
[titan] 2026-10-03 07:20:27,525 - root - INFO - CUDA memory usage for model: 5.41GiB(3.87%)
[titan] 2026-10-03 07:20:27,526 - root - INFO - Optimizer AdamW (model_part=0): 58 params [.*] {'fused': True, 'foreach': False, 'lr': 0.0001, 'betas': (0.9, 0.999), 'eps': 1e-08, 'weight_decay': 0.0}
[titan] 2026-10-03 07:20:27,526 - root - WARNING - initial_load_model_only=True has no effect without an initial_load_path.
[titan] 2026-10-03 07:20:27,526 - root - INFO - Trainer is initialized with local batch size 1, global batch size 4, gradient accumulation steps 2, sequence length 4096, total steps 30 (warmup 0)
[titan] 2026-10-03 07:20:27,527 - root - INFO - NUMA binding applied for GPU 0
[titan] 2026-10-03 07:20:27,527 - root - WARNING - Error running lspci: [Errno 2] No such file or directory: 'lspci', fallback to use device_name
[titan] 2026-10-03 07:20:27,527 - root - INFO - Peak FLOPS used for computing MFU: 9.890e+14
[titan] 2026-10-03 07:20:27,528 - root - INFO - CUDA memory usage for model: 5.41GiB(3.87%)
[titan] 2026-10-03 07:20:27,528 - root - INFO - Optimizer AdamW (model_part=0): 58 params [.*] {'fused': True, 'foreach': False, 'lr': 0.0001, 'betas': (0.9, 0.999), 'eps': 1e-08, 'weight_decay': 0.0}
[titan] 2026-10-03 07:20:27,529 - root - WARNING - initial_load_model_only=True has no effect without an initial_load_path.
[titan] 2026-10-03 07:20:27,529 - root - INFO - Trainer is initialized with local batch size 1, global batch size 4, gradient accumulation steps 2, sequence length 4096, total steps 30 (warmup 0)
[titan] 2026-10-03 07:20:27,529 - root - INFO - NUMA binding applied for GPU 1
[titan] 2026-10-03 07:20:27,684 - root - INFO - Training starts at step 1
[titan] 2026-10-03 07:20:27,684 - root - INFO - Training starts at step 1
/scratch/specforge-torchtitan-20261003/venv/lib/python3.12/site-packages/torch/distributed/c10d_logger.py:83: UserWarning: barrier(): using the device under current context. You can specify `device_id` in `init_process_group` to mute this warning.
  return func(*args, **kwargs)
/scratch/specforge-torchtitan-20261003/venv/lib/python3.12/site-packages/torch/nn/attention/flex_attention.py:2596: UserWarning: flex_attention called without torch.compile() - this will use an unfused implementation that materializes the full scores matrix instead of generating a fused kernel.

SOLUTION: Use torch.compile(flex_attention)(...)

If you want to debug your score_mod/mask_mod, you can set:
torch.nn.attention.flex_attention._FLEX_ATTENTION_DISABLE_COMPILE_DEBUG = True

This will allow you to use print statements or breakpoints. Note: This doesn't work with the backwards pass and may produce incorrect results.
  _warn_once(
/scratch/specforge-torchtitan-20261003/venv/lib/python3.12/site-packages/torch/nn/attention/flex_attention.py:2596: UserWarning: flex_attention called without torch.compile() - this will use an unfused implementation that materializes the full scores matrix instead of generating a fused kernel.

SOLUTION: Use torch.compile(flex_attention)(...)

If you want to debug your score_mod/mask_mod, you can set:
torch.nn.attention.flex_attention._FLEX_ATTENTION_DISABLE_COMPILE_DEBUG = True

This will allow you to use print statements or breakpoints. Note: This doesn't work with the backwards pass and may produce incorrect results.
  _warn_once(
[titan] 2026-10-03 07:20:30,582 - root - INFO - minimal_fx_tracer took 2.889s
[titan] 2026-10-03 07:20:30,583 - root - INFO - Applying 10 graph passes:
  1. functionalize_fused_kernels
  2. eliminate_dead_code_pass
  3. canonicalize_graph_pass
  4. deduplicate_fsdp_unshard_chains_pass
  5. tag_with_memory_policy_pass
  6. apply_cpu_offload_pass
  7. selective_activation_remat_pass
  8. joint_transformer_block_bucketing_reordering_pass
  9. full_inductor_compilation_pass
  10. cudagraph_pass
[titan] 2026-10-03 07:20:30,583 - root - INFO - minimal_fx_tracer took 2.890s
[titan] 2026-10-03 07:20:30,583 - root - INFO - Applying 10 graph passes:
  1. functionalize_fused_kernels
  2. eliminate_dead_code_pass
  3. canonicalize_graph_pass
  4. deduplicate_fsdp_unshard_chains_pass
  5. tag_with_memory_policy_pass
  6. apply_cpu_offload_pass
  7. selective_activation_remat_pass
  8. joint_transformer_block_bucketing_reordering_pass
  9. full_inductor_compilation_pass
  10. cudagraph_pass
[titan] 2026-10-03 07:20:30,674 - root - INFO - Eliminated dead code from the graph
[titan] 2026-10-03 07:20:30,675 - root - INFO - Eliminated dead code from the graph
[titan] 2026-10-03 07:20:30,743 - root - INFO - Removed 120 identity view/reshape node(s) from the graph
[titan] 2026-10-03 07:20:30,744 - root - INFO - Removed 120 identity view/reshape node(s) from the graph
[titan] 2026-10-03 07:20:30,809 - root - INFO - Removed 141 back-to-back transpose node(s) from the graph
[titan] 2026-10-03 07:20:30,810 - root - INFO - Removed 48 identity slice node(s)
[titan] 2026-10-03 07:20:30,810 - root - INFO - Removed 141 back-to-back transpose node(s) from the graph
[titan] 2026-10-03 07:20:30,810 - root - INFO - Removed 48 identity slice node(s)
[titan] 2026-10-03 07:20:30,937 - root - INFO - Normalized 337 view op(s) to reshape
[titan] 2026-10-03 07:20:30,938 - root - INFO - Normalized 337 view op(s) to reshape
[titan] 2026-10-03 07:20:31,006 - root - INFO - Applied selective activation checkpointing (SAC) graph pass.
[titan] 2026-10-03 07:20:31,006 - root - INFO -   Forced 7 nodes to MUST_SAVE at layer boundaries
[titan] 2026-10-03 07:20:31,006 - root - INFO -   Layer non-layer: 8 MUST_SAVE, 40 RECOMPUTE
[titan] 2026-10-03 07:20:31,007 - root - INFO -   Layer 0: 24 MUST_SAVE, 117 RECOMPUTE
[titan] 2026-10-03 07:20:31,007 - root - INFO -   Layer 1: 24 MUST_SAVE, 118 RECOMPUTE
[titan] 2026-10-03 07:20:31,007 - root - INFO -   Layer 2: 24 MUST_SAVE, 118 RECOMPUTE
[titan] 2026-10-03 07:20:31,007 - root - INFO -   Layer 3: 24 MUST_SAVE, 118 RECOMPUTE
[titan] 2026-10-03 07:20:31,007 - root - INFO -   Layer 4: 23 MUST_SAVE, 119 RECOMPUTE
[titan] 2026-10-03 07:20:31,007 - root - INFO - Applied selective activation checkpointing (SAC) graph pass.
[titan] 2026-10-03 07:20:31,007 - root - INFO -   Forced 7 nodes to MUST_SAVE at layer boundaries
[titan] 2026-10-03 07:20:31,007 - root - INFO -   Layer non-layer: 8 MUST_SAVE, 40 RECOMPUTE
[titan] 2026-10-03 07:20:31,007 - root - INFO -   Layer 0: 24 MUST_SAVE, 117 RECOMPUTE
[titan] 2026-10-03 07:20:31,007 - root - INFO -   Layer 1: 24 MUST_SAVE, 118 RECOMPUTE
[titan] 2026-10-03 07:20:31,007 - root - INFO -   Layer 2: 24 MUST_SAVE, 118 RECOMPUTE
[titan] 2026-10-03 07:20:31,007 - root - INFO -   Layer 3: 24 MUST_SAVE, 118 RECOMPUTE
[titan] 2026-10-03 07:20:31,007 - root - INFO -   Layer 4: 23 MUST_SAVE, 119 RECOMPUTE
[titan] 2026-10-03 07:20:31,818 - root - INFO - FSDP reorder: 11 overlap deps across 11 target nodes
[titan] 2026-10-03 07:20:31,831 - root - INFO - FSDP reorder: 11 overlap deps across 11 target nodes
[titan] 2026-10-03 07:20:33,655 - root - INFO - Applied cudagraph pass.
[titan] 2026-10-03 07:20:33,655 - root - INFO - All 10 graph passes took 3.072s
[titan] 2026-10-03 07:20:33,694 - root - INFO - Applied cudagraph pass.
[titan] 2026-10-03 07:20:33,694 - root - INFO - All 10 graph passes took 3.112s
[rank1]:W1003 07:20:34.038000 2087760 torch/_library/opaque_object.py:314] is_opaque_value is deprecated, use is_custom_class_obj instead
[rank1]:W1003 07:20:34.038000 2087760 torch/_library/opaque_object.py:314] is_opaque_value is deprecated, use is_custom_class_obj instead
[rank1]:W1003 07:20:34.038000 2087760 torch/_library/opaque_object.py:314] is_opaque_value is deprecated, use is_custom_class_obj instead
[rank1]:W1003 07:20:34.038000 2087760 torch/_library/opaque_object.py:314] is_opaque_value is deprecated, use is_custom_class_obj instead
[rank1]:W1003 07:20:34.038000 2087760 torch/_library/opaque_object.py:314] is_opaque_value is deprecated, use is_custom_class_obj instead
[rank1]:W1003 07:20:34.038000 2087760 torch/_library/opaque_object.py:314] is_opaque_value is deprecated, use is_custom_class_obj instead
[rank1]:W1003 07:20:34.038000 2087760 torch/_library/opaque_object.py:314] is_opaque_value is deprecated, use is_custom_class_obj instead
[rank1]:W1003 07:20:34.038000 2087760 torch/_library/opaque_object.py:314] is_opaque_value is deprecated, use is_custom_class_obj instead
[rank1]:W1003 07:20:34.038000 2087760 torch/_library/opaque_object.py:314] is_opaque_value is deprecated, use is_custom_class_obj instead
[rank1]:W1003 07:20:34.038000 2087760 torch/_library/opaque_object.py:314] is_opaque_value is deprecated, use is_custom_class_obj instead
[rank1]:W1003 07:20:34.038000 2087760 torch/_library/opaque_object.py:314] is_opaque_value is deprecated, use is_custom_class_obj instead
[rank1]:W1003 07:20:34.038000 2087760 torch/_library/opaque_object.py:314] is_opaque_value is deprecated, use is_custom_class_obj instead
[rank1]:W1003 07:20:34.038000 2087760 torch/_library/opaque_object.py:314] is_opaque_value is deprecated, use is_custom_class_obj instead
[rank1]:W1003 07:20:34.038000 2087760 torch/_library/opaque_object.py:314] is_opaque_value is deprecated, use is_custom_class_obj instead
[rank1]:W1003 07:20:34.038000 2087760 torch/_library/opaque_object.py:314] is_opaque_value is deprecated, use is_custom_class_obj instead
[rank1]:W1003 07:20:34.039000 2087760 torch/_library/opaque_object.py:314] is_opaque_value is deprecated, use is_custom_class_obj instead
[rank1]:W1003 07:20:34.039000 2087760 torch/_library/opaque_object.py:314] is_opaque_value is deprecated, use is_custom_class_obj instead
[rank1]:W1003 07:20:34.039000 2087760 torch/_library/opaque_object.py:314] is_opaque_value is deprecated, use is_custom_class_obj instead
[rank1]:W1003 07:20:34.039000 2087760 torch/_library/opaque_object.py:314] is_opaque_value is deprecated, use is_custom_class_obj instead
[rank1]:W1003 07:20:34.039000 2087760 torch/_library/opaque_object.py:314] is_opaque_value is deprecated, use is_custom_class_obj instead
[rank1]:W1003 07:20:34.039000 2087760 torch/_library/opaque_object.py:314] is_opaque_value is deprecated, use is_custom_class_obj instead
[rank1]:W1003 07:20:34.039000 2087760 torch/_library/opaque_object.py:314] is_opaque_value is deprecated, use is_custom_class_obj instead
[rank1]:W1003 07:20:34.039000 2087760 torch/_library/opaque_object.py:314] is_opaque_value is deprecated, use is_custom_class_obj instead
[rank1]:W1003 07:20:34.039000 2087760 torch/_library/opaque_object.py:314] is_opaque_value is deprecated, use is_custom_class_obj instead
[rank1]:W1003 07:20:34.039000 2087760 torch/_library/opaque_object.py:314] is_opaque_value is deprecated, use is_custom_class_obj instead
[rank1]:W1003 07:20:34.039000 2087760 torch/_library/opaque_object.py:314] is_opaque_value is deprecated, use is_custom_class_obj instead
[rank1]:W1003 07:20:34.039000 2087760 torch/_library/opaque_object.py:314] is_opaque_value is deprecated, use is_custom_class_obj instead
[rank1]:W1003 07:20:34.039000 2087760 torch/_library/opaque_object.py:314] is_opaque_value is deprecated, use is_custom_class_obj instead
[rank1]:W1003 07:20:34.039000 2087760 torch/_library/opaque_object.py:314] is_opaque_value is deprecated, use is_custom_class_obj instead
[rank1]:W1003 07:20:34.039000 2087760 torch/_library/opaque_object.py:314] is_opaque_value is deprecated, use is_custom_class_obj instead
[rank1]:W1003 07:20:34.039000 2087760 torch/_library/opaque_object.py:314] is_opaque_value is deprecated, use is_custom_class_obj instead
[rank1]:W1003 07:20:34.039000 2087760 torch/_library/opaque_object.py:314] is_opaque_value is deprecated, use is_custom_class_obj instead
[rank1]:W1003 07:20:34.039000 2087760 torch/_library/opaque_object.py:314] is_opaque_value is deprecated, use is_custom_class_obj instead
[rank1]:W1003 07:20:34.039000 2087760 torch/_library/opaque_object.py:314] is_opaque_value is deprecated, use is_custom_class_obj instead
[rank1]:W1003 07:20:34.039000 2087760 torch/_library/opaque_object.py:314] is_opaque_value is deprecated, use is_custom_class_obj instead
[rank1]:W1003 07:20:34.039000 2087760 torch/_library/opaque_object.py:314] is_opaque_value is deprecated, use is_custom_class_obj instead
[rank1]:W1003 07:20:34.039000 2087760 torch/_library/opaque_object.py:314] is_opaque_value is deprecated, use is_custom_class_obj instead
[rank1]:W1003 07:20:34.039000 2087760 torch/_library/opaque_object.py:314] is_opaque_value is deprecated, use is_custom_class_obj instead
[rank1]:W1003 07:20:34.039000 2087760 torch/_library/opaque_object.py:314] is_opaque_value is deprecated, use is_custom_class_obj instead
[rank1]:W1003 07:20:34.039000 2087760 torch/_library/opaque_object.py:314] is_opaque_value is deprecated, use is_custom_class_obj instead
[rank1]:W1003 07:20:34.039000 2087760 torch/_library/opaque_object.py:314] is_opaque_value is deprecated, use is_custom_class_obj instead
[rank1]:W1003 07:20:34.039000 2087760 torch/_library/opaque_object.py:314] is_opaque_value is deprecated, use is_custom_class_obj instead
[rank1]:W1003 07:20:34.039000 2087760 torch/_library/opaque_object.py:314] is_opaque_value is deprecated, use is_custom_class_obj instead
[rank1]:W1003 07:20:34.039000 2087760 torch/_library/opaque_object.py:314] is_opaque_value is deprecated, use is_custom_class_obj instead
[rank1]:W1003 07:20:34.039000 2087760 torch/_library/opaque_object.py:314] is_opaque_value is deprecated, use is_custom_class_obj instead
[rank1]:W1003 07:20:34.039000 2087760 torch/_library/opaque_object.py:314] is_opaque_value is deprecated, use is_custom_class_obj instead
[rank1]:W1003 07:20:34.039000 2087760 torch/_library/opaque_object.py:314] is_opaque_value is deprecated, use is_custom_class_obj instead
[rank1]:W1003 07:20:34.039000 2087760 torch/_library/opaque_object.py:314] is_opaque_value is deprecated, use is_custom_class_obj instead
[rank1]:W1003 07:20:34.039000 2087760 torch/_library/opaque_object.py:314] is_opaque_value is deprecated, use is_custom_class_obj instead
[rank1]:W1003 07:20:34.039000 2087760 torch/_library/opaque_object.py:314] is_opaque_value is deprecated, use is_custom_class_obj instead
[rank1]:W1003 07:20:34.039000 2087760 torch/_library/opaque_object.py:314] is_opaque_value is deprecated, use is_custom_class_obj instead
[rank1]:W1003 07:20:34.039000 2087760 torch/_library/opaque_object.py:314] is_opaque_value is deprecated, use is_custom_class_obj instead
[rank1]:W1003 07:20:34.039000 2087760 torch/_library/opaque_object.py:314] is_opaque_value is deprecated, use is_custom_class_obj instead
[rank1]:W1003 07:20:34.039000 2087760 torch/_library/opaque_object.py:314] is_opaque_value is deprecated, use is_custom_class_obj instead
[rank1]:W1003 07:20:34.039000 2087760 torch/_library/opaque_object.py:314] is_opaque_value is deprecated, use is_custom_class_obj instead
[rank1]:W1003 07:20:34.039000 2087760 torch/_library/opaque_object.py:314] is_opaque_value is deprecated, use is_custom_class_obj instead
[rank1]:W1003 07:20:34.039000 2087760 torch/_library/opaque_object.py:314] is_opaque_value is deprecated, use is_custom_class_obj instead
[rank1]:W1003 07:20:34.039000 2087760 torch/_library/opaque_object.py:314] is_opaque_value is deprecated, use is_custom_class_obj instead
[rank0]:W1003 07:20:34.041000 2087759 torch/_library/opaque_object.py:314] is_opaque_value is deprecated, use is_custom_class_obj instead
[rank0]:W1003 07:20:34.041000 2087759 torch/_library/opaque_object.py:314] is_opaque_value is deprecated, use is_custom_class_obj instead
[rank0]:W1003 07:20:34.041000 2087759 torch/_library/opaque_object.py:314] is_opaque_value is deprecated, use is_custom_class_obj instead
[rank0]:W1003 07:20:34.041000 2087759 torch/_library/opaque_object.py:314] is_opaque_value is deprecated, use is_custom_class_obj instead
[rank0]:W1003 07:20:34.041000 2087759 torch/_library/opaque_object.py:314] is_opaque_value is deprecated, use is_custom_class_obj instead
[rank0]:W1003 07:20:34.041000 2087759 torch/_library/opaque_object.py:314] is_opaque_value is deprecated, use is_custom_class_obj instead
[rank0]:W1003 07:20:34.041000 2087759 torch/_library/opaque_object.py:314] is_opaque_value is deprecated, use is_custom_class_obj instead
[rank0]:W1003 07:20:34.041000 2087759 torch/_library/opaque_object.py:314] is_opaque_value is deprecated, use is_custom_class_obj instead
[rank0]:W1003 07:20:34.041000 2087759 torch/_library/opaque_object.py:314] is_opaque_value is deprecated, use is_custom_class_obj instead
[rank0]:W1003 07:20:34.041000 2087759 torch/_library/opaque_object.py:314] is_opaque_value is deprecated, use is_custom_class_obj instead
[rank0]:W1003 07:20:34.041000 2087759 torch/_library/opaque_object.py:314] is_opaque_value is deprecated, use is_custom_class_obj instead
[rank0]:W1003 07:20:34.041000 2087759 torch/_library/opaque_object.py:314] is_opaque_value is deprecated, use is_custom_class_obj instead
[rank0]:W1003 07:20:34.042000 2087759 torch/_library/opaque_object.py:314] is_opaque_value is deprecated, use is_custom_class_obj instead
[rank0]:W1003 07:20:34.042000 2087759 torch/_library/opaque_object.py:314] is_opaque_value is deprecated, use is_custom_class_obj instead
[rank0]:W1003 07:20:34.042000 2087759 torch/_library/opaque_object.py:314] is_opaque_value is deprecated, use is_custom_class_obj instead
[rank0]:W1003 07:20:34.042000 2087759 torch/_library/opaque_object.py:314] is_opaque_value is deprecated, use is_custom_class_obj instead
[rank0]:W1003 07:20:34.042000 2087759 torch/_library/opaque_object.py:314] is_opaque_value is deprecated, use is_custom_class_obj instead
[rank0]:W1003 07:20:34.042000 2087759 torch/_library/opaque_object.py:314] is_opaque_value is deprecated, use is_custom_class_obj instead
[rank0]:W1003 07:20:34.042000 2087759 torch/_library/opaque_object.py:314] is_opaque_value is deprecated, use is_custom_class_obj instead
[rank0]:W1003 07:20:34.042000 2087759 torch/_library/opaque_object.py:314] is_opaque_value is deprecated, use is_custom_class_obj instead
[rank0]:W1003 07:20:34.042000 2087759 torch/_library/opaque_object.py:314] is_opaque_value is deprecated, use is_custom_class_obj instead
[rank0]:W1003 07:20:34.042000 2087759 torch/_library/opaque_object.py:314] is_opaque_value is deprecated, use is_custom_class_obj instead
[rank0]:W1003 07:20:34.042000 2087759 torch/_library/opaque_object.py:314] is_opaque_value is deprecated, use is_custom_class_obj instead
[rank0]:W1003 07:20:34.042000 2087759 torch/_library/opaque_object.py:314] is_opaque_value is deprecated, use is_custom_class_obj instead
[rank0]:W1003 07:20:34.042000 2087759 torch/_library/opaque_object.py:314] is_opaque_value is deprecated, use is_custom_class_obj instead
[rank0]:W1003 07:20:34.042000 2087759 torch/_library/opaque_object.py:314] is_opaque_value is deprecated, use is_custom_class_obj instead
[rank0]:W1003 07:20:34.042000 2087759 torch/_library/opaque_object.py:314] is_opaque_value is deprecated, use is_custom_class_obj instead
[rank0]:W1003 07:20:34.042000 2087759 torch/_library/opaque_object.py:314] is_opaque_value is deprecated, use is_custom_class_obj instead
[rank0]:W1003 07:20:34.042000 2087759 torch/_library/opaque_object.py:314] is_opaque_value is deprecated, use is_custom_class_obj instead
[rank0]:W1003 07:20:34.042000 2087759 torch/_library/opaque_object.py:314] is_opaque_value is deprecated, use is_custom_class_obj instead
[rank0]:W1003 07:20:34.042000 2087759 torch/_library/opaque_object.py:314] is_opaque_value is deprecated, use is_custom_class_obj instead
[rank0]:W1003 07:20:34.042000 2087759 torch/_library/opaque_object.py:314] is_opaque_value is deprecated, use is_custom_class_obj instead
[rank0]:W1003 07:20:34.042000 2087759 torch/_library/opaque_object.py:314] is_opaque_value is deprecated, use is_custom_class_obj instead
[rank0]:W1003 07:20:34.042000 2087759 torch/_library/opaque_object.py:314] is_opaque_value is deprecated, use is_custom_class_obj instead
[rank0]:W1003 07:20:34.042000 2087759 torch/_library/opaque_object.py:314] is_opaque_value is deprecated, use is_custom_class_obj instead
[rank0]:W1003 07:20:34.042000 2087759 torch/_library/opaque_object.py:314] is_opaque_value is deprecated, use is_custom_class_obj instead
[rank0]:W1003 07:20:34.042000 2087759 torch/_library/opaque_object.py:314] is_opaque_value is deprecated, use is_custom_class_obj instead
[rank0]:W1003 07:20:34.042000 2087759 torch/_library/opaque_object.py:314] is_opaque_value is deprecated, use is_custom_class_obj instead
[rank0]:W1003 07:20:34.042000 2087759 torch/_library/opaque_object.py:314] is_opaque_value is deprecated, use is_custom_class_obj instead
[rank0]:W1003 07:20:34.042000 2087759 torch/_library/opaque_object.py:314] is_opaque_value is deprecated, use is_custom_class_obj instead
[rank0]:W1003 07:20:34.042000 2087759 torch/_library/opaque_object.py:314] is_opaque_value is deprecated, use is_custom_class_obj instead
[rank0]:W1003 07:20:34.042000 2087759 torch/_library/opaque_object.py:314] is_opaque_value is deprecated, use is_custom_class_obj instead
[rank0]:W1003 07:20:34.042000 2087759 torch/_library/opaque_object.py:314] is_opaque_value is deprecated, use is_custom_class_obj instead
[rank0]:W1003 07:20:34.042000 2087759 torch/_library/opaque_object.py:314] is_opaque_value is deprecated, use is_custom_class_obj instead
[rank0]:W1003 07:20:34.042000 2087759 torch/_library/opaque_object.py:314] is_opaque_value is deprecated, use is_custom_class_obj instead
[rank0]:W1003 07:20:34.042000 2087759 torch/_library/opaque_object.py:314] is_opaque_value is deprecated, use is_custom_class_obj instead
[rank0]:W1003 07:20:34.042000 2087759 torch/_library/opaque_object.py:314] is_opaque_value is deprecated, use is_custom_class_obj instead
[rank0]:W1003 07:20:34.042000 2087759 torch/_library/opaque_object.py:314] is_opaque_value is deprecated, use is_custom_class_obj instead
[rank0]:W1003 07:20:34.042000 2087759 torch/_library/opaque_object.py:314] is_opaque_value is deprecated, use is_custom_class_obj instead
[rank0]:W1003 07:20:34.042000 2087759 torch/_library/opaque_object.py:314] is_opaque_value is deprecated, use is_custom_class_obj instead
[rank0]:W1003 07:20:34.042000 2087759 torch/_library/opaque_object.py:314] is_opaque_value is deprecated, use is_custom_class_obj instead
[rank0]:W1003 07:20:34.042000 2087759 torch/_library/opaque_object.py:314] is_opaque_value is deprecated, use is_custom_class_obj instead
[rank0]:W1003 07:20:34.042000 2087759 torch/_library/opaque_object.py:314] is_opaque_value is deprecated, use is_custom_class_obj instead
[rank0]:W1003 07:20:34.042000 2087759 torch/_library/opaque_object.py:314] is_opaque_value is deprecated, use is_custom_class_obj instead
[rank0]:W1003 07:20:34.042000 2087759 torch/_library/opaque_object.py:314] is_opaque_value is deprecated, use is_custom_class_obj instead
[rank0]:W1003 07:20:34.042000 2087759 torch/_library/opaque_object.py:314] is_opaque_value is deprecated, use is_custom_class_obj instead
[rank0]:W1003 07:20:34.042000 2087759 torch/_library/opaque_object.py:314] is_opaque_value is deprecated, use is_custom_class_obj instead
[rank0]:W1003 07:20:34.042000 2087759 torch/_library/opaque_object.py:314] is_opaque_value is deprecated, use is_custom_class_obj instead
[titan] 2026-10-03 07:20:34,426 - root - INFO - [31mstep:  1  [32mloss: 12.44202  [38;2;180;60;0mgrad_norm:  3.2602  [38;2;54;234;195mmemory: 16.80GiB(12.02%)  [34mtps: 442  [36mtflops: 6.87  [35mmfu: 0.69%[39m
[titan] 2026-10-03 07:20:34,426 - root - INFO - [31mstep:  1  [32mloss: 12.44202  [38;2;180;60;0mgrad_norm:  3.2602  [38;2;54;234;195mmemory: 16.80GiB(12.02%)  [34mtps: 441  [36mtflops: 6.86  [35mmfu: 0.69%[39m
[titan] 2026-10-03 07:20:34,427 - root - INFO - Synchronizing and adjusting timeout for all ProcessGroups to 0:01:40
[titan] 2026-10-03 07:20:34,427 - root - INFO - Synchronizing and adjusting timeout for all ProcessGroups to 0:01:40
/scratch/specforge-torchtitan-20261003/venv/lib/python3.12/site-packages/torch/distributed/c10d_logger.py:83: UserWarning: barrier(): using the device under current context. You can specify `device_id` in `init_process_group` to mute this warning.
  return func(*args, **kwargs)
[titan] 2026-10-03 07:20:40,834 - root - INFO - Training completed
[titan] 2026-10-03 07:20:40,834 - root - INFO - Sleeping 2 seconds for other ranks to complete
[titan] 2026-10-03 07:20:42,834 - root - INFO - Training completed
{
  "output": "/scratch/specforge-torchtitan-20261003/extension-bench-p5/dflash-graph-full-3.json",
  "optimizer_step_seconds_mean": 0.22085298411548138,
  "optimizer_step_seconds_median": 0.22136363945901394,
  "optimizer_step_seconds_p95": 0.2235221043229103,
  "input_context_tokens_per_second": 74185.09677656429
}
