W1003 07:05:33.292000 2083928 torch/utils/_pytree.py:630] <enum 'KernelPreference'> is an Enum subclass and is now natively supported by torch.compile as an opaque value type. Calling register_constant() on Enum subclasses is deprecated and will be an error in a future release.
W1003 07:05:33.293000 2083927 torch/utils/_pytree.py:630] <enum 'KernelPreference'> is an Enum subclass and is now natively supported by torch.compile as an opaque value type. Calling register_constant() on Enum subclasses is deprecated and will be an error in a future release.
W1003 07:05:33.319000 2083928 torch/utils/_pytree.py:630] <enum 'ScaleCalculationMode'> is an Enum subclass and is now natively supported by torch.compile as an opaque value type. Calling register_constant() on Enum subclasses is deprecated and will be an error in a future release.
W1003 07:05:33.320000 2083927 torch/utils/_pytree.py:630] <enum 'ScaleCalculationMode'> is an Enum subclass and is now natively supported by torch.compile as an opaque value type. Calling register_constant() on Enum subclasses is deprecated and will be an error in a future release.
/scratch/specforge-torchtitan-20261003/extension-bench-source-p5/specforge/modeling/draft/llama3_eagle.py:33: UserWarning: flash_attn is not found, falling back to flex_attention. Please install flash_attn if you want to use the flash attention backend.
  warnings.warn(
/scratch/specforge-torchtitan-20261003/extension-bench-source-p5/specforge/modeling/draft/llama3_eagle.py:33: UserWarning: flash_attn is not found, falling back to flex_attention. Please install flash_attn if you want to use the flash attention backend.
  warnings.warn(
initial_load_model_only=True has no effect without an initial_load_path.
[titan] 2026-10-03 07:05:55,599 - root - WARNING - ENV[TORCH_NCCL_ASYNC_ERROR_HANDLING] = 1 will be overridden to 3 based on job config
[titan] 2026-10-03 07:05:55,605 - root - INFO - Building device mesh with parallelism: pp=1, dp_replicate=1, dp_shard=2, cp=1, tp=1, ep=1
[titan] 2026-10-03 07:05:55,610 - root - INFO - Successfully created meshes with active dimensions: ['batch', 'loss', 'fsdp']
[titan] 2026-10-03 07:05:55,611 - root - INFO - [GC] Initial GC collection took 0.00 seconds
[titan] 2026-10-03 07:05:55,612 - root - INFO - Building specforge dspark
[titan] 2026-10-03 07:05:55,620 - root - INFO - CUDA capacity: NVIDIA H200 with 139.80GiB memory
[titan] 2026-10-03 07:05:55,621 - root - WARNING - Error running lspci: [Errno 2] No such file or directory: 'lspci', fallback to use device_name
[titan] 2026-10-03 07:05:55,621 - root - INFO - [34mModel specforge dspark [31msize: 1,393,133,569 total parameters[39m
initial_load_model_only=True has no effect without an initial_load_path.
[titan] 2026-10-03 07:05:55,650 - root - INFO - Applied Data Parallel (simple_fsdp) (dp mode=fully_shard) to the model
[titan] 2026-10-03 07:05:55,651 - root - WARNING - ENV[TORCH_NCCL_ASYNC_ERROR_HANDLING] = 1 will be overridden to 3 based on job config
[titan] 2026-10-03 07:05:55,651 - root - INFO - aot_fx_trace compile mode: graph capture will happen at training time
[titan] 2026-10-03 07:05:55,657 - root - INFO - Building device mesh with parallelism: pp=1, dp_replicate=1, dp_shard=2, cp=1, tp=1, ep=1
[titan] 2026-10-03 07:05:55,661 - root - INFO - Successfully created meshes with active dimensions: ['batch', 'loss', 'fsdp']
[titan] 2026-10-03 07:05:55,662 - root - INFO - [GC] Initial GC collection took 0.00 seconds
[titan] 2026-10-03 07:05:55,663 - root - INFO - Building specforge dspark
[titan] 2026-10-03 07:05:55,671 - root - INFO - CUDA capacity: NVIDIA H200 with 139.80GiB memory
[titan] 2026-10-03 07:05:55,672 - root - WARNING - Error running lspci: [Errno 2] No such file or directory: 'lspci', fallback to use device_name
[titan] 2026-10-03 07:05:55,672 - root - INFO - [34mModel specforge dspark [31msize: 1,393,133,569 total parameters[39m
[titan] 2026-10-03 07:05:55,702 - root - INFO - Applied Data Parallel (simple_fsdp) (dp mode=fully_shard) to the model
[titan] 2026-10-03 07:05:55,703 - root - INFO - aot_fx_trace compile mode: graph capture will happen at training time
[titan] 2026-10-03 07:06:08,181 - root - WARNING - Error running lspci: [Errno 2] No such file or directory: 'lspci', fallback to use device_name
[titan] 2026-10-03 07:06:08,181 - root - INFO - Peak FLOPS used for computing MFU: 9.890e+14
[titan] 2026-10-03 07:06:08,182 - root - INFO - CUDA memory usage for model: 5.76GiB(4.12%)
[titan] 2026-10-03 07:06:08,182 - root - INFO - Optimizer AdamW (model_part=0): 62 params [.*] {'fused': True, 'foreach': False, 'lr': 0.0001, 'betas': (0.9, 0.999), 'eps': 1e-08, 'weight_decay': 0.0}
[titan] 2026-10-03 07:06:08,183 - root - WARNING - initial_load_model_only=True has no effect without an initial_load_path.
[titan] 2026-10-03 07:06:08,183 - root - WARNING - Error running lspci: [Errno 2] No such file or directory: 'lspci', fallback to use device_name
[titan] 2026-10-03 07:06:08,183 - root - INFO - Trainer is initialized with local batch size 1, global batch size 4, gradient accumulation steps 2, sequence length 4096, total steps 30 (warmup 0)
[titan] 2026-10-03 07:06:08,183 - root - INFO - Peak FLOPS used for computing MFU: 9.890e+14
[titan] 2026-10-03 07:06:08,183 - root - INFO - CUDA memory usage for model: 5.76GiB(4.12%)
[titan] 2026-10-03 07:06:08,183 - root - INFO - NUMA binding applied for GPU 1
[titan] 2026-10-03 07:06:08,184 - root - INFO - Optimizer AdamW (model_part=0): 62 params [.*] {'fused': True, 'foreach': False, 'lr': 0.0001, 'betas': (0.9, 0.999), 'eps': 1e-08, 'weight_decay': 0.0}
[titan] 2026-10-03 07:06:08,184 - root - WARNING - initial_load_model_only=True has no effect without an initial_load_path.
[titan] 2026-10-03 07:06:08,184 - root - INFO - Trainer is initialized with local batch size 1, global batch size 4, gradient accumulation steps 2, sequence length 4096, total steps 30 (warmup 0)
[titan] 2026-10-03 07:06:08,185 - root - INFO - NUMA binding applied for GPU 0
[titan] 2026-10-03 07:06:08,339 - root - INFO - Training starts at step 1
[titan] 2026-10-03 07:06:08,339 - root - INFO - Training starts at step 1
/scratch/specforge-torchtitan-20261003/venv/lib/python3.12/site-packages/torch/distributed/c10d_logger.py:83: UserWarning: barrier(): using the device under current context. You can specify `device_id` in `init_process_group` to mute this warning.
  return func(*args, **kwargs)
/scratch/specforge-torchtitan-20261003/venv/lib/python3.12/site-packages/torch/nn/attention/flex_attention.py:2596: UserWarning: flex_attention called without torch.compile() - this will use an unfused implementation that materializes the full scores matrix instead of generating a fused kernel.

SOLUTION: Use torch.compile(flex_attention)(...)

If you want to debug your score_mod/mask_mod, you can set:
torch.nn.attention.flex_attention._FLEX_ATTENTION_DISABLE_COMPILE_DEBUG = True

This will allow you to use print statements or breakpoints. Note: This doesn't work with the backwards pass and may produce incorrect results.
  _warn_once(
/scratch/specforge-torchtitan-20261003/venv/lib/python3.12/site-packages/torch/nn/attention/flex_attention.py:2596: UserWarning: flex_attention called without torch.compile() - this will use an unfused implementation that materializes the full scores matrix instead of generating a fused kernel.

SOLUTION: Use torch.compile(flex_attention)(...)

If you want to debug your score_mod/mask_mod, you can set:
torch.nn.attention.flex_attention._FLEX_ATTENTION_DISABLE_COMPILE_DEBUG = True

This will allow you to use print statements or breakpoints. Note: This doesn't work with the backwards pass and may produce incorrect results.
  _warn_once(
[titan] 2026-10-03 07:06:11,761 - root - INFO - minimal_fx_tracer took 3.406s
[titan] 2026-10-03 07:06:11,762 - root - INFO - Applying 10 graph passes:
  1. functionalize_fused_kernels
  2. eliminate_dead_code_pass
  3. canonicalize_graph_pass
  4. deduplicate_fsdp_unshard_chains_pass
  5. tag_with_memory_policy_pass
  6. apply_cpu_offload_pass
  7. selective_activation_remat_pass
  8. joint_transformer_block_bucketing_reordering_pass
  9. full_inductor_compilation_pass
  10. cudagraph_pass
[titan] 2026-10-03 07:06:11,778 - root - INFO - minimal_fx_tracer took 3.423s
[titan] 2026-10-03 07:06:11,778 - root - INFO - Applying 10 graph passes:
  1. functionalize_fused_kernels
  2. eliminate_dead_code_pass
  3. canonicalize_graph_pass
  4. deduplicate_fsdp_unshard_chains_pass
  5. tag_with_memory_policy_pass
  6. apply_cpu_offload_pass
  7. selective_activation_remat_pass
  8. joint_transformer_block_bucketing_reordering_pass
  9. full_inductor_compilation_pass
  10. cudagraph_pass
[titan] 2026-10-03 07:06:11,874 - root - INFO - Eliminated dead code from the graph
[titan] 2026-10-03 07:06:11,889 - root - INFO - Eliminated dead code from the graph
[titan] 2026-10-03 07:06:11,957 - root - INFO - Removed 128 identity view/reshape node(s) from the graph
[titan] 2026-10-03 07:06:11,975 - root - INFO - Removed 128 identity view/reshape node(s) from the graph
[titan] 2026-10-03 07:06:12,035 - root - INFO - Removed 157 back-to-back transpose node(s) from the graph
[titan] 2026-10-03 07:06:12,036 - root - INFO - Removed 50 identity slice node(s)
[titan] 2026-10-03 07:06:12,054 - root - INFO - Removed 157 back-to-back transpose node(s) from the graph
[titan] 2026-10-03 07:06:12,055 - root - INFO - Removed 50 identity slice node(s)
[titan] 2026-10-03 07:06:12,188 - root - INFO - Normalized 422 view op(s) to reshape
[titan] 2026-10-03 07:06:12,208 - root - INFO - Normalized 422 view op(s) to reshape
[titan] 2026-10-03 07:06:12,269 - root - INFO - Applied selective activation checkpointing (SAC) graph pass.
[titan] 2026-10-03 07:06:12,269 - root - INFO -   Forced 7 nodes to MUST_SAVE at layer boundaries
[titan] 2026-10-03 07:06:12,269 - root - INFO -   Layer non-layer: 20 MUST_SAVE, 86 RECOMPUTE
[titan] 2026-10-03 07:06:12,269 - root - INFO -   Layer 0: 24 MUST_SAVE, 117 RECOMPUTE
[titan] 2026-10-03 07:06:12,269 - root - INFO -   Layer 1: 24 MUST_SAVE, 118 RECOMPUTE
[titan] 2026-10-03 07:06:12,269 - root - INFO -   Layer 2: 24 MUST_SAVE, 118 RECOMPUTE
[titan] 2026-10-03 07:06:12,269 - root - INFO -   Layer 3: 24 MUST_SAVE, 118 RECOMPUTE
[titan] 2026-10-03 07:06:12,269 - root - INFO -   Layer 4: 23 MUST_SAVE, 119 RECOMPUTE
[titan] 2026-10-03 07:06:12,290 - root - INFO - Applied selective activation checkpointing (SAC) graph pass.
[titan] 2026-10-03 07:06:12,290 - root - INFO -   Forced 7 nodes to MUST_SAVE at layer boundaries
[titan] 2026-10-03 07:06:12,290 - root - INFO -   Layer non-layer: 20 MUST_SAVE, 88 RECOMPUTE
[titan] 2026-10-03 07:06:12,290 - root - INFO -   Layer 0: 24 MUST_SAVE, 117 RECOMPUTE
[titan] 2026-10-03 07:06:12,290 - root - INFO -   Layer 1: 24 MUST_SAVE, 118 RECOMPUTE
[titan] 2026-10-03 07:06:12,290 - root - INFO -   Layer 2: 24 MUST_SAVE, 118 RECOMPUTE
[titan] 2026-10-03 07:06:12,290 - root - INFO -   Layer 3: 24 MUST_SAVE, 118 RECOMPUTE
[titan] 2026-10-03 07:06:12,290 - root - INFO -   Layer 4: 23 MUST_SAVE, 119 RECOMPUTE
[titan] 2026-10-03 07:06:13,187 - root - INFO - FSDP reorder: 11 overlap deps across 11 target nodes
[titan] 2026-10-03 07:06:13,202 - root - INFO - FSDP reorder: 11 overlap deps across 11 target nodes
[rank0]:W1003 07:06:42.411000 2083927 torch/_functorch/_aot_autograd/autograd_cache.py:1387] AOTAutograd cache unable to serialize compiled graph: cannot pickle 'torch._C._distributed_c10d.ProcessGroup' object
[titan] 2026-10-03 07:06:42,466 - root - INFO - Applied cudagraph pass.
[titan] 2026-10-03 07:06:42,466 - root - INFO - All 10 graph passes took 30.704s
[rank1]:W1003 07:06:42.590000 2083928 torch/_functorch/_aot_autograd/autograd_cache.py:1387] AOTAutograd cache unable to serialize compiled graph: cannot pickle 'torch._C._distributed_c10d.ProcessGroup' object
[titan] 2026-10-03 07:06:42,646 - root - INFO - Applied cudagraph pass.
[titan] 2026-10-03 07:06:42,647 - root - INFO - All 10 graph passes took 30.868s
[rank0]:W1003 07:06:42.943000 2083927 torch/_library/opaque_object.py:314] is_opaque_value is deprecated, use is_custom_class_obj instead
[rank0]:W1003 07:06:42.944000 2083927 torch/_library/opaque_object.py:314] is_opaque_value is deprecated, use is_custom_class_obj instead
[rank0]:W1003 07:06:42.944000 2083927 torch/_library/opaque_object.py:314] is_opaque_value is deprecated, use is_custom_class_obj instead
[rank0]:W1003 07:06:42.944000 2083927 torch/_library/opaque_object.py:314] is_opaque_value is deprecated, use is_custom_class_obj instead
[rank0]:W1003 07:06:42.944000 2083927 torch/_library/opaque_object.py:314] is_opaque_value is deprecated, use is_custom_class_obj instead
[rank0]:W1003 07:06:42.944000 2083927 torch/_library/opaque_object.py:314] is_opaque_value is deprecated, use is_custom_class_obj instead
[rank0]:W1003 07:06:42.944000 2083927 torch/_library/opaque_object.py:314] is_opaque_value is deprecated, use is_custom_class_obj instead
[rank0]:W1003 07:06:42.944000 2083927 torch/_library/opaque_object.py:314] is_opaque_value is deprecated, use is_custom_class_obj instead
[rank0]:W1003 07:06:42.944000 2083927 torch/_library/opaque_object.py:314] is_opaque_value is deprecated, use is_custom_class_obj instead
[rank0]:W1003 07:06:42.944000 2083927 torch/_library/opaque_object.py:314] is_opaque_value is deprecated, use is_custom_class_obj instead
[rank0]:W1003 07:06:42.944000 2083927 torch/_library/opaque_object.py:314] is_opaque_value is deprecated, use is_custom_class_obj instead
[rank0]:W1003 07:06:42.944000 2083927 torch/_library/opaque_object.py:314] is_opaque_value is deprecated, use is_custom_class_obj instead
[rank0]:W1003 07:06:42.944000 2083927 torch/_library/opaque_object.py:314] is_opaque_value is deprecated, use is_custom_class_obj instead
[rank0]:W1003 07:06:42.944000 2083927 torch/_library/opaque_object.py:314] is_opaque_value is deprecated, use is_custom_class_obj instead
[rank0]:W1003 07:06:42.944000 2083927 torch/_library/opaque_object.py:314] is_opaque_value is deprecated, use is_custom_class_obj instead
[rank0]:W1003 07:06:42.944000 2083927 torch/_library/opaque_object.py:314] is_opaque_value is deprecated, use is_custom_class_obj instead
[rank0]:W1003 07:06:42.944000 2083927 torch/_library/opaque_object.py:314] is_opaque_value is deprecated, use is_custom_class_obj instead
[rank0]:W1003 07:06:42.944000 2083927 torch/_library/opaque_object.py:314] is_opaque_value is deprecated, use is_custom_class_obj instead
[rank0]:W1003 07:06:42.944000 2083927 torch/_library/opaque_object.py:314] is_opaque_value is deprecated, use is_custom_class_obj instead
[rank0]:W1003 07:06:42.944000 2083927 torch/_library/opaque_object.py:314] is_opaque_value is deprecated, use is_custom_class_obj instead
[rank0]:W1003 07:06:42.944000 2083927 torch/_library/opaque_object.py:314] is_opaque_value is deprecated, use is_custom_class_obj instead
[rank0]:W1003 07:06:42.944000 2083927 torch/_library/opaque_object.py:314] is_opaque_value is deprecated, use is_custom_class_obj instead
[rank0]:W1003 07:06:42.944000 2083927 torch/_library/opaque_object.py:314] is_opaque_value is deprecated, use is_custom_class_obj instead
[rank0]:W1003 07:06:42.944000 2083927 torch/_library/opaque_object.py:314] is_opaque_value is deprecated, use is_custom_class_obj instead
[rank0]:W1003 07:06:42.944000 2083927 torch/_library/opaque_object.py:314] is_opaque_value is deprecated, use is_custom_class_obj instead
[rank0]:W1003 07:06:42.944000 2083927 torch/_library/opaque_object.py:314] is_opaque_value is deprecated, use is_custom_class_obj instead
[rank0]:W1003 07:06:42.944000 2083927 torch/_library/opaque_object.py:314] is_opaque_value is deprecated, use is_custom_class_obj instead
[rank0]:W1003 07:06:42.944000 2083927 torch/_library/opaque_object.py:314] is_opaque_value is deprecated, use is_custom_class_obj instead
[rank0]:W1003 07:06:42.944000 2083927 torch/_library/opaque_object.py:314] is_opaque_value is deprecated, use is_custom_class_obj instead
[rank0]:W1003 07:06:42.944000 2083927 torch/_library/opaque_object.py:314] is_opaque_value is deprecated, use is_custom_class_obj instead
[rank0]:W1003 07:06:42.944000 2083927 torch/_library/opaque_object.py:314] is_opaque_value is deprecated, use is_custom_class_obj instead
[rank0]:W1003 07:06:42.944000 2083927 torch/_library/opaque_object.py:314] is_opaque_value is deprecated, use is_custom_class_obj instead
[rank0]:W1003 07:06:42.944000 2083927 torch/_library/opaque_object.py:314] is_opaque_value is deprecated, use is_custom_class_obj instead
[rank0]:W1003 07:06:42.944000 2083927 torch/_library/opaque_object.py:314] is_opaque_value is deprecated, use is_custom_class_obj instead
[rank0]:W1003 07:06:42.944000 2083927 torch/_library/opaque_object.py:314] is_opaque_value is deprecated, use is_custom_class_obj instead
[rank0]:W1003 07:06:42.944000 2083927 torch/_library/opaque_object.py:314] is_opaque_value is deprecated, use is_custom_class_obj instead
[rank0]:W1003 07:06:42.944000 2083927 torch/_library/opaque_object.py:314] is_opaque_value is deprecated, use is_custom_class_obj instead
[rank0]:W1003 07:06:42.944000 2083927 torch/_library/opaque_object.py:314] is_opaque_value is deprecated, use is_custom_class_obj instead
[rank0]:W1003 07:06:42.944000 2083927 torch/_library/opaque_object.py:314] is_opaque_value is deprecated, use is_custom_class_obj instead
[rank0]:W1003 07:06:42.944000 2083927 torch/_library/opaque_object.py:314] is_opaque_value is deprecated, use is_custom_class_obj instead
[rank0]:W1003 07:06:42.944000 2083927 torch/_library/opaque_object.py:314] is_opaque_value is deprecated, use is_custom_class_obj instead
[rank0]:W1003 07:06:42.944000 2083927 torch/_library/opaque_object.py:314] is_opaque_value is deprecated, use is_custom_class_obj instead
[rank0]:W1003 07:06:42.944000 2083927 torch/_library/opaque_object.py:314] is_opaque_value is deprecated, use is_custom_class_obj instead
[rank0]:W1003 07:06:42.944000 2083927 torch/_library/opaque_object.py:314] is_opaque_value is deprecated, use is_custom_class_obj instead
[rank0]:W1003 07:06:42.944000 2083927 torch/_library/opaque_object.py:314] is_opaque_value is deprecated, use is_custom_class_obj instead
[rank0]:W1003 07:06:42.944000 2083927 torch/_library/opaque_object.py:314] is_opaque_value is deprecated, use is_custom_class_obj instead
[rank0]:W1003 07:06:42.944000 2083927 torch/_library/opaque_object.py:314] is_opaque_value is deprecated, use is_custom_class_obj instead
[rank0]:W1003 07:06:42.944000 2083927 torch/_library/opaque_object.py:314] is_opaque_value is deprecated, use is_custom_class_obj instead
[rank0]:W1003 07:06:42.944000 2083927 torch/_library/opaque_object.py:314] is_opaque_value is deprecated, use is_custom_class_obj instead
[rank0]:W1003 07:06:42.944000 2083927 torch/_library/opaque_object.py:314] is_opaque_value is deprecated, use is_custom_class_obj instead
[rank0]:W1003 07:06:42.944000 2083927 torch/_library/opaque_object.py:314] is_opaque_value is deprecated, use is_custom_class_obj instead
[rank0]:W1003 07:06:42.945000 2083927 torch/_library/opaque_object.py:314] is_opaque_value is deprecated, use is_custom_class_obj instead
[rank0]:W1003 07:06:42.945000 2083927 torch/_library/opaque_object.py:314] is_opaque_value is deprecated, use is_custom_class_obj instead
[rank0]:W1003 07:06:42.945000 2083927 torch/_library/opaque_object.py:314] is_opaque_value is deprecated, use is_custom_class_obj instead
[rank0]:W1003 07:06:42.945000 2083927 torch/_library/opaque_object.py:314] is_opaque_value is deprecated, use is_custom_class_obj instead
[rank0]:W1003 07:06:42.945000 2083927 torch/_library/opaque_object.py:314] is_opaque_value is deprecated, use is_custom_class_obj instead
[rank0]:W1003 07:06:42.945000 2083927 torch/_library/opaque_object.py:314] is_opaque_value is deprecated, use is_custom_class_obj instead
[rank0]:W1003 07:06:42.945000 2083927 torch/_library/opaque_object.py:314] is_opaque_value is deprecated, use is_custom_class_obj instead
[rank0]:W1003 07:06:42.945000 2083927 torch/_library/opaque_object.py:314] is_opaque_value is deprecated, use is_custom_class_obj instead
[rank0]:W1003 07:06:42.945000 2083927 torch/_library/opaque_object.py:314] is_opaque_value is deprecated, use is_custom_class_obj instead
[rank0]:W1003 07:06:42.945000 2083927 torch/_library/opaque_object.py:314] is_opaque_value is deprecated, use is_custom_class_obj instead
[rank0]:W1003 07:06:42.945000 2083927 torch/_library/opaque_object.py:314] is_opaque_value is deprecated, use is_custom_class_obj instead
[rank1]:W1003 07:06:42.944000 2083928 torch/_library/opaque_object.py:314] is_opaque_value is deprecated, use is_custom_class_obj instead
[rank1]:W1003 07:06:42.945000 2083928 torch/_library/opaque_object.py:314] is_opaque_value is deprecated, use is_custom_class_obj instead
[rank1]:W1003 07:06:42.945000 2083928 torch/_library/opaque_object.py:314] is_opaque_value is deprecated, use is_custom_class_obj instead
[rank1]:W1003 07:06:42.945000 2083928 torch/_library/opaque_object.py:314] is_opaque_value is deprecated, use is_custom_class_obj instead
[rank1]:W1003 07:06:42.945000 2083928 torch/_library/opaque_object.py:314] is_opaque_value is deprecated, use is_custom_class_obj instead
[rank1]:W1003 07:06:42.945000 2083928 torch/_library/opaque_object.py:314] is_opaque_value is deprecated, use is_custom_class_obj instead
[rank1]:W1003 07:06:42.945000 2083928 torch/_library/opaque_object.py:314] is_opaque_value is deprecated, use is_custom_class_obj instead
[rank1]:W1003 07:06:42.945000 2083928 torch/_library/opaque_object.py:314] is_opaque_value is deprecated, use is_custom_class_obj instead
[rank1]:W1003 07:06:42.945000 2083928 torch/_library/opaque_object.py:314] is_opaque_value is deprecated, use is_custom_class_obj instead
[rank1]:W1003 07:06:42.945000 2083928 torch/_library/opaque_object.py:314] is_opaque_value is deprecated, use is_custom_class_obj instead
[rank1]:W1003 07:06:42.945000 2083928 torch/_library/opaque_object.py:314] is_opaque_value is deprecated, use is_custom_class_obj instead
[rank1]:W1003 07:06:42.945000 2083928 torch/_library/opaque_object.py:314] is_opaque_value is deprecated, use is_custom_class_obj instead
[rank1]:W1003 07:06:42.945000 2083928 torch/_library/opaque_object.py:314] is_opaque_value is deprecated, use is_custom_class_obj instead
[rank1]:W1003 07:06:42.945000 2083928 torch/_library/opaque_object.py:314] is_opaque_value is deprecated, use is_custom_class_obj instead
[rank1]:W1003 07:06:42.945000 2083928 torch/_library/opaque_object.py:314] is_opaque_value is deprecated, use is_custom_class_obj instead
[rank1]:W1003 07:06:42.945000 2083928 torch/_library/opaque_object.py:314] is_opaque_value is deprecated, use is_custom_class_obj instead
[rank1]:W1003 07:06:42.945000 2083928 torch/_library/opaque_object.py:314] is_opaque_value is deprecated, use is_custom_class_obj instead
[rank1]:W1003 07:06:42.945000 2083928 torch/_library/opaque_object.py:314] is_opaque_value is deprecated, use is_custom_class_obj instead
[rank1]:W1003 07:06:42.945000 2083928 torch/_library/opaque_object.py:314] is_opaque_value is deprecated, use is_custom_class_obj instead
[rank1]:W1003 07:06:42.945000 2083928 torch/_library/opaque_object.py:314] is_opaque_value is deprecated, use is_custom_class_obj instead
[rank1]:W1003 07:06:42.945000 2083928 torch/_library/opaque_object.py:314] is_opaque_value is deprecated, use is_custom_class_obj instead
[rank1]:W1003 07:06:42.945000 2083928 torch/_library/opaque_object.py:314] is_opaque_value is deprecated, use is_custom_class_obj instead
[rank1]:W1003 07:06:42.945000 2083928 torch/_library/opaque_object.py:314] is_opaque_value is deprecated, use is_custom_class_obj instead
[rank1]:W1003 07:06:42.945000 2083928 torch/_library/opaque_object.py:314] is_opaque_value is deprecated, use is_custom_class_obj instead
[rank1]:W1003 07:06:42.945000 2083928 torch/_library/opaque_object.py:314] is_opaque_value is deprecated, use is_custom_class_obj instead
[rank1]:W1003 07:06:42.945000 2083928 torch/_library/opaque_object.py:314] is_opaque_value is deprecated, use is_custom_class_obj instead
[rank1]:W1003 07:06:42.945000 2083928 torch/_library/opaque_object.py:314] is_opaque_value is deprecated, use is_custom_class_obj instead
[rank1]:W1003 07:06:42.945000 2083928 torch/_library/opaque_object.py:314] is_opaque_value is deprecated, use is_custom_class_obj instead
[rank1]:W1003 07:06:42.945000 2083928 torch/_library/opaque_object.py:314] is_opaque_value is deprecated, use is_custom_class_obj instead
[rank1]:W1003 07:06:42.945000 2083928 torch/_library/opaque_object.py:314] is_opaque_value is deprecated, use is_custom_class_obj instead
[rank1]:W1003 07:06:42.945000 2083928 torch/_library/opaque_object.py:314] is_opaque_value is deprecated, use is_custom_class_obj instead
[rank1]:W1003 07:06:42.945000 2083928 torch/_library/opaque_object.py:314] is_opaque_value is deprecated, use is_custom_class_obj instead
[rank1]:W1003 07:06:42.945000 2083928 torch/_library/opaque_object.py:314] is_opaque_value is deprecated, use is_custom_class_obj instead
[rank1]:W1003 07:06:42.945000 2083928 torch/_library/opaque_object.py:314] is_opaque_value is deprecated, use is_custom_class_obj instead
[rank1]:W1003 07:06:42.945000 2083928 torch/_library/opaque_object.py:314] is_opaque_value is deprecated, use is_custom_class_obj instead
[rank1]:W1003 07:06:42.945000 2083928 torch/_library/opaque_object.py:314] is_opaque_value is deprecated, use is_custom_class_obj instead
[rank1]:W1003 07:06:42.945000 2083928 torch/_library/opaque_object.py:314] is_opaque_value is deprecated, use is_custom_class_obj instead
[rank1]:W1003 07:06:42.946000 2083928 torch/_library/opaque_object.py:314] is_opaque_value is deprecated, use is_custom_class_obj instead
[rank1]:W1003 07:06:42.946000 2083928 torch/_library/opaque_object.py:314] is_opaque_value is deprecated, use is_custom_class_obj instead
[rank1]:W1003 07:06:42.946000 2083928 torch/_library/opaque_object.py:314] is_opaque_value is deprecated, use is_custom_class_obj instead
[rank1]:W1003 07:06:42.946000 2083928 torch/_library/opaque_object.py:314] is_opaque_value is deprecated, use is_custom_class_obj instead
[rank1]:W1003 07:06:42.946000 2083928 torch/_library/opaque_object.py:314] is_opaque_value is deprecated, use is_custom_class_obj instead
[rank1]:W1003 07:06:42.946000 2083928 torch/_library/opaque_object.py:314] is_opaque_value is deprecated, use is_custom_class_obj instead
[rank1]:W1003 07:06:42.946000 2083928 torch/_library/opaque_object.py:314] is_opaque_value is deprecated, use is_custom_class_obj instead
[rank1]:W1003 07:06:42.946000 2083928 torch/_library/opaque_object.py:314] is_opaque_value is deprecated, use is_custom_class_obj instead
[rank1]:W1003 07:06:42.946000 2083928 torch/_library/opaque_object.py:314] is_opaque_value is deprecated, use is_custom_class_obj instead
[rank1]:W1003 07:06:42.946000 2083928 torch/_library/opaque_object.py:314] is_opaque_value is deprecated, use is_custom_class_obj instead
[rank1]:W1003 07:06:42.946000 2083928 torch/_library/opaque_object.py:314] is_opaque_value is deprecated, use is_custom_class_obj instead
[rank1]:W1003 07:06:42.946000 2083928 torch/_library/opaque_object.py:314] is_opaque_value is deprecated, use is_custom_class_obj instead
[rank1]:W1003 07:06:42.946000 2083928 torch/_library/opaque_object.py:314] is_opaque_value is deprecated, use is_custom_class_obj instead
[rank1]:W1003 07:06:42.946000 2083928 torch/_library/opaque_object.py:314] is_opaque_value is deprecated, use is_custom_class_obj instead
[rank1]:W1003 07:06:42.946000 2083928 torch/_library/opaque_object.py:314] is_opaque_value is deprecated, use is_custom_class_obj instead
[rank1]:W1003 07:06:42.946000 2083928 torch/_library/opaque_object.py:314] is_opaque_value is deprecated, use is_custom_class_obj instead
[rank1]:W1003 07:06:42.946000 2083928 torch/_library/opaque_object.py:314] is_opaque_value is deprecated, use is_custom_class_obj instead
[rank1]:W1003 07:06:42.946000 2083928 torch/_library/opaque_object.py:314] is_opaque_value is deprecated, use is_custom_class_obj instead
[rank1]:W1003 07:06:42.946000 2083928 torch/_library/opaque_object.py:314] is_opaque_value is deprecated, use is_custom_class_obj instead
[rank1]:W1003 07:06:42.946000 2083928 torch/_library/opaque_object.py:314] is_opaque_value is deprecated, use is_custom_class_obj instead
[rank1]:W1003 07:06:42.946000 2083928 torch/_library/opaque_object.py:314] is_opaque_value is deprecated, use is_custom_class_obj instead
[rank1]:W1003 07:06:42.946000 2083928 torch/_library/opaque_object.py:314] is_opaque_value is deprecated, use is_custom_class_obj instead
[rank1]:W1003 07:06:42.946000 2083928 torch/_library/opaque_object.py:314] is_opaque_value is deprecated, use is_custom_class_obj instead
[rank1]:W1003 07:06:42.946000 2083928 torch/_library/opaque_object.py:314] is_opaque_value is deprecated, use is_custom_class_obj instead
[rank1]:W1003 07:06:42.946000 2083928 torch/_library/opaque_object.py:314] is_opaque_value is deprecated, use is_custom_class_obj instead
[titan] 2026-10-03 07:06:43,383 - root - INFO - [31mstep:  1  [32mloss:  2.99103  [38;2;180;60;0mgrad_norm:  2.7430  [38;2;54;234;195mmemory: 20.30GiB(14.52%)  [34mtps: 172  [36mtflops: 2.75  [35mmfu: 0.28%[39m
[titan] 2026-10-03 07:06:43,383 - root - INFO - [31mstep:  1  [32mloss:  2.99103  [38;2;180;60;0mgrad_norm:  2.7430  [38;2;54;234;195mmemory: 20.30GiB(14.52%)  [34mtps: 172  [36mtflops: 2.75  [35mmfu: 0.28%[39m
[titan] 2026-10-03 07:06:43,384 - root - INFO - Synchronizing and adjusting timeout for all ProcessGroups to 0:01:40
[titan] 2026-10-03 07:06:43,384 - root - INFO - Synchronizing and adjusting timeout for all ProcessGroups to 0:01:40
/scratch/specforge-torchtitan-20261003/venv/lib/python3.12/site-packages/torch/distributed/c10d_logger.py:83: UserWarning: barrier(): using the device under current context. You can specify `device_id` in `init_process_group` to mute this warning.
  return func(*args, **kwargs)
[titan] 2026-10-03 07:06:51,997 - root - INFO - Training completed
[titan] 2026-10-03 07:06:51,997 - root - INFO - Sleeping 2 seconds for other ranks to complete
[titan] 2026-10-03 07:06:53,997 - root - INFO - Training completed
{
  "output": "/scratch/specforge-torchtitan-20261003/extension-bench-p5/dspark-graph-full-1.json",
  "optimizer_step_seconds_mean": 0.2971978104673326,
  "optimizer_step_seconds_median": 0.2976769292727113,
  "optimizer_step_seconds_p95": 0.29955158568918705,
  "input_context_tokens_per_second": 55128.266168033886
}
