{"start": "dflash-fsdp213-1", "time": 1791010677.791507}
{"start": "dflash-fsdp214-1", "time": 1791010715.4592087}
{"start": "dflash-titan-cuda-1", "time": 1791010753.0766778}
{"start": "dflash-graph-full-1", "time": 1791010807.4636443}
{"start": "dflash2-fsdp214-1", "time": 1791010864.9034688}
{"start": "dflash2-titan-cuda-1", "time": 1791010903.8250122}
{"start": "dflash2-graph-full-1", "time": 1791010961.2647953}
{"start": "dflash2-fsdp213-1", "time": 1791011025.8133035}
{"start": "dspark-titan-cuda-1", "time": 1791011064.131552}
{"start": "dspark-graph-full-1", "time": 1791011127.1283953}
{"start": "dspark-fsdp213-1", "time": 1791011217.9573755}
{"start": "dspark-fsdp214-1", "time": 1791011262.0841126}
{"start": "dflash-fsdp214-2", "time": 1791011306.5093496}
{"start": "dflash-titan-cuda-2", "time": 1791011344.3279977}
{"start": "dflash-graph-full-2", "time": 1791011398.8153703}
{"start": "dflash-fsdp213-2", "time": 1791011456.2566803}
{"start": "dflash2-titan-cuda-2", "time": 1791011493.8743744}
{"start": "dflash2-graph-full-2", "time": 1791011550.964699}
{"start": "dflash2-fsdp213-2", "time": 1791011615.463155}
{"start": "dflash2-fsdp214-2", "time": 1791011653.7319744}
{"start": "dspark-graph-full-2", "time": 1791011691.5498931}
{"start": "dspark-fsdp213-2", "time": 1791011782.5791209}
{"start": "dspark-fsdp214-2", "time": 1791011827.1048372}
{"start": "dspark-titan-cuda-2", "time": 1791011871.7306616}
{"start": "dflash-titan-cuda-3", "time": 1791011934.17701}
{"start": "dflash-graph-full-3", "time": 1791011988.5638351}
{"start": "dflash-fsdp213-3", "time": 1791012045.6539083}
{"start": "dflash-fsdp214-3", "time": 1791012083.7721033}
{"start": "dflash2-graph-full-3", "time": 1791012122.043056}
{"start": "dflash2-fsdp213-3", "time": 1791012185.8926582}
{"start": "dflash2-fsdp214-3", "time": 1791012223.6606524}
{"start": "dflash2-titan-cuda-3", "time": 1791012261.7294598}
{"start": "dspark-fsdp213-3", "time": 1791012319.0701835}
{"start": "dspark-fsdp214-3", "time": 1791012362.9956064}
{"start": "dspark-titan-cuda-3", "time": 1791012407.271241}
{"start": "dspark-graph-full-3", "time": 1791012469.8176808}
{"passed": false, "trials": 36, "report": "/scratch/specforge-torchtitan-20261003/extension-bench-p5/comparison.json"}
Graph numerical gate failed; Graph timings are diagnostic only. FSDP/native rows retained.
