W1003 05:36:23.555000 2057267 venv/lib/python3.12/site-packages/torch/utils/_pytree.py:630] <enum 'KernelPreference'> is an Enum subclass and is now natively supported by torch.compile as an opaque value type. Calling register_constant() on Enum subclasses is deprecated and will be an error in a future release.
W1003 05:36:23.555000 2057266 venv/lib/python3.12/site-packages/torch/utils/_pytree.py:630] <enum 'KernelPreference'> is an Enum subclass and is now natively supported by torch.compile as an opaque value type. Calling register_constant() on Enum subclasses is deprecated and will be an error in a future release.
W1003 05:36:23.581000 2057267 venv/lib/python3.12/site-packages/torch/utils/_pytree.py:630] <enum 'ScaleCalculationMode'> is an Enum subclass and is now natively supported by torch.compile as an opaque value type. Calling register_constant() on Enum subclasses is deprecated and will be an error in a future release.
W1003 05:36:23.582000 2057266 venv/lib/python3.12/site-packages/torch/utils/_pytree.py:630] <enum 'ScaleCalculationMode'> is an Enum subclass and is now natively supported by torch.compile as an opaque value type. Calling register_constant() on Enum subclasses is deprecated and will be an error in a future release.
/scratch/specforge-torchtitan-20261003/first-update-source-candidate2/specforge/modeling/draft/llama3_eagle.py:33: UserWarning: flash_attn is not found, falling back to flex_attention. Please install flash_attn if you want to use the flash attention backend.
  warnings.warn(
/scratch/specforge-torchtitan-20261003/first-update-source-candidate2/specforge/modeling/draft/llama3_eagle.py:33: UserWarning: flash_attn is not found, falling back to flex_attention. Please install flash_attn if you want to use the flash attention backend.
  warnings.warn(
initial_load_model_only=True has no effect without an initial_load_path.
[titan] 2026-10-03 05:36:25,313 - root - WARNING - ENV[TORCH_NCCL_ASYNC_ERROR_HANDLING] = 1 will be overridden to 3 based on job config
initial_load_model_only=True has no effect without an initial_load_path.
[titan] 2026-10-03 05:36:25,319 - root - WARNING - ENV[TORCH_NCCL_ASYNC_ERROR_HANDLING] = 1 will be overridden to 3 based on job config
[titan] 2026-10-03 05:36:25,319 - root - INFO - Building device mesh with parallelism: pp=1, dp_replicate=1, dp_shard=2, cp=1, tp=1, ep=1
[titan] 2026-10-03 05:36:25,324 - root - INFO - Successfully created meshes with active dimensions: ['batch', 'loss', 'fsdp']
[titan] 2026-10-03 05:36:25,325 - root - INFO - [GC] Initial GC collection took 0.00 seconds
[titan] 2026-10-03 05:36:25,326 - root - INFO - Building device mesh with parallelism: pp=1, dp_replicate=1, dp_shard=2, cp=1, tp=1, ep=1
[titan] 2026-10-03 05:36:25,326 - root - INFO - Building specforge dflash2
[titan] 2026-10-03 05:36:25,330 - root - INFO - Successfully created meshes with active dimensions: ['batch', 'loss', 'fsdp']
[titan] 2026-10-03 05:36:25,331 - root - INFO - [GC] Initial GC collection took 0.00 seconds
[titan] 2026-10-03 05:36:25,332 - root - INFO - Building specforge dflash2
[titan] 2026-10-03 05:36:25,332 - root - INFO - CUDA capacity: NVIDIA H200 with 139.80GiB memory
[titan] 2026-10-03 05:36:25,333 - root - WARNING - Error running lspci: [Errno 2] No such file or directory: 'lspci', fallback to use device_name
[titan] 2026-10-03 05:36:25,333 - root - INFO - [34mModel specforge dflash2 [31msize: 118,720 total parameters[39m
[titan] 2026-10-03 05:36:25,338 - root - INFO - CUDA capacity: NVIDIA H200 with 139.80GiB memory
[titan] 2026-10-03 05:36:25,339 - root - WARNING - Error running lspci: [Errno 2] No such file or directory: 'lspci', fallback to use device_name
[titan] 2026-10-03 05:36:25,339 - root - INFO - [34mModel specforge dflash2 [31msize: 118,720 total parameters[39m
[titan] 2026-10-03 05:36:25,356 - root - INFO - Applied Data Parallel (simple_fsdp) (dp mode=fully_shard) to the model
[titan] 2026-10-03 05:36:25,356 - root - INFO - aot_fx_trace compile mode: graph capture will happen at training time
[titan] 2026-10-03 05:36:25,362 - root - INFO - Applied Data Parallel (simple_fsdp) (dp mode=fully_shard) to the model
[titan] 2026-10-03 05:36:25,362 - root - INFO - aot_fx_trace compile mode: graph capture will happen at training time
[titan] 2026-10-03 05:36:26,686 - root - WARNING - Error running lspci: [Errno 2] No such file or directory: 'lspci', fallback to use device_name
[titan] 2026-10-03 05:36:26,687 - root - WARNING - Error running lspci: [Errno 2] No such file or directory: 'lspci', fallback to use device_name
[titan] 2026-10-03 05:36:26,687 - root - INFO - Peak FLOPS used for computing MFU: 9.890e+14
[titan] 2026-10-03 05:36:26,687 - root - INFO - Peak FLOPS used for computing MFU: 9.890e+14
[titan] 2026-10-03 05:36:26,687 - root - INFO - CUDA memory usage for model: 0.00GiB(0.00%)
[titan] 2026-10-03 05:36:26,687 - root - INFO - CUDA memory usage for model: 0.00GiB(0.00%)
[titan] 2026-10-03 05:36:26,687 - root - INFO - Optimizer AdamW (model_part=0): 36 params [.*] {'fused': True, 'foreach': False, 'lr': 0.0001, 'betas': (0.9, 0.999), 'eps': 1e-08, 'weight_decay': 0.0}
[titan] 2026-10-03 05:36:26,687 - root - INFO - Optimizer AdamW (model_part=0): 36 params [.*] {'fused': True, 'foreach': False, 'lr': 0.0001, 'betas': (0.9, 0.999), 'eps': 1e-08, 'weight_decay': 0.0}
[titan] 2026-10-03 05:36:26,688 - root - WARNING - initial_load_model_only=True has no effect without an initial_load_path.
[titan] 2026-10-03 05:36:26,688 - root - WARNING - initial_load_model_only=True has no effect without an initial_load_path.
[titan] 2026-10-03 05:36:26,688 - root - INFO - Trainer is initialized with local batch size 1, global batch size 4, gradient accumulation steps 2, sequence length 128, total steps 2 (warmup 0)
[titan] 2026-10-03 05:36:26,688 - root - INFO - Trainer is initialized with local batch size 1, global batch size 4, gradient accumulation steps 2, sequence length 128, total steps 2 (warmup 0)
[titan] 2026-10-03 05:36:26,688 - root - INFO - NUMA binding applied for GPU 0
[titan] 2026-10-03 05:36:26,688 - root - INFO - NUMA binding applied for GPU 1
[titan] 2026-10-03 05:36:27,148 - root - INFO - Training starts at step 1
[titan] 2026-10-03 05:36:27,148 - root - INFO - Training starts at step 1
/scratch/specforge-torchtitan-20261003/venv/lib/python3.12/site-packages/torch/distributed/c10d_logger.py:83: UserWarning: barrier(): using the device under current context. You can specify `device_id` in `init_process_group` to mute this warning.
  return func(*args, **kwargs)
[titan] 2026-10-03 05:36:28,935 - root - INFO - minimal_fx_tracer took 1.773s
[titan] 2026-10-03 05:36:28,936 - root - INFO - Disabled 11 graph passes: ['eliminate_dead_code_pass', 'canonicalize_graph_pass', 'deduplicate_fsdp_unshard_chains_pass', 'tag_with_memory_policy_pass', 'apply_cpu_offload_pass', 'selective_activation_remat_pass', 'joint_transformer_block_bucketing_reordering_pass', 'annotate_flex_attention_for_regional_inductor_pass', 'regional_inductor_pass', 'insert_kernel_annotations_pass', 'cudagraph_pass']
[titan] 2026-10-03 05:36:28,936 - root - INFO - Applying 1 graph passes:
  1. functionalize_fused_kernels
[titan] 2026-10-03 05:36:29,004 - root - INFO - minimal_fx_tracer took 1.841s
[titan] 2026-10-03 05:36:29,004 - root - INFO - Disabled 11 graph passes: ['eliminate_dead_code_pass', 'canonicalize_graph_pass', 'deduplicate_fsdp_unshard_chains_pass', 'tag_with_memory_policy_pass', 'apply_cpu_offload_pass', 'selective_activation_remat_pass', 'joint_transformer_block_bucketing_reordering_pass', 'annotate_flex_attention_for_regional_inductor_pass', 'regional_inductor_pass', 'insert_kernel_annotations_pass', 'cudagraph_pass']
[titan] 2026-10-03 05:36:29,004 - root - INFO - Applying 1 graph passes:
  1. functionalize_fused_kernels
[titan] 2026-10-03 05:36:30,677 - root - INFO - All 1 graph passes took 1.741s
[titan] 2026-10-03 05:36:30,769 - root - INFO - All 1 graph passes took 1.766s
{"correctness_snapshot": "/scratch/specforge-torchtitan-20261003/first-update-tiny16-c2-eagerattention-raw/step1-before_clip.pt", "parameters": 36}
{"correctness_snapshot": "/scratch/specforge-torchtitan-20261003/first-update-tiny16-c2-eagerattention-raw/step1-before_adam.pt", "parameters": 36}
{"correctness_snapshot": "/scratch/specforge-torchtitan-20261003/first-update-tiny16-c2-eagerattention-raw/step1-after_adam.pt", "parameters": 36}
[titan] 2026-10-03 05:36:31,920 - root - INFO - [31mstep:  1  [32mloss:  4.91072  [38;2;180;60;0mgrad_norm:  0.9110  [38;2;54;234;195mmemory:  0.03GiB(0.02%)  [34mtps: 39  [36mtflops: 0.00  [35mmfu: 0.00%[39m
[titan] 2026-10-03 05:36:31,920 - root - INFO - [31mstep:  1  [32mloss:  4.91072  [38;2;180;60;0mgrad_norm:  0.9110  [38;2;54;234;195mmemory:  0.03GiB(0.02%)  [34mtps: 39  [36mtflops: 0.00  [35mmfu: 0.00%[39m
[titan] 2026-10-03 05:36:31,921 - root - INFO - Synchronizing and adjusting timeout for all ProcessGroups to 0:01:40
[titan] 2026-10-03 05:36:31,921 - root - INFO - Synchronizing and adjusting timeout for all ProcessGroups to 0:01:40
/scratch/specforge-torchtitan-20261003/venv/lib/python3.12/site-packages/torch/distributed/c10d_logger.py:83: UserWarning: barrier(): using the device under current context. You can specify `device_id` in `init_process_group` to mute this warning.
  return func(*args, **kwargs)
{"correctness_snapshot": "/scratch/specforge-torchtitan-20261003/first-update-tiny16-c2-eagerattention-raw/step2-before_clip.pt", "parameters": 36}
{"correctness_snapshot": "/scratch/specforge-torchtitan-20261003/first-update-tiny16-c2-eagerattention-raw/step2-before_adam.pt", "parameters": 36}
{"correctness_snapshot": "/scratch/specforge-torchtitan-20261003/first-update-tiny16-c2-eagerattention-raw/step2-after_adam.pt", "parameters": 36}
[titan] 2026-10-03 05:36:32,104 - root - INFO - Sleeping 2 seconds for other ranks to complete
[titan] 2026-10-03 05:36:32,104 - root - INFO - Training completed
[titan] 2026-10-03 05:36:34,104 - root - INFO - Training completed
{
  "output": "/scratch/specforge-torchtitan-20261003/first-update-tiny16-c2-eagerattention-raw.json",
  "optimizer_step_seconds_mean": 0.18219584971666336,
  "optimizer_step_seconds_median": 0.18219584971666336,
  "optimizer_step_seconds_p95": 0.18219584971666336,
  "input_context_tokens_per_second": 2810.1628044558756
}
