W1003 05:41:35.178000 2060520 venv/lib/python3.12/site-packages/torch/utils/_pytree.py:630] <enum 'KernelPreference'> is an Enum subclass and is now natively supported by torch.compile as an opaque value type. Calling register_constant() on Enum subclasses is deprecated and will be an error in a future release.
W1003 05:41:35.205000 2060520 venv/lib/python3.12/site-packages/torch/utils/_pytree.py:630] <enum 'ScaleCalculationMode'> is an Enum subclass and is now natively supported by torch.compile as an opaque value type. Calling register_constant() on Enum subclasses is deprecated and will be an error in a future release.
W1003 05:41:35.307000 2060519 venv/lib/python3.12/site-packages/torch/utils/_pytree.py:630] <enum 'KernelPreference'> is an Enum subclass and is now natively supported by torch.compile as an opaque value type. Calling register_constant() on Enum subclasses is deprecated and will be an error in a future release.
W1003 05:41:35.334000 2060519 venv/lib/python3.12/site-packages/torch/utils/_pytree.py:630] <enum 'ScaleCalculationMode'> is an Enum subclass and is now natively supported by torch.compile as an opaque value type. Calling register_constant() on Enum subclasses is deprecated and will be an error in a future release.
/scratch/specforge-torchtitan-20261003/first-update-source-candidate2/specforge/modeling/draft/llama3_eagle.py:33: UserWarning: flash_attn is not found, falling back to flex_attention. Please install flash_attn if you want to use the flash attention backend.
  warnings.warn(
/scratch/specforge-torchtitan-20261003/first-update-source-candidate2/specforge/modeling/draft/llama3_eagle.py:33: UserWarning: flash_attn is not found, falling back to flex_attention. Please install flash_attn if you want to use the flash attention backend.
  warnings.warn(
initial_load_model_only=True has no effect without an initial_load_path.
[titan] 2026-10-03 05:41:36,934 - root - WARNING - ENV[TORCH_NCCL_ASYNC_ERROR_HANDLING] = 1 will be overridden to 3 based on job config
[titan] 2026-10-03 05:41:36,940 - root - INFO - Building device mesh with parallelism: pp=1, dp_replicate=1, dp_shard=2, cp=1, tp=1, ep=1
[titan] 2026-10-03 05:41:36,945 - root - INFO - Successfully created meshes with active dimensions: ['batch', 'loss', 'fsdp']
[titan] 2026-10-03 05:41:36,945 - root - INFO - [GC] Initial GC collection took 0.00 seconds
[titan] 2026-10-03 05:41:36,946 - root - INFO - Building specforge dflash2
[titan] 2026-10-03 05:41:36,953 - root - INFO - CUDA capacity: NVIDIA H200 with 139.80GiB memory
[titan] 2026-10-03 05:41:36,954 - root - WARNING - Error running lspci: [Errno 2] No such file or directory: 'lspci', fallback to use device_name
[titan] 2026-10-03 05:41:36,954 - root - INFO - [34mModel specforge dflash2 [31msize: 118,720 total parameters[39m
[titan] 2026-10-03 05:41:36,976 - root - INFO - Applied Data Parallel (simple_fsdp) (dp mode=fully_shard) to the model
[titan] 2026-10-03 05:41:36,977 - root - INFO - aot_fx_trace compile mode: graph capture will happen at training time
initial_load_model_only=True has no effect without an initial_load_path.
[titan] 2026-10-03 05:41:37,136 - root - WARNING - ENV[TORCH_NCCL_ASYNC_ERROR_HANDLING] = 1 will be overridden to 3 based on job config
[titan] 2026-10-03 05:41:37,142 - root - INFO - Building device mesh with parallelism: pp=1, dp_replicate=1, dp_shard=2, cp=1, tp=1, ep=1
[titan] 2026-10-03 05:41:37,147 - root - INFO - Successfully created meshes with active dimensions: ['batch', 'loss', 'fsdp']
[titan] 2026-10-03 05:41:37,148 - root - INFO - [GC] Initial GC collection took 0.00 seconds
[titan] 2026-10-03 05:41:37,149 - root - INFO - Building specforge dflash2
[titan] 2026-10-03 05:41:37,156 - root - INFO - CUDA capacity: NVIDIA H200 with 139.80GiB memory
[titan] 2026-10-03 05:41:37,156 - root - WARNING - Error running lspci: [Errno 2] No such file or directory: 'lspci', fallback to use device_name
[titan] 2026-10-03 05:41:37,157 - root - INFO - [34mModel specforge dflash2 [31msize: 118,720 total parameters[39m
[titan] 2026-10-03 05:41:37,180 - root - INFO - Applied Data Parallel (simple_fsdp) (dp mode=fully_shard) to the model
[titan] 2026-10-03 05:41:37,180 - root - INFO - aot_fx_trace compile mode: graph capture will happen at training time
[titan] 2026-10-03 05:41:38,706 - root - WARNING - Error running lspci: [Errno 2] No such file or directory: 'lspci', fallback to use device_name
[titan] 2026-10-03 05:41:38,706 - root - INFO - Peak FLOPS used for computing MFU: 9.890e+14
[titan] 2026-10-03 05:41:38,706 - root - INFO - CUDA memory usage for model: 0.00GiB(0.00%)
[titan] 2026-10-03 05:41:38,706 - root - INFO - Optimizer AdamW (model_part=0): 36 params [.*] {'fused': True, 'foreach': False, 'lr': 0.0001, 'betas': (0.9, 0.999), 'eps': 1e-08, 'weight_decay': 0.0}
[titan] 2026-10-03 05:41:38,707 - root - WARNING - initial_load_model_only=True has no effect without an initial_load_path.
[titan] 2026-10-03 05:41:38,707 - root - INFO - Trainer is initialized with local batch size 1, global batch size 4, gradient accumulation steps 2, sequence length 128, total steps 2 (warmup 0)
[titan] 2026-10-03 05:41:38,707 - root - INFO - NUMA binding applied for GPU 0
[titan] 2026-10-03 05:41:38,710 - root - WARNING - Error running lspci: [Errno 2] No such file or directory: 'lspci', fallback to use device_name
[titan] 2026-10-03 05:41:38,710 - root - INFO - Peak FLOPS used for computing MFU: 9.890e+14
[titan] 2026-10-03 05:41:38,710 - root - INFO - CUDA memory usage for model: 0.00GiB(0.00%)
[titan] 2026-10-03 05:41:38,711 - root - INFO - Optimizer AdamW (model_part=0): 36 params [.*] {'fused': True, 'foreach': False, 'lr': 0.0001, 'betas': (0.9, 0.999), 'eps': 1e-08, 'weight_decay': 0.0}
[titan] 2026-10-03 05:41:38,711 - root - WARNING - initial_load_model_only=True has no effect without an initial_load_path.
[titan] 2026-10-03 05:41:38,711 - root - INFO - Trainer is initialized with local batch size 1, global batch size 4, gradient accumulation steps 2, sequence length 128, total steps 2 (warmup 0)
[titan] 2026-10-03 05:41:38,712 - root - INFO - NUMA binding applied for GPU 1
[titan] 2026-10-03 05:41:39,133 - root - INFO - Training starts at step 1
[titan] 2026-10-03 05:41:39,133 - root - INFO - Training starts at step 1
/scratch/specforge-torchtitan-20261003/venv/lib/python3.12/site-packages/torch/distributed/c10d_logger.py:83: UserWarning: barrier(): using the device under current context. You can specify `device_id` in `init_process_group` to mute this warning.
  return func(*args, **kwargs)
[titan] 2026-10-03 05:41:41,004 - root - INFO - minimal_fx_tracer took 1.857s
[titan] 2026-10-03 05:41:41,005 - root - INFO - Disabled 11 graph passes: ['eliminate_dead_code_pass', 'canonicalize_graph_pass', 'deduplicate_fsdp_unshard_chains_pass', 'tag_with_memory_policy_pass', 'apply_cpu_offload_pass', 'selective_activation_remat_pass', 'joint_transformer_block_bucketing_reordering_pass', 'annotate_flex_attention_for_regional_inductor_pass', 'regional_inductor_pass', 'insert_kernel_annotations_pass', 'cudagraph_pass']
[titan] 2026-10-03 05:41:41,005 - root - INFO - Applying 1 graph passes:
  1. functionalize_fused_kernels
[titan] 2026-10-03 05:41:41,060 - root - INFO - minimal_fx_tracer took 1.914s
[titan] 2026-10-03 05:41:41,061 - root - INFO - Disabled 11 graph passes: ['eliminate_dead_code_pass', 'canonicalize_graph_pass', 'deduplicate_fsdp_unshard_chains_pass', 'tag_with_memory_policy_pass', 'apply_cpu_offload_pass', 'selective_activation_remat_pass', 'joint_transformer_block_bucketing_reordering_pass', 'annotate_flex_attention_for_regional_inductor_pass', 'regional_inductor_pass', 'insert_kernel_annotations_pass', 'cudagraph_pass']
[titan] 2026-10-03 05:41:41,061 - root - INFO - Applying 1 graph passes:
  1. functionalize_fused_kernels
[titan] 2026-10-03 05:41:42,518 - root - INFO - All 1 graph passes took 1.513s
[titan] 2026-10-03 05:41:42,596 - root - INFO - All 1 graph passes took 1.536s
{"correctness_snapshot": "/scratch/specforge-torchtitan-20261003/first-update-fp32-c2-raw/step1-before_clip.pt", "parameters": 36}
{"correctness_snapshot": "/scratch/specforge-torchtitan-20261003/first-update-fp32-c2-raw/step1-before_adam.pt", "parameters": 36}
{"correctness_snapshot": "/scratch/specforge-torchtitan-20261003/first-update-fp32-c2-raw/step1-after_adam.pt", "parameters": 36}
[titan] 2026-10-03 05:41:43,737 - root - INFO - [31mstep:  1  [32mloss:  4.91070  [38;2;180;60;0mgrad_norm:  0.9111  [38;2;54;234;195mmemory:  0.04GiB(0.03%)  [34mtps: 39  [36mtflops: 0.00  [35mmfu: 0.00%[39m
[titan] 2026-10-03 05:41:43,737 - root - INFO - [31mstep:  1  [32mloss:  4.91070  [38;2;180;60;0mgrad_norm:  0.9111  [38;2;54;234;195mmemory:  0.04GiB(0.03%)  [34mtps: 38  [36mtflops: 0.00  [35mmfu: 0.00%[39m
[titan] 2026-10-03 05:41:43,738 - root - INFO - Synchronizing and adjusting timeout for all ProcessGroups to 0:01:40
[titan] 2026-10-03 05:41:43,738 - root - INFO - Synchronizing and adjusting timeout for all ProcessGroups to 0:01:40
/scratch/specforge-torchtitan-20261003/venv/lib/python3.12/site-packages/torch/distributed/c10d_logger.py:83: UserWarning: barrier(): using the device under current context. You can specify `device_id` in `init_process_group` to mute this warning.
  return func(*args, **kwargs)
{"correctness_snapshot": "/scratch/specforge-torchtitan-20261003/first-update-fp32-c2-raw/step2-before_clip.pt", "parameters": 36}
{"correctness_snapshot": "/scratch/specforge-torchtitan-20261003/first-update-fp32-c2-raw/step2-before_adam.pt", "parameters": 36}
{"correctness_snapshot": "/scratch/specforge-torchtitan-20261003/first-update-fp32-c2-raw/step2-after_adam.pt", "parameters": 36}
[titan] 2026-10-03 05:41:43,904 - root - INFO - Training completed
[titan] 2026-10-03 05:41:43,904 - root - INFO - Sleeping 2 seconds for other ranks to complete
[titan] 2026-10-03 05:41:45,904 - root - INFO - Training completed
{
  "output": "/scratch/specforge-torchtitan-20261003/first-update-fp32-c2-raw.json",
  "optimizer_step_seconds_mean": 0.16463135369122028,
  "optimizer_step_seconds_median": 0.16463135369122028,
  "optimizer_step_seconds_p95": 0.16463135369122028,
  "input_context_tokens_per_second": 3109.9786797616835
}
