W1003 05:35:46.066000 2056937 venv/lib/python3.12/site-packages/torch/utils/_pytree.py:630] <enum 'KernelPreference'> is an Enum subclass and is now natively supported by torch.compile as an opaque value type. Calling register_constant() on Enum subclasses is deprecated and will be an error in a future release.
W1003 05:35:46.067000 2056938 venv/lib/python3.12/site-packages/torch/utils/_pytree.py:630] <enum 'KernelPreference'> is an Enum subclass and is now natively supported by torch.compile as an opaque value type. Calling register_constant() on Enum subclasses is deprecated and will be an error in a future release.
W1003 05:35:46.092000 2056937 venv/lib/python3.12/site-packages/torch/utils/_pytree.py:630] <enum 'ScaleCalculationMode'> is an Enum subclass and is now natively supported by torch.compile as an opaque value type. Calling register_constant() on Enum subclasses is deprecated and will be an error in a future release.
W1003 05:35:46.094000 2056938 venv/lib/python3.12/site-packages/torch/utils/_pytree.py:630] <enum 'ScaleCalculationMode'> is an Enum subclass and is now natively supported by torch.compile as an opaque value type. Calling register_constant() on Enum subclasses is deprecated and will be an error in a future release.
/scratch/specforge-torchtitan-20261003/first-update-source-candidate2/specforge/modeling/draft/llama3_eagle.py:33: UserWarning: flash_attn is not found, falling back to flex_attention. Please install flash_attn if you want to use the flash attention backend.
  warnings.warn(
/scratch/specforge-torchtitan-20261003/first-update-source-candidate2/specforge/modeling/draft/llama3_eagle.py:33: UserWarning: flash_attn is not found, falling back to flex_attention. Please install flash_attn if you want to use the flash attention backend.
  warnings.warn(
initial_load_model_only=True has no effect without an initial_load_path.
[titan] 2026-10-03 05:35:47,829 - root - WARNING - ENV[TORCH_NCCL_ASYNC_ERROR_HANDLING] = 1 will be overridden to 3 based on job config
initial_load_model_only=True has no effect without an initial_load_path.
[titan] 2026-10-03 05:35:47,830 - root - WARNING - ENV[TORCH_NCCL_ASYNC_ERROR_HANDLING] = 1 will be overridden to 3 based on job config
[titan] 2026-10-03 05:35:47,835 - root - INFO - Building device mesh with parallelism: pp=1, dp_replicate=1, dp_shard=2, cp=1, tp=1, ep=1
[titan] 2026-10-03 05:35:47,836 - root - INFO - Building device mesh with parallelism: pp=1, dp_replicate=1, dp_shard=2, cp=1, tp=1, ep=1
[titan] 2026-10-03 05:35:47,840 - root - INFO - Successfully created meshes with active dimensions: ['batch', 'loss', 'fsdp']
[titan] 2026-10-03 05:35:47,840 - root - INFO - [GC] Initial GC collection took 0.00 seconds
[titan] 2026-10-03 05:35:47,840 - root - INFO - Successfully created meshes with active dimensions: ['batch', 'loss', 'fsdp']
[titan] 2026-10-03 05:35:47,841 - root - INFO - [GC] Initial GC collection took 0.00 seconds
[titan] 2026-10-03 05:35:47,841 - root - INFO - Building specforge dflash2
[titan] 2026-10-03 05:35:47,842 - root - INFO - Building specforge dflash2
[titan] 2026-10-03 05:35:47,848 - root - INFO - CUDA capacity: NVIDIA H200 with 139.80GiB memory
[titan] 2026-10-03 05:35:47,848 - root - WARNING - Error running lspci: [Errno 2] No such file or directory: 'lspci', fallback to use device_name
[titan] 2026-10-03 05:35:47,848 - root - INFO - CUDA capacity: NVIDIA H200 with 139.80GiB memory
[titan] 2026-10-03 05:35:47,848 - root - INFO - [34mModel specforge dflash2 [31msize: 118,720 total parameters[39m
[titan] 2026-10-03 05:35:47,849 - root - WARNING - Error running lspci: [Errno 2] No such file or directory: 'lspci', fallback to use device_name
[titan] 2026-10-03 05:35:47,849 - root - INFO - [34mModel specforge dflash2 [31msize: 118,720 total parameters[39m
[titan] 2026-10-03 05:35:47,871 - root - INFO - Applied Data Parallel (simple_fsdp) (dp mode=fully_shard) to the model
[titan] 2026-10-03 05:35:47,871 - root - INFO - aot_fx_trace compile mode: graph capture will happen at training time
[titan] 2026-10-03 05:35:47,871 - root - INFO - Applied Data Parallel (simple_fsdp) (dp mode=fully_shard) to the model
[titan] 2026-10-03 05:35:47,872 - root - INFO - aot_fx_trace compile mode: graph capture will happen at training time
[titan] 2026-10-03 05:35:49,492 - root - WARNING - Error running lspci: [Errno 2] No such file or directory: 'lspci', fallback to use device_name
[titan] 2026-10-03 05:35:49,492 - root - INFO - Peak FLOPS used for computing MFU: 9.890e+14
[titan] 2026-10-03 05:35:49,492 - root - INFO - CUDA memory usage for model: 0.00GiB(0.00%)
[titan] 2026-10-03 05:35:49,493 - root - INFO - Optimizer AdamW (model_part=0): 36 params [.*] {'fused': True, 'foreach': False, 'lr': 0.0001, 'betas': (0.9, 0.999), 'eps': 1e-08, 'weight_decay': 0.0}
[titan] 2026-10-03 05:35:49,493 - root - WARNING - initial_load_model_only=True has no effect without an initial_load_path.
[titan] 2026-10-03 05:35:49,493 - root - INFO - Trainer is initialized with local batch size 1, global batch size 4, gradient accumulation steps 2, sequence length 128, total steps 2 (warmup 0)
[titan] 2026-10-03 05:35:49,494 - root - INFO - NUMA binding applied for GPU 0
[titan] 2026-10-03 05:35:49,497 - root - WARNING - Error running lspci: [Errno 2] No such file or directory: 'lspci', fallback to use device_name
[titan] 2026-10-03 05:35:49,497 - root - INFO - Peak FLOPS used for computing MFU: 9.890e+14
[titan] 2026-10-03 05:35:49,497 - root - INFO - CUDA memory usage for model: 0.00GiB(0.00%)
[titan] 2026-10-03 05:35:49,498 - root - INFO - Optimizer AdamW (model_part=0): 36 params [.*] {'fused': True, 'foreach': False, 'lr': 0.0001, 'betas': (0.9, 0.999), 'eps': 1e-08, 'weight_decay': 0.0}
[titan] 2026-10-03 05:35:49,498 - root - WARNING - initial_load_model_only=True has no effect without an initial_load_path.
[titan] 2026-10-03 05:35:49,498 - root - INFO - Trainer is initialized with local batch size 1, global batch size 4, gradient accumulation steps 2, sequence length 128, total steps 2 (warmup 0)
[titan] 2026-10-03 05:35:49,499 - root - INFO - NUMA binding applied for GPU 1
[titan] 2026-10-03 05:35:50,024 - root - INFO - Training starts at step 1
[titan] 2026-10-03 05:35:50,024 - root - INFO - Training starts at step 1
/scratch/specforge-torchtitan-20261003/venv/lib/python3.12/site-packages/torch/distributed/c10d_logger.py:83: UserWarning: barrier(): using the device under current context. You can specify `device_id` in `init_process_group` to mute this warning.
  return func(*args, **kwargs)
/scratch/specforge-torchtitan-20261003/venv/lib/python3.12/site-packages/torch/nn/attention/flex_attention.py:2596: UserWarning: flex_attention called without torch.compile() - this will use an unfused implementation that materializes the full scores matrix instead of generating a fused kernel.

SOLUTION: Use torch.compile(flex_attention)(...)

If you want to debug your score_mod/mask_mod, you can set:
torch.nn.attention.flex_attention._FLEX_ATTENTION_DISABLE_COMPILE_DEBUG = True

This will allow you to use print statements or breakpoints. Note: This doesn't work with the backwards pass and may produce incorrect results.
  _warn_once(
/scratch/specforge-torchtitan-20261003/venv/lib/python3.12/site-packages/torch/nn/attention/flex_attention.py:2596: UserWarning: flex_attention called without torch.compile() - this will use an unfused implementation that materializes the full scores matrix instead of generating a fused kernel.

SOLUTION: Use torch.compile(flex_attention)(...)

If you want to debug your score_mod/mask_mod, you can set:
torch.nn.attention.flex_attention._FLEX_ATTENTION_DISABLE_COMPILE_DEBUG = True

This will allow you to use print statements or breakpoints. Note: This doesn't work with the backwards pass and may produce incorrect results.
  _warn_once(
[titan] 2026-10-03 05:35:52,180 - root - INFO - minimal_fx_tracer took 2.142s
[titan] 2026-10-03 05:35:52,181 - root - INFO - Disabled 9 graph passes: ['eliminate_dead_code_pass', 'canonicalize_graph_pass', 'deduplicate_fsdp_unshard_chains_pass', 'tag_with_memory_policy_pass', 'apply_cpu_offload_pass', 'selective_activation_remat_pass', 'joint_transformer_block_bucketing_reordering_pass', 'insert_kernel_annotations_pass', 'cudagraph_pass']
[titan] 2026-10-03 05:35:52,181 - root - INFO - Applying 3 graph passes:
  1. functionalize_fused_kernels
  2. annotate_flex_attention_for_regional_inductor_pass
  3. regional_inductor_pass
[titan] 2026-10-03 05:35:52,194 - root - INFO - minimal_fx_tracer took 2.156s
[titan] 2026-10-03 05:35:52,194 - root - INFO - Disabled 9 graph passes: ['eliminate_dead_code_pass', 'canonicalize_graph_pass', 'deduplicate_fsdp_unshard_chains_pass', 'tag_with_memory_policy_pass', 'apply_cpu_offload_pass', 'selective_activation_remat_pass', 'joint_transformer_block_bucketing_reordering_pass', 'insert_kernel_annotations_pass', 'cudagraph_pass']
[titan] 2026-10-03 05:35:52,194 - root - INFO - Applying 3 graph passes:
  1. functionalize_fused_kernels
  2. annotate_flex_attention_for_regional_inductor_pass
  3. regional_inductor_pass
[titan] 2026-10-03 05:35:57,016 - root - INFO - All 3 graph passes took 4.835s
[titan] 2026-10-03 05:35:57,143 - root - INFO - All 3 graph passes took 4.949s
{"correctness_snapshot": "/scratch/specforge-torchtitan-20261003/first-update-tiny16-c2-minimalregional/step1-before_clip.pt", "parameters": 36}
{"correctness_snapshot": "/scratch/specforge-torchtitan-20261003/first-update-tiny16-c2-minimalregional/step1-before_adam.pt", "parameters": 36}
{"correctness_snapshot": "/scratch/specforge-torchtitan-20261003/first-update-tiny16-c2-minimalregional/step1-after_adam.pt", "parameters": 36}
[titan] 2026-10-03 05:35:57,878 - root - INFO - [31mstep:  1  [32mloss:  4.91068  [38;2;180;60;0mgrad_norm:  0.9104  [38;2;54;234;195mmemory:  0.03GiB(0.02%)  [34mtps: 26  [36mtflops: 0.00  [35mmfu: 0.00%[39m
[titan] 2026-10-03 05:35:57,878 - root - INFO - [31mstep:  1  [32mloss:  4.91068  [38;2;180;60;0mgrad_norm:  0.9104  [38;2;54;234;195mmemory:  0.03GiB(0.02%)  [34mtps: 26  [36mtflops: 0.00  [35mmfu: 0.00%[39m
[titan] 2026-10-03 05:35:57,879 - root - INFO - Synchronizing and adjusting timeout for all ProcessGroups to 0:01:40
[titan] 2026-10-03 05:35:57,879 - root - INFO - Synchronizing and adjusting timeout for all ProcessGroups to 0:01:40
/scratch/specforge-torchtitan-20261003/venv/lib/python3.12/site-packages/torch/distributed/c10d_logger.py:83: UserWarning: barrier(): using the device under current context. You can specify `device_id` in `init_process_group` to mute this warning.
  return func(*args, **kwargs)
{"correctness_snapshot": "/scratch/specforge-torchtitan-20261003/first-update-tiny16-c2-minimalregional/step2-before_clip.pt", "parameters": 36}
{"correctness_snapshot": "/scratch/specforge-torchtitan-20261003/first-update-tiny16-c2-minimalregional/step2-before_adam.pt", "parameters": 36}
{"correctness_snapshot": "/scratch/specforge-torchtitan-20261003/first-update-tiny16-c2-minimalregional/step2-after_adam.pt", "parameters": 36}
[titan] 2026-10-03 05:35:58,045 - root - INFO - Training completed
[titan] 2026-10-03 05:35:58,045 - root - INFO - Sleeping 2 seconds for other ranks to complete
[titan] 2026-10-03 05:36:00,045 - root - INFO - Training completed
{
  "output": "/scratch/specforge-torchtitan-20261003/first-update-tiny16-c2-minimalregional.json",
  "optimizer_step_seconds_mean": 0.16472121141850948,
  "optimizer_step_seconds_median": 0.16472121141850948,
  "optimizer_step_seconds_p95": 0.16472121141850948,
  "input_context_tokens_per_second": 3108.28214284531
}
