W1003 04:06:22.778000 2037602 torch/utils/_pytree.py:630] <enum 'KernelPreference'> is an Enum subclass and is now natively supported by torch.compile as an opaque value type. Calling register_constant() on Enum subclasses is deprecated and will be an error in a future release.
W1003 04:06:22.779000 2037603 torch/utils/_pytree.py:630] <enum 'KernelPreference'> is an Enum subclass and is now natively supported by torch.compile as an opaque value type. Calling register_constant() on Enum subclasses is deprecated and will be an error in a future release.
W1003 04:06:22.805000 2037602 torch/utils/_pytree.py:630] <enum 'ScaleCalculationMode'> is an Enum subclass and is now natively supported by torch.compile as an opaque value type. Calling register_constant() on Enum subclasses is deprecated and will be an error in a future release.
W1003 04:06:22.806000 2037603 torch/utils/_pytree.py:630] <enum 'ScaleCalculationMode'> is an Enum subclass and is now natively supported by torch.compile as an opaque value type. Calling register_constant() on Enum subclasses is deprecated and will be an error in a future release.
/scratch/specforge-torchtitan-20261003/extension-bench-source-p2/specforge/modeling/draft/llama3_eagle.py:33: UserWarning: flash_attn is not found, falling back to flex_attention. Please install flash_attn if you want to use the flash attention backend.
  warnings.warn(
/scratch/specforge-torchtitan-20261003/extension-bench-source-p2/specforge/modeling/draft/llama3_eagle.py:33: UserWarning: flash_attn is not found, falling back to flex_attention. Please install flash_attn if you want to use the flash attention backend.
  warnings.warn(
initial_load_model_only=True has no effect without an initial_load_path.
[titan] 2026-10-03 04:06:44,690 - root - WARNING - ENV[TORCH_NCCL_ASYNC_ERROR_HANDLING] = 1 will be overridden to 3 based on job config
initial_load_model_only=True has no effect without an initial_load_path.
[titan] 2026-10-03 04:06:44,693 - root - WARNING - ENV[TORCH_NCCL_ASYNC_ERROR_HANDLING] = 1 will be overridden to 3 based on job config
[titan] 2026-10-03 04:06:44,698 - root - INFO - Building device mesh with parallelism: pp=1, dp_replicate=1, dp_shard=2, cp=1, tp=1, ep=1
[titan] 2026-10-03 04:06:44,700 - root - INFO - Building device mesh with parallelism: pp=1, dp_replicate=1, dp_shard=2, cp=1, tp=1, ep=1
[titan] 2026-10-03 04:06:44,702 - root - INFO - Successfully created meshes with active dimensions: ['batch', 'loss', 'fsdp']
[titan] 2026-10-03 04:06:44,703 - root - INFO - [GC] Initial GC collection took 0.00 seconds
[titan] 2026-10-03 04:06:44,704 - root - INFO - Successfully created meshes with active dimensions: ['batch', 'loss', 'fsdp']
[titan] 2026-10-03 04:06:44,704 - root - INFO - Building specforge dflash2
[titan] 2026-10-03 04:06:44,705 - root - INFO - [GC] Initial GC collection took 0.00 seconds
[titan] 2026-10-03 04:06:44,706 - root - INFO - Building specforge dflash2
[titan] 2026-10-03 04:06:44,714 - root - INFO - CUDA capacity: NVIDIA H200 with 139.80GiB memory
[titan] 2026-10-03 04:06:44,715 - root - WARNING - Error running lspci: [Errno 2] No such file or directory: 'lspci', fallback to use device_name
[titan] 2026-10-03 04:06:44,715 - root - INFO - [34mModel specforge dflash2 [31msize: 1,410,272,512 total parameters[39m
[titan] 2026-10-03 04:06:44,715 - root - INFO - CUDA capacity: NVIDIA H200 with 139.80GiB memory
[titan] 2026-10-03 04:06:44,716 - root - WARNING - Error running lspci: [Errno 2] No such file or directory: 'lspci', fallback to use device_name
[titan] 2026-10-03 04:06:44,716 - root - INFO - [34mModel specforge dflash2 [31msize: 1,410,272,512 total parameters[39m
[titan] 2026-10-03 04:06:44,726 - root - INFO - Compiling each TransformerBlock with torch.compile
[titan] 2026-10-03 04:06:44,727 - root - INFO - Compiling each TransformerBlock with torch.compile
[titan] 2026-10-03 04:06:44,762 - root - INFO - Applied FSDP to the model
[titan] 2026-10-03 04:06:44,763 - root - INFO - Applied FSDP to the model
[titan] 2026-10-03 04:06:57,158 - root - WARNING - Error running lspci: [Errno 2] No such file or directory: 'lspci', fallback to use device_name
[titan] 2026-10-03 04:06:57,158 - root - INFO - Peak FLOPS used for computing MFU: 9.890e+14
[titan] 2026-10-03 04:06:57,158 - root - WARNING - Error running lspci: [Errno 2] No such file or directory: 'lspci', fallback to use device_name
[titan] 2026-10-03 04:06:57,158 - root - INFO - Peak FLOPS used for computing MFU: 9.890e+14
[titan] 2026-10-03 04:06:57,158 - root - INFO - CUDA memory usage for model: 5.81GiB(4.16%)
[titan] 2026-10-03 04:06:57,158 - root - INFO - CUDA memory usage for model: 5.81GiB(4.16%)
[titan] 2026-10-03 04:06:57,159 - root - INFO - Optimizer AdamW (model_part=0): 81 params [.*] {'fused': True, 'foreach': False, 'lr': 0.0001, 'betas': (0.9, 0.999), 'eps': 1e-08, 'weight_decay': 0.0}
[titan] 2026-10-03 04:06:57,159 - root - INFO - Optimizer AdamW (model_part=0): 81 params [.*] {'fused': True, 'foreach': False, 'lr': 0.0001, 'betas': (0.9, 0.999), 'eps': 1e-08, 'weight_decay': 0.0}
[titan] 2026-10-03 04:06:57,160 - root - WARNING - initial_load_model_only=True has no effect without an initial_load_path.
[titan] 2026-10-03 04:06:57,160 - root - WARNING - initial_load_model_only=True has no effect without an initial_load_path.
[titan] 2026-10-03 04:06:57,160 - root - INFO - Trainer is initialized with local batch size 1, global batch size 4, gradient accumulation steps 2, sequence length 4096, total steps 30 (warmup 0)
[titan] 2026-10-03 04:06:57,160 - root - INFO - Trainer is initialized with local batch size 1, global batch size 4, gradient accumulation steps 2, sequence length 4096, total steps 30 (warmup 0)
[titan] 2026-10-03 04:06:57,495 - root - INFO - Training starts at step 1
[titan] 2026-10-03 04:06:57,495 - root - INFO - Training starts at step 1
/scratch/specforge-torchtitan-20261003/venv/lib/python3.12/site-packages/torch/distributed/c10d_logger.py:83: UserWarning: barrier(): using the device under current context. You can specify `device_id` in `init_process_group` to mute this warning.
  return func(*args, **kwargs)
[titan] 2026-10-03 04:07:00,181 - root - INFO - [31mstep:  1  [32mloss: 12.44095  [38;2;180;60;0mgrad_norm:  4.8329  [38;2;54;234;195mmemory: 16.69GiB(11.94%)  [34mtps: 530  [36mtflops: 8.35  [35mmfu: 0.84%[39m
[titan] 2026-10-03 04:07:00,181 - root - INFO - [31mstep:  1  [32mloss: 12.44095  [38;2;180;60;0mgrad_norm:  4.8329  [38;2;54;234;195mmemory: 16.69GiB(11.94%)  [34mtps: 530  [36mtflops: 8.35  [35mmfu: 0.84%[39m
[titan] 2026-10-03 04:07:00,181 - root - INFO - Synchronizing and adjusting timeout for all ProcessGroups to 0:01:40
[titan] 2026-10-03 04:07:00,181 - root - INFO - Synchronizing and adjusting timeout for all ProcessGroups to 0:01:40
/scratch/specforge-torchtitan-20261003/venv/lib/python3.12/site-packages/torch/distributed/c10d_logger.py:83: UserWarning: barrier(): using the device under current context. You can specify `device_id` in `init_process_group` to mute this warning.
  return func(*args, **kwargs)
[titan] 2026-10-03 04:07:06,397 - root - INFO - Sleeping 2 seconds for other ranks to complete
[titan] 2026-10-03 04:07:06,397 - root - INFO - Training completed
[titan] 2026-10-03 04:07:08,397 - root - INFO - Training completed
{
  "output": "/scratch/specforge-torchtitan-20261003/extension-bench-p2/dflash2-bf16-2.json",
  "optimizer_step_seconds_mean": 0.21372615629807115,
  "optimizer_step_seconds_median": 0.2136832857504487,
  "optimizer_step_seconds_p95": 0.21507609263062477,
  "input_context_tokens_per_second": 76658.8436520152
}
