W1003 04:13:33.579000 2040113 torch/utils/_pytree.py:630] <enum 'KernelPreference'> is an Enum subclass and is now natively supported by torch.compile as an opaque value type. Calling register_constant() on Enum subclasses is deprecated and will be an error in a future release.
W1003 04:13:33.579000 2040112 torch/utils/_pytree.py:630] <enum 'KernelPreference'> is an Enum subclass and is now natively supported by torch.compile as an opaque value type. Calling register_constant() on Enum subclasses is deprecated and will be an error in a future release.
W1003 04:13:33.606000 2040113 torch/utils/_pytree.py:630] <enum 'ScaleCalculationMode'> is an Enum subclass and is now natively supported by torch.compile as an opaque value type. Calling register_constant() on Enum subclasses is deprecated and will be an error in a future release.
W1003 04:13:33.606000 2040112 torch/utils/_pytree.py:630] <enum 'ScaleCalculationMode'> is an Enum subclass and is now natively supported by torch.compile as an opaque value type. Calling register_constant() on Enum subclasses is deprecated and will be an error in a future release.
/scratch/specforge-torchtitan-20261003/extension-bench-source-p2/specforge/modeling/draft/llama3_eagle.py:33: UserWarning: flash_attn is not found, falling back to flex_attention. Please install flash_attn if you want to use the flash attention backend.
  warnings.warn(
/scratch/specforge-torchtitan-20261003/extension-bench-source-p2/specforge/modeling/draft/llama3_eagle.py:33: UserWarning: flash_attn is not found, falling back to flex_attention. Please install flash_attn if you want to use the flash attention backend.
  warnings.warn(
initial_load_model_only=True has no effect without an initial_load_path.
[titan] 2026-10-03 04:13:55,457 - root - WARNING - ENV[TORCH_NCCL_ASYNC_ERROR_HANDLING] = 1 will be overridden to 3 based on job config
[titan] 2026-10-03 04:13:55,463 - root - INFO - Building device mesh with parallelism: pp=1, dp_replicate=1, dp_shard=2, cp=1, tp=1, ep=1
[titan] 2026-10-03 04:13:55,468 - root - INFO - Successfully created meshes with active dimensions: ['batch', 'loss', 'fsdp']
[titan] 2026-10-03 04:13:55,469 - root - INFO - [GC] Initial GC collection took 0.00 seconds
[titan] 2026-10-03 04:13:55,470 - root - INFO - Building specforge dflash2
[titan] 2026-10-03 04:13:55,479 - root - INFO - CUDA capacity: NVIDIA H200 with 139.80GiB memory
[titan] 2026-10-03 04:13:55,480 - root - WARNING - Error running lspci: [Errno 2] No such file or directory: 'lspci', fallback to use device_name
[titan] 2026-10-03 04:13:55,480 - root - INFO - [34mModel specforge dflash2 [31msize: 1,410,272,512 total parameters[39m
[titan] 2026-10-03 04:13:55,491 - root - INFO - Compiling each TransformerBlock with torch.compile
[titan] 2026-10-03 04:13:55,527 - root - INFO - Applied FSDP to the model
initial_load_model_only=True has no effect without an initial_load_path.
[titan] 2026-10-03 04:13:55,531 - root - WARNING - ENV[TORCH_NCCL_ASYNC_ERROR_HANDLING] = 1 will be overridden to 3 based on job config
[titan] 2026-10-03 04:13:55,537 - root - INFO - Building device mesh with parallelism: pp=1, dp_replicate=1, dp_shard=2, cp=1, tp=1, ep=1
[titan] 2026-10-03 04:13:55,542 - root - INFO - Successfully created meshes with active dimensions: ['batch', 'loss', 'fsdp']
[titan] 2026-10-03 04:13:55,542 - root - INFO - [GC] Initial GC collection took 0.00 seconds
[titan] 2026-10-03 04:13:55,544 - root - INFO - Building specforge dflash2
[titan] 2026-10-03 04:13:55,553 - root - INFO - CUDA capacity: NVIDIA H200 with 139.80GiB memory
[titan] 2026-10-03 04:13:55,553 - root - WARNING - Error running lspci: [Errno 2] No such file or directory: 'lspci', fallback to use device_name
[titan] 2026-10-03 04:13:55,554 - root - INFO - [34mModel specforge dflash2 [31msize: 1,410,272,512 total parameters[39m
[titan] 2026-10-03 04:13:55,565 - root - INFO - Compiling each TransformerBlock with torch.compile
[titan] 2026-10-03 04:13:55,600 - root - INFO - Applied FSDP to the model
[titan] 2026-10-03 04:14:07,910 - root - WARNING - Error running lspci: [Errno 2] No such file or directory: 'lspci', fallback to use device_name
[titan] 2026-10-03 04:14:07,910 - root - INFO - Peak FLOPS used for computing MFU: 9.890e+14
[titan] 2026-10-03 04:14:07,910 - root - INFO - CUDA memory usage for model: 5.81GiB(4.16%)
[titan] 2026-10-03 04:14:07,911 - root - WARNING - Error running lspci: [Errno 2] No such file or directory: 'lspci', fallback to use device_name
[titan] 2026-10-03 04:14:07,911 - root - INFO - Peak FLOPS used for computing MFU: 9.890e+14
[titan] 2026-10-03 04:14:07,911 - root - INFO - Optimizer AdamW (model_part=0): 81 params [.*] {'fused': True, 'foreach': False, 'lr': 0.0001, 'betas': (0.9, 0.999), 'eps': 1e-08, 'weight_decay': 0.0}
[titan] 2026-10-03 04:14:07,911 - root - INFO - CUDA memory usage for model: 5.81GiB(4.16%)
[titan] 2026-10-03 04:14:07,912 - root - WARNING - initial_load_model_only=True has no effect without an initial_load_path.
[titan] 2026-10-03 04:14:07,912 - root - INFO - Trainer is initialized with local batch size 1, global batch size 4, gradient accumulation steps 2, sequence length 4096, total steps 30 (warmup 0)
[titan] 2026-10-03 04:14:07,912 - root - INFO - Optimizer AdamW (model_part=0): 81 params [.*] {'fused': True, 'foreach': False, 'lr': 0.0001, 'betas': (0.9, 0.999), 'eps': 1e-08, 'weight_decay': 0.0}
[titan] 2026-10-03 04:14:07,912 - root - WARNING - initial_load_model_only=True has no effect without an initial_load_path.
[titan] 2026-10-03 04:14:07,913 - root - INFO - Trainer is initialized with local batch size 1, global batch size 4, gradient accumulation steps 2, sequence length 4096, total steps 30 (warmup 0)
[titan] 2026-10-03 04:14:08,230 - root - INFO - Training starts at step 1
[titan] 2026-10-03 04:14:08,230 - root - INFO - Training starts at step 1
/scratch/specforge-torchtitan-20261003/venv/lib/python3.12/site-packages/torch/distributed/c10d_logger.py:83: UserWarning: barrier(): using the device under current context. You can specify `device_id` in `init_process_group` to mute this warning.
  return func(*args, **kwargs)
[titan] 2026-10-03 04:14:10,901 - root - INFO - [31mstep:  1  [32mloss: 12.44095  [38;2;180;60;0mgrad_norm:  4.8329  [38;2;54;234;195mmemory: 16.69GiB(11.94%)  [34mtps: 531  [36mtflops: 8.38  [35mmfu: 0.85%[39m
[titan] 2026-10-03 04:14:10,901 - root - INFO - [31mstep:  1  [32mloss: 12.44095  [38;2;180;60;0mgrad_norm:  4.8329  [38;2;54;234;195mmemory: 16.69GiB(11.94%)  [34mtps: 534  [36mtflops: 8.42  [35mmfu: 0.85%[39m
[titan] 2026-10-03 04:14:10,901 - root - INFO - Synchronizing and adjusting timeout for all ProcessGroups to 0:01:40
[titan] 2026-10-03 04:14:10,901 - root - INFO - Synchronizing and adjusting timeout for all ProcessGroups to 0:01:40
/scratch/specforge-torchtitan-20261003/venv/lib/python3.12/site-packages/torch/distributed/c10d_logger.py:83: UserWarning: barrier(): using the device under current context. You can specify `device_id` in `init_process_group` to mute this warning.
  return func(*args, **kwargs)
[titan] 2026-10-03 04:14:17,121 - root - INFO - Training completed
[titan] 2026-10-03 04:14:17,121 - root - INFO - Sleeping 2 seconds for other ranks to complete
[titan] 2026-10-03 04:14:19,121 - root - INFO - Training completed
{
  "output": "/scratch/specforge-torchtitan-20261003/extension-bench-p2/dflash2-bf16-3.json",
  "optimizer_step_seconds_mean": 0.21377656767144798,
  "optimizer_step_seconds_median": 0.21368500776588917,
  "optimizer_step_seconds_p95": 0.2151909451931715,
  "input_context_tokens_per_second": 76640.76647156426
}
