W1003 04:02:34.739000 2036588 torch/utils/_pytree.py:630] <enum 'KernelPreference'> is an Enum subclass and is now natively supported by torch.compile as an opaque value type. Calling register_constant() on Enum subclasses is deprecated and will be an error in a future release.
W1003 04:02:34.765000 2036588 torch/utils/_pytree.py:630] <enum 'ScaleCalculationMode'> is an Enum subclass and is now natively supported by torch.compile as an opaque value type. Calling register_constant() on Enum subclasses is deprecated and will be an error in a future release.
W1003 04:02:34.859000 2036587 torch/utils/_pytree.py:630] <enum 'KernelPreference'> is an Enum subclass and is now natively supported by torch.compile as an opaque value type. Calling register_constant() on Enum subclasses is deprecated and will be an error in a future release.
W1003 04:02:34.886000 2036587 torch/utils/_pytree.py:630] <enum 'ScaleCalculationMode'> is an Enum subclass and is now natively supported by torch.compile as an opaque value type. Calling register_constant() on Enum subclasses is deprecated and will be an error in a future release.
/scratch/specforge-torchtitan-20261003/extension-bench-source-p2/specforge/modeling/draft/llama3_eagle.py:33: UserWarning: flash_attn is not found, falling back to flex_attention. Please install flash_attn if you want to use the flash attention backend.
  warnings.warn(
/scratch/specforge-torchtitan-20261003/extension-bench-source-p2/specforge/modeling/draft/llama3_eagle.py:33: UserWarning: flash_attn is not found, falling back to flex_attention. Please install flash_attn if you want to use the flash attention backend.
  warnings.warn(
initial_load_model_only=True has no effect without an initial_load_path.
[titan] 2026-10-03 04:02:55,886 - root - WARNING - ENV[TORCH_NCCL_ASYNC_ERROR_HANDLING] = 1 will be overridden to 3 based on job config
[titan] 2026-10-03 04:02:55,893 - root - INFO - Building device mesh with parallelism: pp=1, dp_replicate=1, dp_shard=2, cp=1, tp=1, ep=1
[titan] 2026-10-03 04:02:55,897 - root - INFO - Successfully created meshes with active dimensions: ['batch', 'loss', 'fsdp']
[titan] 2026-10-03 04:02:55,898 - root - INFO - [GC] Initial GC collection took 0.00 seconds
[titan] 2026-10-03 04:02:55,899 - root - INFO - Building specforge dflash
[titan] 2026-10-03 04:02:55,907 - root - INFO - CUDA capacity: NVIDIA H200 with 139.80GiB memory
[titan] 2026-10-03 04:02:55,908 - root - WARNING - Error running lspci: [Errno 2] No such file or directory: 'lspci', fallback to use device_name
[titan] 2026-10-03 04:02:55,908 - root - INFO - [34mModel specforge dflash [31msize: 1,315,339,520 total parameters[39m
[titan] 2026-10-03 04:02:55,919 - root - INFO - Compiling each TransformerBlock with torch.compile
[titan] 2026-10-03 04:02:55,945 - root - INFO - Applied FSDP to the model
initial_load_model_only=True has no effect without an initial_load_path.
[titan] 2026-10-03 04:02:56,304 - root - WARNING - ENV[TORCH_NCCL_ASYNC_ERROR_HANDLING] = 1 will be overridden to 3 based on job config
[titan] 2026-10-03 04:02:56,311 - root - INFO - Building device mesh with parallelism: pp=1, dp_replicate=1, dp_shard=2, cp=1, tp=1, ep=1
[titan] 2026-10-03 04:02:56,316 - root - INFO - Successfully created meshes with active dimensions: ['batch', 'loss', 'fsdp']
[titan] 2026-10-03 04:02:56,317 - root - INFO - [GC] Initial GC collection took 0.00 seconds
[titan] 2026-10-03 04:02:56,319 - root - INFO - Building specforge dflash
[titan] 2026-10-03 04:02:56,327 - root - INFO - CUDA capacity: NVIDIA H200 with 139.80GiB memory
[titan] 2026-10-03 04:02:56,328 - root - WARNING - Error running lspci: [Errno 2] No such file or directory: 'lspci', fallback to use device_name
[titan] 2026-10-03 04:02:56,329 - root - INFO - [34mModel specforge dflash [31msize: 1,315,339,520 total parameters[39m
[titan] 2026-10-03 04:02:56,340 - root - INFO - Compiling each TransformerBlock with torch.compile
[titan] 2026-10-03 04:02:56,367 - root - INFO - Applied FSDP to the model
[titan] 2026-10-03 04:03:08,793 - root - WARNING - Error running lspci: [Errno 2] No such file or directory: 'lspci', fallback to use device_name
[titan] 2026-10-03 04:03:08,793 - root - INFO - Peak FLOPS used for computing MFU: 9.890e+14
[titan] 2026-10-03 04:03:08,794 - root - INFO - CUDA memory usage for model: 5.41GiB(3.87%)
[titan] 2026-10-03 04:03:08,795 - root - INFO - Optimizer AdamW (model_part=0): 58 params [.*] {'fused': True, 'foreach': False, 'lr': 0.0001, 'betas': (0.9, 0.999), 'eps': 1e-08, 'weight_decay': 0.0}
[titan] 2026-10-03 04:03:08,796 - root - WARNING - initial_load_model_only=True has no effect without an initial_load_path.
[titan] 2026-10-03 04:03:08,796 - root - INFO - Trainer is initialized with local batch size 1, global batch size 4, gradient accumulation steps 2, sequence length 4096, total steps 30 (warmup 0)
[titan] 2026-10-03 04:03:08,819 - root - WARNING - Error running lspci: [Errno 2] No such file or directory: 'lspci', fallback to use device_name
[titan] 2026-10-03 04:03:08,820 - root - INFO - Peak FLOPS used for computing MFU: 9.890e+14
[titan] 2026-10-03 04:03:08,820 - root - INFO - CUDA memory usage for model: 5.41GiB(3.87%)
[titan] 2026-10-03 04:03:08,820 - root - INFO - Optimizer AdamW (model_part=0): 58 params [.*] {'fused': True, 'foreach': False, 'lr': 0.0001, 'betas': (0.9, 0.999), 'eps': 1e-08, 'weight_decay': 0.0}
[titan] 2026-10-03 04:03:08,821 - root - WARNING - initial_load_model_only=True has no effect without an initial_load_path.
[titan] 2026-10-03 04:03:08,821 - root - INFO - Trainer is initialized with local batch size 1, global batch size 4, gradient accumulation steps 2, sequence length 4096, total steps 30 (warmup 0)
[titan] 2026-10-03 04:03:09,417 - root - INFO - Training starts at step 1
[titan] 2026-10-03 04:03:09,417 - root - INFO - Training starts at step 1
/scratch/specforge-torchtitan-20261003/venv/lib/python3.12/site-packages/torch/distributed/c10d_logger.py:83: UserWarning: barrier(): using the device under current context. You can specify `device_id` in `init_process_group` to mute this warning.
  return func(*args, **kwargs)
[titan] 2026-10-03 04:03:11,449 - root - INFO - Recorded CUDA graph
[titan] 2026-10-03 04:03:11,455 - root - INFO - Recorded CUDA graph
[titan] 2026-10-03 04:03:11,734 - root - INFO - [31mstep:  1  [32mloss: 12.44166  [38;2;180;60;0mgrad_norm:  3.2600  [38;2;54;234;195mmemory: 14.30GiB(10.23%)  [34mtps: 518  [36mtflops: 8.05  [35mmfu: 0.81%[39m
[titan] 2026-10-03 04:03:11,734 - root - INFO - [31mstep:  1  [32mloss: 12.44166  [38;2;180;60;0mgrad_norm:  3.2600  [38;2;54;234;195mmemory: 14.30GiB(10.23%)  [34mtps: 532  [36mtflops: 8.27  [35mmfu: 0.84%[39m
[titan] 2026-10-03 04:03:11,735 - root - INFO - Synchronizing and adjusting timeout for all ProcessGroups to 0:01:40
[titan] 2026-10-03 04:03:11,735 - root - INFO - Synchronizing and adjusting timeout for all ProcessGroups to 0:01:40
/scratch/specforge-torchtitan-20261003/venv/lib/python3.12/site-packages/torch/distributed/c10d_logger.py:83: UserWarning: barrier(): using the device under current context. You can specify `device_id` in `init_process_group` to mute this warning.
  return func(*args, **kwargs)
[titan] 2026-10-03 04:03:18,286 - root - INFO - Training completed
[titan] 2026-10-03 04:03:18,286 - root - INFO - Sleeping 2 seconds for other ranks to complete
[titan] 2026-10-03 04:03:20,286 - root - INFO - Training completed
{
  "output": "/scratch/specforge-torchtitan-20261003/extension-bench-p2/dflash-cuda-2.json",
  "optimizer_step_seconds_mean": 0.22555144103243946,
  "optimizer_step_seconds_median": 0.22567110136151314,
  "optimizer_step_seconds_p95": 0.2272563111037016,
  "input_context_tokens_per_second": 72639.74871986566
}
