W1003 04:17:28.054000 2040952 torch/utils/_pytree.py:630] <enum 'KernelPreference'> is an Enum subclass and is now natively supported by torch.compile as an opaque value type. Calling register_constant() on Enum subclasses is deprecated and will be an error in a future release.
W1003 04:17:28.056000 2040953 torch/utils/_pytree.py:630] <enum 'KernelPreference'> is an Enum subclass and is now natively supported by torch.compile as an opaque value type. Calling register_constant() on Enum subclasses is deprecated and will be an error in a future release.
W1003 04:17:28.080000 2040952 torch/utils/_pytree.py:630] <enum 'ScaleCalculationMode'> is an Enum subclass and is now natively supported by torch.compile as an opaque value type. Calling register_constant() on Enum subclasses is deprecated and will be an error in a future release.
W1003 04:17:28.082000 2040953 torch/utils/_pytree.py:630] <enum 'ScaleCalculationMode'> is an Enum subclass and is now natively supported by torch.compile as an opaque value type. Calling register_constant() on Enum subclasses is deprecated and will be an error in a future release.
/scratch/specforge-torchtitan-20261003/extension-bench-source-p2/specforge/modeling/draft/llama3_eagle.py:33: UserWarning: flash_attn is not found, falling back to flex_attention. Please install flash_attn if you want to use the flash attention backend.
  warnings.warn(
/scratch/specforge-torchtitan-20261003/extension-bench-source-p2/specforge/modeling/draft/llama3_eagle.py:33: UserWarning: flash_attn is not found, falling back to flex_attention. Please install flash_attn if you want to use the flash attention backend.
  warnings.warn(
initial_load_model_only=True has no effect without an initial_load_path.
[titan] 2026-10-03 04:17:50,214 - root - WARNING - ENV[TORCH_NCCL_ASYNC_ERROR_HANDLING] = 1 will be overridden to 3 based on job config
[titan] 2026-10-03 04:17:50,221 - root - INFO - Building device mesh with parallelism: pp=1, dp_replicate=1, dp_shard=2, cp=1, tp=1, ep=1
[titan] 2026-10-03 04:17:50,226 - root - INFO - Successfully created meshes with active dimensions: ['batch', 'loss', 'fsdp']
[titan] 2026-10-03 04:17:50,227 - root - INFO - [GC] Initial GC collection took 0.00 seconds
[titan] 2026-10-03 04:17:50,228 - root - INFO - Building specforge dspark
[titan] 2026-10-03 04:17:50,236 - root - INFO - CUDA capacity: NVIDIA H200 with 139.80GiB memory
[titan] 2026-10-03 04:17:50,237 - root - WARNING - Error running lspci: [Errno 2] No such file or directory: 'lspci', fallback to use device_name
[titan] 2026-10-03 04:17:50,237 - root - INFO - [34mModel specforge dspark [31msize: 1,393,133,569 total parameters[39m
[titan] 2026-10-03 04:17:50,248 - root - INFO - Compiling each TransformerBlock with torch.compile
[titan] 2026-10-03 04:17:50,280 - root - INFO - Applied FSDP to the model
initial_load_model_only=True has no effect without an initial_load_path.
[titan] 2026-10-03 04:17:50,299 - root - WARNING - ENV[TORCH_NCCL_ASYNC_ERROR_HANDLING] = 1 will be overridden to 3 based on job config
[titan] 2026-10-03 04:17:50,305 - root - INFO - Building device mesh with parallelism: pp=1, dp_replicate=1, dp_shard=2, cp=1, tp=1, ep=1
[titan] 2026-10-03 04:17:50,310 - root - INFO - Successfully created meshes with active dimensions: ['batch', 'loss', 'fsdp']
[titan] 2026-10-03 04:17:50,311 - root - INFO - [GC] Initial GC collection took 0.00 seconds
[titan] 2026-10-03 04:17:50,312 - root - INFO - Building specforge dspark
[titan] 2026-10-03 04:17:50,320 - root - INFO - CUDA capacity: NVIDIA H200 with 139.80GiB memory
[titan] 2026-10-03 04:17:50,321 - root - WARNING - Error running lspci: [Errno 2] No such file or directory: 'lspci', fallback to use device_name
[titan] 2026-10-03 04:17:50,321 - root - INFO - [34mModel specforge dspark [31msize: 1,393,133,569 total parameters[39m
[titan] 2026-10-03 04:17:50,332 - root - INFO - Compiling each TransformerBlock with torch.compile
[titan] 2026-10-03 04:17:50,363 - root - INFO - Applied FSDP to the model
[titan] 2026-10-03 04:18:02,559 - root - WARNING - Error running lspci: [Errno 2] No such file or directory: 'lspci', fallback to use device_name
[titan] 2026-10-03 04:18:02,559 - root - INFO - Peak FLOPS used for computing MFU: 9.890e+14
[titan] 2026-10-03 04:18:02,559 - root - INFO - CUDA memory usage for model: 5.78GiB(4.13%)
[titan] 2026-10-03 04:18:02,560 - root - INFO - Optimizer AdamW (model_part=0): 62 params [.*] {'fused': True, 'foreach': False, 'lr': 0.0001, 'betas': (0.9, 0.999), 'eps': 1e-08, 'weight_decay': 0.0}
[titan] 2026-10-03 04:18:02,560 - root - WARNING - initial_load_model_only=True has no effect without an initial_load_path.
[titan] 2026-10-03 04:18:02,561 - root - INFO - Trainer is initialized with local batch size 1, global batch size 4, gradient accumulation steps 2, sequence length 4096, total steps 30 (warmup 0)
[titan] 2026-10-03 04:18:02,562 - root - WARNING - Error running lspci: [Errno 2] No such file or directory: 'lspci', fallback to use device_name
[titan] 2026-10-03 04:18:02,562 - root - INFO - Peak FLOPS used for computing MFU: 9.890e+14
[titan] 2026-10-03 04:18:02,562 - root - INFO - CUDA memory usage for model: 5.78GiB(4.13%)
[titan] 2026-10-03 04:18:02,563 - root - INFO - Optimizer AdamW (model_part=0): 62 params [.*] {'fused': True, 'foreach': False, 'lr': 0.0001, 'betas': (0.9, 0.999), 'eps': 1e-08, 'weight_decay': 0.0}
[titan] 2026-10-03 04:18:02,563 - root - WARNING - initial_load_model_only=True has no effect without an initial_load_path.
[titan] 2026-10-03 04:18:02,563 - root - INFO - Trainer is initialized with local batch size 1, global batch size 4, gradient accumulation steps 2, sequence length 4096, total steps 30 (warmup 0)
[titan] 2026-10-03 04:18:02,880 - root - INFO - Training starts at step 1
[titan] 2026-10-03 04:18:02,880 - root - INFO - Training starts at step 1
/scratch/specforge-torchtitan-20261003/venv/lib/python3.12/site-packages/torch/distributed/c10d_logger.py:83: UserWarning: barrier(): using the device under current context. You can specify `device_id` in `init_process_group` to mute this warning.
  return func(*args, **kwargs)
[titan] 2026-10-03 04:18:05,136 - root - INFO - Recorded CUDA graph
[titan] 2026-10-03 04:18:05,137 - root - INFO - Recorded CUDA graph
[titan] 2026-10-03 04:18:05,591 - root - INFO - [31mstep:  1  [32mloss:  2.99110  [38;2;180;60;0mgrad_norm:  2.7489  [38;2;54;234;195mmemory: 20.98GiB(15.01%)  [34mtps: 534  [36mtflops: 8.55  [35mmfu: 0.86%[39m
[titan] 2026-10-03 04:18:05,591 - root - INFO - [31mstep:  1  [32mloss:  2.99110  [38;2;180;60;0mgrad_norm:  2.7489  [38;2;54;234;195mmemory: 20.98GiB(15.01%)  [34mtps: 536  [36mtflops: 8.60  [35mmfu: 0.87%[39m
[titan] 2026-10-03 04:18:05,592 - root - INFO - Synchronizing and adjusting timeout for all ProcessGroups to 0:01:40
[titan] 2026-10-03 04:18:05,592 - root - INFO - Synchronizing and adjusting timeout for all ProcessGroups to 0:01:40
/scratch/specforge-torchtitan-20261003/venv/lib/python3.12/site-packages/torch/distributed/c10d_logger.py:83: UserWarning: barrier(): using the device under current context. You can specify `device_id` in `init_process_group` to mute this warning.
  return func(*args, **kwargs)
[titan] 2026-10-03 04:18:17,605 - root - INFO - Training completed
[titan] 2026-10-03 04:18:17,605 - root - INFO - Sleeping 2 seconds for other ranks to complete
[titan] 2026-10-03 04:18:19,606 - root - INFO - Training completed
{
  "output": "/scratch/specforge-torchtitan-20261003/extension-bench-p2/dspark-cuda-3.json",
  "optimizer_step_seconds_mean": 0.4138014392927289,
  "optimizer_step_seconds_median": 0.4147660695016384,
  "optimizer_step_seconds_p95": 0.41671570762991905,
  "input_context_tokens_per_second": 39593.86904986024
}
