W1003 03:58:45.366000 2034678 torch/utils/_pytree.py:630] <enum 'KernelPreference'> is an Enum subclass and is now natively supported by torch.compile as an opaque value type. Calling register_constant() on Enum subclasses is deprecated and will be an error in a future release.
W1003 03:58:45.366000 2034677 torch/utils/_pytree.py:630] <enum 'KernelPreference'> is an Enum subclass and is now natively supported by torch.compile as an opaque value type. Calling register_constant() on Enum subclasses is deprecated and will be an error in a future release.
W1003 03:58:45.393000 2034678 torch/utils/_pytree.py:630] <enum 'ScaleCalculationMode'> is an Enum subclass and is now natively supported by torch.compile as an opaque value type. Calling register_constant() on Enum subclasses is deprecated and will be an error in a future release.
W1003 03:58:45.393000 2034677 torch/utils/_pytree.py:630] <enum 'ScaleCalculationMode'> is an Enum subclass and is now natively supported by torch.compile as an opaque value type. Calling register_constant() on Enum subclasses is deprecated and will be an error in a future release.
/scratch/specforge-torchtitan-20261003/extension-bench-source-p2/specforge/modeling/draft/llama3_eagle.py:33: UserWarning: flash_attn is not found, falling back to flex_attention. Please install flash_attn if you want to use the flash attention backend.
  warnings.warn(
/scratch/specforge-torchtitan-20261003/extension-bench-source-p2/specforge/modeling/draft/llama3_eagle.py:33: UserWarning: flash_attn is not found, falling back to flex_attention. Please install flash_attn if you want to use the flash attention backend.
  warnings.warn(
initial_load_model_only=True has no effect without an initial_load_path.
[titan] 2026-10-03 03:59:07,367 - root - WARNING - ENV[TORCH_NCCL_ASYNC_ERROR_HANDLING] = 1 will be overridden to 3 based on job config
[titan] 2026-10-03 03:59:07,375 - root - INFO - Building device mesh with parallelism: pp=1, dp_replicate=1, dp_shard=2, cp=1, tp=1, ep=1
[titan] 2026-10-03 03:59:07,380 - root - INFO - Successfully created meshes with active dimensions: ['batch', 'loss', 'fsdp']
[titan] 2026-10-03 03:59:07,382 - root - INFO - [GC] Initial GC collection took 0.00 seconds
[titan] 2026-10-03 03:59:07,383 - root - INFO - Building specforge dspark
[titan] 2026-10-03 03:59:07,392 - root - INFO - CUDA capacity: NVIDIA H200 with 139.80GiB memory
[titan] 2026-10-03 03:59:07,393 - root - WARNING - Error running lspci: [Errno 2] No such file or directory: 'lspci', fallback to use device_name
[titan] 2026-10-03 03:59:07,394 - root - INFO - [34mModel specforge dspark [31msize: 1,393,133,569 total parameters[39m
[titan] 2026-10-03 03:59:07,406 - root - INFO - Compiling each TransformerBlock with torch.compile
[titan] 2026-10-03 03:59:07,439 - root - INFO - Applied FSDP to the model
initial_load_model_only=True has no effect without an initial_load_path.
[titan] 2026-10-03 03:59:10,906 - root - WARNING - ENV[TORCH_NCCL_ASYNC_ERROR_HANDLING] = 1 will be overridden to 3 based on job config
[titan] 2026-10-03 03:59:10,913 - root - INFO - Building device mesh with parallelism: pp=1, dp_replicate=1, dp_shard=2, cp=1, tp=1, ep=1
[titan] 2026-10-03 03:59:10,918 - root - INFO - Successfully created meshes with active dimensions: ['batch', 'loss', 'fsdp']
[titan] 2026-10-03 03:59:10,919 - root - INFO - [GC] Initial GC collection took 0.00 seconds
[titan] 2026-10-03 03:59:10,920 - root - INFO - Building specforge dspark
[titan] 2026-10-03 03:59:10,930 - root - INFO - CUDA capacity: NVIDIA H200 with 139.80GiB memory
[titan] 2026-10-03 03:59:10,930 - root - WARNING - Error running lspci: [Errno 2] No such file or directory: 'lspci', fallback to use device_name
[titan] 2026-10-03 03:59:10,931 - root - INFO - [34mModel specforge dspark [31msize: 1,393,133,569 total parameters[39m
[titan] 2026-10-03 03:59:10,942 - root - INFO - Compiling each TransformerBlock with torch.compile
[titan] 2026-10-03 03:59:10,975 - root - INFO - Applied FSDP to the model
[titan] 2026-10-03 03:59:25,295 - root - WARNING - Error running lspci: [Errno 2] No such file or directory: 'lspci', fallback to use device_name
[titan] 2026-10-03 03:59:25,295 - root - INFO - Peak FLOPS used for computing MFU: 9.890e+14
[titan] 2026-10-03 03:59:25,295 - root - INFO - CUDA memory usage for model: 5.78GiB(4.13%)
[titan] 2026-10-03 03:59:25,296 - root - INFO - Optimizer AdamW (model_part=0): 62 params [.*] {'fused': True, 'foreach': False, 'lr': 0.0001, 'betas': (0.9, 0.999), 'eps': 1e-08, 'weight_decay': 0.0}
[titan] 2026-10-03 03:59:25,297 - root - WARNING - initial_load_model_only=True has no effect without an initial_load_path.
[titan] 2026-10-03 03:59:25,297 - root - INFO - Trainer is initialized with local batch size 1, global batch size 4, gradient accumulation steps 2, sequence length 4096, total steps 30 (warmup 0)
[titan] 2026-10-03 03:59:25,627 - root - WARNING - Error running lspci: [Errno 2] No such file or directory: 'lspci', fallback to use device_name
[titan] 2026-10-03 03:59:25,627 - root - INFO - Peak FLOPS used for computing MFU: 9.890e+14
[titan] 2026-10-03 03:59:25,627 - root - INFO - CUDA memory usage for model: 5.78GiB(4.13%)
[titan] 2026-10-03 03:59:25,628 - root - INFO - Optimizer AdamW (model_part=0): 62 params [.*] {'fused': True, 'foreach': False, 'lr': 0.0001, 'betas': (0.9, 0.999), 'eps': 1e-08, 'weight_decay': 0.0}
[titan] 2026-10-03 03:59:25,629 - root - WARNING - initial_load_model_only=True has no effect without an initial_load_path.
[titan] 2026-10-03 03:59:25,629 - root - INFO - Trainer is initialized with local batch size 1, global batch size 4, gradient accumulation steps 2, sequence length 4096, total steps 30 (warmup 0)
[titan] 2026-10-03 03:59:25,993 - root - INFO - Training starts at step 1
/scratch/specforge-torchtitan-20261003/venv/lib/python3.12/site-packages/torch/distributed/c10d_logger.py:83: UserWarning: barrier(): using the device under current context. You can specify `device_id` in `init_process_group` to mute this warning.
  return func(*args, **kwargs)
[titan] 2026-10-03 03:59:25,993 - root - INFO - Training starts at step 1
[titan] 2026-10-03 03:59:28,230 - root - INFO - Recorded CUDA graph
[titan] 2026-10-03 03:59:28,233 - root - INFO - Recorded CUDA graph
[titan] 2026-10-03 03:59:28,627 - root - INFO - [31mstep:  1  [32mloss:  2.99110  [38;2;180;60;0mgrad_norm:  2.7489  [38;2;54;234;195mmemory: 20.98GiB(15.01%)  [34mtps: 463  [36mtflops: 7.42  [35mmfu: 0.75%[39m
[titan] 2026-10-03 03:59:28,627 - root - INFO - [31mstep:  1  [32mloss:  2.99110  [38;2;180;60;0mgrad_norm:  2.7489  [38;2;54;234;195mmemory: 20.98GiB(15.01%)  [34mtps: 386  [36mtflops: 6.18  [35mmfu: 0.63%[39m
[titan] 2026-10-03 03:59:28,628 - root - INFO - Synchronizing and adjusting timeout for all ProcessGroups to 0:01:40
[titan] 2026-10-03 03:59:28,628 - root - INFO - Synchronizing and adjusting timeout for all ProcessGroups to 0:01:40
/scratch/specforge-torchtitan-20261003/venv/lib/python3.12/site-packages/torch/distributed/c10d_logger.py:83: UserWarning: barrier(): using the device under current context. You can specify `device_id` in `init_process_group` to mute this warning.
  return func(*args, **kwargs)
[titan] 2026-10-03 03:59:40,649 - root - INFO - Sleeping 2 seconds for other ranks to complete
[titan] 2026-10-03 03:59:40,649 - root - INFO - Training completed
[titan] 2026-10-03 03:59:42,649 - root - INFO - Training completed
{
  "output": "/scratch/specforge-torchtitan-20261003/extension-bench-p2/dspark-cuda-1.json",
  "optimizer_step_seconds_mean": 0.41375624258071186,
  "optimizer_step_seconds_median": 0.4131017541512847,
  "optimizer_step_seconds_p95": 0.41860269755125046,
  "input_context_tokens_per_second": 39598.19409082138
}
