WARNING: Logging before InitGoogleLogging() is written to STDERR
I20261003 03:52:55.282495 2031169 client_metric.cpp:114] Client metrics enabled (default enabled)
I20261003 03:52:55.282546 2031169 client_metric.cpp:115] Client bandwidth summary enabled via MC_STORE_CLIENT_METRIC_BANDWIDTH
I20261003 03:52:55.283718 2031169 client_service.cpp:287] client_id=12847352913446937352-5347383875517863847
I20261003 03:52:55.283733 2031169 client_service.cpp:298] Client metrics enabled but reporting disabled (interval=0)
I20261003 03:52:55.284562 2031169 client_service.cpp:929] Storage root directory is not set. persisting data is disabled.
I20261003 03:52:55.284633 2031169 transfer_engine_impl.cpp:971] Metrics reporting is disabled (set MC_TE_METRIC=1 to enable)
I20261003 03:52:55.284646 2031169 transfer_engine_impl.cpp:115] Transfer Engine parseHostNameWithPort. server_name: 127.0.0.1 port: 13853
I20261003 03:52:55.285709 2031169 transfer_metadata_plugin.cpp:1293] Found active interface bond0 with IP 10.220.51.9
I20261003 03:52:55.285723 2031169 transfer_metadata_plugin.cpp:1282] Skipping interface docker0 (not UP or not RUNNING)
I20261003 03:52:55.285728 2031169 transfer_metadata_plugin.cpp:1282] Skipping interface kube-ipvs0 (not UP or not RUNNING)
I20261003 03:52:55.285732 2031169 transfer_metadata_plugin.cpp:1282] Skipping interface kube-ipvs0 (not UP or not RUNNING)
I20261003 03:52:55.285735 2031169 transfer_metadata_plugin.cpp:1282] Skipping interface kube-ipvs0 (not UP or not RUNNING)
I20261003 03:52:55.285738 2031169 transfer_metadata_plugin.cpp:1282] Skipping interface kube-ipvs0 (not UP or not RUNNING)
I20261003 03:52:55.285742 2031169 transfer_metadata_plugin.cpp:1282] Skipping interface kube-ipvs0 (not UP or not RUNNING)
I20261003 03:52:55.285746 2031169 transfer_metadata_plugin.cpp:1282] Skipping interface kube-ipvs0 (not UP or not RUNNING)
I20261003 03:52:55.285749 2031169 transfer_metadata_plugin.cpp:1282] Skipping interface kube-ipvs0 (not UP or not RUNNING)
I20261003 03:52:55.285753 2031169 transfer_metadata_plugin.cpp:1282] Skipping interface kube-ipvs0 (not UP or not RUNNING)
I20261003 03:52:55.285756 2031169 transfer_metadata_plugin.cpp:1282] Skipping interface kube-ipvs0 (not UP or not RUNNING)
I20261003 03:52:55.285760 2031169 transfer_metadata_plugin.cpp:1282] Skipping interface kube-ipvs0 (not UP or not RUNNING)
I20261003 03:52:55.285763 2031169 transfer_metadata_plugin.cpp:1282] Skipping interface kube-ipvs0 (not UP or not RUNNING)
I20261003 03:52:55.285768 2031169 transfer_metadata_plugin.cpp:1282] Skipping interface kube-ipvs0 (not UP or not RUNNING)
I20261003 03:52:55.285770 2031169 transfer_metadata_plugin.cpp:1282] Skipping interface kube-ipvs0 (not UP or not RUNNING)
I20261003 03:52:55.285774 2031169 transfer_metadata_plugin.cpp:1282] Skipping interface kube-ipvs0 (not UP or not RUNNING)
I20261003 03:52:55.285777 2031169 transfer_metadata_plugin.cpp:1282] Skipping interface kube-ipvs0 (not UP or not RUNNING)
I20261003 03:52:55.285781 2031169 transfer_metadata_plugin.cpp:1282] Skipping interface kube-ipvs0 (not UP or not RUNNING)
I20261003 03:52:55.285784 2031169 transfer_metadata_plugin.cpp:1282] Skipping interface kube-ipvs0 (not UP or not RUNNING)
I20261003 03:52:55.285789 2031169 transfer_metadata_plugin.cpp:1282] Skipping interface kube-ipvs0 (not UP or not RUNNING)
I20261003 03:52:55.285791 2031169 transfer_metadata_plugin.cpp:1282] Skipping interface kube-ipvs0 (not UP or not RUNNING)
I20261003 03:52:55.285795 2031169 transfer_metadata_plugin.cpp:1282] Skipping interface kube-ipvs0 (not UP or not RUNNING)
I20261003 03:52:55.285799 2031169 transfer_metadata_plugin.cpp:1282] Skipping interface kube-ipvs0 (not UP or not RUNNING)
I20261003 03:52:55.285802 2031169 transfer_metadata_plugin.cpp:1282] Skipping interface kube-ipvs0 (not UP or not RUNNING)
I20261003 03:52:55.285806 2031169 transfer_metadata_plugin.cpp:1282] Skipping interface kube-ipvs0 (not UP or not RUNNING)
I20261003 03:52:55.285809 2031169 transfer_metadata_plugin.cpp:1282] Skipping interface kube-ipvs0 (not UP or not RUNNING)
I20261003 03:52:55.285813 2031169 transfer_metadata_plugin.cpp:1282] Skipping interface kube-ipvs0 (not UP or not RUNNING)
I20261003 03:52:55.285822 2031169 transfer_metadata_plugin.cpp:1282] Skipping interface kube-ipvs0 (not UP or not RUNNING)
I20261003 03:52:55.285825 2031169 transfer_metadata_plugin.cpp:1282] Skipping interface kube-ipvs0 (not UP or not RUNNING)
I20261003 03:52:55.285830 2031169 transfer_metadata_plugin.cpp:1282] Skipping interface kube-ipvs0 (not UP or not RUNNING)
I20261003 03:52:55.285833 2031169 transfer_metadata_plugin.cpp:1282] Skipping interface kube-ipvs0 (not UP or not RUNNING)
I20261003 03:52:55.285836 2031169 transfer_metadata_plugin.cpp:1282] Skipping interface kube-ipvs0 (not UP or not RUNNING)
I20261003 03:52:55.285840 2031169 transfer_metadata_plugin.cpp:1282] Skipping interface kube-ipvs0 (not UP or not RUNNING)
I20261003 03:52:55.285843 2031169 transfer_metadata_plugin.cpp:1282] Skipping interface kube-ipvs0 (not UP or not RUNNING)
I20261003 03:52:55.285847 2031169 transfer_metadata_plugin.cpp:1282] Skipping interface kube-ipvs0 (not UP or not RUNNING)
I20261003 03:52:55.285851 2031169 transfer_metadata_plugin.cpp:1282] Skipping interface kube-ipvs0 (not UP or not RUNNING)
I20261003 03:52:55.285854 2031169 transfer_metadata_plugin.cpp:1282] Skipping interface kube-ipvs0 (not UP or not RUNNING)
I20261003 03:52:55.285857 2031169 transfer_metadata_plugin.cpp:1282] Skipping interface kube-ipvs0 (not UP or not RUNNING)
I20261003 03:52:55.285861 2031169 transfer_metadata_plugin.cpp:1282] Skipping interface kube-ipvs0 (not UP or not RUNNING)
I20261003 03:52:55.285866 2031169 transfer_metadata_plugin.cpp:1282] Skipping interface kube-ipvs0 (not UP or not RUNNING)
I20261003 03:52:55.285868 2031169 transfer_metadata_plugin.cpp:1282] Skipping interface kube-ipvs0 (not UP or not RUNNING)
I20261003 03:52:55.285872 2031169 transfer_metadata_plugin.cpp:1282] Skipping interface kube-ipvs0 (not UP or not RUNNING)
I20261003 03:52:55.285876 2031169 transfer_metadata_plugin.cpp:1282] Skipping interface kube-ipvs0 (not UP or not RUNNING)
I20261003 03:52:55.285879 2031169 transfer_metadata_plugin.cpp:1282] Skipping interface kube-ipvs0 (not UP or not RUNNING)
I20261003 03:52:55.285882 2031169 transfer_metadata_plugin.cpp:1282] Skipping interface kube-ipvs0 (not UP or not RUNNING)
I20261003 03:52:55.285887 2031169 transfer_metadata_plugin.cpp:1282] Skipping interface kube-ipvs0 (not UP or not RUNNING)
I20261003 03:52:55.285889 2031169 transfer_metadata_plugin.cpp:1282] Skipping interface kube-ipvs0 (not UP or not RUNNING)
I20261003 03:52:55.285893 2031169 transfer_metadata_plugin.cpp:1282] Skipping interface kube-ipvs0 (not UP or not RUNNING)
I20261003 03:52:55.285897 2031169 transfer_metadata_plugin.cpp:1282] Skipping interface kube-ipvs0 (not UP or not RUNNING)
I20261003 03:52:55.285900 2031169 transfer_metadata_plugin.cpp:1282] Skipping interface kube-ipvs0 (not UP or not RUNNING)
I20261003 03:52:55.285903 2031169 transfer_metadata_plugin.cpp:1282] Skipping interface kube-ipvs0 (not UP or not RUNNING)
I20261003 03:52:55.285907 2031169 transfer_metadata_plugin.cpp:1282] Skipping interface kube-ipvs0 (not UP or not RUNNING)
I20261003 03:52:55.285910 2031169 transfer_metadata_plugin.cpp:1282] Skipping interface kube-ipvs0 (not UP or not RUNNING)
I20261003 03:52:55.285914 2031169 transfer_metadata_plugin.cpp:1282] Skipping interface kube-ipvs0 (not UP or not RUNNING)
I20261003 03:52:55.285917 2031169 transfer_metadata_plugin.cpp:1282] Skipping interface kube-ipvs0 (not UP or not RUNNING)
I20261003 03:52:55.285921 2031169 transfer_metadata_plugin.cpp:1282] Skipping interface kube-ipvs0 (not UP or not RUNNING)
I20261003 03:52:55.285925 2031169 transfer_metadata_plugin.cpp:1282] Skipping interface kube-ipvs0 (not UP or not RUNNING)
I20261003 03:52:55.285928 2031169 transfer_metadata_plugin.cpp:1282] Skipping interface kube-ipvs0 (not UP or not RUNNING)
I20261003 03:52:55.285933 2031169 transfer_metadata_plugin.cpp:1282] Skipping interface kube-ipvs0 (not UP or not RUNNING)
I20261003 03:52:55.285935 2031169 transfer_metadata_plugin.cpp:1282] Skipping interface kube-ipvs0 (not UP or not RUNNING)
I20261003 03:52:55.285941 2031169 transfer_metadata_plugin.cpp:1282] Skipping interface kube-ipvs0 (not UP or not RUNNING)
I20261003 03:52:55.285944 2031169 transfer_metadata_plugin.cpp:1282] Skipping interface kube-ipvs0 (not UP or not RUNNING)
I20261003 03:52:55.285948 2031169 transfer_metadata_plugin.cpp:1282] Skipping interface kube-ipvs0 (not UP or not RUNNING)
I20261003 03:52:55.285951 2031169 transfer_metadata_plugin.cpp:1282] Skipping interface kube-ipvs0 (not UP or not RUNNING)
I20261003 03:52:55.285955 2031169 transfer_metadata_plugin.cpp:1282] Skipping interface kube-ipvs0 (not UP or not RUNNING)
I20261003 03:52:55.285959 2031169 transfer_metadata_plugin.cpp:1282] Skipping interface kube-ipvs0 (not UP or not RUNNING)
I20261003 03:52:55.285962 2031169 transfer_metadata_plugin.cpp:1282] Skipping interface kube-ipvs0 (not UP or not RUNNING)
I20261003 03:52:55.285966 2031169 transfer_metadata_plugin.cpp:1282] Skipping interface kube-ipvs0 (not UP or not RUNNING)
I20261003 03:52:55.285969 2031169 transfer_metadata_plugin.cpp:1282] Skipping interface kube-ipvs0 (not UP or not RUNNING)
I20261003 03:52:55.285974 2031169 transfer_metadata_plugin.cpp:1282] Skipping interface kube-ipvs0 (not UP or not RUNNING)
I20261003 03:52:55.285976 2031169 transfer_metadata_plugin.cpp:1282] Skipping interface kube-ipvs0 (not UP or not RUNNING)
I20261003 03:52:55.285980 2031169 transfer_metadata_plugin.cpp:1282] Skipping interface kube-ipvs0 (not UP or not RUNNING)
I20261003 03:52:55.285983 2031169 transfer_metadata_plugin.cpp:1282] Skipping interface kube-ipvs0 (not UP or not RUNNING)
I20261003 03:52:55.285987 2031169 transfer_metadata_plugin.cpp:1282] Skipping interface kube-ipvs0 (not UP or not RUNNING)
I20261003 03:52:55.285990 2031169 transfer_metadata_plugin.cpp:1282] Skipping interface kube-ipvs0 (not UP or not RUNNING)
I20261003 03:52:55.285995 2031169 transfer_metadata_plugin.cpp:1282] Skipping interface kube-ipvs0 (not UP or not RUNNING)
I20261003 03:52:55.285997 2031169 transfer_metadata_plugin.cpp:1282] Skipping interface kube-ipvs0 (not UP or not RUNNING)
I20261003 03:52:55.286001 2031169 transfer_metadata_plugin.cpp:1282] Skipping interface kube-ipvs0 (not UP or not RUNNING)
I20261003 03:52:55.286005 2031169 transfer_metadata_plugin.cpp:1282] Skipping interface kube-ipvs0 (not UP or not RUNNING)
I20261003 03:52:55.286008 2031169 transfer_metadata_plugin.cpp:1282] Skipping interface kube-ipvs0 (not UP or not RUNNING)
I20261003 03:52:55.286012 2031169 transfer_metadata_plugin.cpp:1282] Skipping interface kube-ipvs0 (not UP or not RUNNING)
I20261003 03:52:55.286015 2031169 transfer_metadata_plugin.cpp:1282] Skipping interface kube-ipvs0 (not UP or not RUNNING)
I20261003 03:52:55.286019 2031169 transfer_metadata_plugin.cpp:1282] Skipping interface kube-ipvs0 (not UP or not RUNNING)
I20261003 03:52:55.286022 2031169 transfer_metadata_plugin.cpp:1282] Skipping interface kube-ipvs0 (not UP or not RUNNING)
I20261003 03:52:55.286026 2031169 transfer_metadata_plugin.cpp:1282] Skipping interface kube-ipvs0 (not UP or not RUNNING)
I20261003 03:52:55.286029 2031169 transfer_metadata_plugin.cpp:1282] Skipping interface kube-ipvs0 (not UP or not RUNNING)
I20261003 03:52:55.286033 2031169 transfer_metadata_plugin.cpp:1282] Skipping interface kube-ipvs0 (not UP or not RUNNING)
I20261003 03:52:55.286036 2031169 transfer_metadata_plugin.cpp:1282] Skipping interface kube-ipvs0 (not UP or not RUNNING)
I20261003 03:52:55.286039 2031169 transfer_metadata_plugin.cpp:1282] Skipping interface kube-ipvs0 (not UP or not RUNNING)
I20261003 03:52:55.286043 2031169 transfer_metadata_plugin.cpp:1282] Skipping interface kube-ipvs0 (not UP or not RUNNING)
I20261003 03:52:55.286047 2031169 transfer_metadata_plugin.cpp:1282] Skipping interface kube-ipvs0 (not UP or not RUNNING)
I20261003 03:52:55.286051 2031169 transfer_metadata_plugin.cpp:1282] Skipping interface kube-ipvs0 (not UP or not RUNNING)
I20261003 03:52:55.286054 2031169 transfer_metadata_plugin.cpp:1282] Skipping interface kube-ipvs0 (not UP or not RUNNING)
I20261003 03:52:55.286059 2031169 transfer_metadata_plugin.cpp:1282] Skipping interface kube-ipvs0 (not UP or not RUNNING)
I20261003 03:52:55.286062 2031169 transfer_metadata_plugin.cpp:1282] Skipping interface kube-ipvs0 (not UP or not RUNNING)
I20261003 03:52:55.286067 2031169 transfer_metadata_plugin.cpp:1282] Skipping interface kube-ipvs0 (not UP or not RUNNING)
I20261003 03:52:55.286069 2031169 transfer_metadata_plugin.cpp:1282] Skipping interface kube-ipvs0 (not UP or not RUNNING)
I20261003 03:52:55.286073 2031169 transfer_metadata_plugin.cpp:1282] Skipping interface kube-ipvs0 (not UP or not RUNNING)
I20261003 03:52:55.286077 2031169 transfer_metadata_plugin.cpp:1282] Skipping interface kube-ipvs0 (not UP or not RUNNING)
I20261003 03:52:55.286080 2031169 transfer_metadata_plugin.cpp:1282] Skipping interface kube-ipvs0 (not UP or not RUNNING)
I20261003 03:52:55.286084 2031169 transfer_metadata_plugin.cpp:1282] Skipping interface kube-ipvs0 (not UP or not RUNNING)
I20261003 03:52:55.286087 2031169 transfer_metadata_plugin.cpp:1282] Skipping interface kube-ipvs0 (not UP or not RUNNING)
I20261003 03:52:55.286091 2031169 transfer_metadata_plugin.cpp:1282] Skipping interface kube-ipvs0 (not UP or not RUNNING)
I20261003 03:52:55.286094 2031169 transfer_metadata_plugin.cpp:1282] Skipping interface kube-ipvs0 (not UP or not RUNNING)
I20261003 03:52:55.286098 2031169 transfer_metadata_plugin.cpp:1282] Skipping interface kube-ipvs0 (not UP or not RUNNING)
I20261003 03:52:55.286103 2031169 transfer_metadata_plugin.cpp:1282] Skipping interface kube-ipvs0 (not UP or not RUNNING)
I20261003 03:52:55.286105 2031169 transfer_metadata_plugin.cpp:1282] Skipping interface kube-ipvs0 (not UP or not RUNNING)
I20261003 03:52:55.286109 2031169 transfer_metadata_plugin.cpp:1282] Skipping interface kube-ipvs0 (not UP or not RUNNING)
I20261003 03:52:55.286113 2031169 transfer_metadata_plugin.cpp:1282] Skipping interface kube-ipvs0 (not UP or not RUNNING)
I20261003 03:52:55.286116 2031169 transfer_metadata_plugin.cpp:1282] Skipping interface kube-ipvs0 (not UP or not RUNNING)
I20261003 03:52:55.286119 2031169 transfer_metadata_plugin.cpp:1282] Skipping interface kube-ipvs0 (not UP or not RUNNING)
I20261003 03:52:55.286123 2031169 transfer_metadata_plugin.cpp:1282] Skipping interface kube-ipvs0 (not UP or not RUNNING)
I20261003 03:52:55.286126 2031169 transfer_metadata_plugin.cpp:1282] Skipping interface kube-ipvs0 (not UP or not RUNNING)
I20261003 03:52:55.286129 2031169 transfer_metadata_plugin.cpp:1282] Skipping interface kube-ipvs0 (not UP or not RUNNING)
I20261003 03:52:55.286134 2031169 transfer_metadata_plugin.cpp:1282] Skipping interface kube-ipvs0 (not UP or not RUNNING)
I20261003 03:52:55.286137 2031169 transfer_metadata_plugin.cpp:1282] Skipping interface kube-ipvs0 (not UP or not RUNNING)
I20261003 03:52:55.286140 2031169 transfer_metadata_plugin.cpp:1282] Skipping interface kube-ipvs0 (not UP or not RUNNING)
I20261003 03:52:55.286144 2031169 transfer_metadata_plugin.cpp:1282] Skipping interface kube-ipvs0 (not UP or not RUNNING)
I20261003 03:52:55.286147 2031169 transfer_metadata_plugin.cpp:1282] Skipping interface kube-ipvs0 (not UP or not RUNNING)
I20261003 03:52:55.286151 2031169 transfer_metadata_plugin.cpp:1282] Skipping interface kube-ipvs0 (not UP or not RUNNING)
I20261003 03:52:55.286154 2031169 transfer_metadata_plugin.cpp:1282] Skipping interface kube-ipvs0 (not UP or not RUNNING)
I20261003 03:52:55.286158 2031169 transfer_metadata_plugin.cpp:1282] Skipping interface kube-ipvs0 (not UP or not RUNNING)
I20261003 03:52:55.286161 2031169 transfer_metadata_plugin.cpp:1282] Skipping interface kube-ipvs0 (not UP or not RUNNING)
I20261003 03:52:55.286165 2031169 transfer_metadata_plugin.cpp:1282] Skipping interface kube-ipvs0 (not UP or not RUNNING)
I20261003 03:52:55.286168 2031169 transfer_metadata_plugin.cpp:1282] Skipping interface kube-ipvs0 (not UP or not RUNNING)
I20261003 03:52:55.286172 2031169 transfer_metadata_plugin.cpp:1282] Skipping interface kube-ipvs0 (not UP or not RUNNING)
I20261003 03:52:55.286190 2031169 transfer_engine_impl.cpp:182] Transfer Engine RPC using new RPC mapping, listening on 10.220.51.9:16736
I20261003 03:52:55.286769 2031169 client_service.cpp:747] Transfer engine auto discovery is disabled for protocol: tcp
E20261003 03:52:55.286962 2031169 transfer_metadata_plugin.cpp:292] GET http://127.0.0.1:35499/metadata?key=mooncake%2Fram%2F127.0.0.1%3A13853 http=404 body: metadata not found
W20261003 03:52:55.286971 2031169 transfer_metadata.cpp:1008] Failed to retrieve segment descriptor, name 127.0.0.1:13853
I20261003 03:52:55.287204 2031169 tcp_transport.cpp:917] TcpTransport: listen on port 16201
I20261003 03:52:55.287930 2031169 real_client.cpp:693] Successfully created client on port 13853 after 1 attempt(s)
I20261003 03:52:55.291610 2031169 real_client.cpp:726] Registering local memory: 8388608 bytes
I20261003 03:52:55.291833 2031169 real_client.cpp:804] Mounting segment: 67108864 bytes, 67108864 of 67108864
REAL_MOONCAKE_TCP_CPU_ROUNDTRIP_PASS 1664
