W1003 05:58:58.072000 2065817 torch/utils/_pytree.py:630] <enum 'KernelPreference'> is an Enum subclass and is now natively supported by torch.compile as an opaque value type. Calling register_constant() on Enum subclasses is deprecated and will be an error in a future release.
W1003 05:58:58.072000 2065816 torch/utils/_pytree.py:630] <enum 'KernelPreference'> is an Enum subclass and is now natively supported by torch.compile as an opaque value type. Calling register_constant() on Enum subclasses is deprecated and will be an error in a future release.
W1003 05:58:58.099000 2065817 torch/utils/_pytree.py:630] <enum 'ScaleCalculationMode'> is an Enum subclass and is now natively supported by torch.compile as an opaque value type. Calling register_constant() on Enum subclasses is deprecated and will be an error in a future release.
W1003 05:58:58.099000 2065816 torch/utils/_pytree.py:630] <enum 'ScaleCalculationMode'> is an Enum subclass and is now natively supported by torch.compile as an opaque value type. Calling register_constant() on Enum subclasses is deprecated and will be an error in a future release.
/scratch/specforge-torchtitan-20261003/extension-bench-source-p4/specforge/modeling/draft/llama3_eagle.py:33: UserWarning: flash_attn is not found, falling back to flex_attention. Please install flash_attn if you want to use the flash attention backend.
  warnings.warn(
/scratch/specforge-torchtitan-20261003/extension-bench-source-p4/specforge/modeling/draft/llama3_eagle.py:33: UserWarning: flash_attn is not found, falling back to flex_attention. Please install flash_attn if you want to use the flash attention backend.
  warnings.warn(
initial_load_model_only=True has no effect without an initial_load_path.
[titan] 2026-10-03 05:59:19,215 - root - WARNING - ENV[TORCH_NCCL_ASYNC_ERROR_HANDLING] = 1 will be overridden to 3 based on job config
[titan] 2026-10-03 05:59:19,222 - root - INFO - Building device mesh with parallelism: pp=1, dp_replicate=1, dp_shard=2, cp=1, tp=1, ep=1
[titan] 2026-10-03 05:59:19,227 - root - INFO - Successfully created meshes with active dimensions: ['batch', 'loss', 'fsdp']
[titan] 2026-10-03 05:59:19,227 - root - INFO - [GC] Initial GC collection took 0.00 seconds
[titan] 2026-10-03 05:59:19,229 - root - INFO - Building specforge dflash
[titan] 2026-10-03 05:59:19,237 - root - INFO - CUDA capacity: NVIDIA H200 with 139.80GiB memory
[titan] 2026-10-03 05:59:19,238 - root - WARNING - Error running lspci: [Errno 2] No such file or directory: 'lspci', fallback to use device_name
[titan] 2026-10-03 05:59:19,238 - root - INFO - [34mModel specforge dflash [31msize: 1,315,339,520 total parameters[39m
[titan] 2026-10-03 05:59:19,262 - root - INFO - Applied Data Parallel (simple_fsdp) (dp mode=fully_shard) to the model
[titan] 2026-10-03 05:59:19,263 - root - INFO - aot_fx_trace compile mode: graph capture will happen at training time
initial_load_model_only=True has no effect without an initial_load_path.
[titan] 2026-10-03 05:59:19,303 - root - WARNING - ENV[TORCH_NCCL_ASYNC_ERROR_HANDLING] = 1 will be overridden to 3 based on job config
[titan] 2026-10-03 05:59:19,309 - root - INFO - Building device mesh with parallelism: pp=1, dp_replicate=1, dp_shard=2, cp=1, tp=1, ep=1
[titan] 2026-10-03 05:59:19,314 - root - INFO - Successfully created meshes with active dimensions: ['batch', 'loss', 'fsdp']
[titan] 2026-10-03 05:59:19,314 - root - INFO - [GC] Initial GC collection took 0.00 seconds
[titan] 2026-10-03 05:59:19,316 - root - INFO - Building specforge dflash
[titan] 2026-10-03 05:59:19,323 - root - INFO - CUDA capacity: NVIDIA H200 with 139.80GiB memory
[titan] 2026-10-03 05:59:19,324 - root - WARNING - Error running lspci: [Errno 2] No such file or directory: 'lspci', fallback to use device_name
[titan] 2026-10-03 05:59:19,324 - root - INFO - [34mModel specforge dflash [31msize: 1,315,339,520 total parameters[39m
[titan] 2026-10-03 05:59:19,348 - root - INFO - Applied Data Parallel (simple_fsdp) (dp mode=fully_shard) to the model
[titan] 2026-10-03 05:59:19,348 - root - INFO - aot_fx_trace compile mode: graph capture will happen at training time
[titan] 2026-10-03 05:59:31,108 - root - WARNING - Error running lspci: [Errno 2] No such file or directory: 'lspci', fallback to use device_name
[titan] 2026-10-03 05:59:31,109 - root - INFO - Peak FLOPS used for computing MFU: 9.890e+14
[titan] 2026-10-03 05:59:31,109 - root - INFO - CUDA memory usage for model: 5.41GiB(3.87%)
[titan] 2026-10-03 05:59:31,109 - root - INFO - Optimizer AdamW (model_part=0): 58 params [.*] {'fused': True, 'foreach': False, 'lr': 0.0001, 'betas': (0.9, 0.999), 'eps': 1e-08, 'weight_decay': 0.0}
[titan] 2026-10-03 05:59:31,110 - root - WARNING - initial_load_model_only=True has no effect without an initial_load_path.
[titan] 2026-10-03 05:59:31,110 - root - INFO - Trainer is initialized with local batch size 1, global batch size 4, gradient accumulation steps 2, sequence length 4096, total steps 30 (warmup 0)
[titan] 2026-10-03 05:59:31,110 - root - INFO - NUMA binding applied for GPU 1
[titan] 2026-10-03 05:59:31,111 - root - WARNING - Error running lspci: [Errno 2] No such file or directory: 'lspci', fallback to use device_name
[titan] 2026-10-03 05:59:31,111 - root - INFO - Peak FLOPS used for computing MFU: 9.890e+14
[titan] 2026-10-03 05:59:31,112 - root - INFO - CUDA memory usage for model: 5.41GiB(3.87%)
[titan] 2026-10-03 05:59:31,112 - root - INFO - Optimizer AdamW (model_part=0): 58 params [.*] {'fused': True, 'foreach': False, 'lr': 0.0001, 'betas': (0.9, 0.999), 'eps': 1e-08, 'weight_decay': 0.0}
[titan] 2026-10-03 05:59:31,113 - root - WARNING - initial_load_model_only=True has no effect without an initial_load_path.
[titan] 2026-10-03 05:59:31,113 - root - INFO - Trainer is initialized with local batch size 1, global batch size 4, gradient accumulation steps 2, sequence length 4096, total steps 30 (warmup 0)
[titan] 2026-10-03 05:59:31,113 - root - INFO - NUMA binding applied for GPU 0
[titan] 2026-10-03 05:59:31,275 - root - INFO - Training starts at step 1
[titan] 2026-10-03 05:59:31,275 - root - INFO - Training starts at step 1
/scratch/specforge-torchtitan-20261003/venv/lib/python3.12/site-packages/torch/distributed/c10d_logger.py:83: UserWarning: barrier(): using the device under current context. You can specify `device_id` in `init_process_group` to mute this warning.
  return func(*args, **kwargs)
/scratch/specforge-torchtitan-20261003/venv/lib/python3.12/site-packages/torch/nn/attention/flex_attention.py:2596: UserWarning: flex_attention called without torch.compile() - this will use an unfused implementation that materializes the full scores matrix instead of generating a fused kernel.

SOLUTION: Use torch.compile(flex_attention)(...)

If you want to debug your score_mod/mask_mod, you can set:
torch.nn.attention.flex_attention._FLEX_ATTENTION_DISABLE_COMPILE_DEBUG = True

This will allow you to use print statements or breakpoints. Note: This doesn't work with the backwards pass and may produce incorrect results.
  _warn_once(
/scratch/specforge-torchtitan-20261003/venv/lib/python3.12/site-packages/torch/nn/attention/flex_attention.py:2596: UserWarning: flex_attention called without torch.compile() - this will use an unfused implementation that materializes the full scores matrix instead of generating a fused kernel.

SOLUTION: Use torch.compile(flex_attention)(...)

If you want to debug your score_mod/mask_mod, you can set:
torch.nn.attention.flex_attention._FLEX_ATTENTION_DISABLE_COMPILE_DEBUG = True

This will allow you to use print statements or breakpoints. Note: This doesn't work with the backwards pass and may produce incorrect results.
  _warn_once(
[titan] 2026-10-03 05:59:34,153 - root - INFO - minimal_fx_tracer took 2.870s
[titan] 2026-10-03 05:59:34,154 - root - INFO - Applying 10 graph passes:
  1. functionalize_fused_kernels
  2. eliminate_dead_code_pass
  3. canonicalize_graph_pass
  4. deduplicate_fsdp_unshard_chains_pass
  5. tag_with_memory_policy_pass
  6. apply_cpu_offload_pass
  7. selective_activation_remat_pass
  8. joint_transformer_block_bucketing_reordering_pass
  9. full_inductor_compilation_pass
  10. cudagraph_pass
[titan] 2026-10-03 05:59:34,158 - root - INFO - minimal_fx_tracer took 2.874s
[titan] 2026-10-03 05:59:34,158 - root - INFO - Applying 10 graph passes:
  1. functionalize_fused_kernels
  2. eliminate_dead_code_pass
  3. canonicalize_graph_pass
  4. deduplicate_fsdp_unshard_chains_pass
  5. tag_with_memory_policy_pass
  6. apply_cpu_offload_pass
  7. selective_activation_remat_pass
  8. joint_transformer_block_bucketing_reordering_pass
  9. full_inductor_compilation_pass
  10. cudagraph_pass
[titan] 2026-10-03 05:59:34,246 - root - INFO - Eliminated dead code from the graph
[titan] 2026-10-03 05:59:34,249 - root - INFO - Eliminated dead code from the graph
[titan] 2026-10-03 05:59:34,315 - root - INFO - Removed 120 identity view/reshape node(s) from the graph
[titan] 2026-10-03 05:59:34,318 - root - INFO - Removed 120 identity view/reshape node(s) from the graph
[titan] 2026-10-03 05:59:34,380 - root - INFO - Removed 141 back-to-back transpose node(s) from the graph
[titan] 2026-10-03 05:59:34,381 - root - INFO - Removed 48 identity slice node(s)
[titan] 2026-10-03 05:59:34,384 - root - INFO - Removed 141 back-to-back transpose node(s) from the graph
[titan] 2026-10-03 05:59:34,385 - root - INFO - Removed 48 identity slice node(s)
[titan] 2026-10-03 05:59:34,508 - root - INFO - Normalized 337 view op(s) to reshape
[titan] 2026-10-03 05:59:34,512 - root - INFO - Normalized 337 view op(s) to reshape
[titan] 2026-10-03 05:59:34,577 - root - INFO - Applied selective activation checkpointing (SAC) graph pass.
[titan] 2026-10-03 05:59:34,577 - root - INFO -   Forced 7 nodes to MUST_SAVE at layer boundaries
[titan] 2026-10-03 05:59:34,577 - root - INFO -   Layer non-layer: 8 MUST_SAVE, 40 RECOMPUTE
[titan] 2026-10-03 05:59:34,577 - root - INFO -   Layer 0: 24 MUST_SAVE, 117 RECOMPUTE
[titan] 2026-10-03 05:59:34,577 - root - INFO -   Layer 1: 24 MUST_SAVE, 118 RECOMPUTE
[titan] 2026-10-03 05:59:34,577 - root - INFO -   Layer 2: 24 MUST_SAVE, 118 RECOMPUTE
[titan] 2026-10-03 05:59:34,577 - root - INFO -   Layer 3: 24 MUST_SAVE, 118 RECOMPUTE
[titan] 2026-10-03 05:59:34,577 - root - INFO -   Layer 4: 23 MUST_SAVE, 119 RECOMPUTE
[titan] 2026-10-03 05:59:34,581 - root - INFO - Applied selective activation checkpointing (SAC) graph pass.
[titan] 2026-10-03 05:59:34,581 - root - INFO -   Forced 7 nodes to MUST_SAVE at layer boundaries
[titan] 2026-10-03 05:59:34,581 - root - INFO -   Layer non-layer: 8 MUST_SAVE, 40 RECOMPUTE
[titan] 2026-10-03 05:59:34,581 - root - INFO -   Layer 0: 24 MUST_SAVE, 117 RECOMPUTE
[titan] 2026-10-03 05:59:34,581 - root - INFO -   Layer 1: 24 MUST_SAVE, 118 RECOMPUTE
[titan] 2026-10-03 05:59:34,581 - root - INFO -   Layer 2: 24 MUST_SAVE, 118 RECOMPUTE
[titan] 2026-10-03 05:59:34,582 - root - INFO -   Layer 3: 24 MUST_SAVE, 118 RECOMPUTE
[titan] 2026-10-03 05:59:34,582 - root - INFO -   Layer 4: 23 MUST_SAVE, 119 RECOMPUTE
[titan] 2026-10-03 05:59:35,400 - root - INFO - FSDP reorder: 11 overlap deps across 11 target nodes
[titan] 2026-10-03 05:59:35,402 - root - INFO - FSDP reorder: 11 overlap deps across 11 target nodes
[titan] 2026-10-03 06:00:06,239 - root - INFO - Applied cudagraph pass.
[titan] 2026-10-03 06:00:06,239 - root - INFO - All 10 graph passes took 32.085s
[titan] 2026-10-03 06:00:06,269 - root - INFO - Applied cudagraph pass.
[titan] 2026-10-03 06:00:06,269 - root - INFO - All 10 graph passes took 32.112s
[rank0]:W1003 06:00:06.507000 2065816 torch/_library/opaque_object.py:314] is_opaque_value is deprecated, use is_custom_class_obj instead
[rank0]:W1003 06:00:06.507000 2065816 torch/_library/opaque_object.py:314] is_opaque_value is deprecated, use is_custom_class_obj instead
[rank0]:W1003 06:00:06.507000 2065816 torch/_library/opaque_object.py:314] is_opaque_value is deprecated, use is_custom_class_obj instead
[rank0]:W1003 06:00:06.507000 2065816 torch/_library/opaque_object.py:314] is_opaque_value is deprecated, use is_custom_class_obj instead
[rank0]:W1003 06:00:06.507000 2065816 torch/_library/opaque_object.py:314] is_opaque_value is deprecated, use is_custom_class_obj instead
[rank0]:W1003 06:00:06.507000 2065816 torch/_library/opaque_object.py:314] is_opaque_value is deprecated, use is_custom_class_obj instead
[rank0]:W1003 06:00:06.507000 2065816 torch/_library/opaque_object.py:314] is_opaque_value is deprecated, use is_custom_class_obj instead
[rank0]:W1003 06:00:06.507000 2065816 torch/_library/opaque_object.py:314] is_opaque_value is deprecated, use is_custom_class_obj instead
[rank1]:W1003 06:00:06.507000 2065817 torch/_library/opaque_object.py:314] is_opaque_value is deprecated, use is_custom_class_obj instead
[rank0]:W1003 06:00:06.507000 2065816 torch/_library/opaque_object.py:314] is_opaque_value is deprecated, use is_custom_class_obj instead
[rank0]:W1003 06:00:06.507000 2065816 torch/_library/opaque_object.py:314] is_opaque_value is deprecated, use is_custom_class_obj instead
[rank0]:W1003 06:00:06.507000 2065816 torch/_library/opaque_object.py:314] is_opaque_value is deprecated, use is_custom_class_obj instead
[rank0]:W1003 06:00:06.507000 2065816 torch/_library/opaque_object.py:314] is_opaque_value is deprecated, use is_custom_class_obj instead
[rank1]:W1003 06:00:06.507000 2065817 torch/_library/opaque_object.py:314] is_opaque_value is deprecated, use is_custom_class_obj instead
[rank0]:W1003 06:00:06.507000 2065816 torch/_library/opaque_object.py:314] is_opaque_value is deprecated, use is_custom_class_obj instead
[rank0]:W1003 06:00:06.507000 2065816 torch/_library/opaque_object.py:314] is_opaque_value is deprecated, use is_custom_class_obj instead
[rank1]:W1003 06:00:06.507000 2065817 torch/_library/opaque_object.py:314] is_opaque_value is deprecated, use is_custom_class_obj instead
[rank0]:W1003 06:00:06.507000 2065816 torch/_library/opaque_object.py:314] is_opaque_value is deprecated, use is_custom_class_obj instead
[rank1]:W1003 06:00:06.507000 2065817 torch/_library/opaque_object.py:314] is_opaque_value is deprecated, use is_custom_class_obj instead
[rank0]:W1003 06:00:06.507000 2065816 torch/_library/opaque_object.py:314] is_opaque_value is deprecated, use is_custom_class_obj instead
[rank0]:W1003 06:00:06.507000 2065816 torch/_library/opaque_object.py:314] is_opaque_value is deprecated, use is_custom_class_obj instead
[rank1]:W1003 06:00:06.507000 2065817 torch/_library/opaque_object.py:314] is_opaque_value is deprecated, use is_custom_class_obj instead
[rank0]:W1003 06:00:06.507000 2065816 torch/_library/opaque_object.py:314] is_opaque_value is deprecated, use is_custom_class_obj instead
[rank1]:W1003 06:00:06.507000 2065817 torch/_library/opaque_object.py:314] is_opaque_value is deprecated, use is_custom_class_obj instead
[rank0]:W1003 06:00:06.508000 2065816 torch/_library/opaque_object.py:314] is_opaque_value is deprecated, use is_custom_class_obj instead
[rank1]:W1003 06:00:06.508000 2065817 torch/_library/opaque_object.py:314] is_opaque_value is deprecated, use is_custom_class_obj instead
[rank0]:W1003 06:00:06.508000 2065816 torch/_library/opaque_object.py:314] is_opaque_value is deprecated, use is_custom_class_obj instead
[rank1]:W1003 06:00:06.508000 2065817 torch/_library/opaque_object.py:314] is_opaque_value is deprecated, use is_custom_class_obj instead
[rank0]:W1003 06:00:06.508000 2065816 torch/_library/opaque_object.py:314] is_opaque_value is deprecated, use is_custom_class_obj instead
[rank1]:W1003 06:00:06.508000 2065817 torch/_library/opaque_object.py:314] is_opaque_value is deprecated, use is_custom_class_obj instead
[rank0]:W1003 06:00:06.508000 2065816 torch/_library/opaque_object.py:314] is_opaque_value is deprecated, use is_custom_class_obj instead
[rank1]:W1003 06:00:06.508000 2065817 torch/_library/opaque_object.py:314] is_opaque_value is deprecated, use is_custom_class_obj instead
[rank0]:W1003 06:00:06.508000 2065816 torch/_library/opaque_object.py:314] is_opaque_value is deprecated, use is_custom_class_obj instead
[rank0]:W1003 06:00:06.508000 2065816 torch/_library/opaque_object.py:314] is_opaque_value is deprecated, use is_custom_class_obj instead
[rank1]:W1003 06:00:06.508000 2065817 torch/_library/opaque_object.py:314] is_opaque_value is deprecated, use is_custom_class_obj instead
[rank0]:W1003 06:00:06.508000 2065816 torch/_library/opaque_object.py:314] is_opaque_value is deprecated, use is_custom_class_obj instead
[rank1]:W1003 06:00:06.508000 2065817 torch/_library/opaque_object.py:314] is_opaque_value is deprecated, use is_custom_class_obj instead
[rank0]:W1003 06:00:06.508000 2065816 torch/_library/opaque_object.py:314] is_opaque_value is deprecated, use is_custom_class_obj instead
[rank1]:W1003 06:00:06.508000 2065817 torch/_library/opaque_object.py:314] is_opaque_value is deprecated, use is_custom_class_obj instead
[rank0]:W1003 06:00:06.508000 2065816 torch/_library/opaque_object.py:314] is_opaque_value is deprecated, use is_custom_class_obj instead
[rank1]:W1003 06:00:06.508000 2065817 torch/_library/opaque_object.py:314] is_opaque_value is deprecated, use is_custom_class_obj instead
[rank0]:W1003 06:00:06.508000 2065816 torch/_library/opaque_object.py:314] is_opaque_value is deprecated, use is_custom_class_obj instead
[rank1]:W1003 06:00:06.508000 2065817 torch/_library/opaque_object.py:314] is_opaque_value is deprecated, use is_custom_class_obj instead
[rank0]:W1003 06:00:06.508000 2065816 torch/_library/opaque_object.py:314] is_opaque_value is deprecated, use is_custom_class_obj instead
[rank1]:W1003 06:00:06.508000 2065817 torch/_library/opaque_object.py:314] is_opaque_value is deprecated, use is_custom_class_obj instead
[rank0]:W1003 06:00:06.508000 2065816 torch/_library/opaque_object.py:314] is_opaque_value is deprecated, use is_custom_class_obj instead
[rank1]:W1003 06:00:06.508000 2065817 torch/_library/opaque_object.py:314] is_opaque_value is deprecated, use is_custom_class_obj instead
[rank0]:W1003 06:00:06.508000 2065816 torch/_library/opaque_object.py:314] is_opaque_value is deprecated, use is_custom_class_obj instead
[rank1]:W1003 06:00:06.508000 2065817 torch/_library/opaque_object.py:314] is_opaque_value is deprecated, use is_custom_class_obj instead
[rank0]:W1003 06:00:06.508000 2065816 torch/_library/opaque_object.py:314] is_opaque_value is deprecated, use is_custom_class_obj instead
[rank1]:W1003 06:00:06.508000 2065817 torch/_library/opaque_object.py:314] is_opaque_value is deprecated, use is_custom_class_obj instead
[rank0]:W1003 06:00:06.508000 2065816 torch/_library/opaque_object.py:314] is_opaque_value is deprecated, use is_custom_class_obj instead
[rank1]:W1003 06:00:06.508000 2065817 torch/_library/opaque_object.py:314] is_opaque_value is deprecated, use is_custom_class_obj instead
[rank0]:W1003 06:00:06.508000 2065816 torch/_library/opaque_object.py:314] is_opaque_value is deprecated, use is_custom_class_obj instead
[rank1]:W1003 06:00:06.508000 2065817 torch/_library/opaque_object.py:314] is_opaque_value is deprecated, use is_custom_class_obj instead
[rank0]:W1003 06:00:06.508000 2065816 torch/_library/opaque_object.py:314] is_opaque_value is deprecated, use is_custom_class_obj instead
[rank1]:W1003 06:00:06.508000 2065817 torch/_library/opaque_object.py:314] is_opaque_value is deprecated, use is_custom_class_obj instead
[rank0]:W1003 06:00:06.508000 2065816 torch/_library/opaque_object.py:314] is_opaque_value is deprecated, use is_custom_class_obj instead
[rank1]:W1003 06:00:06.508000 2065817 torch/_library/opaque_object.py:314] is_opaque_value is deprecated, use is_custom_class_obj instead
[rank0]:W1003 06:00:06.508000 2065816 torch/_library/opaque_object.py:314] is_opaque_value is deprecated, use is_custom_class_obj instead
[rank1]:W1003 06:00:06.508000 2065817 torch/_library/opaque_object.py:314] is_opaque_value is deprecated, use is_custom_class_obj instead
[rank0]:W1003 06:00:06.508000 2065816 torch/_library/opaque_object.py:314] is_opaque_value is deprecated, use is_custom_class_obj instead
[rank0]:W1003 06:00:06.508000 2065816 torch/_library/opaque_object.py:314] is_opaque_value is deprecated, use is_custom_class_obj instead
[rank1]:W1003 06:00:06.508000 2065817 torch/_library/opaque_object.py:314] is_opaque_value is deprecated, use is_custom_class_obj instead
[rank0]:W1003 06:00:06.508000 2065816 torch/_library/opaque_object.py:314] is_opaque_value is deprecated, use is_custom_class_obj instead
[rank1]:W1003 06:00:06.508000 2065817 torch/_library/opaque_object.py:314] is_opaque_value is deprecated, use is_custom_class_obj instead
[rank0]:W1003 06:00:06.508000 2065816 torch/_library/opaque_object.py:314] is_opaque_value is deprecated, use is_custom_class_obj instead
[rank1]:W1003 06:00:06.508000 2065817 torch/_library/opaque_object.py:314] is_opaque_value is deprecated, use is_custom_class_obj instead
[rank0]:W1003 06:00:06.508000 2065816 torch/_library/opaque_object.py:314] is_opaque_value is deprecated, use is_custom_class_obj instead
[rank1]:W1003 06:00:06.508000 2065817 torch/_library/opaque_object.py:314] is_opaque_value is deprecated, use is_custom_class_obj instead
[rank0]:W1003 06:00:06.508000 2065816 torch/_library/opaque_object.py:314] is_opaque_value is deprecated, use is_custom_class_obj instead
[rank1]:W1003 06:00:06.508000 2065817 torch/_library/opaque_object.py:314] is_opaque_value is deprecated, use is_custom_class_obj instead
[rank0]:W1003 06:00:06.508000 2065816 torch/_library/opaque_object.py:314] is_opaque_value is deprecated, use is_custom_class_obj instead
[rank1]:W1003 06:00:06.508000 2065817 torch/_library/opaque_object.py:314] is_opaque_value is deprecated, use is_custom_class_obj instead
[rank0]:W1003 06:00:06.508000 2065816 torch/_library/opaque_object.py:314] is_opaque_value is deprecated, use is_custom_class_obj instead
[rank1]:W1003 06:00:06.508000 2065817 torch/_library/opaque_object.py:314] is_opaque_value is deprecated, use is_custom_class_obj instead
[rank0]:W1003 06:00:06.508000 2065816 torch/_library/opaque_object.py:314] is_opaque_value is deprecated, use is_custom_class_obj instead
[rank1]:W1003 06:00:06.508000 2065817 torch/_library/opaque_object.py:314] is_opaque_value is deprecated, use is_custom_class_obj instead
[rank0]:W1003 06:00:06.508000 2065816 torch/_library/opaque_object.py:314] is_opaque_value is deprecated, use is_custom_class_obj instead
[rank1]:W1003 06:00:06.508000 2065817 torch/_library/opaque_object.py:314] is_opaque_value is deprecated, use is_custom_class_obj instead
[rank0]:W1003 06:00:06.508000 2065816 torch/_library/opaque_object.py:314] is_opaque_value is deprecated, use is_custom_class_obj instead
[rank1]:W1003 06:00:06.508000 2065817 torch/_library/opaque_object.py:314] is_opaque_value is deprecated, use is_custom_class_obj instead
[rank0]:W1003 06:00:06.508000 2065816 torch/_library/opaque_object.py:314] is_opaque_value is deprecated, use is_custom_class_obj instead
[rank1]:W1003 06:00:06.508000 2065817 torch/_library/opaque_object.py:314] is_opaque_value is deprecated, use is_custom_class_obj instead
[rank0]:W1003 06:00:06.508000 2065816 torch/_library/opaque_object.py:314] is_opaque_value is deprecated, use is_custom_class_obj instead
[rank1]:W1003 06:00:06.508000 2065817 torch/_library/opaque_object.py:314] is_opaque_value is deprecated, use is_custom_class_obj instead
[rank0]:W1003 06:00:06.508000 2065816 torch/_library/opaque_object.py:314] is_opaque_value is deprecated, use is_custom_class_obj instead
[rank1]:W1003 06:00:06.508000 2065817 torch/_library/opaque_object.py:314] is_opaque_value is deprecated, use is_custom_class_obj instead
[rank0]:W1003 06:00:06.508000 2065816 torch/_library/opaque_object.py:314] is_opaque_value is deprecated, use is_custom_class_obj instead
[rank1]:W1003 06:00:06.508000 2065817 torch/_library/opaque_object.py:314] is_opaque_value is deprecated, use is_custom_class_obj instead
[rank0]:W1003 06:00:06.508000 2065816 torch/_library/opaque_object.py:314] is_opaque_value is deprecated, use is_custom_class_obj instead
[rank1]:W1003 06:00:06.508000 2065817 torch/_library/opaque_object.py:314] is_opaque_value is deprecated, use is_custom_class_obj instead
[rank0]:W1003 06:00:06.508000 2065816 torch/_library/opaque_object.py:314] is_opaque_value is deprecated, use is_custom_class_obj instead
[rank1]:W1003 06:00:06.508000 2065817 torch/_library/opaque_object.py:314] is_opaque_value is deprecated, use is_custom_class_obj instead
[rank0]:W1003 06:00:06.508000 2065816 torch/_library/opaque_object.py:314] is_opaque_value is deprecated, use is_custom_class_obj instead
[rank1]:W1003 06:00:06.508000 2065817 torch/_library/opaque_object.py:314] is_opaque_value is deprecated, use is_custom_class_obj instead
[rank0]:W1003 06:00:06.508000 2065816 torch/_library/opaque_object.py:314] is_opaque_value is deprecated, use is_custom_class_obj instead
[rank1]:W1003 06:00:06.508000 2065817 torch/_library/opaque_object.py:314] is_opaque_value is deprecated, use is_custom_class_obj instead
[rank0]:W1003 06:00:06.508000 2065816 torch/_library/opaque_object.py:314] is_opaque_value is deprecated, use is_custom_class_obj instead
[rank1]:W1003 06:00:06.508000 2065817 torch/_library/opaque_object.py:314] is_opaque_value is deprecated, use is_custom_class_obj instead
[rank0]:W1003 06:00:06.508000 2065816 torch/_library/opaque_object.py:314] is_opaque_value is deprecated, use is_custom_class_obj instead
[rank1]:W1003 06:00:06.508000 2065817 torch/_library/opaque_object.py:314] is_opaque_value is deprecated, use is_custom_class_obj instead
[rank1]:W1003 06:00:06.508000 2065817 torch/_library/opaque_object.py:314] is_opaque_value is deprecated, use is_custom_class_obj instead
[rank1]:W1003 06:00:06.508000 2065817 torch/_library/opaque_object.py:314] is_opaque_value is deprecated, use is_custom_class_obj instead
[rank1]:W1003 06:00:06.508000 2065817 torch/_library/opaque_object.py:314] is_opaque_value is deprecated, use is_custom_class_obj instead
[rank1]:W1003 06:00:06.508000 2065817 torch/_library/opaque_object.py:314] is_opaque_value is deprecated, use is_custom_class_obj instead
[rank1]:W1003 06:00:06.508000 2065817 torch/_library/opaque_object.py:314] is_opaque_value is deprecated, use is_custom_class_obj instead
[rank1]:W1003 06:00:06.508000 2065817 torch/_library/opaque_object.py:314] is_opaque_value is deprecated, use is_custom_class_obj instead
[rank1]:W1003 06:00:06.508000 2065817 torch/_library/opaque_object.py:314] is_opaque_value is deprecated, use is_custom_class_obj instead
[rank1]:W1003 06:00:06.508000 2065817 torch/_library/opaque_object.py:314] is_opaque_value is deprecated, use is_custom_class_obj instead
[rank1]:W1003 06:00:06.508000 2065817 torch/_library/opaque_object.py:314] is_opaque_value is deprecated, use is_custom_class_obj instead
[rank1]:W1003 06:00:06.508000 2065817 torch/_library/opaque_object.py:314] is_opaque_value is deprecated, use is_custom_class_obj instead
[rank1]:W1003 06:00:06.508000 2065817 torch/_library/opaque_object.py:314] is_opaque_value is deprecated, use is_custom_class_obj instead
[rank1]:W1003 06:00:06.508000 2065817 torch/_library/opaque_object.py:314] is_opaque_value is deprecated, use is_custom_class_obj instead
[rank1]:W1003 06:00:06.508000 2065817 torch/_library/opaque_object.py:314] is_opaque_value is deprecated, use is_custom_class_obj instead
[rank1]:W1003 06:00:06.508000 2065817 torch/_library/opaque_object.py:314] is_opaque_value is deprecated, use is_custom_class_obj instead
[titan] 2026-10-03 06:00:06,892 - root - INFO - [31mstep:  1  [32mloss: 12.44202  [38;2;180;60;0mgrad_norm:  3.2602  [38;2;54;234;195mmemory: 16.78GiB(12.00%)  [34mtps: 172  [36mtflops: 2.68  [35mmfu: 0.27%[39m
[titan] 2026-10-03 06:00:06,892 - root - INFO - [31mstep:  1  [32mloss: 12.44202  [38;2;180;60;0mgrad_norm:  3.2602  [38;2;54;234;195mmemory: 16.78GiB(12.00%)  [34mtps: 172  [36mtflops: 2.68  [35mmfu: 0.27%[39m
[titan] 2026-10-03 06:00:06,893 - root - INFO - Synchronizing and adjusting timeout for all ProcessGroups to 0:01:40
[titan] 2026-10-03 06:00:06,893 - root - INFO - Synchronizing and adjusting timeout for all ProcessGroups to 0:01:40
/scratch/specforge-torchtitan-20261003/venv/lib/python3.12/site-packages/torch/distributed/c10d_logger.py:83: UserWarning: barrier(): using the device under current context. You can specify `device_id` in `init_process_group` to mute this warning.
  return func(*args, **kwargs)
[titan] 2026-10-03 06:00:13,297 - root - INFO - Sleeping 2 seconds for other ranks to complete
[titan] 2026-10-03 06:00:13,297 - root - INFO - Training completed
[titan] 2026-10-03 06:00:15,297 - root - INFO - Training completed
{
  "output": "/scratch/specforge-torchtitan-20261003/extension-bench-p4/dflash-graph-full-1.json",
  "optimizer_step_seconds_mean": 0.22090940158814193,
  "optimizer_step_seconds_median": 0.22058146633207798,
  "optimizer_step_seconds_p95": 0.2245385441929102,
  "input_context_tokens_per_second": 74166.1508392745
}
