W1003 05:57:57.012000 2065392 torch/utils/_pytree.py:630] <enum 'KernelPreference'> is an Enum subclass and is now natively supported by torch.compile as an opaque value type. Calling register_constant() on Enum subclasses is deprecated and will be an error in a future release.
W1003 05:57:57.014000 2065393 torch/utils/_pytree.py:630] <enum 'KernelPreference'> is an Enum subclass and is now natively supported by torch.compile as an opaque value type. Calling register_constant() on Enum subclasses is deprecated and will be an error in a future release.
W1003 05:57:57.038000 2065392 torch/utils/_pytree.py:630] <enum 'ScaleCalculationMode'> is an Enum subclass and is now natively supported by torch.compile as an opaque value type. Calling register_constant() on Enum subclasses is deprecated and will be an error in a future release.
W1003 05:57:57.040000 2065393 torch/utils/_pytree.py:630] <enum 'ScaleCalculationMode'> is an Enum subclass and is now natively supported by torch.compile as an opaque value type. Calling register_constant() on Enum subclasses is deprecated and will be an error in a future release.
/scratch/specforge-torchtitan-20261003/extension-bench-source-p4/specforge/modeling/draft/llama3_eagle.py:33: UserWarning: flash_attn is not found, falling back to flex_attention. Please install flash_attn if you want to use the flash attention backend.
  warnings.warn(
/scratch/specforge-torchtitan-20261003/extension-bench-source-p4/specforge/modeling/draft/llama3_eagle.py:33: UserWarning: flash_attn is not found, falling back to flex_attention. Please install flash_attn if you want to use the flash attention backend.
  warnings.warn(
initial_load_model_only=True has no effect without an initial_load_path.
[titan] 2026-10-03 05:58:18,100 - root - WARNING - ENV[TORCH_NCCL_ASYNC_ERROR_HANDLING] = 1 will be overridden to 3 based on job config
[titan] 2026-10-03 05:58:18,107 - root - INFO - Building device mesh with parallelism: pp=1, dp_replicate=1, dp_shard=2, cp=1, tp=1, ep=1
[titan] 2026-10-03 05:58:18,111 - root - INFO - Successfully created meshes with active dimensions: ['batch', 'loss', 'fsdp']
[titan] 2026-10-03 05:58:18,112 - root - INFO - [GC] Initial GC collection took 0.00 seconds
[titan] 2026-10-03 05:58:18,113 - root - INFO - Building specforge dflash
initial_load_model_only=True has no effect without an initial_load_path.
[titan] 2026-10-03 05:58:18,115 - root - WARNING - ENV[TORCH_NCCL_ASYNC_ERROR_HANDLING] = 1 will be overridden to 3 based on job config
[titan] 2026-10-03 05:58:18,121 - root - INFO - CUDA capacity: NVIDIA H200 with 139.80GiB memory
[titan] 2026-10-03 05:58:18,121 - root - INFO - Building device mesh with parallelism: pp=1, dp_replicate=1, dp_shard=2, cp=1, tp=1, ep=1
[titan] 2026-10-03 05:58:18,121 - root - WARNING - Error running lspci: [Errno 2] No such file or directory: 'lspci', fallback to use device_name
[titan] 2026-10-03 05:58:18,122 - root - INFO - [34mModel specforge dflash [31msize: 1,315,339,520 total parameters[39m
[titan] 2026-10-03 05:58:18,125 - root - INFO - Successfully created meshes with active dimensions: ['batch', 'loss', 'fsdp']
[titan] 2026-10-03 05:58:18,126 - root - INFO - [GC] Initial GC collection took 0.00 seconds
[titan] 2026-10-03 05:58:18,127 - root - INFO - Building specforge dflash
[titan] 2026-10-03 05:58:18,133 - root - INFO - Compiling each TransformerBlock with torch.compile
[titan] 2026-10-03 05:58:18,135 - root - INFO - CUDA capacity: NVIDIA H200 with 139.80GiB memory
[titan] 2026-10-03 05:58:18,135 - root - WARNING - Error running lspci: [Errno 2] No such file or directory: 'lspci', fallback to use device_name
[titan] 2026-10-03 05:58:18,136 - root - INFO - [34mModel specforge dflash [31msize: 1,315,339,520 total parameters[39m
[titan] 2026-10-03 05:58:18,146 - root - INFO - Compiling each TransformerBlock with torch.compile
[titan] 2026-10-03 05:58:18,159 - root - INFO - Applied FSDP to the model
[titan] 2026-10-03 05:58:18,173 - root - INFO - Applied FSDP to the model
[titan] 2026-10-03 05:58:29,669 - root - WARNING - Error running lspci: [Errno 2] No such file or directory: 'lspci', fallback to use device_name
[titan] 2026-10-03 05:58:29,669 - root - INFO - Peak FLOPS used for computing MFU: 9.890e+14
[titan] 2026-10-03 05:58:29,669 - root - INFO - CUDA memory usage for model: 5.41GiB(3.87%)
[titan] 2026-10-03 05:58:29,669 - root - WARNING - Error running lspci: [Errno 2] No such file or directory: 'lspci', fallback to use device_name
[titan] 2026-10-03 05:58:29,669 - root - INFO - Peak FLOPS used for computing MFU: 9.890e+14
[titan] 2026-10-03 05:58:29,669 - root - INFO - CUDA memory usage for model: 5.41GiB(3.87%)
[titan] 2026-10-03 05:58:29,669 - root - INFO - Optimizer AdamW (model_part=0): 58 params [.*] {'fused': True, 'foreach': False, 'lr': 0.0001, 'betas': (0.9, 0.999), 'eps': 1e-08, 'weight_decay': 0.0}
[titan] 2026-10-03 05:58:29,670 - root - INFO - Optimizer AdamW (model_part=0): 58 params [.*] {'fused': True, 'foreach': False, 'lr': 0.0001, 'betas': (0.9, 0.999), 'eps': 1e-08, 'weight_decay': 0.0}
[titan] 2026-10-03 05:58:29,670 - root - WARNING - initial_load_model_only=True has no effect without an initial_load_path.
[titan] 2026-10-03 05:58:29,670 - root - INFO - Trainer is initialized with local batch size 1, global batch size 4, gradient accumulation steps 2, sequence length 4096, total steps 30 (warmup 0)
[titan] 2026-10-03 05:58:29,670 - root - WARNING - initial_load_model_only=True has no effect without an initial_load_path.
[titan] 2026-10-03 05:58:29,670 - root - INFO - Trainer is initialized with local batch size 1, global batch size 4, gradient accumulation steps 2, sequence length 4096, total steps 30 (warmup 0)
[titan] 2026-10-03 05:58:30,001 - root - INFO - Training starts at step 1
[titan] 2026-10-03 05:58:30,001 - root - INFO - Training starts at step 1
/scratch/specforge-torchtitan-20261003/venv/lib/python3.12/site-packages/torch/distributed/c10d_logger.py:83: UserWarning: barrier(): using the device under current context. You can specify `device_id` in `init_process_group` to mute this warning.
  return func(*args, **kwargs)
[titan] 2026-10-03 05:58:40,038 - root - INFO - Recorded CUDA graph
[titan] 2026-10-03 05:58:40,039 - root - INFO - Recorded CUDA graph
[titan] 2026-10-03 05:58:40,309 - root - INFO - [31mstep:  1  [32mloss: 12.44200  [38;2;180;60;0mgrad_norm:  3.2601  [38;2;54;234;195mmemory: 14.30GiB(10.23%)  [34mtps: 369  [36mtflops: 5.75  [35mmfu: 0.58%[39m
[titan] 2026-10-03 05:58:40,309 - root - INFO - [31mstep:  1  [32mloss: 12.44200  [38;2;180;60;0mgrad_norm:  3.2601  [38;2;54;234;195mmemory: 14.30GiB(10.23%)  [34mtps: 369  [36mtflops: 5.75  [35mmfu: 0.58%[39m
[titan] 2026-10-03 05:58:40,310 - root - INFO - Synchronizing and adjusting timeout for all ProcessGroups to 0:01:40
[titan] 2026-10-03 05:58:40,310 - root - INFO - Synchronizing and adjusting timeout for all ProcessGroups to 0:01:40
/scratch/specforge-torchtitan-20261003/venv/lib/python3.12/site-packages/torch/distributed/c10d_logger.py:83: UserWarning: barrier(): using the device under current context. You can specify `device_id` in `init_process_group` to mute this warning.
  return func(*args, **kwargs)
[titan] 2026-10-03 05:58:46,828 - root - INFO - Training completed
[titan] 2026-10-03 05:58:46,828 - root - INFO - Sleeping 2 seconds for other ranks to complete
[titan] 2026-10-03 05:58:48,829 - root - INFO - Training completed
{
  "output": "/scratch/specforge-torchtitan-20261003/extension-bench-p4/dflash-titan-cuda-1.json",
  "optimizer_step_seconds_mean": 0.22442640364170074,
  "optimizer_step_seconds_median": 0.22483256086707115,
  "optimizer_step_seconds_p95": 0.22678998298943043,
  "input_context_tokens_per_second": 73003.88784092106
}
