W1003 06:02:00.831000 2066917 torch/utils/_pytree.py:630] <enum 'KernelPreference'> is an Enum subclass and is now natively supported by torch.compile as an opaque value type. Calling register_constant() on Enum subclasses is deprecated and will be an error in a future release.
W1003 06:02:00.858000 2066917 torch/utils/_pytree.py:630] <enum 'ScaleCalculationMode'> is an Enum subclass and is now natively supported by torch.compile as an opaque value type. Calling register_constant() on Enum subclasses is deprecated and will be an error in a future release.
W1003 06:02:00.901000 2066916 torch/utils/_pytree.py:630] <enum 'KernelPreference'> is an Enum subclass and is now natively supported by torch.compile as an opaque value type. Calling register_constant() on Enum subclasses is deprecated and will be an error in a future release.
W1003 06:02:00.928000 2066916 torch/utils/_pytree.py:630] <enum 'ScaleCalculationMode'> is an Enum subclass and is now natively supported by torch.compile as an opaque value type. Calling register_constant() on Enum subclasses is deprecated and will be an error in a future release.
/scratch/specforge-torchtitan-20261003/extension-bench-source-p4/specforge/modeling/draft/llama3_eagle.py:33: UserWarning: flash_attn is not found, falling back to flex_attention. Please install flash_attn if you want to use the flash attention backend.
  warnings.warn(
/scratch/specforge-torchtitan-20261003/extension-bench-source-p4/specforge/modeling/draft/llama3_eagle.py:33: UserWarning: flash_attn is not found, falling back to flex_attention. Please install flash_attn if you want to use the flash attention backend.
  warnings.warn(
initial_load_model_only=True has no effect without an initial_load_path.
[titan] 2026-10-03 06:02:22,703 - root - WARNING - ENV[TORCH_NCCL_ASYNC_ERROR_HANDLING] = 1 will be overridden to 3 based on job config
[titan] 2026-10-03 06:02:22,710 - root - INFO - Building device mesh with parallelism: pp=1, dp_replicate=1, dp_shard=2, cp=1, tp=1, ep=1
[titan] 2026-10-03 06:02:22,715 - root - INFO - Successfully created meshes with active dimensions: ['batch', 'loss', 'fsdp']
[titan] 2026-10-03 06:02:22,715 - root - INFO - [GC] Initial GC collection took 0.00 seconds
[titan] 2026-10-03 06:02:22,717 - root - INFO - Building specforge dflash2
[titan] 2026-10-03 06:02:22,726 - root - INFO - CUDA capacity: NVIDIA H200 with 139.80GiB memory
[titan] 2026-10-03 06:02:22,726 - root - WARNING - Error running lspci: [Errno 2] No such file or directory: 'lspci', fallback to use device_name
[titan] 2026-10-03 06:02:22,727 - root - INFO - [34mModel specforge dflash2 [31msize: 1,410,272,512 total parameters[39m
[titan] 2026-10-03 06:02:22,760 - root - INFO - Applied Data Parallel (simple_fsdp) (dp mode=fully_shard) to the model
[titan] 2026-10-03 06:02:22,761 - root - INFO - aot_fx_trace compile mode: graph capture will happen at training time
initial_load_model_only=True has no effect without an initial_load_path.
[titan] 2026-10-03 06:02:23,991 - root - WARNING - ENV[TORCH_NCCL_ASYNC_ERROR_HANDLING] = 1 will be overridden to 3 based on job config
[titan] 2026-10-03 06:02:23,997 - root - INFO - Building device mesh with parallelism: pp=1, dp_replicate=1, dp_shard=2, cp=1, tp=1, ep=1
[titan] 2026-10-03 06:02:24,002 - root - INFO - Successfully created meshes with active dimensions: ['batch', 'loss', 'fsdp']
[titan] 2026-10-03 06:02:24,002 - root - INFO - [GC] Initial GC collection took 0.00 seconds
[titan] 2026-10-03 06:02:24,004 - root - INFO - Building specforge dflash2
[titan] 2026-10-03 06:02:24,013 - root - INFO - CUDA capacity: NVIDIA H200 with 139.80GiB memory
[titan] 2026-10-03 06:02:24,014 - root - WARNING - Error running lspci: [Errno 2] No such file or directory: 'lspci', fallback to use device_name
[titan] 2026-10-03 06:02:24,014 - root - INFO - [34mModel specforge dflash2 [31msize: 1,410,272,512 total parameters[39m
[titan] 2026-10-03 06:02:24,047 - root - INFO - Applied Data Parallel (simple_fsdp) (dp mode=fully_shard) to the model
[titan] 2026-10-03 06:02:24,048 - root - INFO - aot_fx_trace compile mode: graph capture will happen at training time
[titan] 2026-10-03 06:02:36,499 - root - WARNING - Error running lspci: [Errno 2] No such file or directory: 'lspci', fallback to use device_name
[titan] 2026-10-03 06:02:36,499 - root - INFO - Peak FLOPS used for computing MFU: 9.890e+14
[titan] 2026-10-03 06:02:36,500 - root - INFO - CUDA memory usage for model: 5.80GiB(4.15%)
[titan] 2026-10-03 06:02:36,500 - root - INFO - Optimizer AdamW (model_part=0): 81 params [.*] {'fused': True, 'foreach': False, 'lr': 0.0001, 'betas': (0.9, 0.999), 'eps': 1e-08, 'weight_decay': 0.0}
[titan] 2026-10-03 06:02:36,501 - root - WARNING - Error running lspci: [Errno 2] No such file or directory: 'lspci', fallback to use device_name
[titan] 2026-10-03 06:02:36,501 - root - INFO - Peak FLOPS used for computing MFU: 9.890e+14
[titan] 2026-10-03 06:02:36,501 - root - WARNING - initial_load_model_only=True has no effect without an initial_load_path.
[titan] 2026-10-03 06:02:36,501 - root - INFO - Trainer is initialized with local batch size 1, global batch size 4, gradient accumulation steps 2, sequence length 4096, total steps 30 (warmup 0)
[titan] 2026-10-03 06:02:36,501 - root - INFO - CUDA memory usage for model: 5.80GiB(4.15%)
[titan] 2026-10-03 06:02:36,501 - root - INFO - NUMA binding applied for GPU 1
[titan] 2026-10-03 06:02:36,502 - root - INFO - Optimizer AdamW (model_part=0): 81 params [.*] {'fused': True, 'foreach': False, 'lr': 0.0001, 'betas': (0.9, 0.999), 'eps': 1e-08, 'weight_decay': 0.0}
[titan] 2026-10-03 06:02:36,503 - root - WARNING - initial_load_model_only=True has no effect without an initial_load_path.
[titan] 2026-10-03 06:02:36,503 - root - INFO - Trainer is initialized with local batch size 1, global batch size 4, gradient accumulation steps 2, sequence length 4096, total steps 30 (warmup 0)
[titan] 2026-10-03 06:02:36,503 - root - INFO - NUMA binding applied for GPU 0
[titan] 2026-10-03 06:02:36,705 - root - INFO - Training starts at step 1
[titan] 2026-10-03 06:02:36,705 - root - INFO - Training starts at step 1
/scratch/specforge-torchtitan-20261003/venv/lib/python3.12/site-packages/torch/distributed/c10d_logger.py:83: UserWarning: barrier(): using the device under current context. You can specify `device_id` in `init_process_group` to mute this warning.
  return func(*args, **kwargs)
/scratch/specforge-torchtitan-20261003/venv/lib/python3.12/site-packages/torch/nn/attention/flex_attention.py:2596: UserWarning: flex_attention called without torch.compile() - this will use an unfused implementation that materializes the full scores matrix instead of generating a fused kernel.

SOLUTION: Use torch.compile(flex_attention)(...)

If you want to debug your score_mod/mask_mod, you can set:
torch.nn.attention.flex_attention._FLEX_ATTENTION_DISABLE_COMPILE_DEBUG = True

This will allow you to use print statements or breakpoints. Note: This doesn't work with the backwards pass and may produce incorrect results.
  _warn_once(
/scratch/specforge-torchtitan-20261003/venv/lib/python3.12/site-packages/torch/nn/attention/flex_attention.py:2596: UserWarning: flex_attention called without torch.compile() - this will use an unfused implementation that materializes the full scores matrix instead of generating a fused kernel.

SOLUTION: Use torch.compile(flex_attention)(...)

If you want to debug your score_mod/mask_mod, you can set:
torch.nn.attention.flex_attention._FLEX_ATTENTION_DISABLE_COMPILE_DEBUG = True

This will allow you to use print statements or breakpoints. Note: This doesn't work with the backwards pass and may produce incorrect results.
  _warn_once(
[titan] 2026-10-03 06:02:40,489 - root - INFO - minimal_fx_tracer took 3.775s
[titan] 2026-10-03 06:02:40,489 - root - INFO - minimal_fx_tracer took 3.775s
[titan] 2026-10-03 06:02:40,489 - root - INFO - Applying 10 graph passes:
  1. functionalize_fused_kernels
  2. eliminate_dead_code_pass
  3. canonicalize_graph_pass
  4. deduplicate_fsdp_unshard_chains_pass
  5. tag_with_memory_policy_pass
  6. apply_cpu_offload_pass
  7. selective_activation_remat_pass
  8. joint_transformer_block_bucketing_reordering_pass
  9. full_inductor_compilation_pass
  10. cudagraph_pass
[titan] 2026-10-03 06:02:40,489 - root - INFO - Applying 10 graph passes:
  1. functionalize_fused_kernels
  2. eliminate_dead_code_pass
  3. canonicalize_graph_pass
  4. deduplicate_fsdp_unshard_chains_pass
  5. tag_with_memory_policy_pass
  6. apply_cpu_offload_pass
  7. selective_activation_remat_pass
  8. joint_transformer_block_bucketing_reordering_pass
  9. full_inductor_compilation_pass
  10. cudagraph_pass
[titan] 2026-10-03 06:02:43,679 - root - INFO - Eliminated dead code from the graph
[titan] 2026-10-03 06:02:43,697 - root - INFO - Eliminated dead code from the graph
[titan] 2026-10-03 06:02:43,785 - root - INFO - Removed 166 identity view/reshape node(s) from the graph
[titan] 2026-10-03 06:02:43,803 - root - INFO - Removed 166 identity view/reshape node(s) from the graph
[titan] 2026-10-03 06:02:43,886 - root - INFO - Removed 179 back-to-back transpose node(s) from the graph
[titan] 2026-10-03 06:02:43,887 - root - INFO - Removed 60 identity slice node(s)
[titan] 2026-10-03 06:02:43,903 - root - INFO - Removed 179 back-to-back transpose node(s) from the graph
[titan] 2026-10-03 06:02:43,904 - root - INFO - Removed 60 identity slice node(s)
[titan] 2026-10-03 06:02:44,083 - root - INFO - Normalized 576 view op(s) to reshape
[titan] 2026-10-03 06:02:44,098 - root - INFO - Normalized 576 view op(s) to reshape
[titan] 2026-10-03 06:02:44,187 - root - INFO - Applied selective activation checkpointing (SAC) graph pass.
[titan] 2026-10-03 06:02:44,187 - root - INFO -   Forced 7 nodes to MUST_SAVE at layer boundaries
[titan] 2026-10-03 06:02:44,187 - root - INFO -   Layer non-layer: 13 MUST_SAVE, 58 RECOMPUTE
[titan] 2026-10-03 06:02:44,187 - root - INFO -   Layer 0: 30 MUST_SAVE, 168 RECOMPUTE
[titan] 2026-10-03 06:02:44,187 - root - INFO -   Layer 1: 30 MUST_SAVE, 169 RECOMPUTE
[titan] 2026-10-03 06:02:44,187 - root - INFO -   Layer 2: 30 MUST_SAVE, 169 RECOMPUTE
[titan] 2026-10-03 06:02:44,187 - root - INFO -   Layer 3: 30 MUST_SAVE, 169 RECOMPUTE
[titan] 2026-10-03 06:02:44,187 - root - INFO -   Layer 4: 29 MUST_SAVE, 170 RECOMPUTE
[titan] 2026-10-03 06:02:44,202 - root - INFO - Applied selective activation checkpointing (SAC) graph pass.
[titan] 2026-10-03 06:02:44,202 - root - INFO -   Forced 7 nodes to MUST_SAVE at layer boundaries
[titan] 2026-10-03 06:02:44,202 - root - INFO -   Layer non-layer: 13 MUST_SAVE, 58 RECOMPUTE
[titan] 2026-10-03 06:02:44,202 - root - INFO -   Layer 0: 30 MUST_SAVE, 168 RECOMPUTE
[titan] 2026-10-03 06:02:44,202 - root - INFO -   Layer 1: 30 MUST_SAVE, 169 RECOMPUTE
[titan] 2026-10-03 06:02:44,202 - root - INFO -   Layer 2: 30 MUST_SAVE, 169 RECOMPUTE
[titan] 2026-10-03 06:02:44,202 - root - INFO -   Layer 3: 30 MUST_SAVE, 169 RECOMPUTE
[titan] 2026-10-03 06:02:44,202 - root - INFO -   Layer 4: 29 MUST_SAVE, 170 RECOMPUTE
[titan] 2026-10-03 06:02:45,495 - root - INFO - FSDP reorder: 11 overlap deps across 11 target nodes
[titan] 2026-10-03 06:02:45,498 - root - INFO - FSDP reorder: 11 overlap deps across 11 target nodes
[titan] 2026-10-03 06:02:48,349 - root - INFO - Applied cudagraph pass.
[titan] 2026-10-03 06:02:48,349 - root - INFO - All 10 graph passes took 7.860s
[titan] 2026-10-03 06:02:48,352 - root - INFO - Applied cudagraph pass.
[titan] 2026-10-03 06:02:48,352 - root - INFO - All 10 graph passes took 7.863s
[rank1]:W1003 06:02:48.619000 2066917 torch/_library/opaque_object.py:314] is_opaque_value is deprecated, use is_custom_class_obj instead
[rank1]:W1003 06:02:48.619000 2066917 torch/_library/opaque_object.py:314] is_opaque_value is deprecated, use is_custom_class_obj instead
[rank1]:W1003 06:02:48.619000 2066917 torch/_library/opaque_object.py:314] is_opaque_value is deprecated, use is_custom_class_obj instead
[rank1]:W1003 06:02:48.619000 2066917 torch/_library/opaque_object.py:314] is_opaque_value is deprecated, use is_custom_class_obj instead
[rank1]:W1003 06:02:48.619000 2066917 torch/_library/opaque_object.py:314] is_opaque_value is deprecated, use is_custom_class_obj instead
[rank1]:W1003 06:02:48.619000 2066917 torch/_library/opaque_object.py:314] is_opaque_value is deprecated, use is_custom_class_obj instead
[rank1]:W1003 06:02:48.619000 2066917 torch/_library/opaque_object.py:314] is_opaque_value is deprecated, use is_custom_class_obj instead
[rank1]:W1003 06:02:48.619000 2066917 torch/_library/opaque_object.py:314] is_opaque_value is deprecated, use is_custom_class_obj instead
[rank1]:W1003 06:02:48.619000 2066917 torch/_library/opaque_object.py:314] is_opaque_value is deprecated, use is_custom_class_obj instead
[rank1]:W1003 06:02:48.619000 2066917 torch/_library/opaque_object.py:314] is_opaque_value is deprecated, use is_custom_class_obj instead
[rank1]:W1003 06:02:48.619000 2066917 torch/_library/opaque_object.py:314] is_opaque_value is deprecated, use is_custom_class_obj instead
[rank1]:W1003 06:02:48.619000 2066917 torch/_library/opaque_object.py:314] is_opaque_value is deprecated, use is_custom_class_obj instead
[rank1]:W1003 06:02:48.619000 2066917 torch/_library/opaque_object.py:314] is_opaque_value is deprecated, use is_custom_class_obj instead
[rank1]:W1003 06:02:48.619000 2066917 torch/_library/opaque_object.py:314] is_opaque_value is deprecated, use is_custom_class_obj instead
[rank1]:W1003 06:02:48.619000 2066917 torch/_library/opaque_object.py:314] is_opaque_value is deprecated, use is_custom_class_obj instead
[rank1]:W1003 06:02:48.619000 2066917 torch/_library/opaque_object.py:314] is_opaque_value is deprecated, use is_custom_class_obj instead
[rank1]:W1003 06:02:48.619000 2066917 torch/_library/opaque_object.py:314] is_opaque_value is deprecated, use is_custom_class_obj instead
[rank1]:W1003 06:02:48.619000 2066917 torch/_library/opaque_object.py:314] is_opaque_value is deprecated, use is_custom_class_obj instead
[rank1]:W1003 06:02:48.619000 2066917 torch/_library/opaque_object.py:314] is_opaque_value is deprecated, use is_custom_class_obj instead
[rank1]:W1003 06:02:48.619000 2066917 torch/_library/opaque_object.py:314] is_opaque_value is deprecated, use is_custom_class_obj instead
[rank1]:W1003 06:02:48.619000 2066917 torch/_library/opaque_object.py:314] is_opaque_value is deprecated, use is_custom_class_obj instead
[rank1]:W1003 06:02:48.619000 2066917 torch/_library/opaque_object.py:314] is_opaque_value is deprecated, use is_custom_class_obj instead
[rank1]:W1003 06:02:48.620000 2066917 torch/_library/opaque_object.py:314] is_opaque_value is deprecated, use is_custom_class_obj instead
[rank1]:W1003 06:02:48.620000 2066917 torch/_library/opaque_object.py:314] is_opaque_value is deprecated, use is_custom_class_obj instead
[rank1]:W1003 06:02:48.620000 2066917 torch/_library/opaque_object.py:314] is_opaque_value is deprecated, use is_custom_class_obj instead
[rank1]:W1003 06:02:48.620000 2066917 torch/_library/opaque_object.py:314] is_opaque_value is deprecated, use is_custom_class_obj instead
[rank1]:W1003 06:02:48.620000 2066917 torch/_library/opaque_object.py:314] is_opaque_value is deprecated, use is_custom_class_obj instead
[rank1]:W1003 06:02:48.620000 2066917 torch/_library/opaque_object.py:314] is_opaque_value is deprecated, use is_custom_class_obj instead
[rank1]:W1003 06:02:48.620000 2066917 torch/_library/opaque_object.py:314] is_opaque_value is deprecated, use is_custom_class_obj instead
[rank1]:W1003 06:02:48.620000 2066917 torch/_library/opaque_object.py:314] is_opaque_value is deprecated, use is_custom_class_obj instead
[rank1]:W1003 06:02:48.620000 2066917 torch/_library/opaque_object.py:314] is_opaque_value is deprecated, use is_custom_class_obj instead
[rank1]:W1003 06:02:48.620000 2066917 torch/_library/opaque_object.py:314] is_opaque_value is deprecated, use is_custom_class_obj instead
[rank1]:W1003 06:02:48.620000 2066917 torch/_library/opaque_object.py:314] is_opaque_value is deprecated, use is_custom_class_obj instead
[rank1]:W1003 06:02:48.620000 2066917 torch/_library/opaque_object.py:314] is_opaque_value is deprecated, use is_custom_class_obj instead
[rank1]:W1003 06:02:48.620000 2066917 torch/_library/opaque_object.py:314] is_opaque_value is deprecated, use is_custom_class_obj instead
[rank1]:W1003 06:02:48.620000 2066917 torch/_library/opaque_object.py:314] is_opaque_value is deprecated, use is_custom_class_obj instead
[rank1]:W1003 06:02:48.620000 2066917 torch/_library/opaque_object.py:314] is_opaque_value is deprecated, use is_custom_class_obj instead
[rank1]:W1003 06:02:48.620000 2066917 torch/_library/opaque_object.py:314] is_opaque_value is deprecated, use is_custom_class_obj instead
[rank1]:W1003 06:02:48.620000 2066917 torch/_library/opaque_object.py:314] is_opaque_value is deprecated, use is_custom_class_obj instead
[rank1]:W1003 06:02:48.620000 2066917 torch/_library/opaque_object.py:314] is_opaque_value is deprecated, use is_custom_class_obj instead
[rank1]:W1003 06:02:48.620000 2066917 torch/_library/opaque_object.py:314] is_opaque_value is deprecated, use is_custom_class_obj instead
[rank1]:W1003 06:02:48.620000 2066917 torch/_library/opaque_object.py:314] is_opaque_value is deprecated, use is_custom_class_obj instead
[rank1]:W1003 06:02:48.620000 2066917 torch/_library/opaque_object.py:314] is_opaque_value is deprecated, use is_custom_class_obj instead
[rank1]:W1003 06:02:48.620000 2066917 torch/_library/opaque_object.py:314] is_opaque_value is deprecated, use is_custom_class_obj instead
[rank1]:W1003 06:02:48.620000 2066917 torch/_library/opaque_object.py:314] is_opaque_value is deprecated, use is_custom_class_obj instead
[rank1]:W1003 06:02:48.620000 2066917 torch/_library/opaque_object.py:314] is_opaque_value is deprecated, use is_custom_class_obj instead
[rank1]:W1003 06:02:48.620000 2066917 torch/_library/opaque_object.py:314] is_opaque_value is deprecated, use is_custom_class_obj instead
[rank1]:W1003 06:02:48.620000 2066917 torch/_library/opaque_object.py:314] is_opaque_value is deprecated, use is_custom_class_obj instead
[rank1]:W1003 06:02:48.620000 2066917 torch/_library/opaque_object.py:314] is_opaque_value is deprecated, use is_custom_class_obj instead
[rank1]:W1003 06:02:48.620000 2066917 torch/_library/opaque_object.py:314] is_opaque_value is deprecated, use is_custom_class_obj instead
[rank1]:W1003 06:02:48.620000 2066917 torch/_library/opaque_object.py:314] is_opaque_value is deprecated, use is_custom_class_obj instead
[rank1]:W1003 06:02:48.620000 2066917 torch/_library/opaque_object.py:314] is_opaque_value is deprecated, use is_custom_class_obj instead
[rank1]:W1003 06:02:48.620000 2066917 torch/_library/opaque_object.py:314] is_opaque_value is deprecated, use is_custom_class_obj instead
[rank1]:W1003 06:02:48.620000 2066917 torch/_library/opaque_object.py:314] is_opaque_value is deprecated, use is_custom_class_obj instead
[rank1]:W1003 06:02:48.620000 2066917 torch/_library/opaque_object.py:314] is_opaque_value is deprecated, use is_custom_class_obj instead
[rank1]:W1003 06:02:48.620000 2066917 torch/_library/opaque_object.py:314] is_opaque_value is deprecated, use is_custom_class_obj instead
[rank1]:W1003 06:02:48.620000 2066917 torch/_library/opaque_object.py:314] is_opaque_value is deprecated, use is_custom_class_obj instead
[rank1]:W1003 06:02:48.620000 2066917 torch/_library/opaque_object.py:314] is_opaque_value is deprecated, use is_custom_class_obj instead
[rank1]:W1003 06:02:48.620000 2066917 torch/_library/opaque_object.py:314] is_opaque_value is deprecated, use is_custom_class_obj instead
[rank1]:W1003 06:02:48.620000 2066917 torch/_library/opaque_object.py:314] is_opaque_value is deprecated, use is_custom_class_obj instead
[rank1]:W1003 06:02:48.620000 2066917 torch/_library/opaque_object.py:314] is_opaque_value is deprecated, use is_custom_class_obj instead
[rank1]:W1003 06:02:48.620000 2066917 torch/_library/opaque_object.py:314] is_opaque_value is deprecated, use is_custom_class_obj instead
[rank1]:W1003 06:02:48.620000 2066917 torch/_library/opaque_object.py:314] is_opaque_value is deprecated, use is_custom_class_obj instead
[rank1]:W1003 06:02:48.620000 2066917 torch/_library/opaque_object.py:314] is_opaque_value is deprecated, use is_custom_class_obj instead
[rank1]:W1003 06:02:48.620000 2066917 torch/_library/opaque_object.py:314] is_opaque_value is deprecated, use is_custom_class_obj instead
[rank1]:W1003 06:02:48.620000 2066917 torch/_library/opaque_object.py:314] is_opaque_value is deprecated, use is_custom_class_obj instead
[rank1]:W1003 06:02:48.620000 2066917 torch/_library/opaque_object.py:314] is_opaque_value is deprecated, use is_custom_class_obj instead
[rank1]:W1003 06:02:48.620000 2066917 torch/_library/opaque_object.py:314] is_opaque_value is deprecated, use is_custom_class_obj instead
[rank1]:W1003 06:02:48.620000 2066917 torch/_library/opaque_object.py:314] is_opaque_value is deprecated, use is_custom_class_obj instead
[rank1]:W1003 06:02:48.620000 2066917 torch/_library/opaque_object.py:314] is_opaque_value is deprecated, use is_custom_class_obj instead
[rank1]:W1003 06:02:48.620000 2066917 torch/_library/opaque_object.py:314] is_opaque_value is deprecated, use is_custom_class_obj instead
[rank1]:W1003 06:02:48.620000 2066917 torch/_library/opaque_object.py:314] is_opaque_value is deprecated, use is_custom_class_obj instead
[rank1]:W1003 06:02:48.620000 2066917 torch/_library/opaque_object.py:314] is_opaque_value is deprecated, use is_custom_class_obj instead
[rank1]:W1003 06:02:48.620000 2066917 torch/_library/opaque_object.py:314] is_opaque_value is deprecated, use is_custom_class_obj instead
[rank1]:W1003 06:02:48.620000 2066917 torch/_library/opaque_object.py:314] is_opaque_value is deprecated, use is_custom_class_obj instead
[rank1]:W1003 06:02:48.620000 2066917 torch/_library/opaque_object.py:314] is_opaque_value is deprecated, use is_custom_class_obj instead
[rank1]:W1003 06:02:48.620000 2066917 torch/_library/opaque_object.py:314] is_opaque_value is deprecated, use is_custom_class_obj instead
[rank1]:W1003 06:02:48.620000 2066917 torch/_library/opaque_object.py:314] is_opaque_value is deprecated, use is_custom_class_obj instead
[rank1]:W1003 06:02:48.620000 2066917 torch/_library/opaque_object.py:314] is_opaque_value is deprecated, use is_custom_class_obj instead
[rank1]:W1003 06:02:48.620000 2066917 torch/_library/opaque_object.py:314] is_opaque_value is deprecated, use is_custom_class_obj instead
[rank1]:W1003 06:02:48.620000 2066917 torch/_library/opaque_object.py:314] is_opaque_value is deprecated, use is_custom_class_obj instead
[rank0]:W1003 06:02:48.621000 2066916 torch/_library/opaque_object.py:314] is_opaque_value is deprecated, use is_custom_class_obj instead
[rank0]:W1003 06:02:48.621000 2066916 torch/_library/opaque_object.py:314] is_opaque_value is deprecated, use is_custom_class_obj instead
[rank0]:W1003 06:02:48.621000 2066916 torch/_library/opaque_object.py:314] is_opaque_value is deprecated, use is_custom_class_obj instead
[rank0]:W1003 06:02:48.621000 2066916 torch/_library/opaque_object.py:314] is_opaque_value is deprecated, use is_custom_class_obj instead
[rank0]:W1003 06:02:48.621000 2066916 torch/_library/opaque_object.py:314] is_opaque_value is deprecated, use is_custom_class_obj instead
[rank0]:W1003 06:02:48.621000 2066916 torch/_library/opaque_object.py:314] is_opaque_value is deprecated, use is_custom_class_obj instead
[rank0]:W1003 06:02:48.621000 2066916 torch/_library/opaque_object.py:314] is_opaque_value is deprecated, use is_custom_class_obj instead
[rank0]:W1003 06:02:48.621000 2066916 torch/_library/opaque_object.py:314] is_opaque_value is deprecated, use is_custom_class_obj instead
[rank0]:W1003 06:02:48.621000 2066916 torch/_library/opaque_object.py:314] is_opaque_value is deprecated, use is_custom_class_obj instead
[rank0]:W1003 06:02:48.622000 2066916 torch/_library/opaque_object.py:314] is_opaque_value is deprecated, use is_custom_class_obj instead
[rank0]:W1003 06:02:48.622000 2066916 torch/_library/opaque_object.py:314] is_opaque_value is deprecated, use is_custom_class_obj instead
[rank0]:W1003 06:02:48.622000 2066916 torch/_library/opaque_object.py:314] is_opaque_value is deprecated, use is_custom_class_obj instead
[rank0]:W1003 06:02:48.622000 2066916 torch/_library/opaque_object.py:314] is_opaque_value is deprecated, use is_custom_class_obj instead
[rank0]:W1003 06:02:48.622000 2066916 torch/_library/opaque_object.py:314] is_opaque_value is deprecated, use is_custom_class_obj instead
[rank0]:W1003 06:02:48.622000 2066916 torch/_library/opaque_object.py:314] is_opaque_value is deprecated, use is_custom_class_obj instead
[rank0]:W1003 06:02:48.622000 2066916 torch/_library/opaque_object.py:314] is_opaque_value is deprecated, use is_custom_class_obj instead
[rank0]:W1003 06:02:48.622000 2066916 torch/_library/opaque_object.py:314] is_opaque_value is deprecated, use is_custom_class_obj instead
[rank0]:W1003 06:02:48.622000 2066916 torch/_library/opaque_object.py:314] is_opaque_value is deprecated, use is_custom_class_obj instead
[rank0]:W1003 06:02:48.622000 2066916 torch/_library/opaque_object.py:314] is_opaque_value is deprecated, use is_custom_class_obj instead
[rank0]:W1003 06:02:48.622000 2066916 torch/_library/opaque_object.py:314] is_opaque_value is deprecated, use is_custom_class_obj instead
[rank0]:W1003 06:02:48.622000 2066916 torch/_library/opaque_object.py:314] is_opaque_value is deprecated, use is_custom_class_obj instead
[rank0]:W1003 06:02:48.622000 2066916 torch/_library/opaque_object.py:314] is_opaque_value is deprecated, use is_custom_class_obj instead
[rank0]:W1003 06:02:48.622000 2066916 torch/_library/opaque_object.py:314] is_opaque_value is deprecated, use is_custom_class_obj instead
[rank0]:W1003 06:02:48.622000 2066916 torch/_library/opaque_object.py:314] is_opaque_value is deprecated, use is_custom_class_obj instead
[rank0]:W1003 06:02:48.622000 2066916 torch/_library/opaque_object.py:314] is_opaque_value is deprecated, use is_custom_class_obj instead
[rank0]:W1003 06:02:48.622000 2066916 torch/_library/opaque_object.py:314] is_opaque_value is deprecated, use is_custom_class_obj instead
[rank0]:W1003 06:02:48.622000 2066916 torch/_library/opaque_object.py:314] is_opaque_value is deprecated, use is_custom_class_obj instead
[rank0]:W1003 06:02:48.622000 2066916 torch/_library/opaque_object.py:314] is_opaque_value is deprecated, use is_custom_class_obj instead
[rank0]:W1003 06:02:48.622000 2066916 torch/_library/opaque_object.py:314] is_opaque_value is deprecated, use is_custom_class_obj instead
[rank0]:W1003 06:02:48.622000 2066916 torch/_library/opaque_object.py:314] is_opaque_value is deprecated, use is_custom_class_obj instead
[rank0]:W1003 06:02:48.622000 2066916 torch/_library/opaque_object.py:314] is_opaque_value is deprecated, use is_custom_class_obj instead
[rank0]:W1003 06:02:48.622000 2066916 torch/_library/opaque_object.py:314] is_opaque_value is deprecated, use is_custom_class_obj instead
[rank0]:W1003 06:02:48.622000 2066916 torch/_library/opaque_object.py:314] is_opaque_value is deprecated, use is_custom_class_obj instead
[rank0]:W1003 06:02:48.622000 2066916 torch/_library/opaque_object.py:314] is_opaque_value is deprecated, use is_custom_class_obj instead
[rank0]:W1003 06:02:48.622000 2066916 torch/_library/opaque_object.py:314] is_opaque_value is deprecated, use is_custom_class_obj instead
[rank0]:W1003 06:02:48.622000 2066916 torch/_library/opaque_object.py:314] is_opaque_value is deprecated, use is_custom_class_obj instead
[rank0]:W1003 06:02:48.622000 2066916 torch/_library/opaque_object.py:314] is_opaque_value is deprecated, use is_custom_class_obj instead
[rank0]:W1003 06:02:48.622000 2066916 torch/_library/opaque_object.py:314] is_opaque_value is deprecated, use is_custom_class_obj instead
[rank0]:W1003 06:02:48.622000 2066916 torch/_library/opaque_object.py:314] is_opaque_value is deprecated, use is_custom_class_obj instead
[rank0]:W1003 06:02:48.622000 2066916 torch/_library/opaque_object.py:314] is_opaque_value is deprecated, use is_custom_class_obj instead
[rank0]:W1003 06:02:48.622000 2066916 torch/_library/opaque_object.py:314] is_opaque_value is deprecated, use is_custom_class_obj instead
[rank0]:W1003 06:02:48.622000 2066916 torch/_library/opaque_object.py:314] is_opaque_value is deprecated, use is_custom_class_obj instead
[rank0]:W1003 06:02:48.622000 2066916 torch/_library/opaque_object.py:314] is_opaque_value is deprecated, use is_custom_class_obj instead
[rank0]:W1003 06:02:48.622000 2066916 torch/_library/opaque_object.py:314] is_opaque_value is deprecated, use is_custom_class_obj instead
[rank0]:W1003 06:02:48.622000 2066916 torch/_library/opaque_object.py:314] is_opaque_value is deprecated, use is_custom_class_obj instead
[rank0]:W1003 06:02:48.622000 2066916 torch/_library/opaque_object.py:314] is_opaque_value is deprecated, use is_custom_class_obj instead
[rank0]:W1003 06:02:48.622000 2066916 torch/_library/opaque_object.py:314] is_opaque_value is deprecated, use is_custom_class_obj instead
[rank0]:W1003 06:02:48.622000 2066916 torch/_library/opaque_object.py:314] is_opaque_value is deprecated, use is_custom_class_obj instead
[rank0]:W1003 06:02:48.622000 2066916 torch/_library/opaque_object.py:314] is_opaque_value is deprecated, use is_custom_class_obj instead
[rank0]:W1003 06:02:48.622000 2066916 torch/_library/opaque_object.py:314] is_opaque_value is deprecated, use is_custom_class_obj instead
[rank0]:W1003 06:02:48.622000 2066916 torch/_library/opaque_object.py:314] is_opaque_value is deprecated, use is_custom_class_obj instead
[rank0]:W1003 06:02:48.622000 2066916 torch/_library/opaque_object.py:314] is_opaque_value is deprecated, use is_custom_class_obj instead
[rank0]:W1003 06:02:48.622000 2066916 torch/_library/opaque_object.py:314] is_opaque_value is deprecated, use is_custom_class_obj instead
[rank0]:W1003 06:02:48.622000 2066916 torch/_library/opaque_object.py:314] is_opaque_value is deprecated, use is_custom_class_obj instead
[rank0]:W1003 06:02:48.622000 2066916 torch/_library/opaque_object.py:314] is_opaque_value is deprecated, use is_custom_class_obj instead
[rank0]:W1003 06:02:48.622000 2066916 torch/_library/opaque_object.py:314] is_opaque_value is deprecated, use is_custom_class_obj instead
[rank0]:W1003 06:02:48.622000 2066916 torch/_library/opaque_object.py:314] is_opaque_value is deprecated, use is_custom_class_obj instead
[rank0]:W1003 06:02:48.622000 2066916 torch/_library/opaque_object.py:314] is_opaque_value is deprecated, use is_custom_class_obj instead
[rank0]:W1003 06:02:48.622000 2066916 torch/_library/opaque_object.py:314] is_opaque_value is deprecated, use is_custom_class_obj instead
[rank0]:W1003 06:02:48.622000 2066916 torch/_library/opaque_object.py:314] is_opaque_value is deprecated, use is_custom_class_obj instead
[rank0]:W1003 06:02:48.622000 2066916 torch/_library/opaque_object.py:314] is_opaque_value is deprecated, use is_custom_class_obj instead
[rank0]:W1003 06:02:48.622000 2066916 torch/_library/opaque_object.py:314] is_opaque_value is deprecated, use is_custom_class_obj instead
[rank0]:W1003 06:02:48.622000 2066916 torch/_library/opaque_object.py:314] is_opaque_value is deprecated, use is_custom_class_obj instead
[rank0]:W1003 06:02:48.622000 2066916 torch/_library/opaque_object.py:314] is_opaque_value is deprecated, use is_custom_class_obj instead
[rank0]:W1003 06:02:48.622000 2066916 torch/_library/opaque_object.py:314] is_opaque_value is deprecated, use is_custom_class_obj instead
[rank0]:W1003 06:02:48.622000 2066916 torch/_library/opaque_object.py:314] is_opaque_value is deprecated, use is_custom_class_obj instead
[rank0]:W1003 06:02:48.622000 2066916 torch/_library/opaque_object.py:314] is_opaque_value is deprecated, use is_custom_class_obj instead
[rank0]:W1003 06:02:48.622000 2066916 torch/_library/opaque_object.py:314] is_opaque_value is deprecated, use is_custom_class_obj instead
[rank0]:W1003 06:02:48.622000 2066916 torch/_library/opaque_object.py:314] is_opaque_value is deprecated, use is_custom_class_obj instead
[rank0]:W1003 06:02:48.622000 2066916 torch/_library/opaque_object.py:314] is_opaque_value is deprecated, use is_custom_class_obj instead
[rank0]:W1003 06:02:48.623000 2066916 torch/_library/opaque_object.py:314] is_opaque_value is deprecated, use is_custom_class_obj instead
[rank0]:W1003 06:02:48.623000 2066916 torch/_library/opaque_object.py:314] is_opaque_value is deprecated, use is_custom_class_obj instead
[rank0]:W1003 06:02:48.623000 2066916 torch/_library/opaque_object.py:314] is_opaque_value is deprecated, use is_custom_class_obj instead
[rank0]:W1003 06:02:48.623000 2066916 torch/_library/opaque_object.py:314] is_opaque_value is deprecated, use is_custom_class_obj instead
[rank0]:W1003 06:02:48.623000 2066916 torch/_library/opaque_object.py:314] is_opaque_value is deprecated, use is_custom_class_obj instead
[rank0]:W1003 06:02:48.623000 2066916 torch/_library/opaque_object.py:314] is_opaque_value is deprecated, use is_custom_class_obj instead
[rank0]:W1003 06:02:48.623000 2066916 torch/_library/opaque_object.py:314] is_opaque_value is deprecated, use is_custom_class_obj instead
[rank0]:W1003 06:02:48.623000 2066916 torch/_library/opaque_object.py:314] is_opaque_value is deprecated, use is_custom_class_obj instead
[rank0]:W1003 06:02:48.623000 2066916 torch/_library/opaque_object.py:314] is_opaque_value is deprecated, use is_custom_class_obj instead
[rank0]:W1003 06:02:48.623000 2066916 torch/_library/opaque_object.py:314] is_opaque_value is deprecated, use is_custom_class_obj instead
[rank0]:W1003 06:02:48.623000 2066916 torch/_library/opaque_object.py:314] is_opaque_value is deprecated, use is_custom_class_obj instead
[titan] 2026-10-03 06:02:49,166 - root - INFO - [31mstep:  1  [32mloss: 12.44104  [38;2;180;60;0mgrad_norm:  4.8355  [38;2;54;234;195mmemory: 16.53GiB(11.82%)  [34mtps: 310  [36mtflops: 4.88  [35mmfu: 0.49%[39m
[titan] 2026-10-03 06:02:49,166 - root - INFO - [31mstep:  1  [32mloss: 12.44104  [38;2;180;60;0mgrad_norm:  4.8355  [38;2;54;234;195mmemory: 16.53GiB(11.82%)  [34mtps: 326  [36mtflops: 5.13  [35mmfu: 0.52%[39m
[titan] 2026-10-03 06:02:49,167 - root - INFO - Synchronizing and adjusting timeout for all ProcessGroups to 0:01:40
[titan] 2026-10-03 06:02:49,167 - root - INFO - Synchronizing and adjusting timeout for all ProcessGroups to 0:01:40
/scratch/specforge-torchtitan-20261003/venv/lib/python3.12/site-packages/torch/distributed/c10d_logger.py:83: UserWarning: barrier(): using the device under current context. You can specify `device_id` in `init_process_group` to mute this warning.
  return func(*args, **kwargs)
[titan] 2026-10-03 06:02:55,250 - root - INFO - Training completed
[titan] 2026-10-03 06:02:55,250 - root - INFO - Sleeping 2 seconds for other ranks to complete
[titan] 2026-10-03 06:02:57,251 - root - INFO - Training completed
{
  "output": "/scratch/specforge-torchtitan-20261003/extension-bench-p4/dflash2-graph-full-1.json",
  "optimizer_step_seconds_mean": 0.2097014993429184,
  "optimizer_step_seconds_median": 0.20965398848056793,
  "optimizer_step_seconds_p95": 0.21118201315402985,
  "input_context_tokens_per_second": 78130.10422594905
}
