W1003 06:19:22.615000 2071699 torch/utils/_pytree.py:630] <enum 'KernelPreference'> is an Enum subclass and is now natively supported by torch.compile as an opaque value type. Calling register_constant() on Enum subclasses is deprecated and will be an error in a future release.
W1003 06:19:22.615000 2071700 torch/utils/_pytree.py:630] <enum 'KernelPreference'> is an Enum subclass and is now natively supported by torch.compile as an opaque value type. Calling register_constant() on Enum subclasses is deprecated and will be an error in a future release.
W1003 06:19:22.642000 2071699 torch/utils/_pytree.py:630] <enum 'ScaleCalculationMode'> is an Enum subclass and is now natively supported by torch.compile as an opaque value type. Calling register_constant() on Enum subclasses is deprecated and will be an error in a future release.
W1003 06:19:22.642000 2071700 torch/utils/_pytree.py:630] <enum 'ScaleCalculationMode'> is an Enum subclass and is now natively supported by torch.compile as an opaque value type. Calling register_constant() on Enum subclasses is deprecated and will be an error in a future release.
/scratch/specforge-torchtitan-20261003/extension-bench-source-p4/specforge/modeling/draft/llama3_eagle.py:33: UserWarning: flash_attn is not found, falling back to flex_attention. Please install flash_attn if you want to use the flash attention backend.
  warnings.warn(
/scratch/specforge-torchtitan-20261003/extension-bench-source-p4/specforge/modeling/draft/llama3_eagle.py:33: UserWarning: flash_attn is not found, falling back to flex_attention. Please install flash_attn if you want to use the flash attention backend.
  warnings.warn(
initial_load_model_only=True has no effect without an initial_load_path.
[titan] 2026-10-03 06:19:43,755 - root - WARNING - ENV[TORCH_NCCL_ASYNC_ERROR_HANDLING] = 1 will be overridden to 3 based on job config
[titan] 2026-10-03 06:19:43,762 - root - INFO - Building device mesh with parallelism: pp=1, dp_replicate=1, dp_shard=2, cp=1, tp=1, ep=1
[titan] 2026-10-03 06:19:43,766 - root - INFO - Successfully created meshes with active dimensions: ['batch', 'loss', 'fsdp']
[titan] 2026-10-03 06:19:43,767 - root - INFO - [GC] Initial GC collection took 0.00 seconds
[titan] 2026-10-03 06:19:43,768 - root - INFO - Building specforge dflash
[titan] 2026-10-03 06:19:43,776 - root - INFO - CUDA capacity: NVIDIA H200 with 139.80GiB memory
[titan] 2026-10-03 06:19:43,777 - root - WARNING - Error running lspci: [Errno 2] No such file or directory: 'lspci', fallback to use device_name
[titan] 2026-10-03 06:19:43,777 - root - INFO - [34mModel specforge dflash [31msize: 1,315,339,520 total parameters[39m
initial_load_model_only=True has no effect without an initial_load_path.
[titan] 2026-10-03 06:19:43,786 - root - WARNING - ENV[TORCH_NCCL_ASYNC_ERROR_HANDLING] = 1 will be overridden to 3 based on job config
[titan] 2026-10-03 06:19:43,792 - root - INFO - Building device mesh with parallelism: pp=1, dp_replicate=1, dp_shard=2, cp=1, tp=1, ep=1
[titan] 2026-10-03 06:19:43,796 - root - INFO - Successfully created meshes with active dimensions: ['batch', 'loss', 'fsdp']
[titan] 2026-10-03 06:19:43,797 - root - INFO - [GC] Initial GC collection took 0.00 seconds
[titan] 2026-10-03 06:19:43,798 - root - INFO - Building specforge dflash
[titan] 2026-10-03 06:19:43,801 - root - INFO - Applied Data Parallel (simple_fsdp) (dp mode=fully_shard) to the model
[titan] 2026-10-03 06:19:43,802 - root - INFO - aot_fx_trace compile mode: graph capture will happen at training time
[titan] 2026-10-03 06:19:43,806 - root - INFO - CUDA capacity: NVIDIA H200 with 139.80GiB memory
[titan] 2026-10-03 06:19:43,806 - root - WARNING - Error running lspci: [Errno 2] No such file or directory: 'lspci', fallback to use device_name
[titan] 2026-10-03 06:19:43,807 - root - INFO - [34mModel specforge dflash [31msize: 1,315,339,520 total parameters[39m
[titan] 2026-10-03 06:19:43,830 - root - INFO - Applied Data Parallel (simple_fsdp) (dp mode=fully_shard) to the model
[titan] 2026-10-03 06:19:43,831 - root - INFO - aot_fx_trace compile mode: graph capture will happen at training time
[titan] 2026-10-03 06:19:55,567 - root - WARNING - Error running lspci: [Errno 2] No such file or directory: 'lspci', fallback to use device_name
[titan] 2026-10-03 06:19:55,567 - root - INFO - Peak FLOPS used for computing MFU: 9.890e+14
[titan] 2026-10-03 06:19:55,568 - root - INFO - CUDA memory usage for model: 5.41GiB(3.87%)
[titan] 2026-10-03 06:19:55,568 - root - INFO - Optimizer AdamW (model_part=0): 58 params [.*] {'fused': True, 'foreach': False, 'lr': 0.0001, 'betas': (0.9, 0.999), 'eps': 1e-08, 'weight_decay': 0.0}
[titan] 2026-10-03 06:19:55,569 - root - WARNING - initial_load_model_only=True has no effect without an initial_load_path.
[titan] 2026-10-03 06:19:55,569 - root - INFO - Trainer is initialized with local batch size 1, global batch size 4, gradient accumulation steps 2, sequence length 4096, total steps 30 (warmup 0)
[titan] 2026-10-03 06:19:55,569 - root - WARNING - Error running lspci: [Errno 2] No such file or directory: 'lspci', fallback to use device_name
[titan] 2026-10-03 06:19:55,569 - root - INFO - Peak FLOPS used for computing MFU: 9.890e+14
[titan] 2026-10-03 06:19:55,569 - root - INFO - CUDA memory usage for model: 5.41GiB(3.87%)
[titan] 2026-10-03 06:19:55,569 - root - INFO - NUMA binding applied for GPU 1
[titan] 2026-10-03 06:19:55,570 - root - INFO - Optimizer AdamW (model_part=0): 58 params [.*] {'fused': True, 'foreach': False, 'lr': 0.0001, 'betas': (0.9, 0.999), 'eps': 1e-08, 'weight_decay': 0.0}
[titan] 2026-10-03 06:19:55,570 - root - WARNING - initial_load_model_only=True has no effect without an initial_load_path.
[titan] 2026-10-03 06:19:55,570 - root - INFO - Trainer is initialized with local batch size 1, global batch size 4, gradient accumulation steps 2, sequence length 4096, total steps 30 (warmup 0)
[titan] 2026-10-03 06:19:55,571 - root - INFO - NUMA binding applied for GPU 0
[titan] 2026-10-03 06:19:55,728 - root - INFO - Training starts at step 1
[titan] 2026-10-03 06:19:55,728 - root - INFO - Training starts at step 1
/scratch/specforge-torchtitan-20261003/venv/lib/python3.12/site-packages/torch/distributed/c10d_logger.py:83: UserWarning: barrier(): using the device under current context. You can specify `device_id` in `init_process_group` to mute this warning.
  return func(*args, **kwargs)
/scratch/specforge-torchtitan-20261003/venv/lib/python3.12/site-packages/torch/nn/attention/flex_attention.py:2596: UserWarning: flex_attention called without torch.compile() - this will use an unfused implementation that materializes the full scores matrix instead of generating a fused kernel.

SOLUTION: Use torch.compile(flex_attention)(...)

If you want to debug your score_mod/mask_mod, you can set:
torch.nn.attention.flex_attention._FLEX_ATTENTION_DISABLE_COMPILE_DEBUG = True

This will allow you to use print statements or breakpoints. Note: This doesn't work with the backwards pass and may produce incorrect results.
  _warn_once(
/scratch/specforge-torchtitan-20261003/venv/lib/python3.12/site-packages/torch/nn/attention/flex_attention.py:2596: UserWarning: flex_attention called without torch.compile() - this will use an unfused implementation that materializes the full scores matrix instead of generating a fused kernel.

SOLUTION: Use torch.compile(flex_attention)(...)

If you want to debug your score_mod/mask_mod, you can set:
torch.nn.attention.flex_attention._FLEX_ATTENTION_DISABLE_COMPILE_DEBUG = True

This will allow you to use print statements or breakpoints. Note: This doesn't work with the backwards pass and may produce incorrect results.
  _warn_once(
[titan] 2026-10-03 06:19:58,596 - root - INFO - minimal_fx_tracer took 2.860s
[titan] 2026-10-03 06:19:58,597 - root - INFO - Applying 10 graph passes:
  1. functionalize_fused_kernels
  2. eliminate_dead_code_pass
  3. canonicalize_graph_pass
  4. deduplicate_fsdp_unshard_chains_pass
  5. tag_with_memory_policy_pass
  6. apply_cpu_offload_pass
  7. selective_activation_remat_pass
  8. joint_transformer_block_bucketing_reordering_pass
  9. full_inductor_compilation_pass
  10. cudagraph_pass
[titan] 2026-10-03 06:19:58,618 - root - INFO - minimal_fx_tracer took 2.882s
[titan] 2026-10-03 06:19:58,619 - root - INFO - Applying 10 graph passes:
  1. functionalize_fused_kernels
  2. eliminate_dead_code_pass
  3. canonicalize_graph_pass
  4. deduplicate_fsdp_unshard_chains_pass
  5. tag_with_memory_policy_pass
  6. apply_cpu_offload_pass
  7. selective_activation_remat_pass
  8. joint_transformer_block_bucketing_reordering_pass
  9. full_inductor_compilation_pass
  10. cudagraph_pass
[titan] 2026-10-03 06:19:58,688 - root - INFO - Eliminated dead code from the graph
[titan] 2026-10-03 06:19:58,711 - root - INFO - Eliminated dead code from the graph
[titan] 2026-10-03 06:19:58,756 - root - INFO - Removed 120 identity view/reshape node(s) from the graph
[titan] 2026-10-03 06:19:58,780 - root - INFO - Removed 120 identity view/reshape node(s) from the graph
[titan] 2026-10-03 06:19:58,821 - root - INFO - Removed 141 back-to-back transpose node(s) from the graph
[titan] 2026-10-03 06:19:58,822 - root - INFO - Removed 48 identity slice node(s)
[titan] 2026-10-03 06:19:58,845 - root - INFO - Removed 141 back-to-back transpose node(s) from the graph
[titan] 2026-10-03 06:19:58,846 - root - INFO - Removed 48 identity slice node(s)
[titan] 2026-10-03 06:19:58,950 - root - INFO - Normalized 337 view op(s) to reshape
[titan] 2026-10-03 06:19:58,974 - root - INFO - Normalized 337 view op(s) to reshape
[titan] 2026-10-03 06:19:59,019 - root - INFO - Applied selective activation checkpointing (SAC) graph pass.
[titan] 2026-10-03 06:19:59,019 - root - INFO -   Forced 7 nodes to MUST_SAVE at layer boundaries
[titan] 2026-10-03 06:19:59,019 - root - INFO -   Layer non-layer: 8 MUST_SAVE, 40 RECOMPUTE
[titan] 2026-10-03 06:19:59,019 - root - INFO -   Layer 0: 24 MUST_SAVE, 117 RECOMPUTE
[titan] 2026-10-03 06:19:59,019 - root - INFO -   Layer 1: 24 MUST_SAVE, 118 RECOMPUTE
[titan] 2026-10-03 06:19:59,019 - root - INFO -   Layer 2: 24 MUST_SAVE, 118 RECOMPUTE
[titan] 2026-10-03 06:19:59,019 - root - INFO -   Layer 3: 24 MUST_SAVE, 118 RECOMPUTE
[titan] 2026-10-03 06:19:59,019 - root - INFO -   Layer 4: 23 MUST_SAVE, 119 RECOMPUTE
[titan] 2026-10-03 06:19:59,043 - root - INFO - Applied selective activation checkpointing (SAC) graph pass.
[titan] 2026-10-03 06:19:59,043 - root - INFO -   Forced 7 nodes to MUST_SAVE at layer boundaries
[titan] 2026-10-03 06:19:59,044 - root - INFO -   Layer non-layer: 8 MUST_SAVE, 40 RECOMPUTE
[titan] 2026-10-03 06:19:59,044 - root - INFO -   Layer 0: 24 MUST_SAVE, 117 RECOMPUTE
[titan] 2026-10-03 06:19:59,044 - root - INFO -   Layer 1: 24 MUST_SAVE, 118 RECOMPUTE
[titan] 2026-10-03 06:19:59,044 - root - INFO -   Layer 2: 24 MUST_SAVE, 118 RECOMPUTE
[titan] 2026-10-03 06:19:59,044 - root - INFO -   Layer 3: 24 MUST_SAVE, 118 RECOMPUTE
[titan] 2026-10-03 06:19:59,044 - root - INFO -   Layer 4: 23 MUST_SAVE, 119 RECOMPUTE
[titan] 2026-10-03 06:19:59,845 - root - INFO - FSDP reorder: 11 overlap deps across 11 target nodes
[titan] 2026-10-03 06:19:59,883 - root - INFO - FSDP reorder: 11 overlap deps across 11 target nodes
[titan] 2026-10-03 06:20:01,681 - root - INFO - Applied cudagraph pass.
[titan] 2026-10-03 06:20:01,681 - root - INFO - All 10 graph passes took 3.062s
[titan] 2026-10-03 06:20:01,726 - root - INFO - Applied cudagraph pass.
[titan] 2026-10-03 06:20:01,726 - root - INFO - All 10 graph passes took 3.129s
[rank1]:W1003 06:20:02.055000 2071700 torch/_library/opaque_object.py:314] is_opaque_value is deprecated, use is_custom_class_obj instead
[rank1]:W1003 06:20:02.055000 2071700 torch/_library/opaque_object.py:314] is_opaque_value is deprecated, use is_custom_class_obj instead
[rank1]:W1003 06:20:02.055000 2071700 torch/_library/opaque_object.py:314] is_opaque_value is deprecated, use is_custom_class_obj instead
[rank1]:W1003 06:20:02.055000 2071700 torch/_library/opaque_object.py:314] is_opaque_value is deprecated, use is_custom_class_obj instead
[rank1]:W1003 06:20:02.055000 2071700 torch/_library/opaque_object.py:314] is_opaque_value is deprecated, use is_custom_class_obj instead
[rank1]:W1003 06:20:02.055000 2071700 torch/_library/opaque_object.py:314] is_opaque_value is deprecated, use is_custom_class_obj instead
[rank1]:W1003 06:20:02.055000 2071700 torch/_library/opaque_object.py:314] is_opaque_value is deprecated, use is_custom_class_obj instead
[rank1]:W1003 06:20:02.055000 2071700 torch/_library/opaque_object.py:314] is_opaque_value is deprecated, use is_custom_class_obj instead
[rank1]:W1003 06:20:02.055000 2071700 torch/_library/opaque_object.py:314] is_opaque_value is deprecated, use is_custom_class_obj instead
[rank1]:W1003 06:20:02.056000 2071700 torch/_library/opaque_object.py:314] is_opaque_value is deprecated, use is_custom_class_obj instead
[rank1]:W1003 06:20:02.056000 2071700 torch/_library/opaque_object.py:314] is_opaque_value is deprecated, use is_custom_class_obj instead
[rank1]:W1003 06:20:02.056000 2071700 torch/_library/opaque_object.py:314] is_opaque_value is deprecated, use is_custom_class_obj instead
[rank1]:W1003 06:20:02.056000 2071700 torch/_library/opaque_object.py:314] is_opaque_value is deprecated, use is_custom_class_obj instead
[rank1]:W1003 06:20:02.056000 2071700 torch/_library/opaque_object.py:314] is_opaque_value is deprecated, use is_custom_class_obj instead
[rank0]:W1003 06:20:02.055000 2071699 torch/_library/opaque_object.py:314] is_opaque_value is deprecated, use is_custom_class_obj instead
[rank1]:W1003 06:20:02.056000 2071700 torch/_library/opaque_object.py:314] is_opaque_value is deprecated, use is_custom_class_obj instead
[rank1]:W1003 06:20:02.056000 2071700 torch/_library/opaque_object.py:314] is_opaque_value is deprecated, use is_custom_class_obj instead
[rank1]:W1003 06:20:02.056000 2071700 torch/_library/opaque_object.py:314] is_opaque_value is deprecated, use is_custom_class_obj instead
[rank1]:W1003 06:20:02.056000 2071700 torch/_library/opaque_object.py:314] is_opaque_value is deprecated, use is_custom_class_obj instead
[rank0]:W1003 06:20:02.056000 2071699 torch/_library/opaque_object.py:314] is_opaque_value is deprecated, use is_custom_class_obj instead
[rank1]:W1003 06:20:02.056000 2071700 torch/_library/opaque_object.py:314] is_opaque_value is deprecated, use is_custom_class_obj instead
[rank1]:W1003 06:20:02.056000 2071700 torch/_library/opaque_object.py:314] is_opaque_value is deprecated, use is_custom_class_obj instead
[rank0]:W1003 06:20:02.056000 2071699 torch/_library/opaque_object.py:314] is_opaque_value is deprecated, use is_custom_class_obj instead
[rank1]:W1003 06:20:02.056000 2071700 torch/_library/opaque_object.py:314] is_opaque_value is deprecated, use is_custom_class_obj instead
[rank0]:W1003 06:20:02.056000 2071699 torch/_library/opaque_object.py:314] is_opaque_value is deprecated, use is_custom_class_obj instead
[rank1]:W1003 06:20:02.056000 2071700 torch/_library/opaque_object.py:314] is_opaque_value is deprecated, use is_custom_class_obj instead
[rank0]:W1003 06:20:02.056000 2071699 torch/_library/opaque_object.py:314] is_opaque_value is deprecated, use is_custom_class_obj instead
[rank1]:W1003 06:20:02.056000 2071700 torch/_library/opaque_object.py:314] is_opaque_value is deprecated, use is_custom_class_obj instead
[rank1]:W1003 06:20:02.056000 2071700 torch/_library/opaque_object.py:314] is_opaque_value is deprecated, use is_custom_class_obj instead
[rank0]:W1003 06:20:02.056000 2071699 torch/_library/opaque_object.py:314] is_opaque_value is deprecated, use is_custom_class_obj instead
[rank1]:W1003 06:20:02.056000 2071700 torch/_library/opaque_object.py:314] is_opaque_value is deprecated, use is_custom_class_obj instead
[rank0]:W1003 06:20:02.056000 2071699 torch/_library/opaque_object.py:314] is_opaque_value is deprecated, use is_custom_class_obj instead
[rank1]:W1003 06:20:02.056000 2071700 torch/_library/opaque_object.py:314] is_opaque_value is deprecated, use is_custom_class_obj instead
[rank0]:W1003 06:20:02.056000 2071699 torch/_library/opaque_object.py:314] is_opaque_value is deprecated, use is_custom_class_obj instead
[rank1]:W1003 06:20:02.056000 2071700 torch/_library/opaque_object.py:314] is_opaque_value is deprecated, use is_custom_class_obj instead
[rank0]:W1003 06:20:02.056000 2071699 torch/_library/opaque_object.py:314] is_opaque_value is deprecated, use is_custom_class_obj instead
[rank1]:W1003 06:20:02.056000 2071700 torch/_library/opaque_object.py:314] is_opaque_value is deprecated, use is_custom_class_obj instead
[rank0]:W1003 06:20:02.056000 2071699 torch/_library/opaque_object.py:314] is_opaque_value is deprecated, use is_custom_class_obj instead
[rank1]:W1003 06:20:02.056000 2071700 torch/_library/opaque_object.py:314] is_opaque_value is deprecated, use is_custom_class_obj instead
[rank0]:W1003 06:20:02.056000 2071699 torch/_library/opaque_object.py:314] is_opaque_value is deprecated, use is_custom_class_obj instead
[rank1]:W1003 06:20:02.056000 2071700 torch/_library/opaque_object.py:314] is_opaque_value is deprecated, use is_custom_class_obj instead
[rank0]:W1003 06:20:02.056000 2071699 torch/_library/opaque_object.py:314] is_opaque_value is deprecated, use is_custom_class_obj instead
[rank1]:W1003 06:20:02.056000 2071700 torch/_library/opaque_object.py:314] is_opaque_value is deprecated, use is_custom_class_obj instead
[rank0]:W1003 06:20:02.056000 2071699 torch/_library/opaque_object.py:314] is_opaque_value is deprecated, use is_custom_class_obj instead
[rank1]:W1003 06:20:02.056000 2071700 torch/_library/opaque_object.py:314] is_opaque_value is deprecated, use is_custom_class_obj instead
[rank0]:W1003 06:20:02.056000 2071699 torch/_library/opaque_object.py:314] is_opaque_value is deprecated, use is_custom_class_obj instead
[rank1]:W1003 06:20:02.056000 2071700 torch/_library/opaque_object.py:314] is_opaque_value is deprecated, use is_custom_class_obj instead
[rank0]:W1003 06:20:02.056000 2071699 torch/_library/opaque_object.py:314] is_opaque_value is deprecated, use is_custom_class_obj instead
[rank1]:W1003 06:20:02.056000 2071700 torch/_library/opaque_object.py:314] is_opaque_value is deprecated, use is_custom_class_obj instead
[rank0]:W1003 06:20:02.056000 2071699 torch/_library/opaque_object.py:314] is_opaque_value is deprecated, use is_custom_class_obj instead
[rank1]:W1003 06:20:02.056000 2071700 torch/_library/opaque_object.py:314] is_opaque_value is deprecated, use is_custom_class_obj instead
[rank0]:W1003 06:20:02.056000 2071699 torch/_library/opaque_object.py:314] is_opaque_value is deprecated, use is_custom_class_obj instead
[rank1]:W1003 06:20:02.056000 2071700 torch/_library/opaque_object.py:314] is_opaque_value is deprecated, use is_custom_class_obj instead
[rank0]:W1003 06:20:02.056000 2071699 torch/_library/opaque_object.py:314] is_opaque_value is deprecated, use is_custom_class_obj instead
[rank1]:W1003 06:20:02.056000 2071700 torch/_library/opaque_object.py:314] is_opaque_value is deprecated, use is_custom_class_obj instead
[rank0]:W1003 06:20:02.056000 2071699 torch/_library/opaque_object.py:314] is_opaque_value is deprecated, use is_custom_class_obj instead
[rank1]:W1003 06:20:02.056000 2071700 torch/_library/opaque_object.py:314] is_opaque_value is deprecated, use is_custom_class_obj instead
[rank1]:W1003 06:20:02.056000 2071700 torch/_library/opaque_object.py:314] is_opaque_value is deprecated, use is_custom_class_obj instead
[rank0]:W1003 06:20:02.056000 2071699 torch/_library/opaque_object.py:314] is_opaque_value is deprecated, use is_custom_class_obj instead
[rank1]:W1003 06:20:02.056000 2071700 torch/_library/opaque_object.py:314] is_opaque_value is deprecated, use is_custom_class_obj instead
[rank0]:W1003 06:20:02.056000 2071699 torch/_library/opaque_object.py:314] is_opaque_value is deprecated, use is_custom_class_obj instead
[rank1]:W1003 06:20:02.056000 2071700 torch/_library/opaque_object.py:314] is_opaque_value is deprecated, use is_custom_class_obj instead
[rank0]:W1003 06:20:02.056000 2071699 torch/_library/opaque_object.py:314] is_opaque_value is deprecated, use is_custom_class_obj instead
[rank1]:W1003 06:20:02.056000 2071700 torch/_library/opaque_object.py:314] is_opaque_value is deprecated, use is_custom_class_obj instead
[rank0]:W1003 06:20:02.056000 2071699 torch/_library/opaque_object.py:314] is_opaque_value is deprecated, use is_custom_class_obj instead
[rank1]:W1003 06:20:02.056000 2071700 torch/_library/opaque_object.py:314] is_opaque_value is deprecated, use is_custom_class_obj instead
[rank0]:W1003 06:20:02.056000 2071699 torch/_library/opaque_object.py:314] is_opaque_value is deprecated, use is_custom_class_obj instead
[rank1]:W1003 06:20:02.056000 2071700 torch/_library/opaque_object.py:314] is_opaque_value is deprecated, use is_custom_class_obj instead
[rank0]:W1003 06:20:02.056000 2071699 torch/_library/opaque_object.py:314] is_opaque_value is deprecated, use is_custom_class_obj instead
[rank1]:W1003 06:20:02.056000 2071700 torch/_library/opaque_object.py:314] is_opaque_value is deprecated, use is_custom_class_obj instead
[rank0]:W1003 06:20:02.056000 2071699 torch/_library/opaque_object.py:314] is_opaque_value is deprecated, use is_custom_class_obj instead
[rank1]:W1003 06:20:02.056000 2071700 torch/_library/opaque_object.py:314] is_opaque_value is deprecated, use is_custom_class_obj instead
[rank0]:W1003 06:20:02.056000 2071699 torch/_library/opaque_object.py:314] is_opaque_value is deprecated, use is_custom_class_obj instead
[rank1]:W1003 06:20:02.056000 2071700 torch/_library/opaque_object.py:314] is_opaque_value is deprecated, use is_custom_class_obj instead
[rank0]:W1003 06:20:02.056000 2071699 torch/_library/opaque_object.py:314] is_opaque_value is deprecated, use is_custom_class_obj instead
[rank1]:W1003 06:20:02.056000 2071700 torch/_library/opaque_object.py:314] is_opaque_value is deprecated, use is_custom_class_obj instead
[rank1]:W1003 06:20:02.056000 2071700 torch/_library/opaque_object.py:314] is_opaque_value is deprecated, use is_custom_class_obj instead
[rank0]:W1003 06:20:02.056000 2071699 torch/_library/opaque_object.py:314] is_opaque_value is deprecated, use is_custom_class_obj instead
[rank1]:W1003 06:20:02.056000 2071700 torch/_library/opaque_object.py:314] is_opaque_value is deprecated, use is_custom_class_obj instead
[rank0]:W1003 06:20:02.056000 2071699 torch/_library/opaque_object.py:314] is_opaque_value is deprecated, use is_custom_class_obj instead
[rank1]:W1003 06:20:02.056000 2071700 torch/_library/opaque_object.py:314] is_opaque_value is deprecated, use is_custom_class_obj instead
[rank0]:W1003 06:20:02.056000 2071699 torch/_library/opaque_object.py:314] is_opaque_value is deprecated, use is_custom_class_obj instead
[rank1]:W1003 06:20:02.056000 2071700 torch/_library/opaque_object.py:314] is_opaque_value is deprecated, use is_custom_class_obj instead
[rank0]:W1003 06:20:02.056000 2071699 torch/_library/opaque_object.py:314] is_opaque_value is deprecated, use is_custom_class_obj instead
[rank1]:W1003 06:20:02.056000 2071700 torch/_library/opaque_object.py:314] is_opaque_value is deprecated, use is_custom_class_obj instead
[rank0]:W1003 06:20:02.056000 2071699 torch/_library/opaque_object.py:314] is_opaque_value is deprecated, use is_custom_class_obj instead
[rank1]:W1003 06:20:02.056000 2071700 torch/_library/opaque_object.py:314] is_opaque_value is deprecated, use is_custom_class_obj instead
[rank0]:W1003 06:20:02.056000 2071699 torch/_library/opaque_object.py:314] is_opaque_value is deprecated, use is_custom_class_obj instead
[rank0]:W1003 06:20:02.056000 2071699 torch/_library/opaque_object.py:314] is_opaque_value is deprecated, use is_custom_class_obj instead
[rank1]:W1003 06:20:02.056000 2071700 torch/_library/opaque_object.py:314] is_opaque_value is deprecated, use is_custom_class_obj instead
[rank0]:W1003 06:20:02.056000 2071699 torch/_library/opaque_object.py:314] is_opaque_value is deprecated, use is_custom_class_obj instead
[rank1]:W1003 06:20:02.056000 2071700 torch/_library/opaque_object.py:314] is_opaque_value is deprecated, use is_custom_class_obj instead
[rank0]:W1003 06:20:02.056000 2071699 torch/_library/opaque_object.py:314] is_opaque_value is deprecated, use is_custom_class_obj instead
[rank1]:W1003 06:20:02.056000 2071700 torch/_library/opaque_object.py:314] is_opaque_value is deprecated, use is_custom_class_obj instead
[rank0]:W1003 06:20:02.056000 2071699 torch/_library/opaque_object.py:314] is_opaque_value is deprecated, use is_custom_class_obj instead
[rank1]:W1003 06:20:02.056000 2071700 torch/_library/opaque_object.py:314] is_opaque_value is deprecated, use is_custom_class_obj instead
[rank0]:W1003 06:20:02.056000 2071699 torch/_library/opaque_object.py:314] is_opaque_value is deprecated, use is_custom_class_obj instead
[rank0]:W1003 06:20:02.056000 2071699 torch/_library/opaque_object.py:314] is_opaque_value is deprecated, use is_custom_class_obj instead
[rank0]:W1003 06:20:02.056000 2071699 torch/_library/opaque_object.py:314] is_opaque_value is deprecated, use is_custom_class_obj instead
[rank0]:W1003 06:20:02.056000 2071699 torch/_library/opaque_object.py:314] is_opaque_value is deprecated, use is_custom_class_obj instead
[rank0]:W1003 06:20:02.056000 2071699 torch/_library/opaque_object.py:314] is_opaque_value is deprecated, use is_custom_class_obj instead
[rank0]:W1003 06:20:02.056000 2071699 torch/_library/opaque_object.py:314] is_opaque_value is deprecated, use is_custom_class_obj instead
[rank0]:W1003 06:20:02.056000 2071699 torch/_library/opaque_object.py:314] is_opaque_value is deprecated, use is_custom_class_obj instead
[rank0]:W1003 06:20:02.056000 2071699 torch/_library/opaque_object.py:314] is_opaque_value is deprecated, use is_custom_class_obj instead
[rank0]:W1003 06:20:02.056000 2071699 torch/_library/opaque_object.py:314] is_opaque_value is deprecated, use is_custom_class_obj instead
[rank0]:W1003 06:20:02.056000 2071699 torch/_library/opaque_object.py:314] is_opaque_value is deprecated, use is_custom_class_obj instead
[rank0]:W1003 06:20:02.057000 2071699 torch/_library/opaque_object.py:314] is_opaque_value is deprecated, use is_custom_class_obj instead
[rank0]:W1003 06:20:02.057000 2071699 torch/_library/opaque_object.py:314] is_opaque_value is deprecated, use is_custom_class_obj instead
[rank0]:W1003 06:20:02.057000 2071699 torch/_library/opaque_object.py:314] is_opaque_value is deprecated, use is_custom_class_obj instead
[rank0]:W1003 06:20:02.057000 2071699 torch/_library/opaque_object.py:314] is_opaque_value is deprecated, use is_custom_class_obj instead
[rank0]:W1003 06:20:02.057000 2071699 torch/_library/opaque_object.py:314] is_opaque_value is deprecated, use is_custom_class_obj instead
[rank0]:W1003 06:20:02.057000 2071699 torch/_library/opaque_object.py:314] is_opaque_value is deprecated, use is_custom_class_obj instead
[rank0]:W1003 06:20:02.057000 2071699 torch/_library/opaque_object.py:314] is_opaque_value is deprecated, use is_custom_class_obj instead
[rank0]:W1003 06:20:02.057000 2071699 torch/_library/opaque_object.py:314] is_opaque_value is deprecated, use is_custom_class_obj instead
[rank0]:W1003 06:20:02.057000 2071699 torch/_library/opaque_object.py:314] is_opaque_value is deprecated, use is_custom_class_obj instead
[rank0]:W1003 06:20:02.057000 2071699 torch/_library/opaque_object.py:314] is_opaque_value is deprecated, use is_custom_class_obj instead
[titan] 2026-10-03 06:20:02,440 - root - INFO - [31mstep:  1  [32mloss: 12.44202  [38;2;180;60;0mgrad_norm:  3.2602  [38;2;54;234;195mmemory: 16.80GiB(12.02%)  [34mtps: 440  [36mtflops: 6.84  [35mmfu: 0.69%[39m
[titan] 2026-10-03 06:20:02,440 - root - INFO - [31mstep:  1  [32mloss: 12.44202  [38;2;180;60;0mgrad_norm:  3.2602  [38;2;54;234;195mmemory: 16.80GiB(12.02%)  [34mtps: 439  [36mtflops: 6.83  [35mmfu: 0.69%[39m
[titan] 2026-10-03 06:20:02,441 - root - INFO - Synchronizing and adjusting timeout for all ProcessGroups to 0:01:40
[titan] 2026-10-03 06:20:02,441 - root - INFO - Synchronizing and adjusting timeout for all ProcessGroups to 0:01:40
/scratch/specforge-torchtitan-20261003/venv/lib/python3.12/site-packages/torch/distributed/c10d_logger.py:83: UserWarning: barrier(): using the device under current context. You can specify `device_id` in `init_process_group` to mute this warning.
  return func(*args, **kwargs)
[titan] 2026-10-03 06:20:08,846 - root - INFO - Training completed
[titan] 2026-10-03 06:20:08,846 - root - INFO - Sleeping 2 seconds for other ranks to complete
[titan] 2026-10-03 06:20:10,846 - root - INFO - Training completed
{
  "output": "/scratch/specforge-torchtitan-20261003/extension-bench-p4/dflash-graph-full-3.json",
  "optimizer_step_seconds_mean": 0.22092497823759913,
  "optimizer_step_seconds_median": 0.2210729317739606,
  "optimizer_step_seconds_p95": 0.22498137317597866,
  "input_context_tokens_per_second": 74160.9216427281
}
