W1003 06:17:26.199000 2071220 torch/utils/_pytree.py:630] <enum 'KernelPreference'> is an Enum subclass and is now natively supported by torch.compile as an opaque value type. Calling register_constant() on Enum subclasses is deprecated and will be an error in a future release.
W1003 06:17:26.201000 2071219 torch/utils/_pytree.py:630] <enum 'KernelPreference'> is an Enum subclass and is now natively supported by torch.compile as an opaque value type. Calling register_constant() on Enum subclasses is deprecated and will be an error in a future release.
W1003 06:17:26.226000 2071220 torch/utils/_pytree.py:630] <enum 'ScaleCalculationMode'> is an Enum subclass and is now natively supported by torch.compile as an opaque value type. Calling register_constant() on Enum subclasses is deprecated and will be an error in a future release.
W1003 06:17:26.227000 2071219 torch/utils/_pytree.py:630] <enum 'ScaleCalculationMode'> is an Enum subclass and is now natively supported by torch.compile as an opaque value type. Calling register_constant() on Enum subclasses is deprecated and will be an error in a future release.
/scratch/specforge-torchtitan-20261003/extension-bench-source-p4/specforge/modeling/draft/llama3_eagle.py:33: UserWarning: flash_attn is not found, falling back to flex_attention. Please install flash_attn if you want to use the flash attention backend.
  warnings.warn(
/scratch/specforge-torchtitan-20261003/extension-bench-source-p4/specforge/modeling/draft/llama3_eagle.py:33: UserWarning: flash_attn is not found, falling back to flex_attention. Please install flash_attn if you want to use the flash attention backend.
  warnings.warn(
initial_load_model_only=True has no effect without an initial_load_path.
[titan] 2026-10-03 06:17:48,416 - root - WARNING - ENV[TORCH_NCCL_ASYNC_ERROR_HANDLING] = 1 will be overridden to 3 based on job config
[titan] 2026-10-03 06:17:48,423 - root - INFO - Building device mesh with parallelism: pp=1, dp_replicate=1, dp_shard=2, cp=1, tp=1, ep=1
[titan] 2026-10-03 06:17:48,428 - root - INFO - Successfully created meshes with active dimensions: ['batch', 'loss', 'fsdp']
[titan] 2026-10-03 06:17:48,429 - root - INFO - [GC] Initial GC collection took 0.00 seconds
[titan] 2026-10-03 06:17:48,430 - root - INFO - Building specforge dspark
[titan] 2026-10-03 06:17:48,438 - root - INFO - CUDA capacity: NVIDIA H200 with 139.80GiB memory
[titan] 2026-10-03 06:17:48,439 - root - WARNING - Error running lspci: [Errno 2] No such file or directory: 'lspci', fallback to use device_name
[titan] 2026-10-03 06:17:48,439 - root - INFO - [34mModel specforge dspark [31msize: 1,393,133,569 total parameters[39m
[titan] 2026-10-03 06:17:48,450 - root - INFO - Compiling each TransformerBlock with torch.compile
initial_load_model_only=True has no effect without an initial_load_path.
[titan] 2026-10-03 06:17:48,469 - root - WARNING - ENV[TORCH_NCCL_ASYNC_ERROR_HANDLING] = 1 will be overridden to 3 based on job config
[titan] 2026-10-03 06:17:48,475 - root - INFO - Building device mesh with parallelism: pp=1, dp_replicate=1, dp_shard=2, cp=1, tp=1, ep=1
[titan] 2026-10-03 06:17:48,480 - root - INFO - Successfully created meshes with active dimensions: ['batch', 'loss', 'fsdp']
[titan] 2026-10-03 06:17:48,480 - root - INFO - [GC] Initial GC collection took 0.00 seconds
[titan] 2026-10-03 06:17:48,482 - root - INFO - Building specforge dspark
[titan] 2026-10-03 06:17:48,482 - root - INFO - Applied FSDP to the model
[titan] 2026-10-03 06:17:48,489 - root - INFO - CUDA capacity: NVIDIA H200 with 139.80GiB memory
[titan] 2026-10-03 06:17:48,490 - root - WARNING - Error running lspci: [Errno 2] No such file or directory: 'lspci', fallback to use device_name
[titan] 2026-10-03 06:17:48,491 - root - INFO - [34mModel specforge dspark [31msize: 1,393,133,569 total parameters[39m
[titan] 2026-10-03 06:17:48,501 - root - INFO - Compiling each TransformerBlock with torch.compile
[titan] 2026-10-03 06:17:48,533 - root - INFO - Applied FSDP to the model
[titan] 2026-10-03 06:18:00,831 - root - WARNING - Error running lspci: [Errno 2] No such file or directory: 'lspci', fallback to use device_name
[titan] 2026-10-03 06:18:00,831 - root - INFO - Peak FLOPS used for computing MFU: 9.890e+14
[titan] 2026-10-03 06:18:00,831 - root - INFO - CUDA memory usage for model: 5.78GiB(4.13%)
[titan] 2026-10-03 06:18:00,832 - root - INFO - Optimizer AdamW (model_part=0): 62 params [.*] {'fused': True, 'foreach': False, 'lr': 0.0001, 'betas': (0.9, 0.999), 'eps': 1e-08, 'weight_decay': 0.0}
[titan] 2026-10-03 06:18:00,832 - root - WARNING - Error running lspci: [Errno 2] No such file or directory: 'lspci', fallback to use device_name
[titan] 2026-10-03 06:18:00,832 - root - INFO - Peak FLOPS used for computing MFU: 9.890e+14
[titan] 2026-10-03 06:18:00,832 - root - INFO - CUDA memory usage for model: 5.78GiB(4.13%)
[titan] 2026-10-03 06:18:00,832 - root - WARNING - initial_load_model_only=True has no effect without an initial_load_path.
[titan] 2026-10-03 06:18:00,833 - root - INFO - Trainer is initialized with local batch size 1, global batch size 4, gradient accumulation steps 2, sequence length 4096, total steps 30 (warmup 0)
[titan] 2026-10-03 06:18:00,833 - root - INFO - Optimizer AdamW (model_part=0): 62 params [.*] {'fused': True, 'foreach': False, 'lr': 0.0001, 'betas': (0.9, 0.999), 'eps': 1e-08, 'weight_decay': 0.0}
[titan] 2026-10-03 06:18:00,833 - root - WARNING - initial_load_model_only=True has no effect without an initial_load_path.
[titan] 2026-10-03 06:18:00,833 - root - INFO - Trainer is initialized with local batch size 1, global batch size 4, gradient accumulation steps 2, sequence length 4096, total steps 30 (warmup 0)
[titan] 2026-10-03 06:18:01,151 - root - INFO - Training starts at step 1
[titan] 2026-10-03 06:18:01,151 - root - INFO - Training starts at step 1
/scratch/specforge-torchtitan-20261003/venv/lib/python3.12/site-packages/torch/distributed/c10d_logger.py:83: UserWarning: barrier(): using the device under current context. You can specify `device_id` in `init_process_group` to mute this warning.
  return func(*args, **kwargs)
[titan] 2026-10-03 06:18:05,048 - root - INFO - Recorded CUDA graph
[titan] 2026-10-03 06:18:05,050 - root - INFO - Recorded CUDA graph
[titan] 2026-10-03 06:18:05,430 - root - INFO - [31mstep:  1  [32mloss:  2.99103  [38;2;180;60;0mgrad_norm:  2.7435  [38;2;54;234;195mmemory: 20.98GiB(15.01%)  [34mtps: 484  [36mtflops: 7.75  [35mmfu: 0.78%[39m
[titan] 2026-10-03 06:18:05,430 - root - INFO - [31mstep:  1  [32mloss:  2.99103  [38;2;180;60;0mgrad_norm:  2.7435  [38;2;54;234;195mmemory: 20.98GiB(15.01%)  [34mtps: 482  [36mtflops: 7.73  [35mmfu: 0.78%[39m
[titan] 2026-10-03 06:18:05,431 - root - INFO - Synchronizing and adjusting timeout for all ProcessGroups to 0:01:40
[titan] 2026-10-03 06:18:05,431 - root - INFO - Synchronizing and adjusting timeout for all ProcessGroups to 0:01:40
/scratch/specforge-torchtitan-20261003/venv/lib/python3.12/site-packages/torch/distributed/c10d_logger.py:83: UserWarning: barrier(): using the device under current context. You can specify `device_id` in `init_process_group` to mute this warning.
  return func(*args, **kwargs)
[titan] 2026-10-03 06:18:17,429 - root - INFO - Training completed
[titan] 2026-10-03 06:18:17,429 - root - INFO - Sleeping 2 seconds for other ranks to complete
[titan] 2026-10-03 06:18:19,429 - root - INFO - Training completed
{
  "output": "/scratch/specforge-torchtitan-20261003/extension-bench-p4/dspark-titan-cuda-2.json",
  "optimizer_step_seconds_mean": 0.41299233920872214,
  "optimizer_step_seconds_median": 0.41322553623467684,
  "optimizer_step_seconds_p95": 0.41639287769794464,
  "input_context_tokens_per_second": 39671.4380498949
}
