W1003 06:27:28.185000 2073891 torch/utils/_pytree.py:630] <enum 'KernelPreference'> is an Enum subclass and is now natively supported by torch.compile as an opaque value type. Calling register_constant() on Enum subclasses is deprecated and will be an error in a future release.
W1003 06:27:28.185000 2073892 torch/utils/_pytree.py:630] <enum 'KernelPreference'> is an Enum subclass and is now natively supported by torch.compile as an opaque value type. Calling register_constant() on Enum subclasses is deprecated and will be an error in a future release.
W1003 06:27:28.212000 2073892 torch/utils/_pytree.py:630] <enum 'ScaleCalculationMode'> is an Enum subclass and is now natively supported by torch.compile as an opaque value type. Calling register_constant() on Enum subclasses is deprecated and will be an error in a future release.
W1003 06:27:28.212000 2073891 torch/utils/_pytree.py:630] <enum 'ScaleCalculationMode'> is an Enum subclass and is now natively supported by torch.compile as an opaque value type. Calling register_constant() on Enum subclasses is deprecated and will be an error in a future release.
/scratch/specforge-torchtitan-20261003/extension-bench-source-p4/specforge/modeling/draft/llama3_eagle.py:33: UserWarning: flash_attn is not found, falling back to flex_attention. Please install flash_attn if you want to use the flash attention backend.
  warnings.warn(
/scratch/specforge-torchtitan-20261003/extension-bench-source-p4/specforge/modeling/draft/llama3_eagle.py:33: UserWarning: flash_attn is not found, falling back to flex_attention. Please install flash_attn if you want to use the flash attention backend.
  warnings.warn(
initial_load_model_only=True has no effect without an initial_load_path.
[titan] 2026-10-03 06:27:50,485 - root - WARNING - ENV[TORCH_NCCL_ASYNC_ERROR_HANDLING] = 1 will be overridden to 3 based on job config
[titan] 2026-10-03 06:27:50,491 - root - INFO - Building device mesh with parallelism: pp=1, dp_replicate=1, dp_shard=2, cp=1, tp=1, ep=1
[titan] 2026-10-03 06:27:50,496 - root - INFO - Successfully created meshes with active dimensions: ['batch', 'loss', 'fsdp']
[titan] 2026-10-03 06:27:50,496 - root - INFO - [GC] Initial GC collection took 0.00 seconds
[titan] 2026-10-03 06:27:50,498 - root - INFO - Building specforge dspark
[titan] 2026-10-03 06:27:50,506 - root - INFO - CUDA capacity: NVIDIA H200 with 139.80GiB memory
[titan] 2026-10-03 06:27:50,507 - root - WARNING - Error running lspci: [Errno 2] No such file or directory: 'lspci', fallback to use device_name
[titan] 2026-10-03 06:27:50,507 - root - INFO - [34mModel specforge dspark [31msize: 1,393,133,569 total parameters[39m
[titan] 2026-10-03 06:27:50,536 - root - INFO - Applied Data Parallel (simple_fsdp) (dp mode=fully_shard) to the model
[titan] 2026-10-03 06:27:50,537 - root - INFO - aot_fx_trace compile mode: graph capture will happen at training time
initial_load_model_only=True has no effect without an initial_load_path.
[titan] 2026-10-03 06:27:50,546 - root - WARNING - ENV[TORCH_NCCL_ASYNC_ERROR_HANDLING] = 1 will be overridden to 3 based on job config
[titan] 2026-10-03 06:27:50,552 - root - INFO - Building device mesh with parallelism: pp=1, dp_replicate=1, dp_shard=2, cp=1, tp=1, ep=1
[titan] 2026-10-03 06:27:50,556 - root - INFO - Successfully created meshes with active dimensions: ['batch', 'loss', 'fsdp']
[titan] 2026-10-03 06:27:50,557 - root - INFO - [GC] Initial GC collection took 0.00 seconds
[titan] 2026-10-03 06:27:50,558 - root - INFO - Building specforge dspark
[titan] 2026-10-03 06:27:50,566 - root - INFO - CUDA capacity: NVIDIA H200 with 139.80GiB memory
[titan] 2026-10-03 06:27:50,567 - root - WARNING - Error running lspci: [Errno 2] No such file or directory: 'lspci', fallback to use device_name
[titan] 2026-10-03 06:27:50,567 - root - INFO - [34mModel specforge dspark [31msize: 1,393,133,569 total parameters[39m
[titan] 2026-10-03 06:27:50,596 - root - INFO - Applied Data Parallel (simple_fsdp) (dp mode=fully_shard) to the model
[titan] 2026-10-03 06:27:50,597 - root - INFO - aot_fx_trace compile mode: graph capture will happen at training time
[titan] 2026-10-03 06:28:03,122 - root - WARNING - Error running lspci: [Errno 2] No such file or directory: 'lspci', fallback to use device_name
[titan] 2026-10-03 06:28:03,122 - root - INFO - Peak FLOPS used for computing MFU: 9.890e+14
[titan] 2026-10-03 06:28:03,122 - root - INFO - CUDA memory usage for model: 5.76GiB(4.12%)
[titan] 2026-10-03 06:28:03,122 - root - INFO - Optimizer AdamW (model_part=0): 62 params [.*] {'fused': True, 'foreach': False, 'lr': 0.0001, 'betas': (0.9, 0.999), 'eps': 1e-08, 'weight_decay': 0.0}
[titan] 2026-10-03 06:28:03,123 - root - WARNING - initial_load_model_only=True has no effect without an initial_load_path.
[titan] 2026-10-03 06:28:03,123 - root - INFO - Trainer is initialized with local batch size 1, global batch size 4, gradient accumulation steps 2, sequence length 4096, total steps 30 (warmup 0)
[titan] 2026-10-03 06:28:03,124 - root - INFO - NUMA binding applied for GPU 1
[titan] 2026-10-03 06:28:03,125 - root - WARNING - Error running lspci: [Errno 2] No such file or directory: 'lspci', fallback to use device_name
[titan] 2026-10-03 06:28:03,125 - root - INFO - Peak FLOPS used for computing MFU: 9.890e+14
[titan] 2026-10-03 06:28:03,125 - root - INFO - CUDA memory usage for model: 5.76GiB(4.12%)
[titan] 2026-10-03 06:28:03,125 - root - INFO - Optimizer AdamW (model_part=0): 62 params [.*] {'fused': True, 'foreach': False, 'lr': 0.0001, 'betas': (0.9, 0.999), 'eps': 1e-08, 'weight_decay': 0.0}
[titan] 2026-10-03 06:28:03,126 - root - WARNING - initial_load_model_only=True has no effect without an initial_load_path.
[titan] 2026-10-03 06:28:03,126 - root - INFO - Trainer is initialized with local batch size 1, global batch size 4, gradient accumulation steps 2, sequence length 4096, total steps 30 (warmup 0)
[titan] 2026-10-03 06:28:03,126 - root - INFO - NUMA binding applied for GPU 0
[titan] 2026-10-03 06:28:03,284 - root - INFO - Training starts at step 1
[titan] 2026-10-03 06:28:03,284 - root - INFO - Training starts at step 1
/scratch/specforge-torchtitan-20261003/venv/lib/python3.12/site-packages/torch/distributed/c10d_logger.py:83: UserWarning: barrier(): using the device under current context. You can specify `device_id` in `init_process_group` to mute this warning.
  return func(*args, **kwargs)
/scratch/specforge-torchtitan-20261003/venv/lib/python3.12/site-packages/torch/nn/attention/flex_attention.py:2596: UserWarning: flex_attention called without torch.compile() - this will use an unfused implementation that materializes the full scores matrix instead of generating a fused kernel.

SOLUTION: Use torch.compile(flex_attention)(...)

If you want to debug your score_mod/mask_mod, you can set:
torch.nn.attention.flex_attention._FLEX_ATTENTION_DISABLE_COMPILE_DEBUG = True

This will allow you to use print statements or breakpoints. Note: This doesn't work with the backwards pass and may produce incorrect results.
  _warn_once(
/scratch/specforge-torchtitan-20261003/venv/lib/python3.12/site-packages/torch/nn/attention/flex_attention.py:2596: UserWarning: flex_attention called without torch.compile() - this will use an unfused implementation that materializes the full scores matrix instead of generating a fused kernel.

SOLUTION: Use torch.compile(flex_attention)(...)

If you want to debug your score_mod/mask_mod, you can set:
torch.nn.attention.flex_attention._FLEX_ATTENTION_DISABLE_COMPILE_DEBUG = True

This will allow you to use print statements or breakpoints. Note: This doesn't work with the backwards pass and may produce incorrect results.
  _warn_once(
[titan] 2026-10-03 06:28:06,715 - root - INFO - minimal_fx_tracer took 3.414s
[titan] 2026-10-03 06:28:06,715 - root - INFO - Applying 10 graph passes:
  1. functionalize_fused_kernels
  2. eliminate_dead_code_pass
  3. canonicalize_graph_pass
  4. deduplicate_fsdp_unshard_chains_pass
  5. tag_with_memory_policy_pass
  6. apply_cpu_offload_pass
  7. selective_activation_remat_pass
  8. joint_transformer_block_bucketing_reordering_pass
  9. full_inductor_compilation_pass
  10. cudagraph_pass
[titan] 2026-10-03 06:28:06,718 - root - INFO - minimal_fx_tracer took 3.417s
[titan] 2026-10-03 06:28:06,718 - root - INFO - Applying 10 graph passes:
  1. functionalize_fused_kernels
  2. eliminate_dead_code_pass
  3. canonicalize_graph_pass
  4. deduplicate_fsdp_unshard_chains_pass
  5. tag_with_memory_policy_pass
  6. apply_cpu_offload_pass
  7. selective_activation_remat_pass
  8. joint_transformer_block_bucketing_reordering_pass
  9. full_inductor_compilation_pass
  10. cudagraph_pass
[titan] 2026-10-03 06:28:06,823 - root - INFO - Eliminated dead code from the graph
[titan] 2026-10-03 06:28:06,829 - root - INFO - Eliminated dead code from the graph
[titan] 2026-10-03 06:28:06,909 - root - INFO - Removed 128 identity view/reshape node(s) from the graph
[titan] 2026-10-03 06:28:06,913 - root - INFO - Removed 128 identity view/reshape node(s) from the graph
[titan] 2026-10-03 06:28:06,987 - root - INFO - Removed 157 back-to-back transpose node(s) from the graph
[titan] 2026-10-03 06:28:06,988 - root - INFO - Removed 50 identity slice node(s)
[titan] 2026-10-03 06:28:06,991 - root - INFO - Removed 157 back-to-back transpose node(s) from the graph
[titan] 2026-10-03 06:28:06,992 - root - INFO - Removed 50 identity slice node(s)
[titan] 2026-10-03 06:28:07,139 - root - INFO - Normalized 422 view op(s) to reshape
[titan] 2026-10-03 06:28:07,144 - root - INFO - Normalized 422 view op(s) to reshape
[titan] 2026-10-03 06:28:07,220 - root - INFO - Applied selective activation checkpointing (SAC) graph pass.
[titan] 2026-10-03 06:28:07,220 - root - INFO -   Forced 7 nodes to MUST_SAVE at layer boundaries
[titan] 2026-10-03 06:28:07,220 - root - INFO -   Layer non-layer: 20 MUST_SAVE, 88 RECOMPUTE
[titan] 2026-10-03 06:28:07,220 - root - INFO -   Layer 0: 24 MUST_SAVE, 117 RECOMPUTE
[titan] 2026-10-03 06:28:07,220 - root - INFO -   Layer 1: 24 MUST_SAVE, 118 RECOMPUTE
[titan] 2026-10-03 06:28:07,220 - root - INFO -   Layer 2: 24 MUST_SAVE, 118 RECOMPUTE
[titan] 2026-10-03 06:28:07,221 - root - INFO -   Layer 3: 24 MUST_SAVE, 118 RECOMPUTE
[titan] 2026-10-03 06:28:07,221 - root - INFO -   Layer 4: 23 MUST_SAVE, 119 RECOMPUTE
[titan] 2026-10-03 06:28:07,226 - root - INFO - Applied selective activation checkpointing (SAC) graph pass.
[titan] 2026-10-03 06:28:07,226 - root - INFO -   Forced 7 nodes to MUST_SAVE at layer boundaries
[titan] 2026-10-03 06:28:07,226 - root - INFO -   Layer non-layer: 20 MUST_SAVE, 86 RECOMPUTE
[titan] 2026-10-03 06:28:07,226 - root - INFO -   Layer 0: 24 MUST_SAVE, 117 RECOMPUTE
[titan] 2026-10-03 06:28:07,226 - root - INFO -   Layer 1: 24 MUST_SAVE, 118 RECOMPUTE
[titan] 2026-10-03 06:28:07,226 - root - INFO -   Layer 2: 24 MUST_SAVE, 118 RECOMPUTE
[titan] 2026-10-03 06:28:07,226 - root - INFO -   Layer 3: 24 MUST_SAVE, 118 RECOMPUTE
[titan] 2026-10-03 06:28:07,226 - root - INFO -   Layer 4: 23 MUST_SAVE, 119 RECOMPUTE
[titan] 2026-10-03 06:28:08,142 - root - INFO - FSDP reorder: 11 overlap deps across 11 target nodes
[titan] 2026-10-03 06:28:08,142 - root - INFO - FSDP reorder: 11 overlap deps across 11 target nodes
[rank0]:W1003 06:28:37.283000 2073891 torch/_functorch/_aot_autograd/autograd_cache.py:1387] AOTAutograd cache unable to serialize compiled graph: cannot pickle 'torch._C._distributed_c10d.ProcessGroup' object
[titan] 2026-10-03 06:28:37,338 - root - INFO - Applied cudagraph pass.
[titan] 2026-10-03 06:28:37,339 - root - INFO - All 10 graph passes took 30.620s
[rank1]:W1003 06:28:37.456000 2073892 torch/_functorch/_aot_autograd/autograd_cache.py:1387] AOTAutograd cache unable to serialize compiled graph: cannot pickle 'torch._C._distributed_c10d.ProcessGroup' object
[titan] 2026-10-03 06:28:37,513 - root - INFO - Applied cudagraph pass.
[titan] 2026-10-03 06:28:37,513 - root - INFO - All 10 graph passes took 30.798s
[rank0]:W1003 06:28:37.807000 2073891 torch/_library/opaque_object.py:314] is_opaque_value is deprecated, use is_custom_class_obj instead
[rank0]:W1003 06:28:37.808000 2073891 torch/_library/opaque_object.py:314] is_opaque_value is deprecated, use is_custom_class_obj instead
[rank0]:W1003 06:28:37.808000 2073891 torch/_library/opaque_object.py:314] is_opaque_value is deprecated, use is_custom_class_obj instead
[rank0]:W1003 06:28:37.808000 2073891 torch/_library/opaque_object.py:314] is_opaque_value is deprecated, use is_custom_class_obj instead
[rank0]:W1003 06:28:37.808000 2073891 torch/_library/opaque_object.py:314] is_opaque_value is deprecated, use is_custom_class_obj instead
[rank0]:W1003 06:28:37.808000 2073891 torch/_library/opaque_object.py:314] is_opaque_value is deprecated, use is_custom_class_obj instead
[rank0]:W1003 06:28:37.808000 2073891 torch/_library/opaque_object.py:314] is_opaque_value is deprecated, use is_custom_class_obj instead
[rank0]:W1003 06:28:37.808000 2073891 torch/_library/opaque_object.py:314] is_opaque_value is deprecated, use is_custom_class_obj instead
[rank0]:W1003 06:28:37.808000 2073891 torch/_library/opaque_object.py:314] is_opaque_value is deprecated, use is_custom_class_obj instead
[rank0]:W1003 06:28:37.808000 2073891 torch/_library/opaque_object.py:314] is_opaque_value is deprecated, use is_custom_class_obj instead
[rank1]:W1003 06:28:37.807000 2073892 torch/_library/opaque_object.py:314] is_opaque_value is deprecated, use is_custom_class_obj instead
[rank0]:W1003 06:28:37.808000 2073891 torch/_library/opaque_object.py:314] is_opaque_value is deprecated, use is_custom_class_obj instead
[rank0]:W1003 06:28:37.808000 2073891 torch/_library/opaque_object.py:314] is_opaque_value is deprecated, use is_custom_class_obj instead
[rank0]:W1003 06:28:37.808000 2073891 torch/_library/opaque_object.py:314] is_opaque_value is deprecated, use is_custom_class_obj instead
[rank0]:W1003 06:28:37.808000 2073891 torch/_library/opaque_object.py:314] is_opaque_value is deprecated, use is_custom_class_obj instead
[rank1]:W1003 06:28:37.808000 2073892 torch/_library/opaque_object.py:314] is_opaque_value is deprecated, use is_custom_class_obj instead
[rank0]:W1003 06:28:37.808000 2073891 torch/_library/opaque_object.py:314] is_opaque_value is deprecated, use is_custom_class_obj instead
[rank0]:W1003 06:28:37.808000 2073891 torch/_library/opaque_object.py:314] is_opaque_value is deprecated, use is_custom_class_obj instead
[rank1]:W1003 06:28:37.808000 2073892 torch/_library/opaque_object.py:314] is_opaque_value is deprecated, use is_custom_class_obj instead
[rank0]:W1003 06:28:37.808000 2073891 torch/_library/opaque_object.py:314] is_opaque_value is deprecated, use is_custom_class_obj instead
[rank1]:W1003 06:28:37.808000 2073892 torch/_library/opaque_object.py:314] is_opaque_value is deprecated, use is_custom_class_obj instead
[rank0]:W1003 06:28:37.808000 2073891 torch/_library/opaque_object.py:314] is_opaque_value is deprecated, use is_custom_class_obj instead
[rank1]:W1003 06:28:37.808000 2073892 torch/_library/opaque_object.py:314] is_opaque_value is deprecated, use is_custom_class_obj instead
[rank0]:W1003 06:28:37.808000 2073891 torch/_library/opaque_object.py:314] is_opaque_value is deprecated, use is_custom_class_obj instead
[rank1]:W1003 06:28:37.808000 2073892 torch/_library/opaque_object.py:314] is_opaque_value is deprecated, use is_custom_class_obj instead
[rank0]:W1003 06:28:37.808000 2073891 torch/_library/opaque_object.py:314] is_opaque_value is deprecated, use is_custom_class_obj instead
[rank0]:W1003 06:28:37.808000 2073891 torch/_library/opaque_object.py:314] is_opaque_value is deprecated, use is_custom_class_obj instead
[rank1]:W1003 06:28:37.808000 2073892 torch/_library/opaque_object.py:314] is_opaque_value is deprecated, use is_custom_class_obj instead
[rank0]:W1003 06:28:37.808000 2073891 torch/_library/opaque_object.py:314] is_opaque_value is deprecated, use is_custom_class_obj instead
[rank1]:W1003 06:28:37.808000 2073892 torch/_library/opaque_object.py:314] is_opaque_value is deprecated, use is_custom_class_obj instead
[rank0]:W1003 06:28:37.808000 2073891 torch/_library/opaque_object.py:314] is_opaque_value is deprecated, use is_custom_class_obj instead
[rank1]:W1003 06:28:37.808000 2073892 torch/_library/opaque_object.py:314] is_opaque_value is deprecated, use is_custom_class_obj instead
[rank0]:W1003 06:28:37.808000 2073891 torch/_library/opaque_object.py:314] is_opaque_value is deprecated, use is_custom_class_obj instead
[rank1]:W1003 06:28:37.808000 2073892 torch/_library/opaque_object.py:314] is_opaque_value is deprecated, use is_custom_class_obj instead
[rank0]:W1003 06:28:37.808000 2073891 torch/_library/opaque_object.py:314] is_opaque_value is deprecated, use is_custom_class_obj instead
[rank1]:W1003 06:28:37.808000 2073892 torch/_library/opaque_object.py:314] is_opaque_value is deprecated, use is_custom_class_obj instead
[rank0]:W1003 06:28:37.808000 2073891 torch/_library/opaque_object.py:314] is_opaque_value is deprecated, use is_custom_class_obj instead
[rank1]:W1003 06:28:37.808000 2073892 torch/_library/opaque_object.py:314] is_opaque_value is deprecated, use is_custom_class_obj instead
[rank0]:W1003 06:28:37.808000 2073891 torch/_library/opaque_object.py:314] is_opaque_value is deprecated, use is_custom_class_obj instead
[rank1]:W1003 06:28:37.808000 2073892 torch/_library/opaque_object.py:314] is_opaque_value is deprecated, use is_custom_class_obj instead
[rank0]:W1003 06:28:37.808000 2073891 torch/_library/opaque_object.py:314] is_opaque_value is deprecated, use is_custom_class_obj instead
[rank1]:W1003 06:28:37.808000 2073892 torch/_library/opaque_object.py:314] is_opaque_value is deprecated, use is_custom_class_obj instead
[rank0]:W1003 06:28:37.808000 2073891 torch/_library/opaque_object.py:314] is_opaque_value is deprecated, use is_custom_class_obj instead
[rank1]:W1003 06:28:37.808000 2073892 torch/_library/opaque_object.py:314] is_opaque_value is deprecated, use is_custom_class_obj instead
[rank0]:W1003 06:28:37.808000 2073891 torch/_library/opaque_object.py:314] is_opaque_value is deprecated, use is_custom_class_obj instead
[rank1]:W1003 06:28:37.808000 2073892 torch/_library/opaque_object.py:314] is_opaque_value is deprecated, use is_custom_class_obj instead
[rank0]:W1003 06:28:37.808000 2073891 torch/_library/opaque_object.py:314] is_opaque_value is deprecated, use is_custom_class_obj instead
[rank1]:W1003 06:28:37.808000 2073892 torch/_library/opaque_object.py:314] is_opaque_value is deprecated, use is_custom_class_obj instead
[rank0]:W1003 06:28:37.808000 2073891 torch/_library/opaque_object.py:314] is_opaque_value is deprecated, use is_custom_class_obj instead
[rank1]:W1003 06:28:37.808000 2073892 torch/_library/opaque_object.py:314] is_opaque_value is deprecated, use is_custom_class_obj instead
[rank0]:W1003 06:28:37.808000 2073891 torch/_library/opaque_object.py:314] is_opaque_value is deprecated, use is_custom_class_obj instead
[rank1]:W1003 06:28:37.808000 2073892 torch/_library/opaque_object.py:314] is_opaque_value is deprecated, use is_custom_class_obj instead
[rank0]:W1003 06:28:37.808000 2073891 torch/_library/opaque_object.py:314] is_opaque_value is deprecated, use is_custom_class_obj instead
[rank1]:W1003 06:28:37.808000 2073892 torch/_library/opaque_object.py:314] is_opaque_value is deprecated, use is_custom_class_obj instead
[rank0]:W1003 06:28:37.808000 2073891 torch/_library/opaque_object.py:314] is_opaque_value is deprecated, use is_custom_class_obj instead
[rank1]:W1003 06:28:37.808000 2073892 torch/_library/opaque_object.py:314] is_opaque_value is deprecated, use is_custom_class_obj instead
[rank0]:W1003 06:28:37.808000 2073891 torch/_library/opaque_object.py:314] is_opaque_value is deprecated, use is_custom_class_obj instead
[rank1]:W1003 06:28:37.808000 2073892 torch/_library/opaque_object.py:314] is_opaque_value is deprecated, use is_custom_class_obj instead
[rank0]:W1003 06:28:37.808000 2073891 torch/_library/opaque_object.py:314] is_opaque_value is deprecated, use is_custom_class_obj instead
[rank1]:W1003 06:28:37.808000 2073892 torch/_library/opaque_object.py:314] is_opaque_value is deprecated, use is_custom_class_obj instead
[rank0]:W1003 06:28:37.808000 2073891 torch/_library/opaque_object.py:314] is_opaque_value is deprecated, use is_custom_class_obj instead
[rank1]:W1003 06:28:37.808000 2073892 torch/_library/opaque_object.py:314] is_opaque_value is deprecated, use is_custom_class_obj instead
[rank0]:W1003 06:28:37.808000 2073891 torch/_library/opaque_object.py:314] is_opaque_value is deprecated, use is_custom_class_obj instead
[rank1]:W1003 06:28:37.808000 2073892 torch/_library/opaque_object.py:314] is_opaque_value is deprecated, use is_custom_class_obj instead
[rank0]:W1003 06:28:37.808000 2073891 torch/_library/opaque_object.py:314] is_opaque_value is deprecated, use is_custom_class_obj instead
[rank0]:W1003 06:28:37.808000 2073891 torch/_library/opaque_object.py:314] is_opaque_value is deprecated, use is_custom_class_obj instead
[rank1]:W1003 06:28:37.808000 2073892 torch/_library/opaque_object.py:314] is_opaque_value is deprecated, use is_custom_class_obj instead
[rank0]:W1003 06:28:37.808000 2073891 torch/_library/opaque_object.py:314] is_opaque_value is deprecated, use is_custom_class_obj instead
[rank1]:W1003 06:28:37.808000 2073892 torch/_library/opaque_object.py:314] is_opaque_value is deprecated, use is_custom_class_obj instead
[rank0]:W1003 06:28:37.808000 2073891 torch/_library/opaque_object.py:314] is_opaque_value is deprecated, use is_custom_class_obj instead
[rank1]:W1003 06:28:37.808000 2073892 torch/_library/opaque_object.py:314] is_opaque_value is deprecated, use is_custom_class_obj instead
[rank0]:W1003 06:28:37.808000 2073891 torch/_library/opaque_object.py:314] is_opaque_value is deprecated, use is_custom_class_obj instead
[rank1]:W1003 06:28:37.808000 2073892 torch/_library/opaque_object.py:314] is_opaque_value is deprecated, use is_custom_class_obj instead
[rank0]:W1003 06:28:37.808000 2073891 torch/_library/opaque_object.py:314] is_opaque_value is deprecated, use is_custom_class_obj instead
[rank1]:W1003 06:28:37.808000 2073892 torch/_library/opaque_object.py:314] is_opaque_value is deprecated, use is_custom_class_obj instead
[rank0]:W1003 06:28:37.808000 2073891 torch/_library/opaque_object.py:314] is_opaque_value is deprecated, use is_custom_class_obj instead
[rank1]:W1003 06:28:37.808000 2073892 torch/_library/opaque_object.py:314] is_opaque_value is deprecated, use is_custom_class_obj instead
[rank0]:W1003 06:28:37.808000 2073891 torch/_library/opaque_object.py:314] is_opaque_value is deprecated, use is_custom_class_obj instead
[rank1]:W1003 06:28:37.808000 2073892 torch/_library/opaque_object.py:314] is_opaque_value is deprecated, use is_custom_class_obj instead
[rank0]:W1003 06:28:37.808000 2073891 torch/_library/opaque_object.py:314] is_opaque_value is deprecated, use is_custom_class_obj instead
[rank1]:W1003 06:28:37.808000 2073892 torch/_library/opaque_object.py:314] is_opaque_value is deprecated, use is_custom_class_obj instead
[rank0]:W1003 06:28:37.808000 2073891 torch/_library/opaque_object.py:314] is_opaque_value is deprecated, use is_custom_class_obj instead
[rank1]:W1003 06:28:37.808000 2073892 torch/_library/opaque_object.py:314] is_opaque_value is deprecated, use is_custom_class_obj instead
[rank0]:W1003 06:28:37.808000 2073891 torch/_library/opaque_object.py:314] is_opaque_value is deprecated, use is_custom_class_obj instead
[rank1]:W1003 06:28:37.808000 2073892 torch/_library/opaque_object.py:314] is_opaque_value is deprecated, use is_custom_class_obj instead
[rank0]:W1003 06:28:37.808000 2073891 torch/_library/opaque_object.py:314] is_opaque_value is deprecated, use is_custom_class_obj instead
[rank1]:W1003 06:28:37.808000 2073892 torch/_library/opaque_object.py:314] is_opaque_value is deprecated, use is_custom_class_obj instead
[rank1]:W1003 06:28:37.808000 2073892 torch/_library/opaque_object.py:314] is_opaque_value is deprecated, use is_custom_class_obj instead
[rank0]:W1003 06:28:37.808000 2073891 torch/_library/opaque_object.py:314] is_opaque_value is deprecated, use is_custom_class_obj instead
[rank1]:W1003 06:28:37.808000 2073892 torch/_library/opaque_object.py:314] is_opaque_value is deprecated, use is_custom_class_obj instead
[rank0]:W1003 06:28:37.808000 2073891 torch/_library/opaque_object.py:314] is_opaque_value is deprecated, use is_custom_class_obj instead
[rank1]:W1003 06:28:37.808000 2073892 torch/_library/opaque_object.py:314] is_opaque_value is deprecated, use is_custom_class_obj instead
[rank0]:W1003 06:28:37.808000 2073891 torch/_library/opaque_object.py:314] is_opaque_value is deprecated, use is_custom_class_obj instead
[rank1]:W1003 06:28:37.808000 2073892 torch/_library/opaque_object.py:314] is_opaque_value is deprecated, use is_custom_class_obj instead
[rank0]:W1003 06:28:37.808000 2073891 torch/_library/opaque_object.py:314] is_opaque_value is deprecated, use is_custom_class_obj instead
[rank1]:W1003 06:28:37.809000 2073892 torch/_library/opaque_object.py:314] is_opaque_value is deprecated, use is_custom_class_obj instead
[rank0]:W1003 06:28:37.809000 2073891 torch/_library/opaque_object.py:314] is_opaque_value is deprecated, use is_custom_class_obj instead
[rank1]:W1003 06:28:37.809000 2073892 torch/_library/opaque_object.py:314] is_opaque_value is deprecated, use is_custom_class_obj instead
[rank0]:W1003 06:28:37.809000 2073891 torch/_library/opaque_object.py:314] is_opaque_value is deprecated, use is_custom_class_obj instead
[rank1]:W1003 06:28:37.809000 2073892 torch/_library/opaque_object.py:314] is_opaque_value is deprecated, use is_custom_class_obj instead
[rank0]:W1003 06:28:37.809000 2073891 torch/_library/opaque_object.py:314] is_opaque_value is deprecated, use is_custom_class_obj instead
[rank1]:W1003 06:28:37.809000 2073892 torch/_library/opaque_object.py:314] is_opaque_value is deprecated, use is_custom_class_obj instead
[rank0]:W1003 06:28:37.809000 2073891 torch/_library/opaque_object.py:314] is_opaque_value is deprecated, use is_custom_class_obj instead
[rank1]:W1003 06:28:37.809000 2073892 torch/_library/opaque_object.py:314] is_opaque_value is deprecated, use is_custom_class_obj instead
[rank0]:W1003 06:28:37.809000 2073891 torch/_library/opaque_object.py:314] is_opaque_value is deprecated, use is_custom_class_obj instead
[rank1]:W1003 06:28:37.809000 2073892 torch/_library/opaque_object.py:314] is_opaque_value is deprecated, use is_custom_class_obj instead
[rank0]:W1003 06:28:37.809000 2073891 torch/_library/opaque_object.py:314] is_opaque_value is deprecated, use is_custom_class_obj instead
[rank1]:W1003 06:28:37.809000 2073892 torch/_library/opaque_object.py:314] is_opaque_value is deprecated, use is_custom_class_obj instead
[rank0]:W1003 06:28:37.809000 2073891 torch/_library/opaque_object.py:314] is_opaque_value is deprecated, use is_custom_class_obj instead
[rank1]:W1003 06:28:37.809000 2073892 torch/_library/opaque_object.py:314] is_opaque_value is deprecated, use is_custom_class_obj instead
[rank1]:W1003 06:28:37.809000 2073892 torch/_library/opaque_object.py:314] is_opaque_value is deprecated, use is_custom_class_obj instead
[rank1]:W1003 06:28:37.809000 2073892 torch/_library/opaque_object.py:314] is_opaque_value is deprecated, use is_custom_class_obj instead
[rank1]:W1003 06:28:37.809000 2073892 torch/_library/opaque_object.py:314] is_opaque_value is deprecated, use is_custom_class_obj instead
[rank1]:W1003 06:28:37.809000 2073892 torch/_library/opaque_object.py:314] is_opaque_value is deprecated, use is_custom_class_obj instead
[rank1]:W1003 06:28:37.809000 2073892 torch/_library/opaque_object.py:314] is_opaque_value is deprecated, use is_custom_class_obj instead
[rank1]:W1003 06:28:37.809000 2073892 torch/_library/opaque_object.py:314] is_opaque_value is deprecated, use is_custom_class_obj instead
[rank1]:W1003 06:28:37.809000 2073892 torch/_library/opaque_object.py:314] is_opaque_value is deprecated, use is_custom_class_obj instead
[rank1]:W1003 06:28:37.809000 2073892 torch/_library/opaque_object.py:314] is_opaque_value is deprecated, use is_custom_class_obj instead
[rank1]:W1003 06:28:37.809000 2073892 torch/_library/opaque_object.py:314] is_opaque_value is deprecated, use is_custom_class_obj instead
[rank1]:W1003 06:28:37.809000 2073892 torch/_library/opaque_object.py:314] is_opaque_value is deprecated, use is_custom_class_obj instead
[rank1]:W1003 06:28:37.809000 2073892 torch/_library/opaque_object.py:314] is_opaque_value is deprecated, use is_custom_class_obj instead
[rank1]:W1003 06:28:37.809000 2073892 torch/_library/opaque_object.py:314] is_opaque_value is deprecated, use is_custom_class_obj instead
[rank1]:W1003 06:28:37.809000 2073892 torch/_library/opaque_object.py:314] is_opaque_value is deprecated, use is_custom_class_obj instead
[rank1]:W1003 06:28:37.809000 2073892 torch/_library/opaque_object.py:314] is_opaque_value is deprecated, use is_custom_class_obj instead
[titan] 2026-10-03 06:28:38,244 - root - INFO - [31mstep:  1  [32mloss:  2.99103  [38;2;180;60;0mgrad_norm:  2.7430  [38;2;54;234;195mmemory: 20.30GiB(14.52%)  [34mtps: 172  [36mtflops: 2.75  [35mmfu: 0.28%[39m
[titan] 2026-10-03 06:28:38,244 - root - INFO - [31mstep:  1  [32mloss:  2.99103  [38;2;180;60;0mgrad_norm:  2.7430  [38;2;54;234;195mmemory: 20.30GiB(14.52%)  [34mtps: 172  [36mtflops: 2.75  [35mmfu: 0.28%[39m
[titan] 2026-10-03 06:28:38,245 - root - INFO - Synchronizing and adjusting timeout for all ProcessGroups to 0:01:40
[titan] 2026-10-03 06:28:38,245 - root - INFO - Synchronizing and adjusting timeout for all ProcessGroups to 0:01:40
/scratch/specforge-torchtitan-20261003/venv/lib/python3.12/site-packages/torch/distributed/c10d_logger.py:83: UserWarning: barrier(): using the device under current context. You can specify `device_id` in `init_process_group` to mute this warning.
  return func(*args, **kwargs)
[titan] 2026-10-03 06:28:46,850 - root - INFO - Sleeping 2 seconds for other ranks to complete
[titan] 2026-10-03 06:28:46,850 - root - INFO - Training completed
[titan] 2026-10-03 06:28:48,850 - root - INFO - Training completed
{
  "output": "/scratch/specforge-torchtitan-20261003/extension-bench-p4/dspark-graph-full-3.json",
  "optimizer_step_seconds_mean": 0.29673719964921474,
  "optimizer_step_seconds_median": 0.2964187255129218,
  "optimizer_step_seconds_p95": 0.30171276442706585,
  "input_context_tokens_per_second": 55213.83911207695
}
