{"start": "dflash-fsdp213-1", "time": 1791006994.8173938}
{"start": "dflash-fsdp214-1", "time": 1791007032.934086}
{"start": "dflash-titan-cuda-1", "time": 1791007070.8507288}
{"start": "dflash-graph-full-1", "time": 1791007131.9430997}
{"start": "dflash2-fsdp214-1", "time": 1791007219.2651203}
{"start": "dflash2-titan-cuda-1", "time": 1791007257.0817122}
{"start": "dflash2-graph-full-1", "time": 1791007314.7206635}
{"start": "dflash2-fsdp213-1", "time": 1791007380.4184816}
{"start": "dspark-titan-cuda-1", "time": 1791007419.2378535}
{"start": "dspark-graph-full-1", "time": 1791007482.5831676}
{"start": "dspark-fsdp213-1", "time": 1791007581.5175846}
{"start": "dspark-fsdp214-1", "time": 1791007626.0418735}
{"start": "dflash-fsdp214-2", "time": 1791007670.5159101}
{"start": "dflash-titan-cuda-2", "time": 1791007708.2825232}
{"start": "dflash-graph-full-2", "time": 1791007762.7176042}
{"start": "dflash-fsdp213-2", "time": 1791007820.1562705}
{"start": "dflash2-titan-cuda-2", "time": 1791007857.672522}
{"start": "dflash2-graph-full-2", "time": 1791007917.1634674}
{"start": "dflash2-fsdp213-2", "time": 1791007983.5122137}
{"start": "dflash2-fsdp214-2", "time": 1791008022.1300552}
{"start": "dspark-graph-full-2", "time": 1791008060.1973805}
{"start": "dspark-fsdp213-2", "time": 1791008151.0730286}
{"start": "dspark-fsdp214-2", "time": 1791008195.597586}
{"start": "dspark-titan-cuda-2", "time": 1791008240.222059}
{"start": "dflash-titan-cuda-3", "time": 1791008302.4662158}
{"start": "dflash-graph-full-3", "time": 1791008356.6011105}
{"start": "dflash-fsdp213-3", "time": 1791008413.7898538}
{"start": "dflash-fsdp214-3", "time": 1791008451.8067644}
{"start": "dflash2-graph-full-3", "time": 1791008489.5235865}
{"start": "dflash2-fsdp213-3", "time": 1791008554.3203397}
{"start": "dflash2-fsdp214-3", "time": 1791008592.337628}
{"start": "dflash2-titan-cuda-3", "time": 1791008632.6073413}
{"start": "dspark-fsdp213-3", "time": 1791008690.8974311}
{"start": "dspark-fsdp214-3", "time": 1791008735.2215648}
{"start": "dspark-titan-cuda-3", "time": 1791008779.796043}
{"start": "dspark-graph-full-3", "time": 1791008841.9898355}
{"passed": false, "trials": 36, "report": "/scratch/specforge-torchtitan-20261003/extension-bench-p4/comparison.json"}
Graph numerical gate failed; Graph timings are diagnostic only. FSDP/native rows retained.
