
*****************************************
Setting OMP_NUM_THREADS environment variable for each process to be 1 in default, to avoid your system being overloaded, please further tune the variable for optimal performance in your application as needed. 
*****************************************
W1003 03:32:53.843000 2018906 torch/utils/_pytree.py:630] <enum 'KernelPreference'> is an Enum subclass and is now natively supported by torch.compile as an opaque value type. Calling register_constant() on Enum subclasses is deprecated and will be an error in a future release.
W1003 03:32:53.869000 2018906 torch/utils/_pytree.py:630] <enum 'ScaleCalculationMode'> is an Enum subclass and is now natively supported by torch.compile as an opaque value type. Calling register_constant() on Enum subclasses is deprecated and will be an error in a future release.
W1003 03:32:53.875000 2018907 torch/utils/_pytree.py:630] <enum 'KernelPreference'> is an Enum subclass and is now natively supported by torch.compile as an opaque value type. Calling register_constant() on Enum subclasses is deprecated and will be an error in a future release.
W1003 03:32:53.902000 2018907 torch/utils/_pytree.py:630] <enum 'ScaleCalculationMode'> is an Enum subclass and is now natively supported by torch.compile as an opaque value type. Calling register_constant() on Enum subclasses is deprecated and will be an error in a future release.
/scratch/specforge-torchtitan-20261003/SpecForge-titan-extensions/specforge/modeling/draft/llama3_eagle.py:33: UserWarning: flash_attn is not found, falling back to flex_attention. Please install flash_attn if you want to use the flash attention backend.
  warnings.warn(
/scratch/specforge-torchtitan-20261003/SpecForge-titan-extensions/specforge/modeling/draft/llama3_eagle.py:33: UserWarning: flash_attn is not found, falling back to flex_attention. Please install flash_attn if you want to use the flash attention backend.
  warnings.warn(
Loading ['model.embed_tokens.weight', 'lm_head.weight'] from model.safetensors...
 -> Loaded Embeddings
 -> Loaded LM Head
Loading ['model.embed_tokens.weight', 'lm_head.weight'] from model.safetensors...
 -> Loaded Embeddings
 -> Loaded LM Head
[titan] 2026-10-03 03:32:56,048 - root - WARNING - ENV[TORCH_NCCL_ASYNC_ERROR_HANDLING] = 1 will be overridden to 3 based on job config
[titan] 2026-10-03 03:32:56,051 - root - WARNING - ENV[TORCH_NCCL_ASYNC_ERROR_HANDLING] = 1 will be overridden to 3 based on job config
[titan] 2026-10-03 03:32:56,055 - root - INFO - Building device mesh with parallelism: pp=1, dp_replicate=1, dp_shard=2, cp=1, tp=1, ep=1
[titan] 2026-10-03 03:32:56,057 - root - INFO - Building device mesh with parallelism: pp=1, dp_replicate=1, dp_shard=2, cp=1, tp=1, ep=1
[titan] 2026-10-03 03:32:56,059 - root - INFO - Successfully created meshes with active dimensions: ['batch', 'loss', 'fsdp']
[titan] 2026-10-03 03:32:56,059 - root - INFO - [GC] Initial GC collection took 0.00 seconds
[titan] 2026-10-03 03:32:56,061 - root - INFO - Building specforge dflash
[titan] 2026-10-03 03:32:56,061 - root - INFO - Successfully created meshes with active dimensions: ['batch', 'loss', 'fsdp']
[titan] 2026-10-03 03:32:56,062 - root - INFO - [GC] Initial GC collection took 0.00 seconds
[titan] 2026-10-03 03:32:56,063 - root - INFO - Building specforge dflash
[titan] 2026-10-03 03:32:56,067 - root - INFO - CUDA capacity: NVIDIA H200 with 139.80GiB memory
[titan] 2026-10-03 03:32:56,068 - root - WARNING - Error running lspci: [Errno 2] No such file or directory: 'lspci', fallback to use device_name
[titan] 2026-10-03 03:32:56,068 - root - INFO - [34mModel specforge dflash [31msize: 24,800 total parameters[39m
[titan] 2026-10-03 03:32:56,070 - root - INFO - CUDA capacity: NVIDIA H200 with 139.80GiB memory
[titan] 2026-10-03 03:32:56,070 - root - WARNING - Error running lspci: [Errno 2] No such file or directory: 'lspci', fallback to use device_name
[titan] 2026-10-03 03:32:56,070 - root - INFO - [34mModel specforge dflash [31msize: 24,800 total parameters[39m
[titan] 2026-10-03 03:32:56,085 - root - INFO - Applied Data Parallel (simple_fsdp) (dp mode=fully_shard) to the model
[titan] 2026-10-03 03:32:56,085 - root - INFO - aot_fx_trace compile mode: graph capture will happen at training time
[titan] 2026-10-03 03:32:56,087 - root - INFO - Applied Data Parallel (simple_fsdp) (dp mode=fully_shard) to the model
[titan] 2026-10-03 03:32:56,087 - root - INFO - aot_fx_trace compile mode: graph capture will happen at training time
[titan] 2026-10-03 03:32:57,238 - root - WARNING - Error running lspci: [Errno 2] No such file or directory: 'lspci', fallback to use device_name
[titan] 2026-10-03 03:32:57,238 - root - INFO - Peak FLOPS used for computing MFU: 9.890e+14
[titan] 2026-10-03 03:32:57,239 - root - INFO - CUDA memory usage for model: 0.00GiB(0.00%)
[titan] 2026-10-03 03:32:57,239 - root - WARNING - Error running lspci: [Errno 2] No such file or directory: 'lspci', fallback to use device_name
[titan] 2026-10-03 03:32:57,239 - root - INFO - Peak FLOPS used for computing MFU: 9.890e+14
[titan] 2026-10-03 03:32:57,239 - root - INFO - Optimizer AdamW (model_part=0): 25 params [.*] {'fused': True, 'foreach': False, 'lr': 0.002, 'betas': (0.9, 0.999), 'eps': 1e-08, 'weight_decay': 0.0}
[titan] 2026-10-03 03:32:57,239 - root - INFO - CUDA memory usage for model: 0.00GiB(0.00%)
[titan] 2026-10-03 03:32:57,239 - root - INFO - Optimizer AdamW (model_part=0): 25 params [.*] {'fused': True, 'foreach': False, 'lr': 0.002, 'betas': (0.9, 0.999), 'eps': 1e-08, 'weight_decay': 0.0}
[titan] 2026-10-03 03:32:57,240 - root - INFO - Checkpointing active. Checkpoints will be loaded from and saved to /scratch/specforge-torchtitan-20261003/graph-probes/graph-final-dflash/checkpoint
[titan] 2026-10-03 03:32:57,240 - root - INFO - Trainer is initialized with local batch size 2, global batch size 8, gradient accumulation steps 2, sequence length 32, total steps 3 (warmup 0)
[titan] 2026-10-03 03:32:57,240 - root - INFO - Checkpointing active. Checkpoints will be loaded from and saved to /scratch/specforge-torchtitan-20261003/graph-probes/graph-final-dflash/checkpoint
[titan] 2026-10-03 03:32:57,240 - root - INFO - Trainer is initialized with local batch size 2, global batch size 8, gradient accumulation steps 2, sequence length 32, total steps 3 (warmup 0)
[titan] 2026-10-03 03:32:57,241 - root - INFO - NUMA binding applied for GPU 0
[titan] 2026-10-03 03:32:57,241 - root - INFO - No checkpoint was provided, this is a fresh start.
[titan] 2026-10-03 03:32:57,242 - root - INFO - Training starts at step 1
[titan] 2026-10-03 03:32:57,241 - root - INFO - NUMA binding applied for GPU 1
[titan] 2026-10-03 03:32:57,242 - root - INFO - No checkpoint was provided, this is a fresh start.
[titan] 2026-10-03 03:32:57,242 - root - INFO - Training starts at step 1
[titan] 2026-10-03 03:32:58,347 - root - INFO - minimal_fx_tracer took 1.077s
[titan] 2026-10-03 03:32:58,347 - root - INFO - Applying 12 graph passes:
  1. functionalize_fused_kernels
  2. eliminate_dead_code_pass
  3. canonicalize_graph_pass
  4. deduplicate_fsdp_unshard_chains_pass
  5. tag_with_memory_policy_pass
  6. apply_cpu_offload_pass
  7. selective_activation_remat_pass
  8. joint_transformer_block_bucketing_reordering_pass
  9. annotate_flex_attention_for_regional_inductor_pass
  10. regional_inductor_pass
  11. insert_kernel_annotations_pass
  12. cudagraph_pass
[titan] 2026-10-03 03:32:58,382 - root - INFO - minimal_fx_tracer took 1.111s
[titan] 2026-10-03 03:32:58,382 - root - INFO - Applying 12 graph passes:
  1. functionalize_fused_kernels
  2. eliminate_dead_code_pass
  3. canonicalize_graph_pass
  4. deduplicate_fsdp_unshard_chains_pass
  5. tag_with_memory_policy_pass
  6. apply_cpu_offload_pass
  7. selective_activation_remat_pass
  8. joint_transformer_block_bucketing_reordering_pass
  9. annotate_flex_attention_for_regional_inductor_pass
  10. regional_inductor_pass
  11. insert_kernel_annotations_pass
  12. cudagraph_pass
[titan] 2026-10-03 03:32:58,417 - root - INFO - Eliminated dead code from the graph
[titan] 2026-10-03 03:32:58,445 - root - INFO - Removed 61 identity view/reshape node(s) from the graph
[titan] 2026-10-03 03:32:58,453 - root - INFO - Eliminated dead code from the graph
[titan] 2026-10-03 03:32:58,471 - root - INFO - Removed 57 back-to-back transpose node(s) from the graph
[titan] 2026-10-03 03:32:58,471 - root - INFO - Removed 3 identity slice node(s)
[titan] 2026-10-03 03:32:58,482 - root - INFO - Removed 61 identity view/reshape node(s) from the graph
[titan] 2026-10-03 03:32:58,508 - root - INFO - Removed 57 back-to-back transpose node(s) from the graph
[titan] 2026-10-03 03:32:58,508 - root - INFO - Removed 3 identity slice node(s)
[titan] 2026-10-03 03:32:58,522 - root - INFO - Normalized 158 view op(s) to reshape
[titan] 2026-10-03 03:32:58,551 - root - INFO - Canonicalized 4 duplicate FSDP unshard chain(s)
[titan] 2026-10-03 03:32:58,560 - root - INFO - Normalized 158 view op(s) to reshape
[titan] 2026-10-03 03:32:58,586 - root - INFO - Applied selective activation checkpointing (SAC) graph pass.
[titan] 2026-10-03 03:32:58,586 - root - INFO -   Forced 4 nodes to MUST_SAVE at layer boundaries
[titan] 2026-10-03 03:32:58,586 - root - INFO -   Layer non-layer: 5 MUST_SAVE, 43 RECOMPUTE
[titan] 2026-10-03 03:32:58,586 - root - INFO -   Layer 0: 12 MUST_SAVE, 160 RECOMPUTE
[titan] 2026-10-03 03:32:58,586 - root - INFO -   Layer 1: 11 MUST_SAVE, 162 RECOMPUTE
[titan] 2026-10-03 03:32:58,589 - root - INFO - Canonicalized 4 duplicate FSDP unshard chain(s)
[titan] 2026-10-03 03:32:58,626 - root - INFO - Applied selective activation checkpointing (SAC) graph pass.
[titan] 2026-10-03 03:32:58,626 - root - INFO -   Forced 4 nodes to MUST_SAVE at layer boundaries
[titan] 2026-10-03 03:32:58,626 - root - INFO -   Layer non-layer: 5 MUST_SAVE, 43 RECOMPUTE
[titan] 2026-10-03 03:32:58,626 - root - INFO -   Layer 0: 12 MUST_SAVE, 160 RECOMPUTE
[titan] 2026-10-03 03:32:58,626 - root - INFO -   Layer 1: 11 MUST_SAVE, 162 RECOMPUTE
[titan] 2026-10-03 03:32:59,188 - root - INFO - FSDP reorder: 8 overlap deps across 8 target nodes
[titan] 2026-10-03 03:32:59,209 - root - INFO - FSDP reorder: 8 overlap deps across 8 target nodes
[titan] 2026-10-03 03:32:59,281 - root - INFO - Applied cudagraph pass.
[titan] 2026-10-03 03:32:59,281 - root - INFO - All 12 graph passes took 0.934s
[titan] 2026-10-03 03:32:59,306 - root - INFO - Applied cudagraph pass.
[titan] 2026-10-03 03:32:59,306 - root - INFO - All 12 graph passes took 0.924s
[rank0]:W1003 03:33:00.148000 2018906 torch/_library/opaque_object.py:314] is_opaque_value is deprecated, use is_custom_class_obj instead
[rank0]:W1003 03:33:00.149000 2018906 torch/_library/opaque_object.py:314] is_opaque_value is deprecated, use is_custom_class_obj instead
[rank0]:W1003 03:33:00.149000 2018906 torch/_library/opaque_object.py:314] is_opaque_value is deprecated, use is_custom_class_obj instead
[rank0]:W1003 03:33:00.149000 2018906 torch/_library/opaque_object.py:314] is_opaque_value is deprecated, use is_custom_class_obj instead
[rank0]:W1003 03:33:00.149000 2018906 torch/_library/opaque_object.py:314] is_opaque_value is deprecated, use is_custom_class_obj instead
[rank0]:W1003 03:33:00.149000 2018906 torch/_library/opaque_object.py:314] is_opaque_value is deprecated, use is_custom_class_obj instead
[rank0]:W1003 03:33:00.149000 2018906 torch/_library/opaque_object.py:314] is_opaque_value is deprecated, use is_custom_class_obj instead
[rank0]:W1003 03:33:00.149000 2018906 torch/_library/opaque_object.py:314] is_opaque_value is deprecated, use is_custom_class_obj instead
[rank0]:W1003 03:33:00.149000 2018906 torch/_library/opaque_object.py:314] is_opaque_value is deprecated, use is_custom_class_obj instead
[rank0]:W1003 03:33:00.149000 2018906 torch/_library/opaque_object.py:314] is_opaque_value is deprecated, use is_custom_class_obj instead
[rank0]:W1003 03:33:00.149000 2018906 torch/_library/opaque_object.py:314] is_opaque_value is deprecated, use is_custom_class_obj instead
[rank0]:W1003 03:33:00.149000 2018906 torch/_library/opaque_object.py:314] is_opaque_value is deprecated, use is_custom_class_obj instead
[rank0]:W1003 03:33:00.149000 2018906 torch/_library/opaque_object.py:314] is_opaque_value is deprecated, use is_custom_class_obj instead
[rank0]:W1003 03:33:00.149000 2018906 torch/_library/opaque_object.py:314] is_opaque_value is deprecated, use is_custom_class_obj instead
[rank0]:W1003 03:33:00.149000 2018906 torch/_library/opaque_object.py:314] is_opaque_value is deprecated, use is_custom_class_obj instead
[rank0]:W1003 03:33:00.149000 2018906 torch/_library/opaque_object.py:314] is_opaque_value is deprecated, use is_custom_class_obj instead
[rank0]:W1003 03:33:00.149000 2018906 torch/_library/opaque_object.py:314] is_opaque_value is deprecated, use is_custom_class_obj instead
[rank0]:W1003 03:33:00.149000 2018906 torch/_library/opaque_object.py:314] is_opaque_value is deprecated, use is_custom_class_obj instead
[rank0]:W1003 03:33:00.149000 2018906 torch/_library/opaque_object.py:314] is_opaque_value is deprecated, use is_custom_class_obj instead
[rank0]:W1003 03:33:00.149000 2018906 torch/_library/opaque_object.py:314] is_opaque_value is deprecated, use is_custom_class_obj instead
[rank0]:W1003 03:33:00.149000 2018906 torch/_library/opaque_object.py:314] is_opaque_value is deprecated, use is_custom_class_obj instead
[rank0]:W1003 03:33:00.149000 2018906 torch/_library/opaque_object.py:314] is_opaque_value is deprecated, use is_custom_class_obj instead
[rank0]:W1003 03:33:00.149000 2018906 torch/_library/opaque_object.py:314] is_opaque_value is deprecated, use is_custom_class_obj instead
[rank0]:W1003 03:33:00.149000 2018906 torch/_library/opaque_object.py:314] is_opaque_value is deprecated, use is_custom_class_obj instead
[rank0]:W1003 03:33:00.149000 2018906 torch/_library/opaque_object.py:314] is_opaque_value is deprecated, use is_custom_class_obj instead
[rank1]:W1003 03:33:00.151000 2018907 torch/_library/opaque_object.py:314] is_opaque_value is deprecated, use is_custom_class_obj instead
[rank1]:W1003 03:33:00.151000 2018907 torch/_library/opaque_object.py:314] is_opaque_value is deprecated, use is_custom_class_obj instead
[rank1]:W1003 03:33:00.151000 2018907 torch/_library/opaque_object.py:314] is_opaque_value is deprecated, use is_custom_class_obj instead
[rank1]:W1003 03:33:00.151000 2018907 torch/_library/opaque_object.py:314] is_opaque_value is deprecated, use is_custom_class_obj instead
[rank1]:W1003 03:33:00.151000 2018907 torch/_library/opaque_object.py:314] is_opaque_value is deprecated, use is_custom_class_obj instead
[rank1]:W1003 03:33:00.152000 2018907 torch/_library/opaque_object.py:314] is_opaque_value is deprecated, use is_custom_class_obj instead
[rank1]:W1003 03:33:00.152000 2018907 torch/_library/opaque_object.py:314] is_opaque_value is deprecated, use is_custom_class_obj instead
[rank1]:W1003 03:33:00.152000 2018907 torch/_library/opaque_object.py:314] is_opaque_value is deprecated, use is_custom_class_obj instead
[rank1]:W1003 03:33:00.152000 2018907 torch/_library/opaque_object.py:314] is_opaque_value is deprecated, use is_custom_class_obj instead
[rank1]:W1003 03:33:00.152000 2018907 torch/_library/opaque_object.py:314] is_opaque_value is deprecated, use is_custom_class_obj instead
[rank1]:W1003 03:33:00.152000 2018907 torch/_library/opaque_object.py:314] is_opaque_value is deprecated, use is_custom_class_obj instead
[rank1]:W1003 03:33:00.152000 2018907 torch/_library/opaque_object.py:314] is_opaque_value is deprecated, use is_custom_class_obj instead
[rank1]:W1003 03:33:00.152000 2018907 torch/_library/opaque_object.py:314] is_opaque_value is deprecated, use is_custom_class_obj instead
[rank1]:W1003 03:33:00.152000 2018907 torch/_library/opaque_object.py:314] is_opaque_value is deprecated, use is_custom_class_obj instead
[rank1]:W1003 03:33:00.152000 2018907 torch/_library/opaque_object.py:314] is_opaque_value is deprecated, use is_custom_class_obj instead
[rank1]:W1003 03:33:00.152000 2018907 torch/_library/opaque_object.py:314] is_opaque_value is deprecated, use is_custom_class_obj instead
[rank1]:W1003 03:33:00.152000 2018907 torch/_library/opaque_object.py:314] is_opaque_value is deprecated, use is_custom_class_obj instead
[rank1]:W1003 03:33:00.152000 2018907 torch/_library/opaque_object.py:314] is_opaque_value is deprecated, use is_custom_class_obj instead
[rank1]:W1003 03:33:00.152000 2018907 torch/_library/opaque_object.py:314] is_opaque_value is deprecated, use is_custom_class_obj instead
[rank1]:W1003 03:33:00.152000 2018907 torch/_library/opaque_object.py:314] is_opaque_value is deprecated, use is_custom_class_obj instead
[rank1]:W1003 03:33:00.152000 2018907 torch/_library/opaque_object.py:314] is_opaque_value is deprecated, use is_custom_class_obj instead
[rank1]:W1003 03:33:00.152000 2018907 torch/_library/opaque_object.py:314] is_opaque_value is deprecated, use is_custom_class_obj instead
[rank1]:W1003 03:33:00.152000 2018907 torch/_library/opaque_object.py:314] is_opaque_value is deprecated, use is_custom_class_obj instead
[rank1]:W1003 03:33:00.152000 2018907 torch/_library/opaque_object.py:314] is_opaque_value is deprecated, use is_custom_class_obj instead
[rank1]:W1003 03:33:00.152000 2018907 torch/_library/opaque_object.py:314] is_opaque_value is deprecated, use is_custom_class_obj instead
[titan] 2026-10-03 03:33:00,311 - root - INFO - [31mstep:  1  [32mloss: 11.10800  [38;2;180;60;0mgrad_norm:  4.2209  [38;2;54;234;195mmemory:  0.04GiB(0.03%)  [34mtps: 30  [36mtflops: 0.00  [35mmfu: 0.00%[39m
[titan] 2026-10-03 03:33:00,311 - root - INFO - [31mstep:  1  [32mloss: 11.10800  [38;2;180;60;0mgrad_norm:  4.2209  [38;2;54;234;195mmemory:  0.04GiB(0.03%)  [34mtps: 30  [36mtflops: 0.00  [35mmfu: 0.00%[39m
[titan] 2026-10-03 03:33:00,311 - root - INFO - Synchronizing and adjusting timeout for all ProcessGroups to 0:02:00
[titan] 2026-10-03 03:33:00,311 - root - INFO - Synchronizing and adjusting timeout for all ProcessGroups to 0:02:00
[titan] 2026-10-03 03:33:00,323 - root - INFO - [31mstep:  2  [32mloss: 11.44127  [38;2;180;60;0mgrad_norm:  4.7674  [38;2;54;234;195mmemory:  0.04GiB(0.03%)  [34mtps: 11,128  [36mtflops: 0.00  [35mmfu: 0.00%[39m
[titan] 2026-10-03 03:33:00,323 - root - INFO - [31mstep:  2  [32mloss: 11.44127  [38;2;180;60;0mgrad_norm:  4.7674  [38;2;54;234;195mmemory:  0.04GiB(0.03%)  [34mtps: 11,040  [36mtflops: 0.00  [35mmfu: 0.00%[39m
[titan] 2026-10-03 03:33:00,333 - root - INFO - [31mstep:  3  [32mloss: 11.57041  [38;2;180;60;0mgrad_norm:  4.2738  [38;2;54;234;195mmemory:  0.04GiB(0.03%)  [34mtps: 13,083  [36mtflops: 0.00  [35mmfu: 0.00%[39m
[titan] 2026-10-03 03:33:00,333 - root - INFO - [31mstep:  3  [32mloss: 11.57041  [38;2;180;60;0mgrad_norm:  4.2738  [38;2;54;234;195mmemory:  0.04GiB(0.03%)  [34mtps: 13,167  [36mtflops: 0.00  [35mmfu: 0.00%[39m
[titan] 2026-10-03 03:33:00,333 - root - INFO - Saving the checkpoint.
[titan] 2026-10-03 03:33:00,333 - root - INFO - Saving a full checkpoint at last step, step 3.
[titan] 2026-10-03 03:33:00,333 - root - INFO - Saving the checkpoint.
[titan] 2026-10-03 03:33:00,333 - root - INFO - Saving a full checkpoint at last step, step 3.
[titan] 2026-10-03 03:33:00,542 - root - INFO - [GC] GC collection invoked by checkpointer. took 0.04 seconds
[titan] 2026-10-03 03:33:00,542 - root - INFO - Last step checkpoint completed in 0.21s
[titan] 2026-10-03 03:33:00,542 - root - INFO - Sleeping 2 seconds for other ranks to complete
[titan] 2026-10-03 03:33:00,546 - root - INFO - [GC] GC collection invoked by checkpointer. took 0.04 seconds
[titan] 2026-10-03 03:33:00,546 - root - INFO - Last step checkpoint completed in 0.21s
[titan] 2026-10-03 03:33:00,547 - root - INFO - Training completed
[titan] 2026-10-03 03:33:02,542 - root - INFO - Training completed
