
*****************************************
Setting OMP_NUM_THREADS environment variable for each process to be 1 in default, to avoid your system being overloaded, please further tune the variable for optimal performance in your application as needed. 
*****************************************
W1003 03:36:38.004000 2021271 torch/utils/_pytree.py:630] <enum 'KernelPreference'> is an Enum subclass and is now natively supported by torch.compile as an opaque value type. Calling register_constant() on Enum subclasses is deprecated and will be an error in a future release.
W1003 03:36:38.016000 2021272 torch/utils/_pytree.py:630] <enum 'KernelPreference'> is an Enum subclass and is now natively supported by torch.compile as an opaque value type. Calling register_constant() on Enum subclasses is deprecated and will be an error in a future release.
W1003 03:36:38.031000 2021271 torch/utils/_pytree.py:630] <enum 'ScaleCalculationMode'> is an Enum subclass and is now natively supported by torch.compile as an opaque value type. Calling register_constant() on Enum subclasses is deprecated and will be an error in a future release.
W1003 03:36:38.043000 2021272 torch/utils/_pytree.py:630] <enum 'ScaleCalculationMode'> is an Enum subclass and is now natively supported by torch.compile as an opaque value type. Calling register_constant() on Enum subclasses is deprecated and will be an error in a future release.
/scratch/specforge-torchtitan-20261003/SpecForge-titan-extensions/specforge/modeling/draft/llama3_eagle.py:33: UserWarning: flash_attn is not found, falling back to flex_attention. Please install flash_attn if you want to use the flash attention backend.
  warnings.warn(
/scratch/specforge-torchtitan-20261003/SpecForge-titan-extensions/specforge/modeling/draft/llama3_eagle.py:33: UserWarning: flash_attn is not found, falling back to flex_attention. Please install flash_attn if you want to use the flash attention backend.
  warnings.warn(
Loading ['model.embed_tokens.weight', 'lm_head.weight'] from model.safetensors...
 -> Loaded Embeddings
 -> Loaded LM Head
Loading ['model.embed_tokens.weight', 'lm_head.weight'] from model.safetensors...
 -> Loaded Embeddings
 -> Loaded LM Head
[titan] 2026-10-03 03:36:40,248 - root - WARNING - ENV[TORCH_NCCL_ASYNC_ERROR_HANDLING] = 1 will be overridden to 3 based on job config
[titan] 2026-10-03 03:36:40,255 - root - INFO - Building device mesh with parallelism: pp=1, dp_replicate=1, dp_shard=2, cp=1, tp=1, ep=1
[titan] 2026-10-03 03:36:40,257 - root - WARNING - ENV[TORCH_NCCL_ASYNC_ERROR_HANDLING] = 1 will be overridden to 3 based on job config
[titan] 2026-10-03 03:36:40,260 - root - INFO - Successfully created meshes with active dimensions: ['batch', 'loss', 'fsdp']
[titan] 2026-10-03 03:36:40,260 - root - INFO - [GC] Initial GC collection took 0.00 seconds
[titan] 2026-10-03 03:36:40,262 - root - INFO - Building specforge dflash2
[titan] 2026-10-03 03:36:40,264 - root - INFO - Building device mesh with parallelism: pp=1, dp_replicate=1, dp_shard=2, cp=1, tp=1, ep=1
[titan] 2026-10-03 03:36:40,268 - root - INFO - Successfully created meshes with active dimensions: ['batch', 'loss', 'fsdp']
[titan] 2026-10-03 03:36:40,269 - root - INFO - [GC] Initial GC collection took 0.00 seconds
[titan] 2026-10-03 03:36:40,270 - root - INFO - CUDA capacity: NVIDIA H200 with 139.80GiB memory
[titan] 2026-10-03 03:36:40,270 - root - WARNING - Error running lspci: [Errno 2] No such file or directory: 'lspci', fallback to use device_name
[titan] 2026-10-03 03:36:40,271 - root - INFO - [34mModel specforge dflash2 [31msize: 30,048 total parameters[39m
[titan] 2026-10-03 03:36:40,271 - root - INFO - Building specforge dflash2
[titan] 2026-10-03 03:36:40,278 - root - INFO - CUDA capacity: NVIDIA H200 with 139.80GiB memory
[titan] 2026-10-03 03:36:40,279 - root - WARNING - Error running lspci: [Errno 2] No such file or directory: 'lspci', fallback to use device_name
[titan] 2026-10-03 03:36:40,279 - root - INFO - [34mModel specforge dflash2 [31msize: 30,048 total parameters[39m
[titan] 2026-10-03 03:36:40,295 - root - INFO - Applied Data Parallel (simple_fsdp) (dp mode=fully_shard) to the model
[titan] 2026-10-03 03:36:40,295 - root - INFO - aot_fx_trace compile mode: graph capture will happen at training time
[titan] 2026-10-03 03:36:40,303 - root - INFO - Applied Data Parallel (simple_fsdp) (dp mode=fully_shard) to the model
[titan] 2026-10-03 03:36:40,303 - root - INFO - aot_fx_trace compile mode: graph capture will happen at training time
[titan] 2026-10-03 03:36:41,955 - root - WARNING - Error running lspci: [Errno 2] No such file or directory: 'lspci', fallback to use device_name
[titan] 2026-10-03 03:36:41,955 - root - INFO - Peak FLOPS used for computing MFU: 9.890e+14
[titan] 2026-10-03 03:36:41,955 - root - INFO - CUDA memory usage for model: 0.00GiB(0.00%)
[titan] 2026-10-03 03:36:41,955 - root - WARNING - Error running lspci: [Errno 2] No such file or directory: 'lspci', fallback to use device_name
[titan] 2026-10-03 03:36:41,955 - root - INFO - Peak FLOPS used for computing MFU: 9.890e+14
[titan] 2026-10-03 03:36:41,955 - root - INFO - CUDA memory usage for model: 0.00GiB(0.00%)
[titan] 2026-10-03 03:36:41,955 - root - INFO - Optimizer AdamW (model_part=0): 36 params [.*] {'fused': True, 'foreach': False, 'lr': 0.002, 'betas': (0.9, 0.999), 'eps': 1e-08, 'weight_decay': 0.0}
[titan] 2026-10-03 03:36:41,956 - root - INFO - Optimizer AdamW (model_part=0): 36 params [.*] {'fused': True, 'foreach': False, 'lr': 0.002, 'betas': (0.9, 0.999), 'eps': 1e-08, 'weight_decay': 0.0}
[titan] 2026-10-03 03:36:41,957 - root - INFO - Checkpointing active. Checkpoints will be loaded from and saved to /scratch/specforge-torchtitan-20261003/graph-probes/graph-full-inductor/checkpoint
[titan] 2026-10-03 03:36:41,957 - root - INFO - Trainer is initialized with local batch size 2, global batch size 8, gradient accumulation steps 2, sequence length 32, total steps 3 (warmup 0)
[titan] 2026-10-03 03:36:41,957 - root - INFO - Checkpointing active. Checkpoints will be loaded from and saved to /scratch/specforge-torchtitan-20261003/graph-probes/graph-full-inductor/checkpoint
[titan] 2026-10-03 03:36:41,957 - root - INFO - Trainer is initialized with local batch size 2, global batch size 8, gradient accumulation steps 2, sequence length 32, total steps 3 (warmup 0)
[titan] 2026-10-03 03:36:41,957 - root - INFO - NUMA binding applied for GPU 0
[titan] 2026-10-03 03:36:41,957 - root - INFO - NUMA binding applied for GPU 1
[titan] 2026-10-03 03:36:41,958 - root - INFO - No checkpoint was provided, this is a fresh start.
[titan] 2026-10-03 03:36:41,958 - root - INFO - Training starts at step 1
[titan] 2026-10-03 03:36:41,958 - root - INFO - No checkpoint was provided, this is a fresh start.
[titan] 2026-10-03 03:36:41,958 - root - INFO - Training starts at step 1
[titan] 2026-10-03 03:36:43,540 - root - INFO - minimal_fx_tracer took 1.558s
[titan] 2026-10-03 03:36:43,541 - root - INFO - Applying 10 graph passes:
  1. functionalize_fused_kernels
  2. eliminate_dead_code_pass
  3. canonicalize_graph_pass
  4. deduplicate_fsdp_unshard_chains_pass
  5. tag_with_memory_policy_pass
  6. apply_cpu_offload_pass
  7. selective_activation_remat_pass
  8. joint_transformer_block_bucketing_reordering_pass
  9. full_inductor_compilation_pass
  10. cudagraph_pass
[titan] 2026-10-03 03:36:43,603 - root - INFO - minimal_fx_tracer took 1.621s
[titan] 2026-10-03 03:36:43,604 - root - INFO - Applying 10 graph passes:
  1. functionalize_fused_kernels
  2. eliminate_dead_code_pass
  3. canonicalize_graph_pass
  4. deduplicate_fsdp_unshard_chains_pass
  5. tag_with_memory_policy_pass
  6. apply_cpu_offload_pass
  7. selective_activation_remat_pass
  8. joint_transformer_block_bucketing_reordering_pass
  9. full_inductor_compilation_pass
  10. cudagraph_pass
[titan] 2026-10-03 03:36:44,909 - root - INFO - Eliminated dead code from the graph
[titan] 2026-10-03 03:36:44,951 - root - INFO - Removed 91 identity view/reshape node(s) from the graph
[titan] 2026-10-03 03:36:44,991 - root - INFO - Removed 71 back-to-back transpose node(s) from the graph
[titan] 2026-10-03 03:36:44,991 - root - INFO - Removed 4 identity slice node(s)
[titan] 2026-10-03 03:36:45,006 - root - INFO - Eliminated dead code from the graph
[titan] 2026-10-03 03:36:45,049 - root - INFO - Removed 91 identity view/reshape node(s) from the graph
[titan] 2026-10-03 03:36:45,070 - root - INFO - Normalized 252 view op(s) to reshape
[titan] 2026-10-03 03:36:45,089 - root - INFO - Removed 71 back-to-back transpose node(s) from the graph
[titan] 2026-10-03 03:36:45,090 - root - INFO - Removed 4 identity slice node(s)
[titan] 2026-10-03 03:36:45,113 - root - INFO - Canonicalized 8 duplicate FSDP unshard chain(s)
[titan] 2026-10-03 03:36:45,165 - root - INFO - Applied selective activation checkpointing (SAC) graph pass.
[titan] 2026-10-03 03:36:45,165 - root - INFO -   Forced 4 nodes to MUST_SAVE at layer boundaries
[titan] 2026-10-03 03:36:45,165 - root - INFO -   Layer non-layer: 6 MUST_SAVE, 50 RECOMPUTE
[titan] 2026-10-03 03:36:45,165 - root - INFO -   Layer 0: 14 MUST_SAVE, 215 RECOMPUTE
[titan] 2026-10-03 03:36:45,165 - root - INFO -   Layer 1: 13 MUST_SAVE, 217 RECOMPUTE
[titan] 2026-10-03 03:36:45,171 - root - INFO - Normalized 252 view op(s) to reshape
[titan] 2026-10-03 03:36:45,215 - root - INFO - Canonicalized 8 duplicate FSDP unshard chain(s)
[titan] 2026-10-03 03:36:45,269 - root - INFO - Applied selective activation checkpointing (SAC) graph pass.
[titan] 2026-10-03 03:36:45,269 - root - INFO -   Forced 4 nodes to MUST_SAVE at layer boundaries
[titan] 2026-10-03 03:36:45,269 - root - INFO -   Layer non-layer: 6 MUST_SAVE, 50 RECOMPUTE
[titan] 2026-10-03 03:36:45,269 - root - INFO -   Layer 0: 14 MUST_SAVE, 215 RECOMPUTE
[titan] 2026-10-03 03:36:45,269 - root - INFO -   Layer 1: 13 MUST_SAVE, 217 RECOMPUTE
[titan] 2026-10-03 03:36:46,040 - root - INFO - FSDP reorder: 8 overlap deps across 8 target nodes
[titan] 2026-10-03 03:36:46,105 - root - INFO - FSDP reorder: 8 overlap deps across 8 target nodes
[titan] 2026-10-03 03:37:07,963 - root - INFO - Applied cudagraph pass.
[titan] 2026-10-03 03:37:07,963 - root - INFO - All 10 graph passes took 24.359s
[titan] 2026-10-03 03:37:08,078 - root - INFO - Applied cudagraph pass.
[titan] 2026-10-03 03:37:08,079 - root - INFO - All 10 graph passes took 24.538s
[rank1]:W1003 03:37:08.138000 2021272 torch/_library/opaque_object.py:314] is_opaque_value is deprecated, use is_custom_class_obj instead
[rank1]:W1003 03:37:08.138000 2021272 torch/_library/opaque_object.py:314] is_opaque_value is deprecated, use is_custom_class_obj instead
[rank1]:W1003 03:37:08.138000 2021272 torch/_library/opaque_object.py:314] is_opaque_value is deprecated, use is_custom_class_obj instead
[rank1]:W1003 03:37:08.138000 2021272 torch/_library/opaque_object.py:314] is_opaque_value is deprecated, use is_custom_class_obj instead
[rank1]:W1003 03:37:08.138000 2021272 torch/_library/opaque_object.py:314] is_opaque_value is deprecated, use is_custom_class_obj instead
[rank1]:W1003 03:37:08.138000 2021272 torch/_library/opaque_object.py:314] is_opaque_value is deprecated, use is_custom_class_obj instead
[rank1]:W1003 03:37:08.138000 2021272 torch/_library/opaque_object.py:314] is_opaque_value is deprecated, use is_custom_class_obj instead
[rank1]:W1003 03:37:08.138000 2021272 torch/_library/opaque_object.py:314] is_opaque_value is deprecated, use is_custom_class_obj instead
[rank1]:W1003 03:37:08.138000 2021272 torch/_library/opaque_object.py:314] is_opaque_value is deprecated, use is_custom_class_obj instead
[rank1]:W1003 03:37:08.138000 2021272 torch/_library/opaque_object.py:314] is_opaque_value is deprecated, use is_custom_class_obj instead
[rank1]:W1003 03:37:08.138000 2021272 torch/_library/opaque_object.py:314] is_opaque_value is deprecated, use is_custom_class_obj instead
[rank1]:W1003 03:37:08.138000 2021272 torch/_library/opaque_object.py:314] is_opaque_value is deprecated, use is_custom_class_obj instead
[rank1]:W1003 03:37:08.138000 2021272 torch/_library/opaque_object.py:314] is_opaque_value is deprecated, use is_custom_class_obj instead
[rank1]:W1003 03:37:08.138000 2021272 torch/_library/opaque_object.py:314] is_opaque_value is deprecated, use is_custom_class_obj instead
[rank1]:W1003 03:37:08.138000 2021272 torch/_library/opaque_object.py:314] is_opaque_value is deprecated, use is_custom_class_obj instead
[rank1]:W1003 03:37:08.138000 2021272 torch/_library/opaque_object.py:314] is_opaque_value is deprecated, use is_custom_class_obj instead
[rank1]:W1003 03:37:08.139000 2021272 torch/_library/opaque_object.py:314] is_opaque_value is deprecated, use is_custom_class_obj instead
[rank1]:W1003 03:37:08.139000 2021272 torch/_library/opaque_object.py:314] is_opaque_value is deprecated, use is_custom_class_obj instead
[rank1]:W1003 03:37:08.139000 2021272 torch/_library/opaque_object.py:314] is_opaque_value is deprecated, use is_custom_class_obj instead
[rank1]:W1003 03:37:08.139000 2021272 torch/_library/opaque_object.py:314] is_opaque_value is deprecated, use is_custom_class_obj instead
[rank1]:W1003 03:37:08.139000 2021272 torch/_library/opaque_object.py:314] is_opaque_value is deprecated, use is_custom_class_obj instead
[rank1]:W1003 03:37:08.139000 2021272 torch/_library/opaque_object.py:314] is_opaque_value is deprecated, use is_custom_class_obj instead
[rank1]:W1003 03:37:08.139000 2021272 torch/_library/opaque_object.py:314] is_opaque_value is deprecated, use is_custom_class_obj instead
[rank1]:W1003 03:37:08.139000 2021272 torch/_library/opaque_object.py:314] is_opaque_value is deprecated, use is_custom_class_obj instead
[rank1]:W1003 03:37:08.139000 2021272 torch/_library/opaque_object.py:314] is_opaque_value is deprecated, use is_custom_class_obj instead
[rank1]:W1003 03:37:08.139000 2021272 torch/_library/opaque_object.py:314] is_opaque_value is deprecated, use is_custom_class_obj instead
[rank1]:W1003 03:37:08.139000 2021272 torch/_library/opaque_object.py:314] is_opaque_value is deprecated, use is_custom_class_obj instead
[rank1]:W1003 03:37:08.139000 2021272 torch/_library/opaque_object.py:314] is_opaque_value is deprecated, use is_custom_class_obj instead
[rank1]:W1003 03:37:08.139000 2021272 torch/_library/opaque_object.py:314] is_opaque_value is deprecated, use is_custom_class_obj instead
[rank1]:W1003 03:37:08.139000 2021272 torch/_library/opaque_object.py:314] is_opaque_value is deprecated, use is_custom_class_obj instead
[rank1]:W1003 03:37:08.139000 2021272 torch/_library/opaque_object.py:314] is_opaque_value is deprecated, use is_custom_class_obj instead
[rank1]:W1003 03:37:08.139000 2021272 torch/_library/opaque_object.py:314] is_opaque_value is deprecated, use is_custom_class_obj instead
[rank1]:W1003 03:37:08.139000 2021272 torch/_library/opaque_object.py:314] is_opaque_value is deprecated, use is_custom_class_obj instead
[rank1]:W1003 03:37:08.139000 2021272 torch/_library/opaque_object.py:314] is_opaque_value is deprecated, use is_custom_class_obj instead
[rank1]:W1003 03:37:08.139000 2021272 torch/_library/opaque_object.py:314] is_opaque_value is deprecated, use is_custom_class_obj instead
[rank1]:W1003 03:37:08.139000 2021272 torch/_library/opaque_object.py:314] is_opaque_value is deprecated, use is_custom_class_obj instead
[rank0]:W1003 03:37:08.140000 2021271 torch/_library/opaque_object.py:314] is_opaque_value is deprecated, use is_custom_class_obj instead
[rank0]:W1003 03:37:08.140000 2021271 torch/_library/opaque_object.py:314] is_opaque_value is deprecated, use is_custom_class_obj instead
[rank0]:W1003 03:37:08.140000 2021271 torch/_library/opaque_object.py:314] is_opaque_value is deprecated, use is_custom_class_obj instead
[rank0]:W1003 03:37:08.140000 2021271 torch/_library/opaque_object.py:314] is_opaque_value is deprecated, use is_custom_class_obj instead
[rank0]:W1003 03:37:08.140000 2021271 torch/_library/opaque_object.py:314] is_opaque_value is deprecated, use is_custom_class_obj instead
[rank0]:W1003 03:37:08.140000 2021271 torch/_library/opaque_object.py:314] is_opaque_value is deprecated, use is_custom_class_obj instead
[rank0]:W1003 03:37:08.140000 2021271 torch/_library/opaque_object.py:314] is_opaque_value is deprecated, use is_custom_class_obj instead
[rank0]:W1003 03:37:08.140000 2021271 torch/_library/opaque_object.py:314] is_opaque_value is deprecated, use is_custom_class_obj instead
[rank0]:W1003 03:37:08.141000 2021271 torch/_library/opaque_object.py:314] is_opaque_value is deprecated, use is_custom_class_obj instead
[rank0]:W1003 03:37:08.141000 2021271 torch/_library/opaque_object.py:314] is_opaque_value is deprecated, use is_custom_class_obj instead
[rank0]:W1003 03:37:08.141000 2021271 torch/_library/opaque_object.py:314] is_opaque_value is deprecated, use is_custom_class_obj instead
[rank0]:W1003 03:37:08.141000 2021271 torch/_library/opaque_object.py:314] is_opaque_value is deprecated, use is_custom_class_obj instead
[rank0]:W1003 03:37:08.141000 2021271 torch/_library/opaque_object.py:314] is_opaque_value is deprecated, use is_custom_class_obj instead
[rank0]:W1003 03:37:08.141000 2021271 torch/_library/opaque_object.py:314] is_opaque_value is deprecated, use is_custom_class_obj instead
[rank0]:W1003 03:37:08.141000 2021271 torch/_library/opaque_object.py:314] is_opaque_value is deprecated, use is_custom_class_obj instead
[rank0]:W1003 03:37:08.141000 2021271 torch/_library/opaque_object.py:314] is_opaque_value is deprecated, use is_custom_class_obj instead
[rank0]:W1003 03:37:08.141000 2021271 torch/_library/opaque_object.py:314] is_opaque_value is deprecated, use is_custom_class_obj instead
[rank0]:W1003 03:37:08.141000 2021271 torch/_library/opaque_object.py:314] is_opaque_value is deprecated, use is_custom_class_obj instead
[rank0]:W1003 03:37:08.141000 2021271 torch/_library/opaque_object.py:314] is_opaque_value is deprecated, use is_custom_class_obj instead
[rank0]:W1003 03:37:08.141000 2021271 torch/_library/opaque_object.py:314] is_opaque_value is deprecated, use is_custom_class_obj instead
[rank0]:W1003 03:37:08.141000 2021271 torch/_library/opaque_object.py:314] is_opaque_value is deprecated, use is_custom_class_obj instead
[rank0]:W1003 03:37:08.141000 2021271 torch/_library/opaque_object.py:314] is_opaque_value is deprecated, use is_custom_class_obj instead
[rank0]:W1003 03:37:08.141000 2021271 torch/_library/opaque_object.py:314] is_opaque_value is deprecated, use is_custom_class_obj instead
[rank0]:W1003 03:37:08.141000 2021271 torch/_library/opaque_object.py:314] is_opaque_value is deprecated, use is_custom_class_obj instead
[rank0]:W1003 03:37:08.141000 2021271 torch/_library/opaque_object.py:314] is_opaque_value is deprecated, use is_custom_class_obj instead
[rank0]:W1003 03:37:08.141000 2021271 torch/_library/opaque_object.py:314] is_opaque_value is deprecated, use is_custom_class_obj instead
[rank0]:W1003 03:37:08.141000 2021271 torch/_library/opaque_object.py:314] is_opaque_value is deprecated, use is_custom_class_obj instead
[rank0]:W1003 03:37:08.141000 2021271 torch/_library/opaque_object.py:314] is_opaque_value is deprecated, use is_custom_class_obj instead
[rank0]:W1003 03:37:08.141000 2021271 torch/_library/opaque_object.py:314] is_opaque_value is deprecated, use is_custom_class_obj instead
[rank0]:W1003 03:37:08.141000 2021271 torch/_library/opaque_object.py:314] is_opaque_value is deprecated, use is_custom_class_obj instead
[rank0]:W1003 03:37:08.141000 2021271 torch/_library/opaque_object.py:314] is_opaque_value is deprecated, use is_custom_class_obj instead
[rank0]:W1003 03:37:08.141000 2021271 torch/_library/opaque_object.py:314] is_opaque_value is deprecated, use is_custom_class_obj instead
[rank0]:W1003 03:37:08.141000 2021271 torch/_library/opaque_object.py:314] is_opaque_value is deprecated, use is_custom_class_obj instead
[rank0]:W1003 03:37:08.141000 2021271 torch/_library/opaque_object.py:314] is_opaque_value is deprecated, use is_custom_class_obj instead
[rank0]:W1003 03:37:08.141000 2021271 torch/_library/opaque_object.py:314] is_opaque_value is deprecated, use is_custom_class_obj instead
[rank0]:W1003 03:37:08.141000 2021271 torch/_library/opaque_object.py:314] is_opaque_value is deprecated, use is_custom_class_obj instead
[titan] 2026-10-03 03:37:08,389 - root - INFO - [31mstep:  1  [32mloss: 11.11073  [38;2;180;60;0mgrad_norm:  4.0935  [38;2;54;234;195mmemory:  0.09GiB(0.07%)  [34mtps: 5  [36mtflops: 0.00  [35mmfu: 0.00%[39m
[titan] 2026-10-03 03:37:08,389 - root - INFO - [31mstep:  1  [32mloss: 11.11073  [38;2;180;60;0mgrad_norm:  4.0935  [38;2;54;234;195mmemory:  0.09GiB(0.07%)  [34mtps: 5  [36mtflops: 0.00  [35mmfu: 0.00%[39m
[titan] 2026-10-03 03:37:08,389 - root - INFO - Synchronizing and adjusting timeout for all ProcessGroups to 0:02:00
[titan] 2026-10-03 03:37:08,389 - root - INFO - Synchronizing and adjusting timeout for all ProcessGroups to 0:02:00
[titan] 2026-10-03 03:37:08,402 - root - INFO - [31mstep:  2  [32mloss: 11.50198  [38;2;180;60;0mgrad_norm:  4.4583  [38;2;54;234;195mmemory:  0.07GiB(0.05%)  [34mtps: 9,870  [36mtflops: 0.00  [35mmfu: 0.00%[39m
[titan] 2026-10-03 03:37:08,402 - root - INFO - [31mstep:  2  [32mloss: 11.50198  [38;2;180;60;0mgrad_norm:  4.4583  [38;2;54;234;195mmemory:  0.07GiB(0.05%)  [34mtps: 9,815  [36mtflops: 0.00  [35mmfu: 0.00%[39m
[titan] 2026-10-03 03:37:08,413 - root - INFO - [31mstep:  3  [32mloss: 11.62487  [38;2;180;60;0mgrad_norm:  3.9038  [38;2;54;234;195mmemory:  0.07GiB(0.05%)  [34mtps: 12,027  [36mtflops: 0.00  [35mmfu: 0.00%[39m
[titan] 2026-10-03 03:37:08,413 - root - INFO - [31mstep:  3  [32mloss: 11.62487  [38;2;180;60;0mgrad_norm:  3.9038  [38;2;54;234;195mmemory:  0.07GiB(0.05%)  [34mtps: 12,055  [36mtflops: 0.00  [35mmfu: 0.00%[39m
[titan] 2026-10-03 03:37:08,413 - root - INFO - Saving the checkpoint.
[titan] 2026-10-03 03:37:08,413 - root - INFO - Saving a full checkpoint at last step, step 3.
[titan] 2026-10-03 03:37:08,413 - root - INFO - Saving the checkpoint.
[titan] 2026-10-03 03:37:08,413 - root - INFO - Saving a full checkpoint at last step, step 3.
[titan] 2026-10-03 03:37:09,173 - root - INFO - [GC] GC collection invoked by checkpointer. took 0.57 seconds
[titan] 2026-10-03 03:37:09,173 - root - INFO - Last step checkpoint completed in 0.76s
[titan] 2026-10-03 03:37:09,174 - root - INFO - Sleeping 2 seconds for other ranks to complete
[titan] 2026-10-03 03:37:09,176 - root - INFO - [GC] GC collection invoked by checkpointer. took 0.57 seconds
[titan] 2026-10-03 03:37:09,177 - root - INFO - Last step checkpoint completed in 0.76s
[titan] 2026-10-03 03:37:09,177 - root - INFO - Training completed
[titan] 2026-10-03 03:37:11,174 - root - INFO - Training completed
