
*****************************************
Setting OMP_NUM_THREADS environment variable for each process to be 1 in default, to avoid your system being overloaded, please further tune the variable for optimal performance in your application as needed. 
*****************************************
W1003 03:39:22.516000 2025120 venv/lib/python3.12/site-packages/torch/utils/_pytree.py:630] <enum 'KernelPreference'> is an Enum subclass and is now natively supported by torch.compile as an opaque value type. Calling register_constant() on Enum subclasses is deprecated and will be an error in a future release.
W1003 03:39:22.519000 2025119 venv/lib/python3.12/site-packages/torch/utils/_pytree.py:630] <enum 'KernelPreference'> is an Enum subclass and is now natively supported by torch.compile as an opaque value type. Calling register_constant() on Enum subclasses is deprecated and will be an error in a future release.
W1003 03:39:22.726000 2025119 venv/lib/python3.12/site-packages/torch/utils/_pytree.py:630] <enum 'ScaleCalculationMode'> is an Enum subclass and is now natively supported by torch.compile as an opaque value type. Calling register_constant() on Enum subclasses is deprecated and will be an error in a future release.
W1003 03:39:22.734000 2025120 venv/lib/python3.12/site-packages/torch/utils/_pytree.py:630] <enum 'ScaleCalculationMode'> is an Enum subclass and is now natively supported by torch.compile as an opaque value type. Calling register_constant() on Enum subclasses is deprecated and will be an error in a future release.
/scratch/specforge-torchtitan-20261003/SpecForge-titan-extensions/specforge/modeling/draft/llama3_eagle.py:33: UserWarning: flash_attn is not found, falling back to flex_attention. Please install flash_attn if you want to use the flash attention backend.
  warnings.warn(
/scratch/specforge-torchtitan-20261003/SpecForge-titan-extensions/specforge/modeling/draft/llama3_eagle.py:33: UserWarning: flash_attn is not found, falling back to flex_attention. Please install flash_attn if you want to use the flash attention backend.
  warnings.warn(
Loading ['model.embed_tokens.weight', 'lm_head.weight'] from model.safetensors...
 -> Loaded Embeddings
 -> Loaded LM Head
Loading ['model.embed_tokens.weight', 'lm_head.weight'] from model.safetensors...
 -> Loaded Embeddings
 -> Loaded LM Head
[titan] 2026-10-03 03:39:25,096 - root - WARNING - ENV[TORCH_NCCL_ASYNC_ERROR_HANDLING] = 1 will be overridden to 3 based on job config
[titan] 2026-10-03 03:39:25,102 - root - WARNING - ENV[TORCH_NCCL_ASYNC_ERROR_HANDLING] = 1 will be overridden to 3 based on job config
[titan] 2026-10-03 03:39:25,102 - root - INFO - Building device mesh with parallelism: pp=1, dp_replicate=1, dp_shard=2, cp=1, tp=1, ep=1
[titan] 2026-10-03 03:39:25,107 - root - INFO - Successfully created meshes with active dimensions: ['batch', 'loss', 'fsdp']
[titan] 2026-10-03 03:39:25,107 - root - INFO - [GC] Initial GC collection took 0.00 seconds
[titan] 2026-10-03 03:39:25,108 - root - INFO - Building specforge dflash
[titan] 2026-10-03 03:39:25,109 - root - INFO - Building device mesh with parallelism: pp=1, dp_replicate=1, dp_shard=2, cp=1, tp=1, ep=1
[titan] 2026-10-03 03:39:25,113 - root - INFO - Successfully created meshes with active dimensions: ['batch', 'loss', 'fsdp']
[titan] 2026-10-03 03:39:25,113 - root - INFO - [GC] Initial GC collection took 0.00 seconds
[titan] 2026-10-03 03:39:25,114 - root - INFO - CUDA capacity: NVIDIA H200 with 139.80GiB memory
[titan] 2026-10-03 03:39:25,115 - root - INFO - Building specforge dflash
[titan] 2026-10-03 03:39:25,115 - root - WARNING - Error running lspci: [Errno 2] No such file or directory: 'lspci', fallback to use device_name
[titan] 2026-10-03 03:39:25,115 - root - INFO - [34mModel specforge dflash [31msize: 24,800 total parameters[39m
[titan] 2026-10-03 03:39:25,120 - root - INFO - CUDA capacity: NVIDIA H200 with 139.80GiB memory
[titan] 2026-10-03 03:39:25,121 - root - WARNING - Error running lspci: [Errno 2] No such file or directory: 'lspci', fallback to use device_name
[titan] 2026-10-03 03:39:25,121 - root - INFO - [34mModel specforge dflash [31msize: 24,800 total parameters[39m
[titan] 2026-10-03 03:39:25,132 - root - INFO - Applied Data Parallel (simple_fsdp) (dp mode=fully_shard) to the model
[titan] 2026-10-03 03:39:25,132 - root - INFO - aot_fx_trace compile mode: graph capture will happen at training time
[titan] 2026-10-03 03:39:25,141 - root - INFO - Applied Data Parallel (simple_fsdp) (dp mode=fully_shard) to the model
[titan] 2026-10-03 03:39:25,142 - root - INFO - aot_fx_trace compile mode: graph capture will happen at training time
[titan] 2026-10-03 03:39:26,308 - root - WARNING - Error running lspci: [Errno 2] No such file or directory: 'lspci', fallback to use device_name
[titan] 2026-10-03 03:39:26,308 - root - INFO - Peak FLOPS used for computing MFU: 9.890e+14
[titan] 2026-10-03 03:39:26,308 - root - WARNING - Error running lspci: [Errno 2] No such file or directory: 'lspci', fallback to use device_name
[titan] 2026-10-03 03:39:26,308 - root - INFO - Peak FLOPS used for computing MFU: 9.890e+14
[titan] 2026-10-03 03:39:26,309 - root - INFO - CUDA memory usage for model: 0.00GiB(0.00%)
[titan] 2026-10-03 03:39:26,309 - root - INFO - CUDA memory usage for model: 0.00GiB(0.00%)
[titan] 2026-10-03 03:39:26,309 - root - INFO - Optimizer AdamW (model_part=0): 25 params [.*] {'fused': True, 'foreach': False, 'lr': 0.002, 'betas': (0.9, 0.999), 'eps': 1e-08, 'weight_decay': 0.0}
[titan] 2026-10-03 03:39:26,309 - root - INFO - Optimizer AdamW (model_part=0): 25 params [.*] {'fused': True, 'foreach': False, 'lr': 0.002, 'betas': (0.9, 0.999), 'eps': 1e-08, 'weight_decay': 0.0}
[titan] 2026-10-03 03:39:26,310 - root - INFO - Checkpointing active. Checkpoints will be loaded from and saved to /scratch/specforge-torchtitan-20261003/graph-probes/graph-oracle-dflash/checkpoint
[titan] 2026-10-03 03:39:26,310 - root - INFO - Trainer is initialized with local batch size 2, global batch size 8, gradient accumulation steps 2, sequence length 32, total steps 3 (warmup 0)
[titan] 2026-10-03 03:39:26,310 - root - INFO - Checkpointing active. Checkpoints will be loaded from and saved to /scratch/specforge-torchtitan-20261003/graph-probes/graph-oracle-dflash/checkpoint
[titan] 2026-10-03 03:39:26,310 - root - INFO - Trainer is initialized with local batch size 2, global batch size 8, gradient accumulation steps 2, sequence length 32, total steps 3 (warmup 0)
[titan] 2026-10-03 03:39:26,310 - root - INFO - NUMA binding applied for GPU 1
[titan] 2026-10-03 03:39:26,312 - root - INFO - No checkpoint was provided, this is a fresh start.
[titan] 2026-10-03 03:39:26,312 - root - INFO - Training starts at step 1
[titan] 2026-10-03 03:39:26,311 - root - INFO - NUMA binding applied for GPU 0
[titan] 2026-10-03 03:39:26,312 - root - INFO - No checkpoint was provided, this is a fresh start.
[titan] 2026-10-03 03:39:26,312 - root - INFO - Training starts at step 1
[titan] 2026-10-03 03:39:27,492 - root - INFO - minimal_fx_tracer took 1.143s
[titan] 2026-10-03 03:39:27,498 - root - INFO - minimal_fx_tracer took 1.149s
[titan] 2026-10-03 03:39:28,491 - root - INFO - [31mstep:  1  [32mloss: 11.10800  [38;2;180;60;0mgrad_norm:  4.2209  [38;2;54;234;195mmemory:  0.03GiB(0.02%)  [34mtps: 38  [36mtflops: 0.00  [35mmfu: 0.00%[39m
[titan] 2026-10-03 03:39:28,491 - root - INFO - [31mstep:  1  [32mloss: 11.10800  [38;2;180;60;0mgrad_norm:  4.2209  [38;2;54;234;195mmemory:  0.03GiB(0.02%)  [34mtps: 38  [36mtflops: 0.00  [35mmfu: 0.00%[39m
[titan] 2026-10-03 03:39:28,491 - root - INFO - Synchronizing and adjusting timeout for all ProcessGroups to 0:02:00
[titan] 2026-10-03 03:39:28,491 - root - INFO - Synchronizing and adjusting timeout for all ProcessGroups to 0:02:00
[titan] 2026-10-03 03:39:28,529 - root - INFO - [31mstep:  2  [32mloss: 11.44127  [38;2;180;60;0mgrad_norm:  4.7674  [38;2;54;234;195mmemory:  0.03GiB(0.02%)  [34mtps: 3,366  [36mtflops: 0.00  [35mmfu: 0.00%[39m
[titan] 2026-10-03 03:39:28,529 - root - INFO - [31mstep:  2  [32mloss: 11.44127  [38;2;180;60;0mgrad_norm:  4.7674  [38;2;54;234;195mmemory:  0.03GiB(0.02%)  [34mtps: 3,355  [36mtflops: 0.00  [35mmfu: 0.00%[39m
[titan] 2026-10-03 03:39:28,569 - root - INFO - [31mstep:  3  [32mloss: 11.57041  [38;2;180;60;0mgrad_norm:  4.2738  [38;2;54;234;195mmemory:  0.03GiB(0.02%)  [34mtps: 3,234  [36mtflops: 0.00  [35mmfu: 0.00%[39m
[titan] 2026-10-03 03:39:28,569 - root - INFO - [31mstep:  3  [32mloss: 11.57041  [38;2;180;60;0mgrad_norm:  4.2738  [38;2;54;234;195mmemory:  0.03GiB(0.02%)  [34mtps: 3,236  [36mtflops: 0.00  [35mmfu: 0.00%[39m
[titan] 2026-10-03 03:39:28,569 - root - INFO - Saving the checkpoint.
[titan] 2026-10-03 03:39:28,569 - root - INFO - Saving a full checkpoint at last step, step 3.
[titan] 2026-10-03 03:39:28,569 - root - INFO - Saving the checkpoint.
[titan] 2026-10-03 03:39:28,569 - root - INFO - Saving a full checkpoint at last step, step 3.
[titan] 2026-10-03 03:39:28,767 - root - INFO - [GC] GC collection invoked by checkpointer. took 0.03 seconds
[titan] 2026-10-03 03:39:28,768 - root - INFO - Last step checkpoint completed in 0.20s
[titan] 2026-10-03 03:39:28,768 - root - INFO - Sleeping 2 seconds for other ranks to complete
[titan] 2026-10-03 03:39:28,788 - root - INFO - [GC] GC collection invoked by checkpointer. took 0.04 seconds
[titan] 2026-10-03 03:39:28,788 - root - INFO - Last step checkpoint completed in 0.22s
[titan] 2026-10-03 03:39:28,788 - root - INFO - Training completed
[titan] 2026-10-03 03:39:30,768 - root - INFO - Training completed
