
*****************************************
Setting OMP_NUM_THREADS environment variable for each process to be 1 in default, to avoid your system being overloaded, please further tune the variable for optimal performance in your application as needed. 
*****************************************
W1003 03:33:47.125000 2019414 torch/utils/_pytree.py:630] <enum 'KernelPreference'> is an Enum subclass and is now natively supported by torch.compile as an opaque value type. Calling register_constant() on Enum subclasses is deprecated and will be an error in a future release.
W1003 03:33:47.134000 2019415 torch/utils/_pytree.py:630] <enum 'KernelPreference'> is an Enum subclass and is now natively supported by torch.compile as an opaque value type. Calling register_constant() on Enum subclasses is deprecated and will be an error in a future release.
W1003 03:33:47.153000 2019414 torch/utils/_pytree.py:630] <enum 'ScaleCalculationMode'> is an Enum subclass and is now natively supported by torch.compile as an opaque value type. Calling register_constant() on Enum subclasses is deprecated and will be an error in a future release.
W1003 03:33:47.161000 2019415 torch/utils/_pytree.py:630] <enum 'ScaleCalculationMode'> is an Enum subclass and is now natively supported by torch.compile as an opaque value type. Calling register_constant() on Enum subclasses is deprecated and will be an error in a future release.
/scratch/specforge-torchtitan-20261003/SpecForge-titan-extensions/specforge/modeling/draft/llama3_eagle.py:33: UserWarning: flash_attn is not found, falling back to flex_attention. Please install flash_attn if you want to use the flash attention backend.
  warnings.warn(
/scratch/specforge-torchtitan-20261003/SpecForge-titan-extensions/specforge/modeling/draft/llama3_eagle.py:33: UserWarning: flash_attn is not found, falling back to flex_attention. Please install flash_attn if you want to use the flash attention backend.
  warnings.warn(
Loading ['model.embed_tokens.weight', 'lm_head.weight'] from model.safetensors...Loading ['model.embed_tokens.weight', 'lm_head.weight'] from model.safetensors...

 -> Loaded Embeddings -> Loaded Embeddings

 -> Loaded LM Head -> Loaded LM Head

[titan] 2026-10-03 03:33:49,346 - root - WARNING - ENV[TORCH_NCCL_ASYNC_ERROR_HANDLING] = 1 will be overridden to 3 based on job config
[titan] 2026-10-03 03:33:49,346 - root - WARNING - ENV[TORCH_NCCL_ASYNC_ERROR_HANDLING] = 1 will be overridden to 3 based on job config
[titan] 2026-10-03 03:33:49,353 - root - INFO - Building device mesh with parallelism: pp=1, dp_replicate=1, dp_shard=2, cp=1, tp=1, ep=1
[titan] 2026-10-03 03:33:49,353 - root - INFO - Building device mesh with parallelism: pp=1, dp_replicate=1, dp_shard=2, cp=1, tp=1, ep=1
[titan] 2026-10-03 03:33:49,358 - root - INFO - Successfully created meshes with active dimensions: ['batch', 'loss', 'fsdp']
[titan] 2026-10-03 03:33:49,358 - root - INFO - Successfully created meshes with active dimensions: ['batch', 'loss', 'fsdp']
[titan] 2026-10-03 03:33:49,359 - root - INFO - [GC] Initial GC collection took 0.00 seconds
[titan] 2026-10-03 03:33:49,359 - root - INFO - [GC] Initial GC collection took 0.00 seconds
[titan] 2026-10-03 03:33:49,360 - root - INFO - Building specforge dflash2
[titan] 2026-10-03 03:33:49,360 - root - INFO - Building specforge dflash2
[titan] 2026-10-03 03:33:49,368 - root - INFO - CUDA capacity: NVIDIA H200 with 139.80GiB memory
[titan] 2026-10-03 03:33:49,368 - root - INFO - CUDA capacity: NVIDIA H200 with 139.80GiB memory
[titan] 2026-10-03 03:33:49,368 - root - WARNING - Error running lspci: [Errno 2] No such file or directory: 'lspci', fallback to use device_name
[titan] 2026-10-03 03:33:49,369 - root - WARNING - Error running lspci: [Errno 2] No such file or directory: 'lspci', fallback to use device_name
[titan] 2026-10-03 03:33:49,369 - root - INFO - [34mModel specforge dflash2 [31msize: 30,048 total parameters[39m
[titan] 2026-10-03 03:33:49,369 - root - INFO - [34mModel specforge dflash2 [31msize: 30,048 total parameters[39m
[titan] 2026-10-03 03:33:49,393 - root - INFO - Applied Data Parallel (simple_fsdp) (dp mode=fully_shard) to the model
[titan] 2026-10-03 03:33:49,393 - root - INFO - aot_fx_trace compile mode: graph capture will happen at training time
[titan] 2026-10-03 03:33:49,395 - root - INFO - Applied Data Parallel (simple_fsdp) (dp mode=fully_shard) to the model
[titan] 2026-10-03 03:33:49,395 - root - INFO - aot_fx_trace compile mode: graph capture will happen at training time
[titan] 2026-10-03 03:33:52,819 - root - WARNING - Error running lspci: [Errno 2] No such file or directory: 'lspci', fallback to use device_name
[titan] 2026-10-03 03:33:52,819 - root - INFO - Peak FLOPS used for computing MFU: 9.890e+14
[titan] 2026-10-03 03:33:52,819 - root - INFO - CUDA memory usage for model: 0.00GiB(0.00%)
[titan] 2026-10-03 03:33:52,820 - root - INFO - Optimizer AdamW (model_part=0): 36 params [.*] {'fused': True, 'foreach': False, 'lr': 0.002, 'betas': (0.9, 0.999), 'eps': 1e-08, 'weight_decay': 0.0}
[titan] 2026-10-03 03:33:52,820 - root - WARNING - Error running lspci: [Errno 2] No such file or directory: 'lspci', fallback to use device_name
[titan] 2026-10-03 03:33:52,820 - root - INFO - Peak FLOPS used for computing MFU: 9.890e+14
[titan] 2026-10-03 03:33:52,820 - root - INFO - CUDA memory usage for model: 0.00GiB(0.00%)
[titan] 2026-10-03 03:33:52,821 - root - INFO - Optimizer AdamW (model_part=0): 36 params [.*] {'fused': True, 'foreach': False, 'lr': 0.002, 'betas': (0.9, 0.999), 'eps': 1e-08, 'weight_decay': 0.0}
[titan] 2026-10-03 03:33:52,821 - root - INFO - Checkpointing active. Checkpoints will be loaded from and saved to /scratch/specforge-torchtitan-20261003/graph-probes/graph-resume/checkpoint
[titan] 2026-10-03 03:33:52,821 - root - INFO - Trainer is initialized with local batch size 2, global batch size 8, gradient accumulation steps 2, sequence length 32, total steps 3 (warmup 0)
[titan] 2026-10-03 03:33:52,822 - root - INFO - Checkpointing active. Checkpoints will be loaded from and saved to /scratch/specforge-torchtitan-20261003/graph-probes/graph-resume/checkpoint
[titan] 2026-10-03 03:33:52,822 - root - INFO - Trainer is initialized with local batch size 2, global batch size 8, gradient accumulation steps 2, sequence length 32, total steps 3 (warmup 0)
[titan] 2026-10-03 03:33:52,822 - root - INFO - NUMA binding applied for GPU 0
[titan] 2026-10-03 03:33:52,824 - root - INFO - Loading the checkpoint from /scratch/specforge-torchtitan-20261003/graph-probes/graph-cut/checkpoint/step-1.
[titan] 2026-10-03 03:33:52,823 - root - INFO - NUMA binding applied for GPU 1
[titan] 2026-10-03 03:33:52,825 - root - INFO - Loading the checkpoint from /scratch/specforge-torchtitan-20261003/graph-probes/graph-cut/checkpoint/step-1.
[titan] 2026-10-03 03:33:53,225 - root - INFO - [GC] GC collection for checkpoint loading. took 0.00 seconds
[titan] 2026-10-03 03:33:53,225 - root - INFO - Finished loading the checkpoint in 0.40 seconds.
[titan] 2026-10-03 03:33:53,225 - root - INFO - Training starts at step 2
[titan] 2026-10-03 03:33:53,225 - root - INFO - [GC] GC collection for checkpoint loading. took 0.00 seconds
[titan] 2026-10-03 03:33:53,225 - root - INFO - Finished loading the checkpoint in 0.40 seconds.
[titan] 2026-10-03 03:33:53,225 - root - INFO - Training starts at step 2
[titan] 2026-10-03 03:33:54,767 - root - INFO - minimal_fx_tracer took 1.519s
[titan] 2026-10-03 03:33:54,767 - root - INFO - Applying 12 graph passes:
  1. functionalize_fused_kernels
  2. eliminate_dead_code_pass
  3. canonicalize_graph_pass
  4. deduplicate_fsdp_unshard_chains_pass
  5. tag_with_memory_policy_pass
  6. apply_cpu_offload_pass
  7. selective_activation_remat_pass
  8. joint_transformer_block_bucketing_reordering_pass
  9. annotate_flex_attention_for_regional_inductor_pass
  10. regional_inductor_pass
  11. insert_kernel_annotations_pass
  12. cudagraph_pass
[titan] 2026-10-03 03:33:54,786 - root - INFO - minimal_fx_tracer took 1.538s
[titan] 2026-10-03 03:33:54,786 - root - INFO - Applying 12 graph passes:
  1. functionalize_fused_kernels
  2. eliminate_dead_code_pass
  3. canonicalize_graph_pass
  4. deduplicate_fsdp_unshard_chains_pass
  5. tag_with_memory_policy_pass
  6. apply_cpu_offload_pass
  7. selective_activation_remat_pass
  8. joint_transformer_block_bucketing_reordering_pass
  9. annotate_flex_attention_for_regional_inductor_pass
  10. regional_inductor_pass
  11. insert_kernel_annotations_pass
  12. cudagraph_pass
[titan] 2026-10-03 03:33:56,170 - root - INFO - Eliminated dead code from the graph
[titan] 2026-10-03 03:33:56,212 - root - INFO - Removed 91 identity view/reshape node(s) from the graph
[titan] 2026-10-03 03:33:56,216 - root - INFO - Eliminated dead code from the graph
[titan] 2026-10-03 03:33:56,253 - root - INFO - Removed 71 back-to-back transpose node(s) from the graph
[titan] 2026-10-03 03:33:56,254 - root - INFO - Removed 4 identity slice node(s)
[titan] 2026-10-03 03:33:56,260 - root - INFO - Removed 91 identity view/reshape node(s) from the graph
[titan] 2026-10-03 03:33:56,301 - root - INFO - Removed 71 back-to-back transpose node(s) from the graph
[titan] 2026-10-03 03:33:56,301 - root - INFO - Removed 4 identity slice node(s)
[titan] 2026-10-03 03:33:56,334 - root - INFO - Normalized 252 view op(s) to reshape
[titan] 2026-10-03 03:33:56,377 - root - INFO - Canonicalized 8 duplicate FSDP unshard chain(s)
[titan] 2026-10-03 03:33:56,384 - root - INFO - Normalized 252 view op(s) to reshape
[titan] 2026-10-03 03:33:56,429 - root - INFO - Canonicalized 8 duplicate FSDP unshard chain(s)
[titan] 2026-10-03 03:33:56,430 - root - INFO - Applied selective activation checkpointing (SAC) graph pass.
[titan] 2026-10-03 03:33:56,430 - root - INFO -   Forced 4 nodes to MUST_SAVE at layer boundaries
[titan] 2026-10-03 03:33:56,430 - root - INFO -   Layer non-layer: 6 MUST_SAVE, 50 RECOMPUTE
[titan] 2026-10-03 03:33:56,430 - root - INFO -   Layer 0: 14 MUST_SAVE, 215 RECOMPUTE
[titan] 2026-10-03 03:33:56,430 - root - INFO -   Layer 1: 13 MUST_SAVE, 217 RECOMPUTE
[titan] 2026-10-03 03:33:56,483 - root - INFO - Applied selective activation checkpointing (SAC) graph pass.
[titan] 2026-10-03 03:33:56,483 - root - INFO -   Forced 4 nodes to MUST_SAVE at layer boundaries
[titan] 2026-10-03 03:33:56,483 - root - INFO -   Layer non-layer: 6 MUST_SAVE, 50 RECOMPUTE
[titan] 2026-10-03 03:33:56,483 - root - INFO -   Layer 0: 14 MUST_SAVE, 215 RECOMPUTE
[titan] 2026-10-03 03:33:56,483 - root - INFO -   Layer 1: 13 MUST_SAVE, 217 RECOMPUTE
[titan] 2026-10-03 03:33:57,219 - root - INFO - FSDP reorder: 8 overlap deps across 8 target nodes
[titan] 2026-10-03 03:33:57,283 - root - INFO - FSDP reorder: 8 overlap deps across 8 target nodes
[titan] 2026-10-03 03:33:57,352 - root - INFO - Applied cudagraph pass.
[titan] 2026-10-03 03:33:57,352 - root - INFO - All 12 graph passes took 2.585s
[titan] 2026-10-03 03:33:57,420 - root - INFO - Applied cudagraph pass.
[titan] 2026-10-03 03:33:57,420 - root - INFO - All 12 graph passes took 2.633s
[rank1]:W1003 03:33:58.296000 2019415 torch/_library/opaque_object.py:314] is_opaque_value is deprecated, use is_custom_class_obj instead
[rank1]:W1003 03:33:58.297000 2019415 torch/_library/opaque_object.py:314] is_opaque_value is deprecated, use is_custom_class_obj instead
[rank1]:W1003 03:33:58.297000 2019415 torch/_library/opaque_object.py:314] is_opaque_value is deprecated, use is_custom_class_obj instead
[rank1]:W1003 03:33:58.297000 2019415 torch/_library/opaque_object.py:314] is_opaque_value is deprecated, use is_custom_class_obj instead
[rank1]:W1003 03:33:58.297000 2019415 torch/_library/opaque_object.py:314] is_opaque_value is deprecated, use is_custom_class_obj instead
[rank1]:W1003 03:33:58.297000 2019415 torch/_library/opaque_object.py:314] is_opaque_value is deprecated, use is_custom_class_obj instead
[rank1]:W1003 03:33:58.297000 2019415 torch/_library/opaque_object.py:314] is_opaque_value is deprecated, use is_custom_class_obj instead
[rank1]:W1003 03:33:58.297000 2019415 torch/_library/opaque_object.py:314] is_opaque_value is deprecated, use is_custom_class_obj instead
[rank1]:W1003 03:33:58.297000 2019415 torch/_library/opaque_object.py:314] is_opaque_value is deprecated, use is_custom_class_obj instead
[rank1]:W1003 03:33:58.297000 2019415 torch/_library/opaque_object.py:314] is_opaque_value is deprecated, use is_custom_class_obj instead
[rank1]:W1003 03:33:58.297000 2019415 torch/_library/opaque_object.py:314] is_opaque_value is deprecated, use is_custom_class_obj instead
[rank1]:W1003 03:33:58.297000 2019415 torch/_library/opaque_object.py:314] is_opaque_value is deprecated, use is_custom_class_obj instead
[rank1]:W1003 03:33:58.297000 2019415 torch/_library/opaque_object.py:314] is_opaque_value is deprecated, use is_custom_class_obj instead
[rank1]:W1003 03:33:58.297000 2019415 torch/_library/opaque_object.py:314] is_opaque_value is deprecated, use is_custom_class_obj instead
[rank1]:W1003 03:33:58.297000 2019415 torch/_library/opaque_object.py:314] is_opaque_value is deprecated, use is_custom_class_obj instead
[rank1]:W1003 03:33:58.297000 2019415 torch/_library/opaque_object.py:314] is_opaque_value is deprecated, use is_custom_class_obj instead
[rank1]:W1003 03:33:58.298000 2019415 torch/_library/opaque_object.py:314] is_opaque_value is deprecated, use is_custom_class_obj instead
[rank1]:W1003 03:33:58.298000 2019415 torch/_library/opaque_object.py:314] is_opaque_value is deprecated, use is_custom_class_obj instead
[rank1]:W1003 03:33:58.298000 2019415 torch/_library/opaque_object.py:314] is_opaque_value is deprecated, use is_custom_class_obj instead
[rank1]:W1003 03:33:58.298000 2019415 torch/_library/opaque_object.py:314] is_opaque_value is deprecated, use is_custom_class_obj instead
[rank1]:W1003 03:33:58.298000 2019415 torch/_library/opaque_object.py:314] is_opaque_value is deprecated, use is_custom_class_obj instead
[rank1]:W1003 03:33:58.298000 2019415 torch/_library/opaque_object.py:314] is_opaque_value is deprecated, use is_custom_class_obj instead
[rank1]:W1003 03:33:58.298000 2019415 torch/_library/opaque_object.py:314] is_opaque_value is deprecated, use is_custom_class_obj instead
[rank1]:W1003 03:33:58.298000 2019415 torch/_library/opaque_object.py:314] is_opaque_value is deprecated, use is_custom_class_obj instead
[rank1]:W1003 03:33:58.298000 2019415 torch/_library/opaque_object.py:314] is_opaque_value is deprecated, use is_custom_class_obj instead
[rank1]:W1003 03:33:58.298000 2019415 torch/_library/opaque_object.py:314] is_opaque_value is deprecated, use is_custom_class_obj instead
[rank1]:W1003 03:33:58.298000 2019415 torch/_library/opaque_object.py:314] is_opaque_value is deprecated, use is_custom_class_obj instead
[rank1]:W1003 03:33:58.298000 2019415 torch/_library/opaque_object.py:314] is_opaque_value is deprecated, use is_custom_class_obj instead
[rank1]:W1003 03:33:58.298000 2019415 torch/_library/opaque_object.py:314] is_opaque_value is deprecated, use is_custom_class_obj instead
[rank1]:W1003 03:33:58.298000 2019415 torch/_library/opaque_object.py:314] is_opaque_value is deprecated, use is_custom_class_obj instead
[rank1]:W1003 03:33:58.298000 2019415 torch/_library/opaque_object.py:314] is_opaque_value is deprecated, use is_custom_class_obj instead
[rank1]:W1003 03:33:58.298000 2019415 torch/_library/opaque_object.py:314] is_opaque_value is deprecated, use is_custom_class_obj instead
[rank1]:W1003 03:33:58.298000 2019415 torch/_library/opaque_object.py:314] is_opaque_value is deprecated, use is_custom_class_obj instead
[rank1]:W1003 03:33:58.298000 2019415 torch/_library/opaque_object.py:314] is_opaque_value is deprecated, use is_custom_class_obj instead
[rank1]:W1003 03:33:58.298000 2019415 torch/_library/opaque_object.py:314] is_opaque_value is deprecated, use is_custom_class_obj instead
[rank1]:W1003 03:33:58.298000 2019415 torch/_library/opaque_object.py:314] is_opaque_value is deprecated, use is_custom_class_obj instead
[rank0]:W1003 03:33:58.298000 2019414 torch/_library/opaque_object.py:314] is_opaque_value is deprecated, use is_custom_class_obj instead
[rank0]:W1003 03:33:58.299000 2019414 torch/_library/opaque_object.py:314] is_opaque_value is deprecated, use is_custom_class_obj instead
[rank0]:W1003 03:33:58.299000 2019414 torch/_library/opaque_object.py:314] is_opaque_value is deprecated, use is_custom_class_obj instead
[rank0]:W1003 03:33:58.299000 2019414 torch/_library/opaque_object.py:314] is_opaque_value is deprecated, use is_custom_class_obj instead
[rank0]:W1003 03:33:58.299000 2019414 torch/_library/opaque_object.py:314] is_opaque_value is deprecated, use is_custom_class_obj instead
[rank0]:W1003 03:33:58.299000 2019414 torch/_library/opaque_object.py:314] is_opaque_value is deprecated, use is_custom_class_obj instead
[rank0]:W1003 03:33:58.299000 2019414 torch/_library/opaque_object.py:314] is_opaque_value is deprecated, use is_custom_class_obj instead
[rank0]:W1003 03:33:58.299000 2019414 torch/_library/opaque_object.py:314] is_opaque_value is deprecated, use is_custom_class_obj instead
[rank0]:W1003 03:33:58.299000 2019414 torch/_library/opaque_object.py:314] is_opaque_value is deprecated, use is_custom_class_obj instead
[rank0]:W1003 03:33:58.299000 2019414 torch/_library/opaque_object.py:314] is_opaque_value is deprecated, use is_custom_class_obj instead
[rank0]:W1003 03:33:58.299000 2019414 torch/_library/opaque_object.py:314] is_opaque_value is deprecated, use is_custom_class_obj instead
[rank0]:W1003 03:33:58.299000 2019414 torch/_library/opaque_object.py:314] is_opaque_value is deprecated, use is_custom_class_obj instead
[rank0]:W1003 03:33:58.299000 2019414 torch/_library/opaque_object.py:314] is_opaque_value is deprecated, use is_custom_class_obj instead
[rank0]:W1003 03:33:58.299000 2019414 torch/_library/opaque_object.py:314] is_opaque_value is deprecated, use is_custom_class_obj instead
[rank0]:W1003 03:33:58.299000 2019414 torch/_library/opaque_object.py:314] is_opaque_value is deprecated, use is_custom_class_obj instead
[rank0]:W1003 03:33:58.299000 2019414 torch/_library/opaque_object.py:314] is_opaque_value is deprecated, use is_custom_class_obj instead
[rank0]:W1003 03:33:58.299000 2019414 torch/_library/opaque_object.py:314] is_opaque_value is deprecated, use is_custom_class_obj instead
[rank0]:W1003 03:33:58.299000 2019414 torch/_library/opaque_object.py:314] is_opaque_value is deprecated, use is_custom_class_obj instead
[rank0]:W1003 03:33:58.299000 2019414 torch/_library/opaque_object.py:314] is_opaque_value is deprecated, use is_custom_class_obj instead
[rank0]:W1003 03:33:58.299000 2019414 torch/_library/opaque_object.py:314] is_opaque_value is deprecated, use is_custom_class_obj instead
[rank0]:W1003 03:33:58.299000 2019414 torch/_library/opaque_object.py:314] is_opaque_value is deprecated, use is_custom_class_obj instead
[rank0]:W1003 03:33:58.299000 2019414 torch/_library/opaque_object.py:314] is_opaque_value is deprecated, use is_custom_class_obj instead
[rank0]:W1003 03:33:58.299000 2019414 torch/_library/opaque_object.py:314] is_opaque_value is deprecated, use is_custom_class_obj instead
[rank0]:W1003 03:33:58.299000 2019414 torch/_library/opaque_object.py:314] is_opaque_value is deprecated, use is_custom_class_obj instead
[rank0]:W1003 03:33:58.299000 2019414 torch/_library/opaque_object.py:314] is_opaque_value is deprecated, use is_custom_class_obj instead
[rank0]:W1003 03:33:58.299000 2019414 torch/_library/opaque_object.py:314] is_opaque_value is deprecated, use is_custom_class_obj instead
[rank0]:W1003 03:33:58.299000 2019414 torch/_library/opaque_object.py:314] is_opaque_value is deprecated, use is_custom_class_obj instead
[rank0]:W1003 03:33:58.299000 2019414 torch/_library/opaque_object.py:314] is_opaque_value is deprecated, use is_custom_class_obj instead
[rank0]:W1003 03:33:58.299000 2019414 torch/_library/opaque_object.py:314] is_opaque_value is deprecated, use is_custom_class_obj instead
[rank0]:W1003 03:33:58.299000 2019414 torch/_library/opaque_object.py:314] is_opaque_value is deprecated, use is_custom_class_obj instead
[rank0]:W1003 03:33:58.299000 2019414 torch/_library/opaque_object.py:314] is_opaque_value is deprecated, use is_custom_class_obj instead
[rank0]:W1003 03:33:58.299000 2019414 torch/_library/opaque_object.py:314] is_opaque_value is deprecated, use is_custom_class_obj instead
[rank0]:W1003 03:33:58.299000 2019414 torch/_library/opaque_object.py:314] is_opaque_value is deprecated, use is_custom_class_obj instead
[rank0]:W1003 03:33:58.299000 2019414 torch/_library/opaque_object.py:314] is_opaque_value is deprecated, use is_custom_class_obj instead
[rank0]:W1003 03:33:58.299000 2019414 torch/_library/opaque_object.py:314] is_opaque_value is deprecated, use is_custom_class_obj instead
[rank0]:W1003 03:33:58.299000 2019414 torch/_library/opaque_object.py:314] is_opaque_value is deprecated, use is_custom_class_obj instead
[titan] 2026-10-03 03:33:58,447 - root - INFO - [31mstep:  2  [32mloss: 11.49722  [38;2;180;60;0mgrad_norm:  4.4946  [38;2;54;234;195mmemory:  0.04GiB(0.03%)  [34mtps: 14  [36mtflops: 0.00  [35mmfu: 0.00%[39m
[titan] 2026-10-03 03:33:58,447 - root - INFO - [31mstep:  2  [32mloss: 11.49722  [38;2;180;60;0mgrad_norm:  4.4946  [38;2;54;234;195mmemory:  0.04GiB(0.03%)  [34mtps: 14  [36mtflops: 0.00  [35mmfu: 0.00%[39m
[titan] 2026-10-03 03:33:58,447 - root - INFO - Synchronizing and adjusting timeout for all ProcessGroups to 0:02:00
[titan] 2026-10-03 03:33:58,447 - root - INFO - Synchronizing and adjusting timeout for all ProcessGroups to 0:02:00
[titan] 2026-10-03 03:33:58,460 - root - INFO - [31mstep:  3  [32mloss: 11.61138  [38;2;180;60;0mgrad_norm:  3.9130  [38;2;54;234;195mmemory:  0.04GiB(0.03%)  [34mtps: 9,701  [36mtflops: 0.00  [35mmfu: 0.00%[39m
[titan] 2026-10-03 03:33:58,460 - root - INFO - [31mstep:  3  [32mloss: 11.61138  [38;2;180;60;0mgrad_norm:  3.9130  [38;2;54;234;195mmemory:  0.04GiB(0.03%)  [34mtps: 9,675  [36mtflops: 0.00  [35mmfu: 0.00%[39m
[titan] 2026-10-03 03:33:58,460 - root - INFO - Saving the checkpoint.
[titan] 2026-10-03 03:33:58,460 - root - INFO - Saving a full checkpoint at last step, step 3.
[titan] 2026-10-03 03:33:58,460 - root - INFO - Saving the checkpoint.
[titan] 2026-10-03 03:33:58,460 - root - INFO - Saving a full checkpoint at last step, step 3.
[titan] 2026-10-03 03:33:58,645 - root - INFO - [GC] GC collection invoked by checkpointer. took 0.11 seconds
[titan] 2026-10-03 03:33:58,645 - root - INFO - Last step checkpoint completed in 0.18s
[titan] 2026-10-03 03:33:58,645 - root - INFO - Sleeping 2 seconds for other ranks to complete
[titan] 2026-10-03 03:33:58,646 - root - INFO - [GC] GC collection invoked by checkpointer. took 0.11 seconds
[titan] 2026-10-03 03:33:58,647 - root - INFO - Last step checkpoint completed in 0.19s
[titan] 2026-10-03 03:33:58,647 - root - INFO - Training completed
[titan] 2026-10-03 03:34:00,645 - root - INFO - Training completed
