
*****************************************
Setting OMP_NUM_THREADS environment variable for each process to be 1 in default, to avoid your system being overloaded, please further tune the variable for optimal performance in your application as needed. 
*****************************************
W1003 03:39:05.357000 2024767 venv/lib/python3.12/site-packages/torch/utils/_pytree.py:630] <enum 'KernelPreference'> is an Enum subclass and is now natively supported by torch.compile as an opaque value type. Calling register_constant() on Enum subclasses is deprecated and will be an error in a future release.
W1003 03:39:05.382000 2024766 venv/lib/python3.12/site-packages/torch/utils/_pytree.py:630] <enum 'KernelPreference'> is an Enum subclass and is now natively supported by torch.compile as an opaque value type. Calling register_constant() on Enum subclasses is deprecated and will be an error in a future release.
W1003 03:39:05.792000 2024767 venv/lib/python3.12/site-packages/torch/utils/_pytree.py:630] <enum 'ScaleCalculationMode'> is an Enum subclass and is now natively supported by torch.compile as an opaque value type. Calling register_constant() on Enum subclasses is deprecated and will be an error in a future release.
W1003 03:39:05.799000 2024766 venv/lib/python3.12/site-packages/torch/utils/_pytree.py:630] <enum 'ScaleCalculationMode'> is an Enum subclass and is now natively supported by torch.compile as an opaque value type. Calling register_constant() on Enum subclasses is deprecated and will be an error in a future release.
/scratch/specforge-torchtitan-20261003/SpecForge-titan-extensions/specforge/modeling/draft/llama3_eagle.py:33: UserWarning: flash_attn is not found, falling back to flex_attention. Please install flash_attn if you want to use the flash attention backend.
  warnings.warn(
/scratch/specforge-torchtitan-20261003/SpecForge-titan-extensions/specforge/modeling/draft/llama3_eagle.py:33: UserWarning: flash_attn is not found, falling back to flex_attention. Please install flash_attn if you want to use the flash attention backend.
  warnings.warn(
Loading ['model.embed_tokens.weight', 'lm_head.weight'] from model.safetensors...
 -> Loaded Embeddings
 -> Loaded LM Head
Loading ['model.embed_tokens.weight', 'lm_head.weight'] from model.safetensors...
 -> Loaded Embeddings
 -> Loaded LM Head
[titan] 2026-10-03 03:39:08,184 - root - WARNING - ENV[TORCH_NCCL_ASYNC_ERROR_HANDLING] = 1 will be overridden to 3 based on job config
[titan] 2026-10-03 03:39:08,189 - root - WARNING - ENV[TORCH_NCCL_ASYNC_ERROR_HANDLING] = 1 will be overridden to 3 based on job config
[titan] 2026-10-03 03:39:08,191 - root - INFO - Building device mesh with parallelism: pp=1, dp_replicate=1, dp_shard=2, cp=1, tp=1, ep=1
[titan] 2026-10-03 03:39:08,195 - root - INFO - Successfully created meshes with active dimensions: ['batch', 'loss', 'fsdp']
[titan] 2026-10-03 03:39:08,196 - root - INFO - [GC] Initial GC collection took 0.00 seconds
[titan] 2026-10-03 03:39:08,197 - root - INFO - Building specforge dflash2
[titan] 2026-10-03 03:39:08,199 - root - INFO - Building device mesh with parallelism: pp=1, dp_replicate=1, dp_shard=2, cp=1, tp=1, ep=1
[titan] 2026-10-03 03:39:08,205 - root - INFO - CUDA capacity: NVIDIA H200 with 139.80GiB memory
[titan] 2026-10-03 03:39:08,206 - root - INFO - Successfully created meshes with active dimensions: ['batch', 'loss', 'fsdp']
[titan] 2026-10-03 03:39:08,206 - root - WARNING - Error running lspci: [Errno 2] No such file or directory: 'lspci', fallback to use device_name
[titan] 2026-10-03 03:39:08,206 - root - INFO - [GC] Initial GC collection took 0.00 seconds
[titan] 2026-10-03 03:39:08,206 - root - INFO - [34mModel specforge dflash2 [31msize: 30,048 total parameters[39m
[titan] 2026-10-03 03:39:08,208 - root - INFO - Building specforge dflash2
[titan] 2026-10-03 03:39:08,218 - root - INFO - CUDA capacity: NVIDIA H200 with 139.80GiB memory
[titan] 2026-10-03 03:39:08,219 - root - WARNING - Error running lspci: [Errno 2] No such file or directory: 'lspci', fallback to use device_name
[titan] 2026-10-03 03:39:08,220 - root - INFO - [34mModel specforge dflash2 [31msize: 30,048 total parameters[39m
[titan] 2026-10-03 03:39:08,230 - root - INFO - Applied Data Parallel (simple_fsdp) (dp mode=fully_shard) to the model
[titan] 2026-10-03 03:39:08,230 - root - INFO - aot_fx_trace compile mode: graph capture will happen at training time
[titan] 2026-10-03 03:39:08,245 - root - INFO - Applied Data Parallel (simple_fsdp) (dp mode=fully_shard) to the model
[titan] 2026-10-03 03:39:08,245 - root - INFO - aot_fx_trace compile mode: graph capture will happen at training time
[titan] 2026-10-03 03:39:09,442 - root - WARNING - Error running lspci: [Errno 2] No such file or directory: 'lspci', fallback to use device_name
[titan] 2026-10-03 03:39:09,442 - root - INFO - Peak FLOPS used for computing MFU: 9.890e+14
[titan] 2026-10-03 03:39:09,442 - root - INFO - CUDA memory usage for model: 0.00GiB(0.00%)
[titan] 2026-10-03 03:39:09,443 - root - INFO - Optimizer AdamW (model_part=0): 36 params [.*] {'fused': True, 'foreach': False, 'lr': 0.002, 'betas': (0.9, 0.999), 'eps': 1e-08, 'weight_decay': 0.0}
[titan] 2026-10-03 03:39:09,443 - root - WARNING - Error running lspci: [Errno 2] No such file or directory: 'lspci', fallback to use device_name
[titan] 2026-10-03 03:39:09,443 - root - INFO - Peak FLOPS used for computing MFU: 9.890e+14
[titan] 2026-10-03 03:39:09,443 - root - INFO - CUDA memory usage for model: 0.00GiB(0.00%)
[titan] 2026-10-03 03:39:09,444 - root - INFO - Optimizer AdamW (model_part=0): 36 params [.*] {'fused': True, 'foreach': False, 'lr': 0.002, 'betas': (0.9, 0.999), 'eps': 1e-08, 'weight_decay': 0.0}
[titan] 2026-10-03 03:39:09,444 - root - INFO - Checkpointing active. Checkpoints will be loaded from and saved to /scratch/specforge-torchtitan-20261003/graph-probes/graph-oracle-dflash2/checkpoint
[titan] 2026-10-03 03:39:09,444 - root - INFO - Trainer is initialized with local batch size 2, global batch size 8, gradient accumulation steps 2, sequence length 32, total steps 3 (warmup 0)
[titan] 2026-10-03 03:39:09,445 - root - INFO - Checkpointing active. Checkpoints will be loaded from and saved to /scratch/specforge-torchtitan-20261003/graph-probes/graph-oracle-dflash2/checkpoint
[titan] 2026-10-03 03:39:09,445 - root - INFO - Trainer is initialized with local batch size 2, global batch size 8, gradient accumulation steps 2, sequence length 32, total steps 3 (warmup 0)
[titan] 2026-10-03 03:39:09,444 - root - INFO - NUMA binding applied for GPU 1
[titan] 2026-10-03 03:39:09,445 - root - INFO - No checkpoint was provided, this is a fresh start.
[titan] 2026-10-03 03:39:09,445 - root - INFO - Training starts at step 1
[titan] 2026-10-03 03:39:09,446 - root - INFO - NUMA binding applied for GPU 0
[titan] 2026-10-03 03:39:09,449 - root - INFO - No checkpoint was provided, this is a fresh start.
[titan] 2026-10-03 03:39:09,449 - root - INFO - Training starts at step 1
[titan] 2026-10-03 03:39:11,049 - root - INFO - minimal_fx_tracer took 1.566s
[titan] 2026-10-03 03:39:11,090 - root - INFO - minimal_fx_tracer took 1.607s
[titan] 2026-10-03 03:39:12,193 - root - INFO - [31mstep:  1  [32mloss: 11.10739  [38;2;180;60;0mgrad_norm:  4.0919  [38;2;54;234;195mmemory:  0.03GiB(0.02%)  [34mtps: 32  [36mtflops: 0.00  [35mmfu: 0.00%[39m
[titan] 2026-10-03 03:39:12,193 - root - INFO - [31mstep:  1  [32mloss: 11.10739  [38;2;180;60;0mgrad_norm:  4.0919  [38;2;54;234;195mmemory:  0.03GiB(0.02%)  [34mtps: 32  [36mtflops: 0.00  [35mmfu: 0.00%[39m
[titan] 2026-10-03 03:39:12,194 - root - INFO - Synchronizing and adjusting timeout for all ProcessGroups to 0:02:00
[titan] 2026-10-03 03:39:12,194 - root - INFO - Synchronizing and adjusting timeout for all ProcessGroups to 0:02:00
[titan] 2026-10-03 03:39:12,257 - root - INFO - [31mstep:  2  [32mloss: 11.49722  [38;2;180;60;0mgrad_norm:  4.4946  [38;2;54;234;195mmemory:  0.03GiB(0.02%)  [34mtps: 2,027  [36mtflops: 0.00  [35mmfu: 0.00%[39m
[titan] 2026-10-03 03:39:12,257 - root - INFO - [31mstep:  2  [32mloss: 11.49722  [38;2;180;60;0mgrad_norm:  4.4946  [38;2;54;234;195mmemory:  0.03GiB(0.02%)  [34mtps: 2,018  [36mtflops: 0.00  [35mmfu: 0.00%[39m
[titan] 2026-10-03 03:39:12,317 - root - INFO - [31mstep:  3  [32mloss: 11.61138  [38;2;180;60;0mgrad_norm:  3.9130  [38;2;54;234;195mmemory:  0.03GiB(0.02%)  [34mtps: 2,118  [36mtflops: 0.00  [35mmfu: 0.00%[39m
[titan] 2026-10-03 03:39:12,318 - root - INFO - [31mstep:  3  [32mloss: 11.61138  [38;2;180;60;0mgrad_norm:  3.9130  [38;2;54;234;195mmemory:  0.03GiB(0.02%)  [34mtps: 2,119  [36mtflops: 0.00  [35mmfu: 0.00%[39m
[titan] 2026-10-03 03:39:12,318 - root - INFO - Saving the checkpoint.
[titan] 2026-10-03 03:39:12,318 - root - INFO - Saving a full checkpoint at last step, step 3.
[titan] 2026-10-03 03:39:12,318 - root - INFO - Saving the checkpoint.
[titan] 2026-10-03 03:39:12,318 - root - INFO - Saving a full checkpoint at last step, step 3.
[titan] 2026-10-03 03:39:12,551 - root - INFO - [GC] GC collection invoked by checkpointer. took 0.04 seconds
[titan] 2026-10-03 03:39:12,552 - root - INFO - Last step checkpoint completed in 0.23s
[titan] 2026-10-03 03:39:12,552 - root - INFO - Sleeping 2 seconds for other ranks to complete
[titan] 2026-10-03 03:39:12,562 - root - INFO - [GC] GC collection invoked by checkpointer. took 0.04 seconds
[titan] 2026-10-03 03:39:12,562 - root - INFO - Last step checkpoint completed in 0.24s
[titan] 2026-10-03 03:39:12,562 - root - INFO - Training completed
[titan] 2026-10-03 03:39:14,552 - root - INFO - Training completed
