
*****************************************
Setting OMP_NUM_THREADS environment variable for each process to be 1 in default, to avoid your system being overloaded, please further tune the variable for optimal performance in your application as needed. 
*****************************************
W1003 03:32:35.195000 2018616 torch/utils/_pytree.py:630] <enum 'KernelPreference'> is an Enum subclass and is now natively supported by torch.compile as an opaque value type. Calling register_constant() on Enum subclasses is deprecated and will be an error in a future release.
W1003 03:32:35.203000 2018617 torch/utils/_pytree.py:630] <enum 'KernelPreference'> is an Enum subclass and is now natively supported by torch.compile as an opaque value type. Calling register_constant() on Enum subclasses is deprecated and will be an error in a future release.
W1003 03:32:35.222000 2018616 torch/utils/_pytree.py:630] <enum 'ScaleCalculationMode'> is an Enum subclass and is now natively supported by torch.compile as an opaque value type. Calling register_constant() on Enum subclasses is deprecated and will be an error in a future release.
W1003 03:32:35.230000 2018617 torch/utils/_pytree.py:630] <enum 'ScaleCalculationMode'> is an Enum subclass and is now natively supported by torch.compile as an opaque value type. Calling register_constant() on Enum subclasses is deprecated and will be an error in a future release.
/scratch/specforge-torchtitan-20261003/SpecForge-titan-extensions/specforge/modeling/draft/llama3_eagle.py:33: UserWarning: flash_attn is not found, falling back to flex_attention. Please install flash_attn if you want to use the flash attention backend.
  warnings.warn(
/scratch/specforge-torchtitan-20261003/SpecForge-titan-extensions/specforge/modeling/draft/llama3_eagle.py:33: UserWarning: flash_attn is not found, falling back to flex_attention. Please install flash_attn if you want to use the flash attention backend.
  warnings.warn(
Loading ['model.embed_tokens.weight', 'lm_head.weight'] from model.safetensors...
Loading ['model.embed_tokens.weight', 'lm_head.weight'] from model.safetensors...
 -> Loaded Embeddings -> Loaded Embeddings

 -> Loaded LM Head -> Loaded LM Head

[titan] 2026-10-03 03:32:37,363 - root - WARNING - ENV[TORCH_NCCL_ASYNC_ERROR_HANDLING] = 1 will be overridden to 3 based on job config
[titan] 2026-10-03 03:32:37,363 - root - WARNING - ENV[TORCH_NCCL_ASYNC_ERROR_HANDLING] = 1 will be overridden to 3 based on job config
[titan] 2026-10-03 03:32:37,370 - root - INFO - Building device mesh with parallelism: pp=1, dp_replicate=1, dp_shard=2, cp=1, tp=1, ep=1
[titan] 2026-10-03 03:32:37,370 - root - INFO - Building device mesh with parallelism: pp=1, dp_replicate=1, dp_shard=2, cp=1, tp=1, ep=1
[titan] 2026-10-03 03:32:37,374 - root - INFO - Successfully created meshes with active dimensions: ['batch', 'loss', 'fsdp']
[titan] 2026-10-03 03:32:37,375 - root - INFO - Successfully created meshes with active dimensions: ['batch', 'loss', 'fsdp']
[titan] 2026-10-03 03:32:37,375 - root - INFO - [GC] Initial GC collection took 0.00 seconds
[titan] 2026-10-03 03:32:37,375 - root - INFO - [GC] Initial GC collection took 0.00 seconds
[titan] 2026-10-03 03:32:37,377 - root - INFO - Building specforge dflash2
[titan] 2026-10-03 03:32:37,377 - root - INFO - Building specforge dflash2
[titan] 2026-10-03 03:32:37,384 - root - INFO - CUDA capacity: NVIDIA H200 with 139.80GiB memory
[titan] 2026-10-03 03:32:37,384 - root - INFO - CUDA capacity: NVIDIA H200 with 139.80GiB memory
[titan] 2026-10-03 03:32:37,385 - root - WARNING - Error running lspci: [Errno 2] No such file or directory: 'lspci', fallback to use device_name
[titan] 2026-10-03 03:32:37,385 - root - WARNING - Error running lspci: [Errno 2] No such file or directory: 'lspci', fallback to use device_name
[titan] 2026-10-03 03:32:37,385 - root - INFO - [34mModel specforge dflash2 [31msize: 30,048 total parameters[39m
[titan] 2026-10-03 03:32:37,385 - root - INFO - [34mModel specforge dflash2 [31msize: 30,048 total parameters[39m
[titan] 2026-10-03 03:32:37,409 - root - INFO - Applied Data Parallel (simple_fsdp) (dp mode=fully_shard) to the model
[titan] 2026-10-03 03:32:37,409 - root - INFO - aot_fx_trace compile mode: graph capture will happen at training time
[titan] 2026-10-03 03:32:37,409 - root - INFO - Applied Data Parallel (simple_fsdp) (dp mode=fully_shard) to the model
[titan] 2026-10-03 03:32:37,409 - root - INFO - aot_fx_trace compile mode: graph capture will happen at training time
[titan] 2026-10-03 03:32:38,597 - root - WARNING - Error running lspci: [Errno 2] No such file or directory: 'lspci', fallback to use device_name
[titan] 2026-10-03 03:32:38,597 - root - INFO - Peak FLOPS used for computing MFU: 9.890e+14
[titan] 2026-10-03 03:32:38,597 - root - INFO - CUDA memory usage for model: 0.00GiB(0.00%)
[titan] 2026-10-03 03:32:38,597 - root - WARNING - Error running lspci: [Errno 2] No such file or directory: 'lspci', fallback to use device_name
[titan] 2026-10-03 03:32:38,597 - root - INFO - Peak FLOPS used for computing MFU: 9.890e+14
[titan] 2026-10-03 03:32:38,598 - root - INFO - Optimizer AdamW (model_part=0): 36 params [.*] {'fused': True, 'foreach': False, 'lr': 0.002, 'betas': (0.9, 0.999), 'eps': 1e-08, 'weight_decay': 0.0}
[titan] 2026-10-03 03:32:38,598 - root - INFO - CUDA memory usage for model: 0.00GiB(0.00%)
[titan] 2026-10-03 03:32:38,598 - root - INFO - Optimizer AdamW (model_part=0): 36 params [.*] {'fused': True, 'foreach': False, 'lr': 0.002, 'betas': (0.9, 0.999), 'eps': 1e-08, 'weight_decay': 0.0}
[titan] 2026-10-03 03:32:38,599 - root - INFO - Checkpointing active. Checkpoints will be loaded from and saved to /scratch/specforge-torchtitan-20261003/graph-probes/graph-final-dflash2/checkpoint
[titan] 2026-10-03 03:32:38,599 - root - INFO - Trainer is initialized with local batch size 2, global batch size 8, gradient accumulation steps 2, sequence length 32, total steps 3 (warmup 0)
[titan] 2026-10-03 03:32:38,599 - root - INFO - Checkpointing active. Checkpoints will be loaded from and saved to /scratch/specforge-torchtitan-20261003/graph-probes/graph-final-dflash2/checkpoint
[titan] 2026-10-03 03:32:38,599 - root - INFO - Trainer is initialized with local batch size 2, global batch size 8, gradient accumulation steps 2, sequence length 32, total steps 3 (warmup 0)
[titan] 2026-10-03 03:32:38,599 - root - INFO - NUMA binding applied for GPU 0
[titan] 2026-10-03 03:32:38,599 - root - INFO - No checkpoint was provided, this is a fresh start.
[titan] 2026-10-03 03:32:38,600 - root - INFO - Training starts at step 1
[titan] 2026-10-03 03:32:38,600 - root - INFO - NUMA binding applied for GPU 1
[titan] 2026-10-03 03:32:38,600 - root - INFO - No checkpoint was provided, this is a fresh start.
[titan] 2026-10-03 03:32:38,600 - root - INFO - Training starts at step 1
[titan] 2026-10-03 03:32:40,137 - root - INFO - minimal_fx_tracer took 1.515s
[titan] 2026-10-03 03:32:40,137 - root - INFO - Applying 12 graph passes:
  1. functionalize_fused_kernels
  2. eliminate_dead_code_pass
  3. canonicalize_graph_pass
  4. deduplicate_fsdp_unshard_chains_pass
  5. tag_with_memory_policy_pass
  6. apply_cpu_offload_pass
  7. selective_activation_remat_pass
  8. joint_transformer_block_bucketing_reordering_pass
  9. annotate_flex_attention_for_regional_inductor_pass
  10. regional_inductor_pass
  11. insert_kernel_annotations_pass
  12. cudagraph_pass
[titan] 2026-10-03 03:32:40,139 - root - INFO - minimal_fx_tracer took 1.517s
[titan] 2026-10-03 03:32:40,139 - root - INFO - Applying 12 graph passes:
  1. functionalize_fused_kernels
  2. eliminate_dead_code_pass
  3. canonicalize_graph_pass
  4. deduplicate_fsdp_unshard_chains_pass
  5. tag_with_memory_policy_pass
  6. apply_cpu_offload_pass
  7. selective_activation_remat_pass
  8. joint_transformer_block_bucketing_reordering_pass
  9. annotate_flex_attention_for_regional_inductor_pass
  10. regional_inductor_pass
  11. insert_kernel_annotations_pass
  12. cudagraph_pass
[titan] 2026-10-03 03:32:41,502 - root - INFO - Eliminated dead code from the graph
[titan] 2026-10-03 03:32:41,506 - root - INFO - Eliminated dead code from the graph
[titan] 2026-10-03 03:32:41,544 - root - INFO - Removed 91 identity view/reshape node(s) from the graph
[titan] 2026-10-03 03:32:41,548 - root - INFO - Removed 91 identity view/reshape node(s) from the graph
[titan] 2026-10-03 03:32:41,584 - root - INFO - Removed 71 back-to-back transpose node(s) from the graph
[titan] 2026-10-03 03:32:41,584 - root - INFO - Removed 4 identity slice node(s)
[titan] 2026-10-03 03:32:41,588 - root - INFO - Removed 71 back-to-back transpose node(s) from the graph
[titan] 2026-10-03 03:32:41,588 - root - INFO - Removed 4 identity slice node(s)
[titan] 2026-10-03 03:32:41,663 - root - INFO - Normalized 252 view op(s) to reshape
[titan] 2026-10-03 03:32:41,667 - root - INFO - Normalized 252 view op(s) to reshape
[titan] 2026-10-03 03:32:41,706 - root - INFO - Canonicalized 8 duplicate FSDP unshard chain(s)
[titan] 2026-10-03 03:32:41,711 - root - INFO - Canonicalized 8 duplicate FSDP unshard chain(s)
[titan] 2026-10-03 03:32:41,752 - root - INFO - Applied selective activation checkpointing (SAC) graph pass.
[titan] 2026-10-03 03:32:41,752 - root - INFO -   Forced 4 nodes to MUST_SAVE at layer boundaries
[titan] 2026-10-03 03:32:41,752 - root - INFO -   Layer non-layer: 6 MUST_SAVE, 50 RECOMPUTE
[titan] 2026-10-03 03:32:41,752 - root - INFO -   Layer 0: 14 MUST_SAVE, 215 RECOMPUTE
[titan] 2026-10-03 03:32:41,752 - root - INFO -   Layer 1: 13 MUST_SAVE, 217 RECOMPUTE
[titan] 2026-10-03 03:32:41,757 - root - INFO - Applied selective activation checkpointing (SAC) graph pass.
[titan] 2026-10-03 03:32:41,757 - root - INFO -   Forced 4 nodes to MUST_SAVE at layer boundaries
[titan] 2026-10-03 03:32:41,757 - root - INFO -   Layer non-layer: 6 MUST_SAVE, 50 RECOMPUTE
[titan] 2026-10-03 03:32:41,757 - root - INFO -   Layer 0: 14 MUST_SAVE, 215 RECOMPUTE
[titan] 2026-10-03 03:32:41,757 - root - INFO -   Layer 1: 13 MUST_SAVE, 217 RECOMPUTE
[titan] 2026-10-03 03:32:42,568 - root - INFO - FSDP reorder: 8 overlap deps across 8 target nodes
[titan] 2026-10-03 03:32:42,572 - root - INFO - FSDP reorder: 8 overlap deps across 8 target nodes
[titan] 2026-10-03 03:32:42,694 - root - INFO - Applied cudagraph pass.
[titan] 2026-10-03 03:32:42,694 - root - INFO - All 12 graph passes took 2.555s
[titan] 2026-10-03 03:32:42,706 - root - INFO - Applied cudagraph pass.
[titan] 2026-10-03 03:32:42,706 - root - INFO - All 12 graph passes took 2.569s
[rank0]:W1003 03:32:43.584000 2018616 torch/_library/opaque_object.py:314] is_opaque_value is deprecated, use is_custom_class_obj instead
[rank0]:W1003 03:32:43.584000 2018616 torch/_library/opaque_object.py:314] is_opaque_value is deprecated, use is_custom_class_obj instead
[rank0]:W1003 03:32:43.584000 2018616 torch/_library/opaque_object.py:314] is_opaque_value is deprecated, use is_custom_class_obj instead
[rank0]:W1003 03:32:43.584000 2018616 torch/_library/opaque_object.py:314] is_opaque_value is deprecated, use is_custom_class_obj instead
[rank0]:W1003 03:32:43.584000 2018616 torch/_library/opaque_object.py:314] is_opaque_value is deprecated, use is_custom_class_obj instead
[rank0]:W1003 03:32:43.584000 2018616 torch/_library/opaque_object.py:314] is_opaque_value is deprecated, use is_custom_class_obj instead
[rank0]:W1003 03:32:43.584000 2018616 torch/_library/opaque_object.py:314] is_opaque_value is deprecated, use is_custom_class_obj instead
[rank0]:W1003 03:32:43.584000 2018616 torch/_library/opaque_object.py:314] is_opaque_value is deprecated, use is_custom_class_obj instead
[rank0]:W1003 03:32:43.584000 2018616 torch/_library/opaque_object.py:314] is_opaque_value is deprecated, use is_custom_class_obj instead
[rank0]:W1003 03:32:43.584000 2018616 torch/_library/opaque_object.py:314] is_opaque_value is deprecated, use is_custom_class_obj instead
[rank0]:W1003 03:32:43.584000 2018616 torch/_library/opaque_object.py:314] is_opaque_value is deprecated, use is_custom_class_obj instead
[rank0]:W1003 03:32:43.585000 2018616 torch/_library/opaque_object.py:314] is_opaque_value is deprecated, use is_custom_class_obj instead
[rank0]:W1003 03:32:43.585000 2018616 torch/_library/opaque_object.py:314] is_opaque_value is deprecated, use is_custom_class_obj instead
[rank0]:W1003 03:32:43.585000 2018616 torch/_library/opaque_object.py:314] is_opaque_value is deprecated, use is_custom_class_obj instead
[rank0]:W1003 03:32:43.585000 2018616 torch/_library/opaque_object.py:314] is_opaque_value is deprecated, use is_custom_class_obj instead
[rank0]:W1003 03:32:43.585000 2018616 torch/_library/opaque_object.py:314] is_opaque_value is deprecated, use is_custom_class_obj instead
[rank0]:W1003 03:32:43.585000 2018616 torch/_library/opaque_object.py:314] is_opaque_value is deprecated, use is_custom_class_obj instead
[rank0]:W1003 03:32:43.585000 2018616 torch/_library/opaque_object.py:314] is_opaque_value is deprecated, use is_custom_class_obj instead
[rank0]:W1003 03:32:43.585000 2018616 torch/_library/opaque_object.py:314] is_opaque_value is deprecated, use is_custom_class_obj instead
[rank0]:W1003 03:32:43.585000 2018616 torch/_library/opaque_object.py:314] is_opaque_value is deprecated, use is_custom_class_obj instead
[rank0]:W1003 03:32:43.585000 2018616 torch/_library/opaque_object.py:314] is_opaque_value is deprecated, use is_custom_class_obj instead
[rank0]:W1003 03:32:43.585000 2018616 torch/_library/opaque_object.py:314] is_opaque_value is deprecated, use is_custom_class_obj instead
[rank0]:W1003 03:32:43.585000 2018616 torch/_library/opaque_object.py:314] is_opaque_value is deprecated, use is_custom_class_obj instead
[rank0]:W1003 03:32:43.585000 2018616 torch/_library/opaque_object.py:314] is_opaque_value is deprecated, use is_custom_class_obj instead
[rank0]:W1003 03:32:43.585000 2018616 torch/_library/opaque_object.py:314] is_opaque_value is deprecated, use is_custom_class_obj instead
[rank0]:W1003 03:32:43.585000 2018616 torch/_library/opaque_object.py:314] is_opaque_value is deprecated, use is_custom_class_obj instead
[rank0]:W1003 03:32:43.585000 2018616 torch/_library/opaque_object.py:314] is_opaque_value is deprecated, use is_custom_class_obj instead
[rank0]:W1003 03:32:43.585000 2018616 torch/_library/opaque_object.py:314] is_opaque_value is deprecated, use is_custom_class_obj instead
[rank0]:W1003 03:32:43.585000 2018616 torch/_library/opaque_object.py:314] is_opaque_value is deprecated, use is_custom_class_obj instead
[rank0]:W1003 03:32:43.585000 2018616 torch/_library/opaque_object.py:314] is_opaque_value is deprecated, use is_custom_class_obj instead
[rank0]:W1003 03:32:43.585000 2018616 torch/_library/opaque_object.py:314] is_opaque_value is deprecated, use is_custom_class_obj instead
[rank0]:W1003 03:32:43.585000 2018616 torch/_library/opaque_object.py:314] is_opaque_value is deprecated, use is_custom_class_obj instead
[rank0]:W1003 03:32:43.585000 2018616 torch/_library/opaque_object.py:314] is_opaque_value is deprecated, use is_custom_class_obj instead
[rank0]:W1003 03:32:43.585000 2018616 torch/_library/opaque_object.py:314] is_opaque_value is deprecated, use is_custom_class_obj instead
[rank0]:W1003 03:32:43.585000 2018616 torch/_library/opaque_object.py:314] is_opaque_value is deprecated, use is_custom_class_obj instead
[rank0]:W1003 03:32:43.585000 2018616 torch/_library/opaque_object.py:314] is_opaque_value is deprecated, use is_custom_class_obj instead
[rank1]:W1003 03:32:43.585000 2018617 torch/_library/opaque_object.py:314] is_opaque_value is deprecated, use is_custom_class_obj instead
[rank1]:W1003 03:32:43.586000 2018617 torch/_library/opaque_object.py:314] is_opaque_value is deprecated, use is_custom_class_obj instead
[rank1]:W1003 03:32:43.586000 2018617 torch/_library/opaque_object.py:314] is_opaque_value is deprecated, use is_custom_class_obj instead
[rank1]:W1003 03:32:43.586000 2018617 torch/_library/opaque_object.py:314] is_opaque_value is deprecated, use is_custom_class_obj instead
[rank1]:W1003 03:32:43.586000 2018617 torch/_library/opaque_object.py:314] is_opaque_value is deprecated, use is_custom_class_obj instead
[rank1]:W1003 03:32:43.586000 2018617 torch/_library/opaque_object.py:314] is_opaque_value is deprecated, use is_custom_class_obj instead
[rank1]:W1003 03:32:43.586000 2018617 torch/_library/opaque_object.py:314] is_opaque_value is deprecated, use is_custom_class_obj instead
[rank1]:W1003 03:32:43.586000 2018617 torch/_library/opaque_object.py:314] is_opaque_value is deprecated, use is_custom_class_obj instead
[rank1]:W1003 03:32:43.586000 2018617 torch/_library/opaque_object.py:314] is_opaque_value is deprecated, use is_custom_class_obj instead
[rank1]:W1003 03:32:43.586000 2018617 torch/_library/opaque_object.py:314] is_opaque_value is deprecated, use is_custom_class_obj instead
[rank1]:W1003 03:32:43.586000 2018617 torch/_library/opaque_object.py:314] is_opaque_value is deprecated, use is_custom_class_obj instead
[rank1]:W1003 03:32:43.586000 2018617 torch/_library/opaque_object.py:314] is_opaque_value is deprecated, use is_custom_class_obj instead
[rank1]:W1003 03:32:43.586000 2018617 torch/_library/opaque_object.py:314] is_opaque_value is deprecated, use is_custom_class_obj instead
[rank1]:W1003 03:32:43.586000 2018617 torch/_library/opaque_object.py:314] is_opaque_value is deprecated, use is_custom_class_obj instead
[rank1]:W1003 03:32:43.586000 2018617 torch/_library/opaque_object.py:314] is_opaque_value is deprecated, use is_custom_class_obj instead
[rank1]:W1003 03:32:43.586000 2018617 torch/_library/opaque_object.py:314] is_opaque_value is deprecated, use is_custom_class_obj instead
[rank1]:W1003 03:32:43.586000 2018617 torch/_library/opaque_object.py:314] is_opaque_value is deprecated, use is_custom_class_obj instead
[rank1]:W1003 03:32:43.586000 2018617 torch/_library/opaque_object.py:314] is_opaque_value is deprecated, use is_custom_class_obj instead
[rank1]:W1003 03:32:43.586000 2018617 torch/_library/opaque_object.py:314] is_opaque_value is deprecated, use is_custom_class_obj instead
[rank1]:W1003 03:32:43.586000 2018617 torch/_library/opaque_object.py:314] is_opaque_value is deprecated, use is_custom_class_obj instead
[rank1]:W1003 03:32:43.586000 2018617 torch/_library/opaque_object.py:314] is_opaque_value is deprecated, use is_custom_class_obj instead
[rank1]:W1003 03:32:43.586000 2018617 torch/_library/opaque_object.py:314] is_opaque_value is deprecated, use is_custom_class_obj instead
[rank1]:W1003 03:32:43.586000 2018617 torch/_library/opaque_object.py:314] is_opaque_value is deprecated, use is_custom_class_obj instead
[rank1]:W1003 03:32:43.586000 2018617 torch/_library/opaque_object.py:314] is_opaque_value is deprecated, use is_custom_class_obj instead
[rank1]:W1003 03:32:43.586000 2018617 torch/_library/opaque_object.py:314] is_opaque_value is deprecated, use is_custom_class_obj instead
[rank1]:W1003 03:32:43.586000 2018617 torch/_library/opaque_object.py:314] is_opaque_value is deprecated, use is_custom_class_obj instead
[rank1]:W1003 03:32:43.586000 2018617 torch/_library/opaque_object.py:314] is_opaque_value is deprecated, use is_custom_class_obj instead
[rank1]:W1003 03:32:43.586000 2018617 torch/_library/opaque_object.py:314] is_opaque_value is deprecated, use is_custom_class_obj instead
[rank1]:W1003 03:32:43.586000 2018617 torch/_library/opaque_object.py:314] is_opaque_value is deprecated, use is_custom_class_obj instead
[rank1]:W1003 03:32:43.586000 2018617 torch/_library/opaque_object.py:314] is_opaque_value is deprecated, use is_custom_class_obj instead
[rank1]:W1003 03:32:43.586000 2018617 torch/_library/opaque_object.py:314] is_opaque_value is deprecated, use is_custom_class_obj instead
[rank1]:W1003 03:32:43.586000 2018617 torch/_library/opaque_object.py:314] is_opaque_value is deprecated, use is_custom_class_obj instead
[rank1]:W1003 03:32:43.586000 2018617 torch/_library/opaque_object.py:314] is_opaque_value is deprecated, use is_custom_class_obj instead
[rank1]:W1003 03:32:43.586000 2018617 torch/_library/opaque_object.py:314] is_opaque_value is deprecated, use is_custom_class_obj instead
[rank1]:W1003 03:32:43.586000 2018617 torch/_library/opaque_object.py:314] is_opaque_value is deprecated, use is_custom_class_obj instead
[rank1]:W1003 03:32:43.586000 2018617 torch/_library/opaque_object.py:314] is_opaque_value is deprecated, use is_custom_class_obj instead
[titan] 2026-10-03 03:32:43,783 - root - INFO - [31mstep:  1  [32mloss: 11.10739  [38;2;180;60;0mgrad_norm:  4.0919  [38;2;54;234;195mmemory:  0.04GiB(0.03%)  [34mtps: 20  [36mtflops: 0.00  [35mmfu: 0.00%[39m
[titan] 2026-10-03 03:32:43,783 - root - INFO - [31mstep:  1  [32mloss: 11.10739  [38;2;180;60;0mgrad_norm:  4.0919  [38;2;54;234;195mmemory:  0.04GiB(0.03%)  [34mtps: 20  [36mtflops: 0.00  [35mmfu: 0.00%[39m
[titan] 2026-10-03 03:32:43,784 - root - INFO - Synchronizing and adjusting timeout for all ProcessGroups to 0:02:00
[titan] 2026-10-03 03:32:43,784 - root - INFO - Synchronizing and adjusting timeout for all ProcessGroups to 0:02:00
[titan] 2026-10-03 03:32:43,796 - root - INFO - [31mstep:  2  [32mloss: 11.49722  [38;2;180;60;0mgrad_norm:  4.4946  [38;2;54;234;195mmemory:  0.04GiB(0.03%)  [34mtps: 10,264  [36mtflops: 0.00  [35mmfu: 0.00%[39m
[titan] 2026-10-03 03:32:43,796 - root - INFO - [31mstep:  2  [32mloss: 11.49722  [38;2;180;60;0mgrad_norm:  4.4946  [38;2;54;234;195mmemory:  0.04GiB(0.03%)  [34mtps: 10,299  [36mtflops: 0.00  [35mmfu: 0.00%[39m
[titan] 2026-10-03 03:32:43,807 - root - INFO - [31mstep:  3  [32mloss: 11.61138  [38;2;180;60;0mgrad_norm:  3.9130  [38;2;54;234;195mmemory:  0.04GiB(0.03%)  [34mtps: 11,997  [36mtflops: 0.00  [35mmfu: 0.00%[39m
[titan] 2026-10-03 03:32:43,807 - root - INFO - [31mstep:  3  [32mloss: 11.61138  [38;2;180;60;0mgrad_norm:  3.9130  [38;2;54;234;195mmemory:  0.04GiB(0.03%)  [34mtps: 11,888  [36mtflops: 0.00  [35mmfu: 0.00%[39m
[titan] 2026-10-03 03:32:43,807 - root - INFO - Saving the checkpoint.
[titan] 2026-10-03 03:32:43,807 - root - INFO - Saving a full checkpoint at last step, step 3.
[titan] 2026-10-03 03:32:43,807 - root - INFO - Saving the checkpoint.
[titan] 2026-10-03 03:32:43,807 - root - INFO - Saving a full checkpoint at last step, step 3.
[titan] 2026-10-03 03:32:44,103 - root - INFO - [GC] GC collection invoked by checkpointer. took 0.11 seconds
[titan] 2026-10-03 03:32:44,103 - root - INFO - Last step checkpoint completed in 0.30s
[titan] 2026-10-03 03:32:44,103 - root - INFO - Sleeping 2 seconds for other ranks to complete
[titan] 2026-10-03 03:32:44,111 - root - INFO - [GC] GC collection invoked by checkpointer. took 0.11 seconds
[titan] 2026-10-03 03:32:44,111 - root - INFO - Last step checkpoint completed in 0.30s
[titan] 2026-10-03 03:32:44,111 - root - INFO - Training completed
[titan] 2026-10-03 03:32:46,103 - root - INFO - Training completed
