
*****************************************
Setting OMP_NUM_THREADS environment variable for each process to be 1 in default, to avoid your system being overloaded, please further tune the variable for optimal performance in your application as needed. 
*****************************************
W1003 03:39:38.598000 2025261 venv/lib/python3.12/site-packages/torch/utils/_pytree.py:630] <enum 'KernelPreference'> is an Enum subclass and is now natively supported by torch.compile as an opaque value type. Calling register_constant() on Enum subclasses is deprecated and will be an error in a future release.
W1003 03:39:38.697000 2025260 venv/lib/python3.12/site-packages/torch/utils/_pytree.py:630] <enum 'KernelPreference'> is an Enum subclass and is now natively supported by torch.compile as an opaque value type. Calling register_constant() on Enum subclasses is deprecated and will be an error in a future release.
W1003 03:39:38.823000 2025261 venv/lib/python3.12/site-packages/torch/utils/_pytree.py:630] <enum 'ScaleCalculationMode'> is an Enum subclass and is now natively supported by torch.compile as an opaque value type. Calling register_constant() on Enum subclasses is deprecated and will be an error in a future release.
W1003 03:39:38.870000 2025260 venv/lib/python3.12/site-packages/torch/utils/_pytree.py:630] <enum 'ScaleCalculationMode'> is an Enum subclass and is now natively supported by torch.compile as an opaque value type. Calling register_constant() on Enum subclasses is deprecated and will be an error in a future release.
/scratch/specforge-torchtitan-20261003/SpecForge-titan-extensions/specforge/modeling/draft/llama3_eagle.py:33: UserWarning: flash_attn is not found, falling back to flex_attention. Please install flash_attn if you want to use the flash attention backend.
  warnings.warn(
Loading ['model.embed_tokens.weight', 'lm_head.weight'] from model.safetensors...
 -> Loaded Embeddings
 -> Loaded LM Head
/scratch/specforge-torchtitan-20261003/SpecForge-titan-extensions/specforge/modeling/draft/llama3_eagle.py:33: UserWarning: flash_attn is not found, falling back to flex_attention. Please install flash_attn if you want to use the flash attention backend.
  warnings.warn(
Loading ['model.embed_tokens.weight', 'lm_head.weight'] from model.safetensors...
 -> Loaded Embeddings
 -> Loaded LM Head
[titan] 2026-10-03 03:39:41,070 - root - WARNING - ENV[TORCH_NCCL_ASYNC_ERROR_HANDLING] = 1 will be overridden to 3 based on job config
[titan] 2026-10-03 03:39:41,077 - root - INFO - Building device mesh with parallelism: pp=1, dp_replicate=1, dp_shard=2, cp=1, tp=1, ep=1
[titan] 2026-10-03 03:39:41,081 - root - INFO - Successfully created meshes with active dimensions: ['batch', 'loss', 'fsdp']
[titan] 2026-10-03 03:39:41,081 - root - INFO - [GC] Initial GC collection took 0.00 seconds
[titan] 2026-10-03 03:39:41,082 - root - INFO - Building specforge dspark
[titan] 2026-10-03 03:39:41,089 - root - INFO - CUDA capacity: NVIDIA H200 with 139.80GiB memory
[titan] 2026-10-03 03:39:41,089 - root - WARNING - Error running lspci: [Errno 2] No such file or directory: 'lspci', fallback to use device_name
[titan] 2026-10-03 03:39:41,090 - root - INFO - [34mModel specforge dspark [31msize: 25,345 total parameters[39m
[titan] 2026-10-03 03:39:41,112 - root - INFO - Applied Data Parallel (simple_fsdp) (dp mode=fully_shard) to the model
[titan] 2026-10-03 03:39:41,112 - root - INFO - aot_fx_trace compile mode: graph capture will happen at training time
[titan] 2026-10-03 03:39:41,204 - root - WARNING - ENV[TORCH_NCCL_ASYNC_ERROR_HANDLING] = 1 will be overridden to 3 based on job config
[titan] 2026-10-03 03:39:41,211 - root - INFO - Building device mesh with parallelism: pp=1, dp_replicate=1, dp_shard=2, cp=1, tp=1, ep=1
[titan] 2026-10-03 03:39:41,216 - root - INFO - Successfully created meshes with active dimensions: ['batch', 'loss', 'fsdp']
[titan] 2026-10-03 03:39:41,216 - root - INFO - [GC] Initial GC collection took 0.00 seconds
[titan] 2026-10-03 03:39:41,218 - root - INFO - Building specforge dspark
[titan] 2026-10-03 03:39:41,224 - root - INFO - CUDA capacity: NVIDIA H200 with 139.80GiB memory
[titan] 2026-10-03 03:39:41,225 - root - WARNING - Error running lspci: [Errno 2] No such file or directory: 'lspci', fallback to use device_name
[titan] 2026-10-03 03:39:41,226 - root - INFO - [34mModel specforge dspark [31msize: 25,345 total parameters[39m
[titan] 2026-10-03 03:39:41,248 - root - INFO - Applied Data Parallel (simple_fsdp) (dp mode=fully_shard) to the model
[titan] 2026-10-03 03:39:41,248 - root - INFO - aot_fx_trace compile mode: graph capture will happen at training time
[titan] 2026-10-03 03:39:42,456 - root - WARNING - Error running lspci: [Errno 2] No such file or directory: 'lspci', fallback to use device_name
[titan] 2026-10-03 03:39:42,456 - root - INFO - Peak FLOPS used for computing MFU: 9.890e+14
[titan] 2026-10-03 03:39:42,456 - root - INFO - CUDA memory usage for model: 0.00GiB(0.00%)
[titan] 2026-10-03 03:39:42,456 - root - WARNING - Error running lspci: [Errno 2] No such file or directory: 'lspci', fallback to use device_name
[titan] 2026-10-03 03:39:42,456 - root - INFO - Peak FLOPS used for computing MFU: 9.890e+14
[titan] 2026-10-03 03:39:42,456 - root - INFO - CUDA memory usage for model: 0.00GiB(0.00%)
[titan] 2026-10-03 03:39:42,456 - root - INFO - Optimizer AdamW (model_part=0): 29 params [.*] {'fused': True, 'foreach': False, 'lr': 0.002, 'betas': (0.9, 0.999), 'eps': 1e-08, 'weight_decay': 0.0}
[titan] 2026-10-03 03:39:42,457 - root - INFO - Optimizer AdamW (model_part=0): 29 params [.*] {'fused': True, 'foreach': False, 'lr': 0.002, 'betas': (0.9, 0.999), 'eps': 1e-08, 'weight_decay': 0.0}
[titan] 2026-10-03 03:39:42,457 - root - INFO - Checkpointing active. Checkpoints will be loaded from and saved to /scratch/specforge-torchtitan-20261003/graph-probes/graph-oracle-dspark/checkpoint
[titan] 2026-10-03 03:39:42,457 - root - INFO - Trainer is initialized with local batch size 2, global batch size 8, gradient accumulation steps 2, sequence length 32, total steps 3 (warmup 0)
[titan] 2026-10-03 03:39:42,458 - root - INFO - Checkpointing active. Checkpoints will be loaded from and saved to /scratch/specforge-torchtitan-20261003/graph-probes/graph-oracle-dspark/checkpoint
[titan] 2026-10-03 03:39:42,458 - root - INFO - Trainer is initialized with local batch size 2, global batch size 8, gradient accumulation steps 2, sequence length 32, total steps 3 (warmup 0)
[titan] 2026-10-03 03:39:42,458 - root - INFO - NUMA binding applied for GPU 0
[titan] 2026-10-03 03:39:42,458 - root - INFO - NUMA binding applied for GPU 1
[titan] 2026-10-03 03:39:42,459 - root - INFO - No checkpoint was provided, this is a fresh start.
[titan] 2026-10-03 03:39:42,459 - root - INFO - Training starts at step 1
[titan] 2026-10-03 03:39:42,459 - root - INFO - No checkpoint was provided, this is a fresh start.
[titan] 2026-10-03 03:39:42,459 - root - INFO - Training starts at step 1
[titan] 2026-10-03 03:39:43,792 - root - INFO - minimal_fx_tracer took 1.290s
[titan] 2026-10-03 03:39:43,870 - root - INFO - minimal_fx_tracer took 1.368s
[titan] 2026-10-03 03:39:44,893 - root - INFO - [31mstep:  1  [32mloss:  3.61456  [38;2;180;60;0mgrad_norm:  1.9862  [38;2;54;234;195mmemory:  0.03GiB(0.02%)  [34mtps: 35  [36mtflops: 0.00  [35mmfu: 0.00%[39m
[titan] 2026-10-03 03:39:44,893 - root - INFO - [31mstep:  1  [32mloss:  3.61456  [38;2;180;60;0mgrad_norm:  1.9862  [38;2;54;234;195mmemory:  0.03GiB(0.02%)  [34mtps: 34  [36mtflops: 0.00  [35mmfu: 0.00%[39m
[titan] 2026-10-03 03:39:44,893 - root - INFO - Synchronizing and adjusting timeout for all ProcessGroups to 0:02:00
[titan] 2026-10-03 03:39:44,893 - root - INFO - Synchronizing and adjusting timeout for all ProcessGroups to 0:02:00
[titan] 2026-10-03 03:39:44,946 - root - INFO - [31mstep:  2  [32mloss:  3.59788  [38;2;180;60;0mgrad_norm:  1.8896  [38;2;54;234;195mmemory:  0.03GiB(0.02%)  [34mtps: 2,397  [36mtflops: 0.00  [35mmfu: 0.00%[39m
[titan] 2026-10-03 03:39:44,946 - root - INFO - [31mstep:  2  [32mloss:  3.59788  [38;2;180;60;0mgrad_norm:  1.8896  [38;2;54;234;195mmemory:  0.03GiB(0.02%)  [34mtps: 2,399  [36mtflops: 0.00  [35mmfu: 0.00%[39m
[titan] 2026-10-03 03:39:44,999 - root - INFO - [31mstep:  3  [32mloss:  3.58062  [38;2;180;60;0mgrad_norm:  1.8420  [38;2;54;234;195mmemory:  0.03GiB(0.02%)  [34mtps: 2,456  [36mtflops: 0.00  [35mmfu: 0.00%[39m
[titan] 2026-10-03 03:39:44,999 - root - INFO - [31mstep:  3  [32mloss:  3.58062  [38;2;180;60;0mgrad_norm:  1.8420  [38;2;54;234;195mmemory:  0.03GiB(0.02%)  [34mtps: 2,455  [36mtflops: 0.00  [35mmfu: 0.00%[39m
[titan] 2026-10-03 03:39:44,999 - root - INFO - Saving the checkpoint.
[titan] 2026-10-03 03:39:44,999 - root - INFO - Saving a full checkpoint at last step, step 3.
[titan] 2026-10-03 03:39:44,999 - root - INFO - Saving the checkpoint.
[titan] 2026-10-03 03:39:44,999 - root - INFO - Saving a full checkpoint at last step, step 3.
[titan] 2026-10-03 03:39:45,212 - root - INFO - [GC] GC collection invoked by checkpointer. took 0.03 seconds
[titan] 2026-10-03 03:39:45,213 - root - INFO - Last step checkpoint completed in 0.21s
[titan] 2026-10-03 03:39:45,213 - root - INFO - Sleeping 2 seconds for other ranks to complete
[titan] 2026-10-03 03:39:45,218 - root - INFO - [GC] GC collection invoked by checkpointer. took 0.04 seconds
[titan] 2026-10-03 03:39:45,218 - root - INFO - Last step checkpoint completed in 0.22s
[titan] 2026-10-03 03:39:45,218 - root - INFO - Training completed
[titan] 2026-10-03 03:39:47,213 - root - INFO - Training completed
