W1003 03:41:25.234000 2025919 torch/distributed/run.py:982] 
W1003 03:41:25.234000 2025919 torch/distributed/run.py:982] *****************************************
W1003 03:41:25.234000 2025919 torch/distributed/run.py:982] Setting OMP_NUM_THREADS environment variable for each process to be 1 in default, to avoid your system being overloaded, please further tune the variable for optimal performance in your application as needed. 
W1003 03:41:25.234000 2025919 torch/distributed/run.py:982] *****************************************
W1003 03:41:30.003000 2025989 torch/utils/_pytree.py:630] <enum 'KernelPreference'> is an Enum subclass and is now natively supported by torch.compile as an opaque value type. Calling register_constant() on Enum subclasses is deprecated and will be an error in a future release.
W1003 03:41:30.021000 2025988 torch/utils/_pytree.py:630] <enum 'KernelPreference'> is an Enum subclass and is now natively supported by torch.compile as an opaque value type. Calling register_constant() on Enum subclasses is deprecated and will be an error in a future release.
W1003 03:41:30.030000 2025989 torch/utils/_pytree.py:630] <enum 'ScaleCalculationMode'> is an Enum subclass and is now natively supported by torch.compile as an opaque value type. Calling register_constant() on Enum subclasses is deprecated and will be an error in a future release.
W1003 03:41:30.047000 2025988 torch/utils/_pytree.py:630] <enum 'ScaleCalculationMode'> is an Enum subclass and is now natively supported by torch.compile as an opaque value type. Calling register_constant() on Enum subclasses is deprecated and will be an error in a future release.
/scratch/specforge-torchtitan-20261003/SpecForge-titan-extensions/specforge/modeling/draft/llama3_eagle.py:33: UserWarning: flash_attn is not found, falling back to flex_attention. Please install flash_attn if you want to use the flash attention backend.
  warnings.warn(
/scratch/specforge-torchtitan-20261003/SpecForge-titan-extensions/specforge/modeling/draft/llama3_eagle.py:33: UserWarning: flash_attn is not found, falling back to flex_attention. Please install flash_attn if you want to use the flash attention backend.
  warnings.warn(
Loading ['model.embed_tokens.weight', 'lm_head.weight'] from model.safetensors...
 -> Loaded Embeddings
 -> Loaded LM Head
Loading ['model.embed_tokens.weight', 'lm_head.weight'] from model.safetensors...
 -> Loaded Embeddings
 -> Loaded LM Head
[titan] 2026-10-03 03:41:32,186 - root - WARNING - ENV[TORCH_NCCL_ASYNC_ERROR_HANDLING] = 1 will be overridden to 3 based on job config
[titan] 2026-10-03 03:41:32,191 - root - WARNING - ENV[TORCH_NCCL_ASYNC_ERROR_HANDLING] = 1 will be overridden to 3 based on job config
[titan] 2026-10-03 03:41:32,192 - root - INFO - Building device mesh with parallelism: pp=1, dp_replicate=1, dp_shard=2, cp=1, tp=1, ep=1
[titan] 2026-10-03 03:41:32,197 - root - INFO - Successfully created meshes with active dimensions: ['batch', 'loss', 'fsdp']
[titan] 2026-10-03 03:41:32,197 - root - INFO - [GC] Initial GC collection took 0.00 seconds
[titan] 2026-10-03 03:41:32,198 - root - INFO - Building device mesh with parallelism: pp=1, dp_replicate=1, dp_shard=2, cp=1, tp=1, ep=1
[titan] 2026-10-03 03:41:32,199 - root - INFO - Building specforge dflash2
[titan] 2026-10-03 03:41:32,203 - root - INFO - Successfully created meshes with active dimensions: ['batch', 'loss', 'fsdp']
[titan] 2026-10-03 03:41:32,204 - root - INFO - [GC] Initial GC collection took 0.00 seconds
[titan] 2026-10-03 03:41:32,205 - root - INFO - Building specforge dflash2
[titan] 2026-10-03 03:41:32,206 - root - INFO - CUDA capacity: NVIDIA H200 with 139.80GiB memory
[titan] 2026-10-03 03:41:32,206 - root - WARNING - Error running lspci: [Errno 2] No such file or directory: 'lspci', fallback to use device_name
[titan] 2026-10-03 03:41:32,206 - root - INFO - [34mModel specforge dflash2 [31msize: 30,048 total parameters[39m
[titan] 2026-10-03 03:41:32,213 - root - INFO - CUDA capacity: NVIDIA H200 with 139.80GiB memory
[titan] 2026-10-03 03:41:32,213 - root - WARNING - Error running lspci: [Errno 2] No such file or directory: 'lspci', fallback to use device_name
[titan] 2026-10-03 03:41:32,214 - root - INFO - [34mModel specforge dflash2 [31msize: 30,048 total parameters[39m
[titan] 2026-10-03 03:41:32,231 - root - INFO - Applied FSDP to the model
[titan] 2026-10-03 03:41:32,239 - root - INFO - Applied FSDP to the model
[titan] 2026-10-03 03:41:33,229 - root - WARNING - Error running lspci: [Errno 2] No such file or directory: 'lspci', fallback to use device_name
[titan] 2026-10-03 03:41:33,229 - root - INFO - Peak FLOPS used for computing MFU: 9.890e+14
[titan] 2026-10-03 03:41:33,229 - root - INFO - CUDA memory usage for model: 0.00GiB(0.00%)
[titan] 2026-10-03 03:41:33,229 - root - WARNING - Error running lspci: [Errno 2] No such file or directory: 'lspci', fallback to use device_name
[titan] 2026-10-03 03:41:33,229 - root - INFO - Peak FLOPS used for computing MFU: 9.890e+14
[titan] 2026-10-03 03:41:33,230 - root - INFO - CUDA memory usage for model: 0.00GiB(0.00%)
[titan] 2026-10-03 03:41:33,230 - root - INFO - Optimizer AdamW (model_part=0): 36 params [.*] {'fused': True, 'foreach': False, 'lr': 0.002, 'betas': (0.9, 0.999), 'eps': 1e-08, 'weight_decay': 0.0}
[titan] 2026-10-03 03:41:33,230 - root - INFO - Optimizer AdamW (model_part=0): 36 params [.*] {'fused': True, 'foreach': False, 'lr': 0.002, 'betas': (0.9, 0.999), 'eps': 1e-08, 'weight_decay': 0.0}
[titan] 2026-10-03 03:41:33,231 - root - INFO - Checkpointing active. Checkpoints will be loaded from and saved to /scratch/specforge-torchtitan-20261003/online-native-full/output/native-online/checkpoint
[titan] 2026-10-03 03:41:33,231 - root - INFO - Trainer is initialized with local batch size 1, global batch size 4, gradient accumulation steps 2, sequence length 32, total steps 3 (warmup 0)
[titan] 2026-10-03 03:41:33,231 - root - INFO - No checkpoint was provided, this is a fresh start.
[titan] 2026-10-03 03:41:33,231 - root - INFO - Training starts at step 1
[titan] 2026-10-03 03:41:33,231 - root - INFO - Checkpointing active. Checkpoints will be loaded from and saved to /scratch/specforge-torchtitan-20261003/online-native-full/output/native-online/checkpoint
[titan] 2026-10-03 03:41:33,231 - root - INFO - Trainer is initialized with local batch size 1, global batch size 4, gradient accumulation steps 2, sequence length 32, total steps 3 (warmup 0)
[titan] 2026-10-03 03:41:33,231 - root - INFO - No checkpoint was provided, this is a fresh start.
[titan] 2026-10-03 03:41:33,231 - root - INFO - Training starts at step 1
[stream-ref-queue] 2026-10-03 03:41:33 waiting path=/scratch/specforge-torchtitan-20261003/online-native-full/refs.jsonl.inboxes/inbox-rank0.jsonl need=1 buffered=0 closed=False since_progress=0.0s
[titan] 2026-10-03 03:41:33,419 - specforge.runtime.data_plane.ref_distributor - INFO - ref-distributor: finished {'dispatched': 12, 'skipped': 0, 'duplicates': 0, 'dropped': 0}
[titan] 2026-10-03 03:41:34,747 - root - INFO - [31mstep:  1  [32mloss: 11.83076  [38;2;180;60;0mgrad_norm:  4.4391  [38;2;54;234;195mmemory:  0.04GiB(0.03%)  [34mtps: 7  [36mtflops: 0.00  [35mmfu: 0.00%[39m
[titan] 2026-10-03 03:41:34,747 - root - INFO - [31mstep:  1  [32mloss: 11.83076  [38;2;180;60;0mgrad_norm:  4.4391  [38;2;54;234;195mmemory:  0.04GiB(0.03%)  [34mtps: 7  [36mtflops: 0.00  [35mmfu: 0.00%[39m
[titan] 2026-10-03 03:41:34,750 - root - INFO - Saving the checkpoint.
[titan] 2026-10-03 03:41:34,750 - root - INFO - Saving the checkpoint.
[titan] 2026-10-03 03:41:34,948 - root - INFO - [GC] GC collection invoked by checkpointer. took 0.01 seconds
[titan] 2026-10-03 03:41:34,948 - root - INFO - Finished saving the checkpoint in 0.20 seconds.
[titan] 2026-10-03 03:41:34,948 - root - INFO - Synchronizing and adjusting timeout for all ProcessGroups to 2:00:00
[titan] 2026-10-03 03:41:34,959 - root - INFO - [GC] GC collection invoked by checkpointer. took 0.01 seconds
[titan] 2026-10-03 03:41:34,959 - root - INFO - Finished saving the checkpoint in 0.21 seconds.
[titan] 2026-10-03 03:41:34,959 - root - INFO - Synchronizing and adjusting timeout for all ProcessGroups to 2:00:00
[titan] 2026-10-03 03:41:35,018 - root - INFO - [31mstep:  2  [32mloss: 10.24214  [38;2;180;60;0mgrad_norm:  4.0378  [38;2;54;234;195mmemory:  0.04GiB(0.03%)  [34mtps: 63  [36mtflops: 0.00  [35mmfu: 0.00%[39m
[titan] 2026-10-03 03:41:35,018 - root - INFO - [31mstep:  2  [32mloss: 10.24214  [38;2;180;60;0mgrad_norm:  4.0378  [38;2;54;234;195mmemory:  0.04GiB(0.03%)  [34mtps: 70  [36mtflops: 0.00  [35mmfu: 0.00%[39m
[titan] 2026-10-03 03:41:35,020 - root - INFO - Saving the checkpoint.
[titan] 2026-10-03 03:41:35,020 - root - INFO - Saving the checkpoint.
[titan] 2026-10-03 03:41:35,093 - root - INFO - [GC] GC collection invoked by checkpointer. took 0.00 seconds
[titan] 2026-10-03 03:41:35,093 - root - INFO - Finished saving the checkpoint in 0.07 seconds.
[titan] 2026-10-03 03:41:35,097 - root - INFO - [GC] GC collection invoked by checkpointer. took 0.00 seconds
[titan] 2026-10-03 03:41:35,098 - root - INFO - Finished saving the checkpoint in 0.08 seconds.
[titan] 2026-10-03 03:41:35,147 - root - INFO - [31mstep:  3  [32mloss: 11.29974  [38;2;180;60;0mgrad_norm:  4.2359  [38;2;54;234;195mmemory:  0.04GiB(0.03%)  [34mtps: 147  [36mtflops: 0.00  [35mmfu: 0.00%[39m
[titan] 2026-10-03 03:41:35,147 - root - INFO - [31mstep:  3  [32mloss: 11.29974  [38;2;180;60;0mgrad_norm:  4.2359  [38;2;54;234;195mmemory:  0.04GiB(0.03%)  [34mtps: 140  [36mtflops: 0.00  [35mmfu: 0.00%[39m
[titan] 2026-10-03 03:41:35,149 - root - INFO - Saving the checkpoint.
[titan] 2026-10-03 03:41:35,149 - root - INFO - Saving a full checkpoint at last step, step 3.
[titan] 2026-10-03 03:41:35,149 - root - INFO - Saving the checkpoint.
[titan] 2026-10-03 03:41:35,149 - root - INFO - Saving a full checkpoint at last step, step 3.
[titan] 2026-10-03 03:41:35,220 - root - INFO - [GC] GC collection invoked by checkpointer. took 0.00 seconds
[titan] 2026-10-03 03:41:35,220 - root - INFO - Last step checkpoint completed in 0.07s
[titan] 2026-10-03 03:41:35,220 - root - INFO - Sleeping 2 seconds for other ranks to complete
[titan] 2026-10-03 03:41:35,224 - root - INFO - [GC] GC collection invoked by checkpointer. took 0.00 seconds
[titan] 2026-10-03 03:41:35,224 - root - INFO - Last step checkpoint completed in 0.08s
[titan] 2026-10-03 03:41:35,225 - root - INFO - Training completed
[titan] 2026-10-03 03:41:37,221 - root - INFO - Training completed
ONLINE_BOUNDARY_OK step=3 acknowledged=12
