W1003 03:43:38.375000 2027311 torch/distributed/run.py:982] 
W1003 03:43:38.375000 2027311 torch/distributed/run.py:982] *****************************************
W1003 03:43:38.375000 2027311 torch/distributed/run.py:982] Setting OMP_NUM_THREADS environment variable for each process to be 1 in default, to avoid your system being overloaded, please further tune the variable for optimal performance in your application as needed. 
W1003 03:43:38.375000 2027311 torch/distributed/run.py:982] *****************************************
W1003 03:43:43.144000 2027381 torch/utils/_pytree.py:630] <enum 'KernelPreference'> is an Enum subclass and is now natively supported by torch.compile as an opaque value type. Calling register_constant() on Enum subclasses is deprecated and will be an error in a future release.
W1003 03:43:43.156000 2027380 torch/utils/_pytree.py:630] <enum 'KernelPreference'> is an Enum subclass and is now natively supported by torch.compile as an opaque value type. Calling register_constant() on Enum subclasses is deprecated and will be an error in a future release.
W1003 03:43:43.170000 2027381 torch/utils/_pytree.py:630] <enum 'ScaleCalculationMode'> is an Enum subclass and is now natively supported by torch.compile as an opaque value type. Calling register_constant() on Enum subclasses is deprecated and will be an error in a future release.
W1003 03:43:43.182000 2027380 torch/utils/_pytree.py:630] <enum 'ScaleCalculationMode'> is an Enum subclass and is now natively supported by torch.compile as an opaque value type. Calling register_constant() on Enum subclasses is deprecated and will be an error in a future release.
/scratch/specforge-torchtitan-20261003/SpecForge-titan-extensions/specforge/modeling/draft/llama3_eagle.py:33: UserWarning: flash_attn is not found, falling back to flex_attention. Please install flash_attn if you want to use the flash attention backend.
  warnings.warn(
/scratch/specforge-torchtitan-20261003/SpecForge-titan-extensions/specforge/modeling/draft/llama3_eagle.py:33: UserWarning: flash_attn is not found, falling back to flex_attention. Please install flash_attn if you want to use the flash attention backend.
  warnings.warn(
Loading ['model.embed_tokens.weight', 'lm_head.weight'] from model.safetensors...
 -> Loaded Embeddings
 -> Loaded LM Head
Loading ['model.embed_tokens.weight', 'lm_head.weight'] from model.safetensors...
 -> Loaded Embeddings
 -> Loaded LM Head
[titan] 2026-10-03 03:43:45,280 - root - WARNING - ENV[TORCH_NCCL_ASYNC_ERROR_HANDLING] = 1 will be overridden to 3 based on job config
[titan] 2026-10-03 03:43:45,282 - root - WARNING - ENV[TORCH_NCCL_ASYNC_ERROR_HANDLING] = 1 will be overridden to 3 based on job config
[titan] 2026-10-03 03:43:45,286 - root - INFO - Building device mesh with parallelism: pp=1, dp_replicate=1, dp_shard=2, cp=1, tp=1, ep=1
[titan] 2026-10-03 03:43:45,288 - root - INFO - Building device mesh with parallelism: pp=1, dp_replicate=1, dp_shard=2, cp=1, tp=1, ep=1
[titan] 2026-10-03 03:43:45,291 - root - INFO - Successfully created meshes with active dimensions: ['batch', 'loss', 'fsdp']
[titan] 2026-10-03 03:43:45,291 - root - INFO - [GC] Initial GC collection took 0.00 seconds
[titan] 2026-10-03 03:43:45,292 - root - INFO - Building specforge dflash
[titan] 2026-10-03 03:43:45,293 - root - INFO - Successfully created meshes with active dimensions: ['batch', 'loss', 'fsdp']
[titan] 2026-10-03 03:43:45,293 - root - INFO - [GC] Initial GC collection took 0.00 seconds
[titan] 2026-10-03 03:43:45,295 - root - INFO - Building specforge dflash
[titan] 2026-10-03 03:43:45,299 - root - INFO - CUDA capacity: NVIDIA H200 with 139.80GiB memory
[titan] 2026-10-03 03:43:45,299 - root - WARNING - Error running lspci: [Errno 2] No such file or directory: 'lspci', fallback to use device_name
[titan] 2026-10-03 03:43:45,300 - root - INFO - [34mModel specforge dflash [31msize: 24,800 total parameters[39m
[titan] 2026-10-03 03:43:45,301 - root - INFO - CUDA capacity: NVIDIA H200 with 139.80GiB memory
[titan] 2026-10-03 03:43:45,301 - root - WARNING - Error running lspci: [Errno 2] No such file or directory: 'lspci', fallback to use device_name
[titan] 2026-10-03 03:43:45,302 - root - INFO - [34mModel specforge dflash [31msize: 24,800 total parameters[39m
[titan] 2026-10-03 03:43:45,318 - root - INFO - Applied FSDP to the model
[titan] 2026-10-03 03:43:45,320 - root - INFO - Applied FSDP to the model
[titan] 2026-10-03 03:43:46,290 - root - WARNING - Error running lspci: [Errno 2] No such file or directory: 'lspci', fallback to use device_name
[titan] 2026-10-03 03:43:46,290 - root - WARNING - Error running lspci: [Errno 2] No such file or directory: 'lspci', fallback to use device_name
[titan] 2026-10-03 03:43:46,290 - root - INFO - Peak FLOPS used for computing MFU: 9.890e+14
[titan] 2026-10-03 03:43:46,290 - root - INFO - Peak FLOPS used for computing MFU: 9.890e+14
[titan] 2026-10-03 03:43:46,290 - root - INFO - CUDA memory usage for model: 0.00GiB(0.00%)
[titan] 2026-10-03 03:43:46,290 - root - INFO - CUDA memory usage for model: 0.00GiB(0.00%)
[titan] 2026-10-03 03:43:46,290 - root - INFO - Optimizer AdamW (model_part=0): 25 params [.*] {'fused': True, 'foreach': False, 'lr': 0.002, 'betas': (0.9, 0.999), 'eps': 1e-08, 'weight_decay': 0.0}
[titan] 2026-10-03 03:43:46,290 - root - INFO - Optimizer AdamW (model_part=0): 25 params [.*] {'fused': True, 'foreach': False, 'lr': 0.002, 'betas': (0.9, 0.999), 'eps': 1e-08, 'weight_decay': 0.0}
[titan] 2026-10-03 03:43:46,291 - root - INFO - Checkpointing active. Checkpoints will be loaded from and saved to /scratch/specforge-torchtitan-20261003/online-native-dflash/output/native-online/checkpoint
[titan] 2026-10-03 03:43:46,291 - root - INFO - Checkpointing active. Checkpoints will be loaded from and saved to /scratch/specforge-torchtitan-20261003/online-native-dflash/output/native-online/checkpoint
[titan] 2026-10-03 03:43:46,291 - root - INFO - Trainer is initialized with local batch size 1, global batch size 4, gradient accumulation steps 2, sequence length 32, total steps 3 (warmup 0)
[titan] 2026-10-03 03:43:46,291 - root - INFO - Trainer is initialized with local batch size 1, global batch size 4, gradient accumulation steps 2, sequence length 32, total steps 3 (warmup 0)
[titan] 2026-10-03 03:43:46,292 - root - INFO - No checkpoint was provided, this is a fresh start.
[titan] 2026-10-03 03:43:46,292 - root - INFO - No checkpoint was provided, this is a fresh start.
[titan] 2026-10-03 03:43:46,292 - root - INFO - Training starts at step 1
[titan] 2026-10-03 03:43:46,292 - root - INFO - Training starts at step 1
[stream-ref-queue] 2026-10-03 03:43:46 waiting path=/scratch/specforge-torchtitan-20261003/online-native-dflash/refs.jsonl.inboxes/inbox-rank0.jsonl need=1 buffered=0 closed=False since_progress=0.0s
[titan] 2026-10-03 03:43:46,474 - specforge.runtime.data_plane.ref_distributor - INFO - ref-distributor: finished {'dispatched': 12, 'skipped': 0, 'duplicates': 0, 'dropped': 0}
[titan] 2026-10-03 03:43:47,716 - root - INFO - [31mstep:  1  [32mloss: 11.77812  [38;2;180;60;0mgrad_norm:  4.8317  [38;2;54;234;195mmemory:  0.04GiB(0.03%)  [34mtps: 7  [36mtflops: 0.00  [35mmfu: 0.00%[39m
[titan] 2026-10-03 03:43:47,716 - root - INFO - [31mstep:  1  [32mloss: 11.77812  [38;2;180;60;0mgrad_norm:  4.8317  [38;2;54;234;195mmemory:  0.04GiB(0.03%)  [34mtps: 7  [36mtflops: 0.00  [35mmfu: 0.00%[39m
[titan] 2026-10-03 03:43:47,719 - root - INFO - Saving the checkpoint.
[titan] 2026-10-03 03:43:47,719 - root - INFO - Saving the checkpoint.
[titan] 2026-10-03 03:43:47,898 - root - INFO - [GC] GC collection invoked by checkpointer. took 0.01 seconds
[titan] 2026-10-03 03:43:47,898 - root - INFO - Finished saving the checkpoint in 0.18 seconds.
[titan] 2026-10-03 03:43:47,898 - root - INFO - Synchronizing and adjusting timeout for all ProcessGroups to 2:00:00
[titan] 2026-10-03 03:43:47,901 - root - INFO - [GC] GC collection invoked by checkpointer. took 0.01 seconds
[titan] 2026-10-03 03:43:47,901 - root - INFO - Finished saving the checkpoint in 0.18 seconds.
[titan] 2026-10-03 03:43:47,901 - root - INFO - Synchronizing and adjusting timeout for all ProcessGroups to 2:00:00
[titan] 2026-10-03 03:43:47,944 - root - INFO - [31mstep:  2  [32mloss: 10.01988  [38;2;180;60;0mgrad_norm:  4.4030  [38;2;54;234;195mmemory:  0.04GiB(0.03%)  [34mtps: 83  [36mtflops: 0.00  [35mmfu: 0.00%[39m
[titan] 2026-10-03 03:43:47,944 - root - INFO - [31mstep:  2  [32mloss: 10.01988  [38;2;180;60;0mgrad_norm:  4.4030  [38;2;54;234;195mmemory:  0.04GiB(0.03%)  [34mtps: 75  [36mtflops: 0.00  [35mmfu: 0.00%[39m
[titan] 2026-10-03 03:43:47,946 - root - INFO - Saving the checkpoint.
[titan] 2026-10-03 03:43:47,946 - root - INFO - Saving the checkpoint.
[titan] 2026-10-03 03:43:47,998 - root - INFO - [GC] GC collection invoked by checkpointer. took 0.00 seconds
[titan] 2026-10-03 03:43:47,999 - root - INFO - Finished saving the checkpoint in 0.05 seconds.
[titan] 2026-10-03 03:43:48,001 - root - INFO - [GC] GC collection invoked by checkpointer. took 0.00 seconds
[titan] 2026-10-03 03:43:48,001 - root - INFO - Finished saving the checkpoint in 0.06 seconds.
[titan] 2026-10-03 03:43:48,037 - root - INFO - [31mstep:  3  [32mloss: 11.16763  [38;2;180;60;0mgrad_norm:  4.6897  [38;2;54;234;195mmemory:  0.04GiB(0.03%)  [34mtps: 193  [36mtflops: 0.00  [35mmfu: 0.00%[39m
[titan] 2026-10-03 03:43:48,037 - root - INFO - [31mstep:  3  [32mloss: 11.16763  [38;2;180;60;0mgrad_norm:  4.6897  [38;2;54;234;195mmemory:  0.04GiB(0.03%)  [34mtps: 204  [36mtflops: 0.00  [35mmfu: 0.00%[39m
[titan] 2026-10-03 03:43:48,039 - root - INFO - Saving the checkpoint.
[titan] 2026-10-03 03:43:48,039 - root - INFO - Saving a full checkpoint at last step, step 3.
[titan] 2026-10-03 03:43:48,039 - root - INFO - Saving the checkpoint.
[titan] 2026-10-03 03:43:48,039 - root - INFO - Saving a full checkpoint at last step, step 3.
[titan] 2026-10-03 03:43:48,091 - root - INFO - [GC] GC collection invoked by checkpointer. took 0.00 seconds
[titan] 2026-10-03 03:43:48,091 - root - INFO - Last step checkpoint completed in 0.05s
[titan] 2026-10-03 03:43:48,091 - root - INFO - Sleeping 2 seconds for other ranks to complete
[titan] 2026-10-03 03:43:48,093 - root - INFO - [GC] GC collection invoked by checkpointer. took 0.00 seconds
[titan] 2026-10-03 03:43:48,094 - root - INFO - Last step checkpoint completed in 0.05s
[titan] 2026-10-03 03:43:48,094 - root - INFO - Training completed
[titan] 2026-10-03 03:43:50,091 - root - INFO - Training completed
ONLINE_BOUNDARY_OK step=3 acknowledged=12
