W1003 03:42:39.802000 2026985 torch/distributed/run.py:982] 
W1003 03:42:39.802000 2026985 torch/distributed/run.py:982] *****************************************
W1003 03:42:39.802000 2026985 torch/distributed/run.py:982] Setting OMP_NUM_THREADS environment variable for each process to be 1 in default, to avoid your system being overloaded, please further tune the variable for optimal performance in your application as needed. 
W1003 03:42:39.802000 2026985 torch/distributed/run.py:982] *****************************************
W1003 03:42:44.676000 2027066 torch/utils/_pytree.py:630] <enum 'KernelPreference'> is an Enum subclass and is now natively supported by torch.compile as an opaque value type. Calling register_constant() on Enum subclasses is deprecated and will be an error in a future release.
W1003 03:42:44.702000 2027066 torch/utils/_pytree.py:630] <enum 'ScaleCalculationMode'> is an Enum subclass and is now natively supported by torch.compile as an opaque value type. Calling register_constant() on Enum subclasses is deprecated and will be an error in a future release.
W1003 03:42:44.713000 2027065 torch/utils/_pytree.py:630] <enum 'KernelPreference'> is an Enum subclass and is now natively supported by torch.compile as an opaque value type. Calling register_constant() on Enum subclasses is deprecated and will be an error in a future release.
W1003 03:42:44.740000 2027065 torch/utils/_pytree.py:630] <enum 'ScaleCalculationMode'> is an Enum subclass and is now natively supported by torch.compile as an opaque value type. Calling register_constant() on Enum subclasses is deprecated and will be an error in a future release.
/scratch/specforge-torchtitan-20261003/SpecForge-titan-extensions/specforge/modeling/draft/llama3_eagle.py:33: UserWarning: flash_attn is not found, falling back to flex_attention. Please install flash_attn if you want to use the flash attention backend.
  warnings.warn(
/scratch/specforge-torchtitan-20261003/SpecForge-titan-extensions/specforge/modeling/draft/llama3_eagle.py:33: UserWarning: flash_attn is not found, falling back to flex_attention. Please install flash_attn if you want to use the flash attention backend.
  warnings.warn(
Loading ['model.embed_tokens.weight', 'lm_head.weight'] from model.safetensors...
 -> Loaded Embeddings
 -> Loaded LM Head
Loading ['model.embed_tokens.weight', 'lm_head.weight'] from model.safetensors...
 -> Loaded Embeddings
 -> Loaded LM Head
[titan] 2026-10-03 03:42:46,794 - root - WARNING - ENV[TORCH_NCCL_ASYNC_ERROR_HANDLING] = 1 will be overridden to 3 based on job config
[titan] 2026-10-03 03:42:46,797 - root - WARNING - ENV[TORCH_NCCL_ASYNC_ERROR_HANDLING] = 1 will be overridden to 3 based on job config
[titan] 2026-10-03 03:42:46,801 - root - INFO - Building device mesh with parallelism: pp=1, dp_replicate=1, dp_shard=2, cp=1, tp=1, ep=1
[titan] 2026-10-03 03:42:46,804 - root - INFO - Building device mesh with parallelism: pp=1, dp_replicate=1, dp_shard=2, cp=1, tp=1, ep=1
[titan] 2026-10-03 03:42:46,805 - root - INFO - Successfully created meshes with active dimensions: ['batch', 'loss', 'fsdp']
[titan] 2026-10-03 03:42:46,806 - root - INFO - [GC] Initial GC collection took 0.00 seconds
[titan] 2026-10-03 03:42:46,808 - root - INFO - Building specforge dflash2
[titan] 2026-10-03 03:42:46,808 - root - INFO - Successfully created meshes with active dimensions: ['batch', 'loss', 'fsdp']
[titan] 2026-10-03 03:42:46,809 - root - INFO - [GC] Initial GC collection took 0.00 seconds
[titan] 2026-10-03 03:42:46,810 - root - INFO - Building specforge dflash2
[titan] 2026-10-03 03:42:46,815 - root - INFO - CUDA capacity: NVIDIA H200 with 139.80GiB memory
[titan] 2026-10-03 03:42:46,816 - root - WARNING - Error running lspci: [Errno 2] No such file or directory: 'lspci', fallback to use device_name
[titan] 2026-10-03 03:42:46,816 - root - INFO - [34mModel specforge dflash2 [31msize: 30,048 total parameters[39m
[titan] 2026-10-03 03:42:46,818 - root - INFO - CUDA capacity: NVIDIA H200 with 139.80GiB memory
[titan] 2026-10-03 03:42:46,819 - root - WARNING - Error running lspci: [Errno 2] No such file or directory: 'lspci', fallback to use device_name
[titan] 2026-10-03 03:42:46,819 - root - INFO - [34mModel specforge dflash2 [31msize: 30,048 total parameters[39m
[titan] 2026-10-03 03:42:46,842 - root - INFO - Applied FSDP to the model
[titan] 2026-10-03 03:42:46,844 - root - INFO - Applied FSDP to the model
[titan] 2026-10-03 03:42:47,830 - root - WARNING - Error running lspci: [Errno 2] No such file or directory: 'lspci', fallback to use device_name
[titan] 2026-10-03 03:42:47,830 - root - INFO - Peak FLOPS used for computing MFU: 9.890e+14
[titan] 2026-10-03 03:42:47,830 - root - WARNING - Error running lspci: [Errno 2] No such file or directory: 'lspci', fallback to use device_name
[titan] 2026-10-03 03:42:47,830 - root - INFO - Peak FLOPS used for computing MFU: 9.890e+14
[titan] 2026-10-03 03:42:47,830 - root - INFO - CUDA memory usage for model: 0.00GiB(0.00%)
[titan] 2026-10-03 03:42:47,830 - root - INFO - CUDA memory usage for model: 0.00GiB(0.00%)
[titan] 2026-10-03 03:42:47,831 - root - INFO - Optimizer AdamW (model_part=0): 36 params [.*] {'fused': True, 'foreach': False, 'lr': 0.002, 'betas': (0.9, 0.999), 'eps': 1e-08, 'weight_decay': 0.0}
[titan] 2026-10-03 03:42:47,831 - root - INFO - Optimizer AdamW (model_part=0): 36 params [.*] {'fused': True, 'foreach': False, 'lr': 0.002, 'betas': (0.9, 0.999), 'eps': 1e-08, 'weight_decay': 0.0}
[titan] 2026-10-03 03:42:47,832 - root - INFO - Checkpointing active. Checkpoints will be loaded from and saved to /scratch/specforge-torchtitan-20261003/online-native-resume/output/native-online/checkpoint
[titan] 2026-10-03 03:42:47,832 - root - INFO - Trainer is initialized with local batch size 1, global batch size 4, gradient accumulation steps 2, sequence length 32, total steps 3 (warmup 0)
[titan] 2026-10-03 03:42:47,832 - root - INFO - Checkpointing active. Checkpoints will be loaded from and saved to /scratch/specforge-torchtitan-20261003/online-native-resume/output/native-online/checkpoint
[titan] 2026-10-03 03:42:47,832 - root - INFO - Loading the checkpoint from /scratch/specforge-torchtitan-20261003/online-native-resume/output/native-online/checkpoint/step-1.
[titan] 2026-10-03 03:42:47,832 - root - INFO - Trainer is initialized with local batch size 1, global batch size 4, gradient accumulation steps 2, sequence length 32, total steps 3 (warmup 0)
[titan] 2026-10-03 03:42:47,832 - root - INFO - Loading the checkpoint from /scratch/specforge-torchtitan-20261003/online-native-resume/output/native-online/checkpoint/step-1.
[titan] 2026-10-03 03:42:48,257 - root - INFO - [GC] GC collection for checkpoint loading. took 0.00 seconds
[titan] 2026-10-03 03:42:48,257 - root - INFO - Finished loading the checkpoint in 0.42 seconds.
[titan] 2026-10-03 03:42:48,257 - root - INFO - [GC] GC collection for checkpoint loading. took 0.00 seconds
[titan] 2026-10-03 03:42:48,257 - root - INFO - Training starts at step 2
[titan] 2026-10-03 03:42:48,257 - root - INFO - Finished loading the checkpoint in 0.42 seconds.
[titan] 2026-10-03 03:42:48,257 - root - INFO - Training starts at step 2
[stream-ref-queue] 2026-10-03 03:42:48 waiting path=/scratch/specforge-torchtitan-20261003/online-native-resume/refs.jsonl.inboxes/inbox-rank0.jsonl need=1 buffered=0 closed=False since_progress=0.0s
[titan] 2026-10-03 03:42:48,266 - specforge.runtime.data_plane.ref_distributor - INFO - ref-distributor: finished {'dispatched': 8, 'skipped': 4, 'duplicates': 8, 'dropped': 0}
[titan] 2026-10-03 03:42:49,493 - root - INFO - [31mstep:  2  [32mloss: 10.24214  [38;2;180;60;0mgrad_norm:  4.0378  [38;2;54;234;195mmemory:  0.04GiB(0.03%)  [34mtps: 6  [36mtflops: 0.00  [35mmfu: 0.00%[39m
[titan] 2026-10-03 03:42:49,493 - root - INFO - [31mstep:  2  [32mloss: 10.24214  [38;2;180;60;0mgrad_norm:  4.0378  [38;2;54;234;195mmemory:  0.04GiB(0.03%)  [34mtps: 7  [36mtflops: 0.00  [35mmfu: 0.00%[39m
[titan] 2026-10-03 03:42:49,497 - root - INFO - Saving the checkpoint.
[titan] 2026-10-03 03:42:49,497 - root - INFO - Saving the checkpoint.
[titan] 2026-10-03 03:42:49,577 - root - INFO - [GC] GC collection invoked by checkpointer. took 0.00 seconds
[titan] 2026-10-03 03:42:49,577 - root - INFO - Finished saving the checkpoint in 0.08 seconds.
[titan] 2026-10-03 03:42:49,578 - root - INFO - Synchronizing and adjusting timeout for all ProcessGroups to 2:00:00
[titan] 2026-10-03 03:42:49,582 - root - INFO - [GC] GC collection invoked by checkpointer. took 0.01 seconds
[titan] 2026-10-03 03:42:49,582 - root - INFO - Finished saving the checkpoint in 0.08 seconds.
[titan] 2026-10-03 03:42:49,582 - root - INFO - Synchronizing and adjusting timeout for all ProcessGroups to 2:00:00
[titan] 2026-10-03 03:42:49,639 - root - INFO - [31mstep:  3  [32mloss: 11.29974  [38;2;180;60;0mgrad_norm:  4.2359  [38;2;54;234;195mmemory:  0.04GiB(0.03%)  [34mtps: 130  [36mtflops: 0.00  [35mmfu: 0.00%[39m
[titan] 2026-10-03 03:42:49,640 - root - INFO - [31mstep:  3  [32mloss: 11.29974  [38;2;180;60;0mgrad_norm:  4.2359  [38;2;54;234;195mmemory:  0.04GiB(0.03%)  [34mtps: 123  [36mtflops: 0.00  [35mmfu: 0.00%[39m
[titan] 2026-10-03 03:42:49,642 - root - INFO - Saving the checkpoint.
[titan] 2026-10-03 03:42:49,642 - root - INFO - Saving a full checkpoint at last step, step 3.
[titan] 2026-10-03 03:42:49,642 - root - INFO - Saving the checkpoint.
[titan] 2026-10-03 03:42:49,642 - root - INFO - Saving a full checkpoint at last step, step 3.
[titan] 2026-10-03 03:42:49,716 - root - INFO - [GC] GC collection invoked by checkpointer. took 0.00 seconds
[titan] 2026-10-03 03:42:49,716 - root - INFO - Last step checkpoint completed in 0.07s
[titan] 2026-10-03 03:42:49,716 - root - INFO - Sleeping 2 seconds for other ranks to complete
[titan] 2026-10-03 03:42:49,720 - root - INFO - [GC] GC collection invoked by checkpointer. took 0.00 seconds
[titan] 2026-10-03 03:42:49,720 - root - INFO - Last step checkpoint completed in 0.08s
[titan] 2026-10-03 03:42:49,720 - root - INFO - Training completed
[titan] 2026-10-03 03:42:51,716 - root - INFO - Training completed
ONLINE_BOUNDARY_OK step=3 acknowledged=12
