W1003 05:48:44.369000 2063089 venv/lib/python3.12/site-packages/torch/utils/_pytree.py:630] <enum 'KernelPreference'> is an Enum subclass and is now natively supported by torch.compile as an opaque value type. Calling register_constant() on Enum subclasses is deprecated and will be an error in a future release.
W1003 05:48:44.384000 2063088 venv/lib/python3.12/site-packages/torch/utils/_pytree.py:630] <enum 'KernelPreference'> is an Enum subclass and is now natively supported by torch.compile as an opaque value type. Calling register_constant() on Enum subclasses is deprecated and will be an error in a future release.
W1003 05:48:44.396000 2063089 venv/lib/python3.12/site-packages/torch/utils/_pytree.py:630] <enum 'ScaleCalculationMode'> is an Enum subclass and is now natively supported by torch.compile as an opaque value type. Calling register_constant() on Enum subclasses is deprecated and will be an error in a future release.
W1003 05:48:44.410000 2063088 venv/lib/python3.12/site-packages/torch/utils/_pytree.py:630] <enum 'ScaleCalculationMode'> is an Enum subclass and is now natively supported by torch.compile as an opaque value type. Calling register_constant() on Enum subclasses is deprecated and will be an error in a future release.
/scratch/specforge-torchtitan-20261003/graph-loss-source-candidate3/specforge/modeling/draft/llama3_eagle.py:33: UserWarning: flash_attn is not found, falling back to flex_attention. Please install flash_attn if you want to use the flash attention backend.
  warnings.warn(
/scratch/specforge-torchtitan-20261003/graph-loss-source-candidate3/specforge/modeling/draft/llama3_eagle.py:33: UserWarning: flash_attn is not found, falling back to flex_attention. Please install flash_attn if you want to use the flash attention backend.
  warnings.warn(
Loading ['model.embed_tokens.weight', 'lm_head.weight'] from model.safetensors...
 -> Loaded Embeddings
 -> Loaded LM Head
Loading ['model.embed_tokens.weight', 'lm_head.weight'] from model.safetensors...
 -> Loaded Embeddings
 -> Loaded LM Head
[titan] 2026-10-03 05:48:46,586 - root - WARNING - ENV[TORCH_NCCL_ASYNC_ERROR_HANDLING] = 1 will be overridden to 3 based on job config
[titan] 2026-10-03 05:48:46,590 - root - WARNING - ENV[TORCH_NCCL_ASYNC_ERROR_HANDLING] = 1 will be overridden to 3 based on job config
[titan] 2026-10-03 05:48:46,593 - root - INFO - Building device mesh with parallelism: pp=1, dp_replicate=1, dp_shard=2, cp=1, tp=1, ep=1
[titan] 2026-10-03 05:48:46,596 - root - INFO - Building device mesh with parallelism: pp=1, dp_replicate=1, dp_shard=2, cp=1, tp=1, ep=1
[titan] 2026-10-03 05:48:46,597 - root - INFO - Successfully created meshes with active dimensions: ['batch', 'loss', 'fsdp']
[titan] 2026-10-03 05:48:46,598 - root - INFO - [GC] Initial GC collection took 0.00 seconds
[titan] 2026-10-03 05:48:46,598 - root - INFO - Deterministic algorithm enabled (expect perf degradation).
[titan] 2026-10-03 05:48:46,600 - root - INFO - Successfully created meshes with active dimensions: ['batch', 'loss', 'fsdp']
[titan] 2026-10-03 05:48:46,601 - root - INFO - [GC] Initial GC collection took 0.00 seconds
[titan] 2026-10-03 05:48:46,601 - root - INFO - Deterministic algorithm enabled (expect perf degradation).
[titan] 2026-10-03 05:48:46,610 - root - INFO - Building specforge dflash2
[titan] 2026-10-03 05:48:46,612 - root - INFO - Building specforge dflash2
[titan] 2026-10-03 05:48:46,617 - root - INFO - CUDA capacity: NVIDIA H200 with 139.80GiB memory
[titan] 2026-10-03 05:48:46,617 - root - WARNING - Error running lspci: [Errno 2] No such file or directory: 'lspci', fallback to use device_name
[titan] 2026-10-03 05:48:46,618 - root - INFO - [34mModel specforge dflash2 [31msize: 30,048 total parameters[39m
[titan] 2026-10-03 05:48:46,619 - root - INFO - CUDA capacity: NVIDIA H200 with 139.80GiB memory
[titan] 2026-10-03 05:48:46,620 - root - WARNING - Error running lspci: [Errno 2] No such file or directory: 'lspci', fallback to use device_name
[titan] 2026-10-03 05:48:46,620 - root - INFO - [34mModel specforge dflash2 [31msize: 30,048 total parameters[39m
[titan] 2026-10-03 05:48:46,641 - root - INFO - Applied Data Parallel (simple_fsdp) (dp mode=fully_shard) to the model
[titan] 2026-10-03 05:48:46,642 - root - INFO - aot_fx_trace compile mode: graph capture will happen at training time
[titan] 2026-10-03 05:48:46,643 - root - INFO - Applied Data Parallel (simple_fsdp) (dp mode=fully_shard) to the model
[titan] 2026-10-03 05:48:46,644 - root - INFO - aot_fx_trace compile mode: graph capture will happen at training time
[titan] 2026-10-03 05:48:47,820 - root - WARNING - Error running lspci: [Errno 2] No such file or directory: 'lspci', fallback to use device_name
[titan] 2026-10-03 05:48:47,821 - root - INFO - Peak FLOPS used for computing MFU: 9.890e+14
[titan] 2026-10-03 05:48:47,821 - root - WARNING - Error running lspci: [Errno 2] No such file or directory: 'lspci', fallback to use device_name
[titan] 2026-10-03 05:48:47,821 - root - INFO - Peak FLOPS used for computing MFU: 9.890e+14
[titan] 2026-10-03 05:48:47,821 - root - INFO - CUDA memory usage for model: 0.00GiB(0.00%)
[titan] 2026-10-03 05:48:47,821 - root - INFO - CUDA memory usage for model: 0.00GiB(0.00%)
[titan] 2026-10-03 05:48:47,821 - root - INFO - Optimizer AdamW (model_part=0): 36 params [.*] {'fused': True, 'foreach': False, 'lr': 0.002, 'betas': (0.9, 0.999), 'eps': 1e-08, 'weight_decay': 0.0}
[titan] 2026-10-03 05:48:47,821 - root - INFO - Optimizer AdamW (model_part=0): 36 params [.*] {'fused': True, 'foreach': False, 'lr': 0.002, 'betas': (0.9, 0.999), 'eps': 1e-08, 'weight_decay': 0.0}
[titan] 2026-10-03 05:48:47,822 - root - INFO - Checkpointing active. Checkpoints will be loaded from and saved to /scratch/specforge-torchtitan-20261003/graph-loss-lifecycle-full-deterministic/full/checkpoint
[titan] 2026-10-03 05:48:47,822 - root - INFO - Trainer is initialized with local batch size 2, global batch size 8, gradient accumulation steps 2, sequence length 32, total steps 3 (warmup 0)
[titan] 2026-10-03 05:48:47,822 - root - INFO - Checkpointing active. Checkpoints will be loaded from and saved to /scratch/specforge-torchtitan-20261003/graph-loss-lifecycle-full-deterministic/full/checkpoint
[titan] 2026-10-03 05:48:47,822 - root - INFO - Trainer is initialized with local batch size 2, global batch size 8, gradient accumulation steps 2, sequence length 32, total steps 3 (warmup 0)
[titan] 2026-10-03 05:48:47,823 - root - INFO - NUMA binding applied for GPU 0
[titan] 2026-10-03 05:48:47,823 - root - INFO - NUMA binding applied for GPU 1
[titan] 2026-10-03 05:48:47,823 - root - INFO - No checkpoint was provided, this is a fresh start.
[titan] 2026-10-03 05:48:47,823 - root - INFO - Training starts at step 1
[titan] 2026-10-03 05:48:47,823 - root - INFO - No checkpoint was provided, this is a fresh start.
[titan] 2026-10-03 05:48:47,823 - root - INFO - Training starts at step 1
[titan] 2026-10-03 05:48:49,588 - root - INFO - minimal_fx_tracer took 1.741s
[titan] 2026-10-03 05:48:49,588 - root - INFO - Applying 10 graph passes:
  1. functionalize_fused_kernels
  2. eliminate_dead_code_pass
  3. canonicalize_graph_pass
  4. deduplicate_fsdp_unshard_chains_pass
  5. tag_with_memory_policy_pass
  6. apply_cpu_offload_pass
  7. selective_activation_remat_pass
  8. joint_transformer_block_bucketing_reordering_pass
  9. full_inductor_compilation_pass
  10. cudagraph_pass
[titan] 2026-10-03 05:48:49,592 - root - INFO - minimal_fx_tracer took 1.745s
[titan] 2026-10-03 05:48:49,592 - root - INFO - Applying 10 graph passes:
  1. functionalize_fused_kernels
  2. eliminate_dead_code_pass
  3. canonicalize_graph_pass
  4. deduplicate_fsdp_unshard_chains_pass
  5. tag_with_memory_policy_pass
  6. apply_cpu_offload_pass
  7. selective_activation_remat_pass
  8. joint_transformer_block_bucketing_reordering_pass
  9. full_inductor_compilation_pass
  10. cudagraph_pass
[titan] 2026-10-03 05:48:51,237 - root - INFO - Eliminated dead code from the graph
[titan] 2026-10-03 05:48:51,248 - root - INFO - Eliminated dead code from the graph
[titan] 2026-10-03 05:48:51,285 - root - INFO - Removed 75 identity view/reshape node(s) from the graph
[titan] 2026-10-03 05:48:51,296 - root - INFO - Removed 75 identity view/reshape node(s) from the graph
[titan] 2026-10-03 05:48:51,331 - root - INFO - Removed 77 back-to-back transpose node(s) from the graph
[titan] 2026-10-03 05:48:51,342 - root - INFO - Removed 77 back-to-back transpose node(s) from the graph
[titan] 2026-10-03 05:48:51,423 - root - INFO - Normalized 302 view op(s) to reshape
[titan] 2026-10-03 05:48:51,433 - root - INFO - Normalized 302 view op(s) to reshape
[titan] 2026-10-03 05:48:51,475 - root - INFO - Applied selective activation checkpointing (SAC) graph pass.
[titan] 2026-10-03 05:48:51,475 - root - INFO -   Forced 4 nodes to MUST_SAVE at layer boundaries
[titan] 2026-10-03 05:48:51,475 - root - INFO -   Layer non-layer: 8 MUST_SAVE, 58 RECOMPUTE
[titan] 2026-10-03 05:48:51,475 - root - INFO -   Layer 0: 14 MUST_SAVE, 215 RECOMPUTE
[titan] 2026-10-03 05:48:51,475 - root - INFO -   Layer 1: 13 MUST_SAVE, 217 RECOMPUTE
[titan] 2026-10-03 05:48:51,486 - root - INFO - Applied selective activation checkpointing (SAC) graph pass.
[titan] 2026-10-03 05:48:51,486 - root - INFO -   Forced 4 nodes to MUST_SAVE at layer boundaries
[titan] 2026-10-03 05:48:51,486 - root - INFO -   Layer non-layer: 8 MUST_SAVE, 58 RECOMPUTE
[titan] 2026-10-03 05:48:51,486 - root - INFO -   Layer 0: 14 MUST_SAVE, 215 RECOMPUTE
[titan] 2026-10-03 05:48:51,486 - root - INFO -   Layer 1: 13 MUST_SAVE, 217 RECOMPUTE
[titan] 2026-10-03 05:48:52,345 - root - INFO - FSDP reorder: 8 overlap deps across 8 target nodes
[titan] 2026-10-03 05:48:52,348 - root - INFO - FSDP reorder: 8 overlap deps across 8 target nodes
[titan] 2026-10-03 05:49:16,167 - root - INFO - Applied cudagraph pass.
[titan] 2026-10-03 05:49:16,167 - root - INFO - All 10 graph passes took 26.575s
[titan] 2026-10-03 05:49:16,417 - root - INFO - Applied cudagraph pass.
[titan] 2026-10-03 05:49:16,417 - root - INFO - All 10 graph passes took 26.829s
[rank0]:W1003 05:49:16.682000 2063088 venv/lib/python3.12/site-packages/torch/_library/opaque_object.py:314] is_opaque_value is deprecated, use is_custom_class_obj instead
[rank0]:W1003 05:49:16.683000 2063088 venv/lib/python3.12/site-packages/torch/_library/opaque_object.py:314] is_opaque_value is deprecated, use is_custom_class_obj instead
[rank0]:W1003 05:49:16.683000 2063088 venv/lib/python3.12/site-packages/torch/_library/opaque_object.py:314] is_opaque_value is deprecated, use is_custom_class_obj instead
[rank0]:W1003 05:49:16.683000 2063088 venv/lib/python3.12/site-packages/torch/_library/opaque_object.py:314] is_opaque_value is deprecated, use is_custom_class_obj instead
[rank0]:W1003 05:49:16.683000 2063088 venv/lib/python3.12/site-packages/torch/_library/opaque_object.py:314] is_opaque_value is deprecated, use is_custom_class_obj instead
[rank0]:W1003 05:49:16.683000 2063088 venv/lib/python3.12/site-packages/torch/_library/opaque_object.py:314] is_opaque_value is deprecated, use is_custom_class_obj instead
[rank0]:W1003 05:49:16.683000 2063088 venv/lib/python3.12/site-packages/torch/_library/opaque_object.py:314] is_opaque_value is deprecated, use is_custom_class_obj instead
[rank0]:W1003 05:49:16.683000 2063088 venv/lib/python3.12/site-packages/torch/_library/opaque_object.py:314] is_opaque_value is deprecated, use is_custom_class_obj instead
[rank0]:W1003 05:49:16.683000 2063088 venv/lib/python3.12/site-packages/torch/_library/opaque_object.py:314] is_opaque_value is deprecated, use is_custom_class_obj instead
[rank0]:W1003 05:49:16.683000 2063088 venv/lib/python3.12/site-packages/torch/_library/opaque_object.py:314] is_opaque_value is deprecated, use is_custom_class_obj instead
[rank0]:W1003 05:49:16.683000 2063088 venv/lib/python3.12/site-packages/torch/_library/opaque_object.py:314] is_opaque_value is deprecated, use is_custom_class_obj instead
[rank0]:W1003 05:49:16.683000 2063088 venv/lib/python3.12/site-packages/torch/_library/opaque_object.py:314] is_opaque_value is deprecated, use is_custom_class_obj instead
[rank0]:W1003 05:49:16.683000 2063088 venv/lib/python3.12/site-packages/torch/_library/opaque_object.py:314] is_opaque_value is deprecated, use is_custom_class_obj instead
[rank0]:W1003 05:49:16.683000 2063088 venv/lib/python3.12/site-packages/torch/_library/opaque_object.py:314] is_opaque_value is deprecated, use is_custom_class_obj instead
[rank0]:W1003 05:49:16.683000 2063088 venv/lib/python3.12/site-packages/torch/_library/opaque_object.py:314] is_opaque_value is deprecated, use is_custom_class_obj instead
[rank0]:W1003 05:49:16.683000 2063088 venv/lib/python3.12/site-packages/torch/_library/opaque_object.py:314] is_opaque_value is deprecated, use is_custom_class_obj instead
[rank0]:W1003 05:49:16.683000 2063088 venv/lib/python3.12/site-packages/torch/_library/opaque_object.py:314] is_opaque_value is deprecated, use is_custom_class_obj instead
[rank0]:W1003 05:49:16.683000 2063088 venv/lib/python3.12/site-packages/torch/_library/opaque_object.py:314] is_opaque_value is deprecated, use is_custom_class_obj instead
[rank0]:W1003 05:49:16.683000 2063088 venv/lib/python3.12/site-packages/torch/_library/opaque_object.py:314] is_opaque_value is deprecated, use is_custom_class_obj instead
[rank0]:W1003 05:49:16.683000 2063088 venv/lib/python3.12/site-packages/torch/_library/opaque_object.py:314] is_opaque_value is deprecated, use is_custom_class_obj instead
[rank0]:W1003 05:49:16.683000 2063088 venv/lib/python3.12/site-packages/torch/_library/opaque_object.py:314] is_opaque_value is deprecated, use is_custom_class_obj instead
[rank0]:W1003 05:49:16.683000 2063088 venv/lib/python3.12/site-packages/torch/_library/opaque_object.py:314] is_opaque_value is deprecated, use is_custom_class_obj instead
[rank0]:W1003 05:49:16.683000 2063088 venv/lib/python3.12/site-packages/torch/_library/opaque_object.py:314] is_opaque_value is deprecated, use is_custom_class_obj instead
[rank0]:W1003 05:49:16.683000 2063088 venv/lib/python3.12/site-packages/torch/_library/opaque_object.py:314] is_opaque_value is deprecated, use is_custom_class_obj instead
[rank0]:W1003 05:49:16.683000 2063088 venv/lib/python3.12/site-packages/torch/_library/opaque_object.py:314] is_opaque_value is deprecated, use is_custom_class_obj instead
[rank0]:W1003 05:49:16.683000 2063088 venv/lib/python3.12/site-packages/torch/_library/opaque_object.py:314] is_opaque_value is deprecated, use is_custom_class_obj instead
[rank0]:W1003 05:49:16.683000 2063088 venv/lib/python3.12/site-packages/torch/_library/opaque_object.py:314] is_opaque_value is deprecated, use is_custom_class_obj instead
[rank0]:W1003 05:49:16.683000 2063088 venv/lib/python3.12/site-packages/torch/_library/opaque_object.py:314] is_opaque_value is deprecated, use is_custom_class_obj instead
[rank0]:W1003 05:49:16.683000 2063088 venv/lib/python3.12/site-packages/torch/_library/opaque_object.py:314] is_opaque_value is deprecated, use is_custom_class_obj instead
[rank0]:W1003 05:49:16.683000 2063088 venv/lib/python3.12/site-packages/torch/_library/opaque_object.py:314] is_opaque_value is deprecated, use is_custom_class_obj instead
[rank0]:W1003 05:49:16.683000 2063088 venv/lib/python3.12/site-packages/torch/_library/opaque_object.py:314] is_opaque_value is deprecated, use is_custom_class_obj instead
[rank0]:W1003 05:49:16.683000 2063088 venv/lib/python3.12/site-packages/torch/_library/opaque_object.py:314] is_opaque_value is deprecated, use is_custom_class_obj instead
[rank0]:W1003 05:49:16.683000 2063088 venv/lib/python3.12/site-packages/torch/_library/opaque_object.py:314] is_opaque_value is deprecated, use is_custom_class_obj instead
[rank0]:W1003 05:49:16.683000 2063088 venv/lib/python3.12/site-packages/torch/_library/opaque_object.py:314] is_opaque_value is deprecated, use is_custom_class_obj instead
[rank0]:W1003 05:49:16.683000 2063088 venv/lib/python3.12/site-packages/torch/_library/opaque_object.py:314] is_opaque_value is deprecated, use is_custom_class_obj instead
[rank0]:W1003 05:49:16.683000 2063088 venv/lib/python3.12/site-packages/torch/_library/opaque_object.py:314] is_opaque_value is deprecated, use is_custom_class_obj instead
[rank1]:W1003 05:49:16.684000 2063089 venv/lib/python3.12/site-packages/torch/_library/opaque_object.py:314] is_opaque_value is deprecated, use is_custom_class_obj instead
[rank1]:W1003 05:49:16.685000 2063089 venv/lib/python3.12/site-packages/torch/_library/opaque_object.py:314] is_opaque_value is deprecated, use is_custom_class_obj instead
[rank1]:W1003 05:49:16.685000 2063089 venv/lib/python3.12/site-packages/torch/_library/opaque_object.py:314] is_opaque_value is deprecated, use is_custom_class_obj instead
[rank1]:W1003 05:49:16.685000 2063089 venv/lib/python3.12/site-packages/torch/_library/opaque_object.py:314] is_opaque_value is deprecated, use is_custom_class_obj instead
[rank1]:W1003 05:49:16.685000 2063089 venv/lib/python3.12/site-packages/torch/_library/opaque_object.py:314] is_opaque_value is deprecated, use is_custom_class_obj instead
[rank1]:W1003 05:49:16.685000 2063089 venv/lib/python3.12/site-packages/torch/_library/opaque_object.py:314] is_opaque_value is deprecated, use is_custom_class_obj instead
[rank1]:W1003 05:49:16.685000 2063089 venv/lib/python3.12/site-packages/torch/_library/opaque_object.py:314] is_opaque_value is deprecated, use is_custom_class_obj instead
[rank1]:W1003 05:49:16.685000 2063089 venv/lib/python3.12/site-packages/torch/_library/opaque_object.py:314] is_opaque_value is deprecated, use is_custom_class_obj instead
[rank1]:W1003 05:49:16.685000 2063089 venv/lib/python3.12/site-packages/torch/_library/opaque_object.py:314] is_opaque_value is deprecated, use is_custom_class_obj instead
[rank1]:W1003 05:49:16.685000 2063089 venv/lib/python3.12/site-packages/torch/_library/opaque_object.py:314] is_opaque_value is deprecated, use is_custom_class_obj instead
[rank1]:W1003 05:49:16.685000 2063089 venv/lib/python3.12/site-packages/torch/_library/opaque_object.py:314] is_opaque_value is deprecated, use is_custom_class_obj instead
[rank1]:W1003 05:49:16.685000 2063089 venv/lib/python3.12/site-packages/torch/_library/opaque_object.py:314] is_opaque_value is deprecated, use is_custom_class_obj instead
[rank1]:W1003 05:49:16.685000 2063089 venv/lib/python3.12/site-packages/torch/_library/opaque_object.py:314] is_opaque_value is deprecated, use is_custom_class_obj instead
[rank1]:W1003 05:49:16.685000 2063089 venv/lib/python3.12/site-packages/torch/_library/opaque_object.py:314] is_opaque_value is deprecated, use is_custom_class_obj instead
[rank1]:W1003 05:49:16.685000 2063089 venv/lib/python3.12/site-packages/torch/_library/opaque_object.py:314] is_opaque_value is deprecated, use is_custom_class_obj instead
[rank1]:W1003 05:49:16.685000 2063089 venv/lib/python3.12/site-packages/torch/_library/opaque_object.py:314] is_opaque_value is deprecated, use is_custom_class_obj instead
[rank1]:W1003 05:49:16.685000 2063089 venv/lib/python3.12/site-packages/torch/_library/opaque_object.py:314] is_opaque_value is deprecated, use is_custom_class_obj instead
[rank1]:W1003 05:49:16.685000 2063089 venv/lib/python3.12/site-packages/torch/_library/opaque_object.py:314] is_opaque_value is deprecated, use is_custom_class_obj instead
[rank1]:W1003 05:49:16.685000 2063089 venv/lib/python3.12/site-packages/torch/_library/opaque_object.py:314] is_opaque_value is deprecated, use is_custom_class_obj instead
[rank1]:W1003 05:49:16.685000 2063089 venv/lib/python3.12/site-packages/torch/_library/opaque_object.py:314] is_opaque_value is deprecated, use is_custom_class_obj instead
[rank1]:W1003 05:49:16.685000 2063089 venv/lib/python3.12/site-packages/torch/_library/opaque_object.py:314] is_opaque_value is deprecated, use is_custom_class_obj instead
[rank1]:W1003 05:49:16.685000 2063089 venv/lib/python3.12/site-packages/torch/_library/opaque_object.py:314] is_opaque_value is deprecated, use is_custom_class_obj instead
[rank1]:W1003 05:49:16.685000 2063089 venv/lib/python3.12/site-packages/torch/_library/opaque_object.py:314] is_opaque_value is deprecated, use is_custom_class_obj instead
[rank1]:W1003 05:49:16.685000 2063089 venv/lib/python3.12/site-packages/torch/_library/opaque_object.py:314] is_opaque_value is deprecated, use is_custom_class_obj instead
[rank1]:W1003 05:49:16.685000 2063089 venv/lib/python3.12/site-packages/torch/_library/opaque_object.py:314] is_opaque_value is deprecated, use is_custom_class_obj instead
[rank1]:W1003 05:49:16.685000 2063089 venv/lib/python3.12/site-packages/torch/_library/opaque_object.py:314] is_opaque_value is deprecated, use is_custom_class_obj instead
[rank1]:W1003 05:49:16.685000 2063089 venv/lib/python3.12/site-packages/torch/_library/opaque_object.py:314] is_opaque_value is deprecated, use is_custom_class_obj instead
[rank1]:W1003 05:49:16.685000 2063089 venv/lib/python3.12/site-packages/torch/_library/opaque_object.py:314] is_opaque_value is deprecated, use is_custom_class_obj instead
[rank1]:W1003 05:49:16.685000 2063089 venv/lib/python3.12/site-packages/torch/_library/opaque_object.py:314] is_opaque_value is deprecated, use is_custom_class_obj instead
[rank1]:W1003 05:49:16.685000 2063089 venv/lib/python3.12/site-packages/torch/_library/opaque_object.py:314] is_opaque_value is deprecated, use is_custom_class_obj instead
[rank1]:W1003 05:49:16.685000 2063089 venv/lib/python3.12/site-packages/torch/_library/opaque_object.py:314] is_opaque_value is deprecated, use is_custom_class_obj instead
[rank1]:W1003 05:49:16.685000 2063089 venv/lib/python3.12/site-packages/torch/_library/opaque_object.py:314] is_opaque_value is deprecated, use is_custom_class_obj instead
[rank1]:W1003 05:49:16.685000 2063089 venv/lib/python3.12/site-packages/torch/_library/opaque_object.py:314] is_opaque_value is deprecated, use is_custom_class_obj instead
[rank1]:W1003 05:49:16.685000 2063089 venv/lib/python3.12/site-packages/torch/_library/opaque_object.py:314] is_opaque_value is deprecated, use is_custom_class_obj instead
[rank1]:W1003 05:49:16.685000 2063089 venv/lib/python3.12/site-packages/torch/_library/opaque_object.py:314] is_opaque_value is deprecated, use is_custom_class_obj instead
[rank1]:W1003 05:49:16.685000 2063089 venv/lib/python3.12/site-packages/torch/_library/opaque_object.py:314] is_opaque_value is deprecated, use is_custom_class_obj instead
[titan] 2026-10-03 05:49:16,912 - root - INFO - [31mstep:  1  [32mloss: 11.10739  [38;2;180;60;0mgrad_norm:  4.0919  [38;2;54;234;195mmemory:  0.06GiB(0.04%)  [34mtps: 4  [36mtflops: 0.00  [35mmfu: 0.00%[39m
[titan] 2026-10-03 05:49:16,912 - root - INFO - [31mstep:  1  [32mloss: 11.10739  [38;2;180;60;0mgrad_norm:  4.0919  [38;2;54;234;195mmemory:  0.06GiB(0.04%)  [34mtps: 4  [36mtflops: 0.00  [35mmfu: 0.00%[39m
[titan] 2026-10-03 05:49:16,913 - root - INFO - Saving the checkpoint.
[titan] 2026-10-03 05:49:16,913 - root - INFO - Saving the checkpoint.
[titan] 2026-10-03 05:49:17,804 - root - INFO - [GC] GC collection invoked by checkpointer. took 0.70 seconds
[titan] 2026-10-03 05:49:17,805 - root - INFO - Finished saving the checkpoint in 0.89 seconds.
[titan] 2026-10-03 05:49:17,805 - root - INFO - Synchronizing and adjusting timeout for all ProcessGroups to 0:02:00
[titan] 2026-10-03 05:49:17,827 - root - INFO - [GC] GC collection invoked by checkpointer. took 0.72 seconds
[titan] 2026-10-03 05:49:17,827 - root - INFO - Finished saving the checkpoint in 0.91 seconds.
[titan] 2026-10-03 05:49:17,828 - root - INFO - Synchronizing and adjusting timeout for all ProcessGroups to 0:02:00
[titan] 2026-10-03 05:49:17,842 - root - INFO - [31mstep:  2  [32mloss: 11.49704  [38;2;180;60;0mgrad_norm:  4.4942  [38;2;54;234;195mmemory:  0.04GiB(0.03%)  [34mtps: 138  [36mtflops: 0.00  [35mmfu: 0.00%[39m
[titan] 2026-10-03 05:49:17,842 - root - INFO - [31mstep:  2  [32mloss: 11.49704  [38;2;180;60;0mgrad_norm:  4.4942  [38;2;54;234;195mmemory:  0.04GiB(0.03%)  [34mtps: 138  [36mtflops: 0.00  [35mmfu: 0.00%[39m
[titan] 2026-10-03 05:49:17,842 - root - INFO - Saving the checkpoint.
[titan] 2026-10-03 05:49:17,842 - root - INFO - Saving the checkpoint.
[titan] 2026-10-03 05:49:17,918 - root - INFO - [GC] GC collection invoked by checkpointer. took 0.00 seconds
[titan] 2026-10-03 05:49:17,918 - root - INFO - Finished saving the checkpoint in 0.08 seconds.
[titan] 2026-10-03 05:49:17,923 - root - INFO - [GC] GC collection invoked by checkpointer. took 0.00 seconds
[titan] 2026-10-03 05:49:17,924 - root - INFO - Finished saving the checkpoint in 0.08 seconds.
[titan] 2026-10-03 05:49:17,934 - root - INFO - [31mstep:  3  [32mloss: 11.61181  [38;2;180;60;0mgrad_norm:  3.9135  [38;2;54;234;195mmemory:  0.04GiB(0.03%)  [34mtps: 1,392  [36mtflops: 0.00  [35mmfu: 0.00%[39m
[titan] 2026-10-03 05:49:17,934 - root - INFO - [31mstep:  3  [32mloss: 11.61181  [38;2;180;60;0mgrad_norm:  3.9135  [38;2;54;234;195mmemory:  0.04GiB(0.03%)  [34mtps: 1,391  [36mtflops: 0.00  [35mmfu: 0.00%[39m
[titan] 2026-10-03 05:49:17,934 - root - INFO - Saving the checkpoint.
[titan] 2026-10-03 05:49:17,934 - root - INFO - Saving a full checkpoint at last step, step 3.
[titan] 2026-10-03 05:49:17,934 - root - INFO - Saving the checkpoint.
[titan] 2026-10-03 05:49:17,934 - root - INFO - Saving a full checkpoint at last step, step 3.
[titan] 2026-10-03 05:49:18,006 - root - INFO - [GC] GC collection invoked by checkpointer. took 0.00 seconds
[titan] 2026-10-03 05:49:18,007 - root - INFO - Last step checkpoint completed in 0.07s
[titan] 2026-10-03 05:49:18,007 - root - INFO - Sleeping 2 seconds for other ranks to complete
[titan] 2026-10-03 05:49:18,011 - root - INFO - [GC] GC collection invoked by checkpointer. took 0.00 seconds
[titan] 2026-10-03 05:49:18,012 - root - INFO - Last step checkpoint completed in 0.08s
[titan] 2026-10-03 05:49:18,012 - root - INFO - Training completed
[titan] 2026-10-03 05:49:20,007 - root - INFO - Training completed
