W1003 05:49:49.508000 2064013 venv/lib/python3.12/site-packages/torch/utils/_pytree.py:630] <enum 'KernelPreference'> is an Enum subclass and is now natively supported by torch.compile as an opaque value type. Calling register_constant() on Enum subclasses is deprecated and will be an error in a future release.
W1003 05:49:49.518000 2064014 venv/lib/python3.12/site-packages/torch/utils/_pytree.py:630] <enum 'KernelPreference'> is an Enum subclass and is now natively supported by torch.compile as an opaque value type. Calling register_constant() on Enum subclasses is deprecated and will be an error in a future release.
W1003 05:49:49.535000 2064013 venv/lib/python3.12/site-packages/torch/utils/_pytree.py:630] <enum 'ScaleCalculationMode'> is an Enum subclass and is now natively supported by torch.compile as an opaque value type. Calling register_constant() on Enum subclasses is deprecated and will be an error in a future release.
W1003 05:49:49.545000 2064014 venv/lib/python3.12/site-packages/torch/utils/_pytree.py:630] <enum 'ScaleCalculationMode'> is an Enum subclass and is now natively supported by torch.compile as an opaque value type. Calling register_constant() on Enum subclasses is deprecated and will be an error in a future release.
/scratch/specforge-torchtitan-20261003/graph-loss-source-candidate3/specforge/modeling/draft/llama3_eagle.py:33: UserWarning: flash_attn is not found, falling back to flex_attention. Please install flash_attn if you want to use the flash attention backend.
  warnings.warn(
/scratch/specforge-torchtitan-20261003/graph-loss-source-candidate3/specforge/modeling/draft/llama3_eagle.py:33: UserWarning: flash_attn is not found, falling back to flex_attention. Please install flash_attn if you want to use the flash attention backend.
  warnings.warn(
Loading ['model.embed_tokens.weight', 'lm_head.weight'] from model.safetensors...
 -> Loaded Embeddings
 -> Loaded LM Head
Loading ['model.embed_tokens.weight', 'lm_head.weight'] from model.safetensors...
 -> Loaded Embeddings
 -> Loaded LM Head
[titan] 2026-10-03 05:49:51,760 - root - WARNING - ENV[TORCH_NCCL_ASYNC_ERROR_HANDLING] = 1 will be overridden to 3 based on job config
[titan] 2026-10-03 05:49:51,765 - root - WARNING - ENV[TORCH_NCCL_ASYNC_ERROR_HANDLING] = 1 will be overridden to 3 based on job config
[titan] 2026-10-03 05:49:51,767 - root - INFO - Building device mesh with parallelism: pp=1, dp_replicate=1, dp_shard=2, cp=1, tp=1, ep=1
[titan] 2026-10-03 05:49:51,771 - root - INFO - Building device mesh with parallelism: pp=1, dp_replicate=1, dp_shard=2, cp=1, tp=1, ep=1
[titan] 2026-10-03 05:49:51,771 - root - INFO - Successfully created meshes with active dimensions: ['batch', 'loss', 'fsdp']
[titan] 2026-10-03 05:49:51,772 - root - INFO - [GC] Initial GC collection took 0.00 seconds
[titan] 2026-10-03 05:49:51,772 - root - INFO - Deterministic algorithm enabled (expect perf degradation).
[titan] 2026-10-03 05:49:51,776 - root - INFO - Successfully created meshes with active dimensions: ['batch', 'loss', 'fsdp']
[titan] 2026-10-03 05:49:51,776 - root - INFO - [GC] Initial GC collection took 0.00 seconds
[titan] 2026-10-03 05:49:51,776 - root - INFO - Deterministic algorithm enabled (expect perf degradation).
[titan] 2026-10-03 05:49:51,784 - root - INFO - Building specforge dflash2
[titan] 2026-10-03 05:49:51,788 - root - INFO - Building specforge dflash2
[titan] 2026-10-03 05:49:51,791 - root - INFO - CUDA capacity: NVIDIA H200 with 139.80GiB memory
[titan] 2026-10-03 05:49:51,791 - root - WARNING - Error running lspci: [Errno 2] No such file or directory: 'lspci', fallback to use device_name
[titan] 2026-10-03 05:49:51,792 - root - INFO - [34mModel specforge dflash2 [31msize: 30,048 total parameters[39m
[titan] 2026-10-03 05:49:51,795 - root - INFO - CUDA capacity: NVIDIA H200 with 139.80GiB memory
[titan] 2026-10-03 05:49:51,795 - root - WARNING - Error running lspci: [Errno 2] No such file or directory: 'lspci', fallback to use device_name
[titan] 2026-10-03 05:49:51,796 - root - INFO - [34mModel specforge dflash2 [31msize: 30,048 total parameters[39m
[titan] 2026-10-03 05:49:51,815 - root - INFO - Applied Data Parallel (simple_fsdp) (dp mode=fully_shard) to the model
[titan] 2026-10-03 05:49:51,815 - root - INFO - aot_fx_trace compile mode: graph capture will happen at training time
[titan] 2026-10-03 05:49:51,818 - root - INFO - Applied Data Parallel (simple_fsdp) (dp mode=fully_shard) to the model
[titan] 2026-10-03 05:49:51,819 - root - INFO - aot_fx_trace compile mode: graph capture will happen at training time
[titan] 2026-10-03 05:49:53,049 - root - WARNING - Error running lspci: [Errno 2] No such file or directory: 'lspci', fallback to use device_name
[titan] 2026-10-03 05:49:53,049 - root - INFO - Peak FLOPS used for computing MFU: 9.890e+14
[titan] 2026-10-03 05:49:53,050 - root - INFO - CUDA memory usage for model: 0.00GiB(0.00%)
[titan] 2026-10-03 05:49:53,050 - root - WARNING - Error running lspci: [Errno 2] No such file or directory: 'lspci', fallback to use device_name
[titan] 2026-10-03 05:49:53,050 - root - INFO - Peak FLOPS used for computing MFU: 9.890e+14
[titan] 2026-10-03 05:49:53,050 - root - INFO - Optimizer AdamW (model_part=0): 36 params [.*] {'fused': True, 'foreach': False, 'lr': 0.002, 'betas': (0.9, 0.999), 'eps': 1e-08, 'weight_decay': 0.0}
[titan] 2026-10-03 05:49:53,050 - root - INFO - CUDA memory usage for model: 0.00GiB(0.00%)
[titan] 2026-10-03 05:49:53,050 - root - INFO - Optimizer AdamW (model_part=0): 36 params [.*] {'fused': True, 'foreach': False, 'lr': 0.002, 'betas': (0.9, 0.999), 'eps': 1e-08, 'weight_decay': 0.0}
[titan] 2026-10-03 05:49:53,051 - root - INFO - Checkpointing active. Checkpoints will be loaded from and saved to /scratch/specforge-torchtitan-20261003/graph-loss-lifecycle-full-deterministic/resume/checkpoint
[titan] 2026-10-03 05:49:53,051 - root - INFO - Trainer is initialized with local batch size 2, global batch size 8, gradient accumulation steps 2, sequence length 32, total steps 3 (warmup 0)
[titan] 2026-10-03 05:49:53,051 - root - INFO - Checkpointing active. Checkpoints will be loaded from and saved to /scratch/specforge-torchtitan-20261003/graph-loss-lifecycle-full-deterministic/resume/checkpoint
[titan] 2026-10-03 05:49:53,052 - root - INFO - Trainer is initialized with local batch size 2, global batch size 8, gradient accumulation steps 2, sequence length 32, total steps 3 (warmup 0)
[titan] 2026-10-03 05:49:53,052 - root - INFO - NUMA binding applied for GPU 0
[titan] 2026-10-03 05:49:53,052 - root - INFO - Loading the checkpoint from /scratch/specforge-torchtitan-20261003/graph-loss-lifecycle-full-deterministic/cut/checkpoint/step-1.
[titan] 2026-10-03 05:49:53,052 - root - INFO - NUMA binding applied for GPU 1
[titan] 2026-10-03 05:49:53,052 - root - INFO - Loading the checkpoint from /scratch/specforge-torchtitan-20261003/graph-loss-lifecycle-full-deterministic/cut/checkpoint/step-1.
[titan] 2026-10-03 05:49:53,314 - root - INFO - [GC] GC collection for checkpoint loading. took 0.00 seconds
[titan] 2026-10-03 05:49:53,314 - root - INFO - [GC] GC collection for checkpoint loading. took 0.00 seconds
[titan] 2026-10-03 05:49:53,314 - root - INFO - Finished loading the checkpoint in 0.26 seconds.
[titan] 2026-10-03 05:49:53,314 - root - INFO - Finished loading the checkpoint in 0.26 seconds.
[titan] 2026-10-03 05:49:53,314 - root - INFO - Training starts at step 2
[titan] 2026-10-03 05:49:53,314 - root - INFO - Training starts at step 2
[titan] 2026-10-03 05:49:55,060 - root - INFO - minimal_fx_tracer took 1.730s
[titan] 2026-10-03 05:49:55,061 - root - INFO - Applying 10 graph passes:
  1. functionalize_fused_kernels
  2. eliminate_dead_code_pass
  3. canonicalize_graph_pass
  4. deduplicate_fsdp_unshard_chains_pass
  5. tag_with_memory_policy_pass
  6. apply_cpu_offload_pass
  7. selective_activation_remat_pass
  8. joint_transformer_block_bucketing_reordering_pass
  9. full_inductor_compilation_pass
  10. cudagraph_pass
[titan] 2026-10-03 05:49:55,061 - root - INFO - minimal_fx_tracer took 1.731s
[titan] 2026-10-03 05:49:55,061 - root - INFO - Applying 10 graph passes:
  1. functionalize_fused_kernels
  2. eliminate_dead_code_pass
  3. canonicalize_graph_pass
  4. deduplicate_fsdp_unshard_chains_pass
  5. tag_with_memory_policy_pass
  6. apply_cpu_offload_pass
  7. selective_activation_remat_pass
  8. joint_transformer_block_bucketing_reordering_pass
  9. full_inductor_compilation_pass
  10. cudagraph_pass
[titan] 2026-10-03 05:49:56,696 - root - INFO - Eliminated dead code from the graph
[titan] 2026-10-03 05:49:56,705 - root - INFO - Eliminated dead code from the graph
[titan] 2026-10-03 05:49:56,744 - root - INFO - Removed 75 identity view/reshape node(s) from the graph
[titan] 2026-10-03 05:49:56,753 - root - INFO - Removed 75 identity view/reshape node(s) from the graph
[titan] 2026-10-03 05:49:56,789 - root - INFO - Removed 77 back-to-back transpose node(s) from the graph
[titan] 2026-10-03 05:49:56,799 - root - INFO - Removed 77 back-to-back transpose node(s) from the graph
[titan] 2026-10-03 05:49:56,880 - root - INFO - Normalized 302 view op(s) to reshape
[titan] 2026-10-03 05:49:56,890 - root - INFO - Normalized 302 view op(s) to reshape
[titan] 2026-10-03 05:49:56,932 - root - INFO - Applied selective activation checkpointing (SAC) graph pass.
[titan] 2026-10-03 05:49:56,932 - root - INFO -   Forced 4 nodes to MUST_SAVE at layer boundaries
[titan] 2026-10-03 05:49:56,932 - root - INFO -   Layer non-layer: 8 MUST_SAVE, 58 RECOMPUTE
[titan] 2026-10-03 05:49:56,932 - root - INFO -   Layer 0: 14 MUST_SAVE, 215 RECOMPUTE
[titan] 2026-10-03 05:49:56,932 - root - INFO -   Layer 1: 13 MUST_SAVE, 217 RECOMPUTE
[titan] 2026-10-03 05:49:56,942 - root - INFO - Applied selective activation checkpointing (SAC) graph pass.
[titan] 2026-10-03 05:49:56,942 - root - INFO -   Forced 4 nodes to MUST_SAVE at layer boundaries
[titan] 2026-10-03 05:49:56,942 - root - INFO -   Layer non-layer: 8 MUST_SAVE, 58 RECOMPUTE
[titan] 2026-10-03 05:49:56,942 - root - INFO -   Layer 0: 14 MUST_SAVE, 215 RECOMPUTE
[titan] 2026-10-03 05:49:56,942 - root - INFO -   Layer 1: 13 MUST_SAVE, 217 RECOMPUTE
[titan] 2026-10-03 05:49:57,799 - root - INFO - FSDP reorder: 8 overlap deps across 8 target nodes
[titan] 2026-10-03 05:49:57,802 - root - INFO - FSDP reorder: 8 overlap deps across 8 target nodes
[titan] 2026-10-03 05:49:59,317 - root - INFO - Applied cudagraph pass.
[titan] 2026-10-03 05:49:59,317 - root - INFO - All 10 graph passes took 4.256s
[titan] 2026-10-03 05:49:59,424 - root - INFO - Applied cudagraph pass.
[titan] 2026-10-03 05:49:59,424 - root - INFO - All 10 graph passes took 4.364s
[rank0]:W1003 05:49:59.697000 2064013 venv/lib/python3.12/site-packages/torch/_library/opaque_object.py:314] is_opaque_value is deprecated, use is_custom_class_obj instead
[rank0]:W1003 05:49:59.697000 2064013 venv/lib/python3.12/site-packages/torch/_library/opaque_object.py:314] is_opaque_value is deprecated, use is_custom_class_obj instead
[rank0]:W1003 05:49:59.697000 2064013 venv/lib/python3.12/site-packages/torch/_library/opaque_object.py:314] is_opaque_value is deprecated, use is_custom_class_obj instead
[rank0]:W1003 05:49:59.697000 2064013 venv/lib/python3.12/site-packages/torch/_library/opaque_object.py:314] is_opaque_value is deprecated, use is_custom_class_obj instead
[rank0]:W1003 05:49:59.697000 2064013 venv/lib/python3.12/site-packages/torch/_library/opaque_object.py:314] is_opaque_value is deprecated, use is_custom_class_obj instead
[rank0]:W1003 05:49:59.697000 2064013 venv/lib/python3.12/site-packages/torch/_library/opaque_object.py:314] is_opaque_value is deprecated, use is_custom_class_obj instead
[rank0]:W1003 05:49:59.697000 2064013 venv/lib/python3.12/site-packages/torch/_library/opaque_object.py:314] is_opaque_value is deprecated, use is_custom_class_obj instead
[rank0]:W1003 05:49:59.697000 2064013 venv/lib/python3.12/site-packages/torch/_library/opaque_object.py:314] is_opaque_value is deprecated, use is_custom_class_obj instead
[rank0]:W1003 05:49:59.697000 2064013 venv/lib/python3.12/site-packages/torch/_library/opaque_object.py:314] is_opaque_value is deprecated, use is_custom_class_obj instead
[rank0]:W1003 05:49:59.697000 2064013 venv/lib/python3.12/site-packages/torch/_library/opaque_object.py:314] is_opaque_value is deprecated, use is_custom_class_obj instead
[rank0]:W1003 05:49:59.697000 2064013 venv/lib/python3.12/site-packages/torch/_library/opaque_object.py:314] is_opaque_value is deprecated, use is_custom_class_obj instead
[rank0]:W1003 05:49:59.697000 2064013 venv/lib/python3.12/site-packages/torch/_library/opaque_object.py:314] is_opaque_value is deprecated, use is_custom_class_obj instead
[rank0]:W1003 05:49:59.697000 2064013 venv/lib/python3.12/site-packages/torch/_library/opaque_object.py:314] is_opaque_value is deprecated, use is_custom_class_obj instead
[rank0]:W1003 05:49:59.697000 2064013 venv/lib/python3.12/site-packages/torch/_library/opaque_object.py:314] is_opaque_value is deprecated, use is_custom_class_obj instead
[rank0]:W1003 05:49:59.697000 2064013 venv/lib/python3.12/site-packages/torch/_library/opaque_object.py:314] is_opaque_value is deprecated, use is_custom_class_obj instead
[rank0]:W1003 05:49:59.697000 2064013 venv/lib/python3.12/site-packages/torch/_library/opaque_object.py:314] is_opaque_value is deprecated, use is_custom_class_obj instead
[rank0]:W1003 05:49:59.697000 2064013 venv/lib/python3.12/site-packages/torch/_library/opaque_object.py:314] is_opaque_value is deprecated, use is_custom_class_obj instead
[rank0]:W1003 05:49:59.697000 2064013 venv/lib/python3.12/site-packages/torch/_library/opaque_object.py:314] is_opaque_value is deprecated, use is_custom_class_obj instead
[rank0]:W1003 05:49:59.697000 2064013 venv/lib/python3.12/site-packages/torch/_library/opaque_object.py:314] is_opaque_value is deprecated, use is_custom_class_obj instead
[rank0]:W1003 05:49:59.697000 2064013 venv/lib/python3.12/site-packages/torch/_library/opaque_object.py:314] is_opaque_value is deprecated, use is_custom_class_obj instead
[rank0]:W1003 05:49:59.697000 2064013 venv/lib/python3.12/site-packages/torch/_library/opaque_object.py:314] is_opaque_value is deprecated, use is_custom_class_obj instead
[rank0]:W1003 05:49:59.697000 2064013 venv/lib/python3.12/site-packages/torch/_library/opaque_object.py:314] is_opaque_value is deprecated, use is_custom_class_obj instead
[rank0]:W1003 05:49:59.697000 2064013 venv/lib/python3.12/site-packages/torch/_library/opaque_object.py:314] is_opaque_value is deprecated, use is_custom_class_obj instead
[rank0]:W1003 05:49:59.697000 2064013 venv/lib/python3.12/site-packages/torch/_library/opaque_object.py:314] is_opaque_value is deprecated, use is_custom_class_obj instead
[rank0]:W1003 05:49:59.697000 2064013 venv/lib/python3.12/site-packages/torch/_library/opaque_object.py:314] is_opaque_value is deprecated, use is_custom_class_obj instead
[rank0]:W1003 05:49:59.697000 2064013 venv/lib/python3.12/site-packages/torch/_library/opaque_object.py:314] is_opaque_value is deprecated, use is_custom_class_obj instead
[rank0]:W1003 05:49:59.697000 2064013 venv/lib/python3.12/site-packages/torch/_library/opaque_object.py:314] is_opaque_value is deprecated, use is_custom_class_obj instead
[rank0]:W1003 05:49:59.697000 2064013 venv/lib/python3.12/site-packages/torch/_library/opaque_object.py:314] is_opaque_value is deprecated, use is_custom_class_obj instead
[rank0]:W1003 05:49:59.697000 2064013 venv/lib/python3.12/site-packages/torch/_library/opaque_object.py:314] is_opaque_value is deprecated, use is_custom_class_obj instead
[rank0]:W1003 05:49:59.698000 2064013 venv/lib/python3.12/site-packages/torch/_library/opaque_object.py:314] is_opaque_value is deprecated, use is_custom_class_obj instead
[rank0]:W1003 05:49:59.698000 2064013 venv/lib/python3.12/site-packages/torch/_library/opaque_object.py:314] is_opaque_value is deprecated, use is_custom_class_obj instead
[rank0]:W1003 05:49:59.698000 2064013 venv/lib/python3.12/site-packages/torch/_library/opaque_object.py:314] is_opaque_value is deprecated, use is_custom_class_obj instead
[rank0]:W1003 05:49:59.698000 2064013 venv/lib/python3.12/site-packages/torch/_library/opaque_object.py:314] is_opaque_value is deprecated, use is_custom_class_obj instead
[rank0]:W1003 05:49:59.698000 2064013 venv/lib/python3.12/site-packages/torch/_library/opaque_object.py:314] is_opaque_value is deprecated, use is_custom_class_obj instead
[rank0]:W1003 05:49:59.698000 2064013 venv/lib/python3.12/site-packages/torch/_library/opaque_object.py:314] is_opaque_value is deprecated, use is_custom_class_obj instead
[rank0]:W1003 05:49:59.698000 2064013 venv/lib/python3.12/site-packages/torch/_library/opaque_object.py:314] is_opaque_value is deprecated, use is_custom_class_obj instead
[rank1]:W1003 05:49:59.698000 2064014 venv/lib/python3.12/site-packages/torch/_library/opaque_object.py:314] is_opaque_value is deprecated, use is_custom_class_obj instead
[rank1]:W1003 05:49:59.698000 2064014 venv/lib/python3.12/site-packages/torch/_library/opaque_object.py:314] is_opaque_value is deprecated, use is_custom_class_obj instead
[rank1]:W1003 05:49:59.698000 2064014 venv/lib/python3.12/site-packages/torch/_library/opaque_object.py:314] is_opaque_value is deprecated, use is_custom_class_obj instead
[rank1]:W1003 05:49:59.698000 2064014 venv/lib/python3.12/site-packages/torch/_library/opaque_object.py:314] is_opaque_value is deprecated, use is_custom_class_obj instead
[rank1]:W1003 05:49:59.698000 2064014 venv/lib/python3.12/site-packages/torch/_library/opaque_object.py:314] is_opaque_value is deprecated, use is_custom_class_obj instead
[rank1]:W1003 05:49:59.698000 2064014 venv/lib/python3.12/site-packages/torch/_library/opaque_object.py:314] is_opaque_value is deprecated, use is_custom_class_obj instead
[rank1]:W1003 05:49:59.698000 2064014 venv/lib/python3.12/site-packages/torch/_library/opaque_object.py:314] is_opaque_value is deprecated, use is_custom_class_obj instead
[rank1]:W1003 05:49:59.698000 2064014 venv/lib/python3.12/site-packages/torch/_library/opaque_object.py:314] is_opaque_value is deprecated, use is_custom_class_obj instead
[rank1]:W1003 05:49:59.698000 2064014 venv/lib/python3.12/site-packages/torch/_library/opaque_object.py:314] is_opaque_value is deprecated, use is_custom_class_obj instead
[rank1]:W1003 05:49:59.698000 2064014 venv/lib/python3.12/site-packages/torch/_library/opaque_object.py:314] is_opaque_value is deprecated, use is_custom_class_obj instead
[rank1]:W1003 05:49:59.698000 2064014 venv/lib/python3.12/site-packages/torch/_library/opaque_object.py:314] is_opaque_value is deprecated, use is_custom_class_obj instead
[rank1]:W1003 05:49:59.698000 2064014 venv/lib/python3.12/site-packages/torch/_library/opaque_object.py:314] is_opaque_value is deprecated, use is_custom_class_obj instead
[rank1]:W1003 05:49:59.698000 2064014 venv/lib/python3.12/site-packages/torch/_library/opaque_object.py:314] is_opaque_value is deprecated, use is_custom_class_obj instead
[rank1]:W1003 05:49:59.698000 2064014 venv/lib/python3.12/site-packages/torch/_library/opaque_object.py:314] is_opaque_value is deprecated, use is_custom_class_obj instead
[rank1]:W1003 05:49:59.699000 2064014 venv/lib/python3.12/site-packages/torch/_library/opaque_object.py:314] is_opaque_value is deprecated, use is_custom_class_obj instead
[rank1]:W1003 05:49:59.699000 2064014 venv/lib/python3.12/site-packages/torch/_library/opaque_object.py:314] is_opaque_value is deprecated, use is_custom_class_obj instead
[rank1]:W1003 05:49:59.699000 2064014 venv/lib/python3.12/site-packages/torch/_library/opaque_object.py:314] is_opaque_value is deprecated, use is_custom_class_obj instead
[rank1]:W1003 05:49:59.699000 2064014 venv/lib/python3.12/site-packages/torch/_library/opaque_object.py:314] is_opaque_value is deprecated, use is_custom_class_obj instead
[rank1]:W1003 05:49:59.699000 2064014 venv/lib/python3.12/site-packages/torch/_library/opaque_object.py:314] is_opaque_value is deprecated, use is_custom_class_obj instead
[rank1]:W1003 05:49:59.699000 2064014 venv/lib/python3.12/site-packages/torch/_library/opaque_object.py:314] is_opaque_value is deprecated, use is_custom_class_obj instead
[rank1]:W1003 05:49:59.699000 2064014 venv/lib/python3.12/site-packages/torch/_library/opaque_object.py:314] is_opaque_value is deprecated, use is_custom_class_obj instead
[rank1]:W1003 05:49:59.699000 2064014 venv/lib/python3.12/site-packages/torch/_library/opaque_object.py:314] is_opaque_value is deprecated, use is_custom_class_obj instead
[rank1]:W1003 05:49:59.699000 2064014 venv/lib/python3.12/site-packages/torch/_library/opaque_object.py:314] is_opaque_value is deprecated, use is_custom_class_obj instead
[rank1]:W1003 05:49:59.699000 2064014 venv/lib/python3.12/site-packages/torch/_library/opaque_object.py:314] is_opaque_value is deprecated, use is_custom_class_obj instead
[rank1]:W1003 05:49:59.699000 2064014 venv/lib/python3.12/site-packages/torch/_library/opaque_object.py:314] is_opaque_value is deprecated, use is_custom_class_obj instead
[rank1]:W1003 05:49:59.699000 2064014 venv/lib/python3.12/site-packages/torch/_library/opaque_object.py:314] is_opaque_value is deprecated, use is_custom_class_obj instead
[rank1]:W1003 05:49:59.699000 2064014 venv/lib/python3.12/site-packages/torch/_library/opaque_object.py:314] is_opaque_value is deprecated, use is_custom_class_obj instead
[rank1]:W1003 05:49:59.699000 2064014 venv/lib/python3.12/site-packages/torch/_library/opaque_object.py:314] is_opaque_value is deprecated, use is_custom_class_obj instead
[rank1]:W1003 05:49:59.699000 2064014 venv/lib/python3.12/site-packages/torch/_library/opaque_object.py:314] is_opaque_value is deprecated, use is_custom_class_obj instead
[rank1]:W1003 05:49:59.699000 2064014 venv/lib/python3.12/site-packages/torch/_library/opaque_object.py:314] is_opaque_value is deprecated, use is_custom_class_obj instead
[rank1]:W1003 05:49:59.699000 2064014 venv/lib/python3.12/site-packages/torch/_library/opaque_object.py:314] is_opaque_value is deprecated, use is_custom_class_obj instead
[rank1]:W1003 05:49:59.699000 2064014 venv/lib/python3.12/site-packages/torch/_library/opaque_object.py:314] is_opaque_value is deprecated, use is_custom_class_obj instead
[rank1]:W1003 05:49:59.699000 2064014 venv/lib/python3.12/site-packages/torch/_library/opaque_object.py:314] is_opaque_value is deprecated, use is_custom_class_obj instead
[rank1]:W1003 05:49:59.699000 2064014 venv/lib/python3.12/site-packages/torch/_library/opaque_object.py:314] is_opaque_value is deprecated, use is_custom_class_obj instead
[rank1]:W1003 05:49:59.699000 2064014 venv/lib/python3.12/site-packages/torch/_library/opaque_object.py:314] is_opaque_value is deprecated, use is_custom_class_obj instead
[rank1]:W1003 05:49:59.699000 2064014 venv/lib/python3.12/site-packages/torch/_library/opaque_object.py:314] is_opaque_value is deprecated, use is_custom_class_obj instead
[titan] 2026-10-03 05:49:59,871 - root - INFO - [31mstep:  2  [32mloss: 11.49704  [38;2;180;60;0mgrad_norm:  4.4942  [38;2;54;234;195mmemory:  0.04GiB(0.03%)  [34mtps: 16  [36mtflops: 0.00  [35mmfu: 0.00%[39m
[titan] 2026-10-03 05:49:59,871 - root - INFO - [31mstep:  2  [32mloss: 11.49704  [38;2;180;60;0mgrad_norm:  4.4942  [38;2;54;234;195mmemory:  0.04GiB(0.03%)  [34mtps: 16  [36mtflops: 0.00  [35mmfu: 0.00%[39m
[titan] 2026-10-03 05:49:59,871 - root - INFO - Saving the checkpoint.
[titan] 2026-10-03 05:49:59,871 - root - INFO - Saving the checkpoint.
[titan] 2026-10-03 05:50:00,092 - root - INFO - [GC] GC collection invoked by checkpointer. took 0.14 seconds
[titan] 2026-10-03 05:50:00,093 - root - INFO - Finished saving the checkpoint in 0.22 seconds.
[titan] 2026-10-03 05:50:00,093 - root - INFO - Synchronizing and adjusting timeout for all ProcessGroups to 0:02:00
[titan] 2026-10-03 05:50:00,096 - root - INFO - [GC] GC collection invoked by checkpointer. took 0.14 seconds
[titan] 2026-10-03 05:50:00,096 - root - INFO - Finished saving the checkpoint in 0.22 seconds.
[titan] 2026-10-03 05:50:00,096 - root - INFO - Synchronizing and adjusting timeout for all ProcessGroups to 0:02:00
[titan] 2026-10-03 05:50:00,109 - root - INFO - [31mstep:  3  [32mloss: 11.61181  [38;2;180;60;0mgrad_norm:  3.9135  [38;2;54;234;195mmemory:  0.04GiB(0.03%)  [34mtps: 539  [36mtflops: 0.00  [35mmfu: 0.00%[39m
[titan] 2026-10-03 05:50:00,109 - root - INFO - [31mstep:  3  [32mloss: 11.61181  [38;2;180;60;0mgrad_norm:  3.9135  [38;2;54;234;195mmemory:  0.04GiB(0.03%)  [34mtps: 539  [36mtflops: 0.00  [35mmfu: 0.00%[39m
[titan] 2026-10-03 05:50:00,109 - root - INFO - Saving the checkpoint.
[titan] 2026-10-03 05:50:00,109 - root - INFO - Saving a full checkpoint at last step, step 3.
[titan] 2026-10-03 05:50:00,109 - root - INFO - Saving the checkpoint.
[titan] 2026-10-03 05:50:00,109 - root - INFO - Saving a full checkpoint at last step, step 3.
[titan] 2026-10-03 05:50:00,193 - root - INFO - [GC] GC collection invoked by checkpointer. took 0.00 seconds
[titan] 2026-10-03 05:50:00,194 - root - INFO - Last step checkpoint completed in 0.08s
[titan] 2026-10-03 05:50:00,194 - root - INFO - Sleeping 2 seconds for other ranks to complete
[titan] 2026-10-03 05:50:00,198 - root - INFO - [GC] GC collection invoked by checkpointer. took 0.00 seconds
[titan] 2026-10-03 05:50:00,198 - root - INFO - Last step checkpoint completed in 0.09s
[titan] 2026-10-03 05:50:00,198 - root - INFO - Training completed
[titan] 2026-10-03 05:50:02,194 - root - INFO - Training completed
