W1003 06:34:54.720000 2078026 torch/utils/_pytree.py:630] <enum 'KernelPreference'> is an Enum subclass and is now natively supported by torch.compile as an opaque value type. Calling register_constant() on Enum subclasses is deprecated and will be an error in a future release.
W1003 06:34:54.728000 2078027 torch/utils/_pytree.py:630] <enum 'KernelPreference'> is an Enum subclass and is now natively supported by torch.compile as an opaque value type. Calling register_constant() on Enum subclasses is deprecated and will be an error in a future release.
W1003 06:34:54.747000 2078026 torch/utils/_pytree.py:630] <enum 'ScaleCalculationMode'> is an Enum subclass and is now natively supported by torch.compile as an opaque value type. Calling register_constant() on Enum subclasses is deprecated and will be an error in a future release.
W1003 06:34:54.755000 2078027 torch/utils/_pytree.py:630] <enum 'ScaleCalculationMode'> is an Enum subclass and is now natively supported by torch.compile as an opaque value type. Calling register_constant() on Enum subclasses is deprecated and will be an error in a future release.
/scratch/specforge-torchtitan-20261003/graph-loss-source-candidate4/specforge/modeling/draft/llama3_eagle.py:33: UserWarning: flash_attn is not found, falling back to flex_attention. Please install flash_attn if you want to use the flash attention backend.
  warnings.warn(
/scratch/specforge-torchtitan-20261003/graph-loss-source-candidate4/specforge/modeling/draft/llama3_eagle.py:33: UserWarning: flash_attn is not found, falling back to flex_attention. Please install flash_attn if you want to use the flash attention backend.
  warnings.warn(
Loading ['model.embed_tokens.weight', 'lm_head.weight'] from model.safetensors...
 -> Loaded Embeddings
 -> Loaded LM Head
Loading ['model.embed_tokens.weight', 'lm_head.weight'] from model.safetensors...
 -> Loaded Embeddings
 -> Loaded LM Head
[titan] 2026-10-03 06:34:56,839 - root - WARNING - ENV[TORCH_NCCL_ASYNC_ERROR_HANDLING] = 1 will be overridden to 3 based on job config
[titan] 2026-10-03 06:34:56,845 - root - INFO - [GC] Initial GC collection took 0.00 seconds
[titan] 2026-10-03 06:34:56,845 - root - INFO - Building device mesh with parallelism: pp=1, dp_replicate=1, dp_shard=1, cp=1, tp=2, ep=1
[titan] 2026-10-03 06:34:56,850 - root - INFO - Successfully created meshes with active dimensions: ['tp']
[titan] 2026-10-03 06:34:56,852 - root - INFO - Building specforge dflash2
[titan] 2026-10-03 06:34:56,858 - root - WARNING - ENV[TORCH_NCCL_ASYNC_ERROR_HANDLING] = 1 will be overridden to 3 based on job config
[titan] 2026-10-03 06:34:56,858 - root - INFO - CUDA capacity: NVIDIA H200 with 139.80GiB memory
[titan] 2026-10-03 06:34:56,859 - root - WARNING - Error running lspci: [Errno 2] No such file or directory: 'lspci', fallback to use device_name
[titan] 2026-10-03 06:34:56,859 - root - INFO - [34mModel specforge dflash2 [31msize: 30,048 total parameters[39m
[titan] 2026-10-03 06:34:56,864 - root - INFO - [GC] Initial GC collection took 0.00 seconds
[titan] 2026-10-03 06:34:56,864 - root - INFO - Building device mesh with parallelism: pp=1, dp_replicate=1, dp_shard=1, cp=1, tp=2, ep=1
[titan] 2026-10-03 06:34:56,869 - root - INFO - Successfully created meshes with active dimensions: ['tp']
[titan] 2026-10-03 06:34:56,870 - root - INFO - Building specforge dflash2
[titan] 2026-10-03 06:34:56,877 - root - INFO - CUDA capacity: NVIDIA H200 with 139.80GiB memory
[titan] 2026-10-03 06:34:56,877 - root - WARNING - Error running lspci: [Errno 2] No such file or directory: 'lspci', fallback to use device_name
[titan] 2026-10-03 06:34:56,878 - root - INFO - [34mModel specforge dflash2 [31msize: 30,048 total parameters[39m
[titan] 2026-10-03 06:34:56,886 - root - INFO - Compiling each TransformerBlock with torch.compile
[titan] 2026-10-03 06:34:56,905 - root - INFO - Compiling each TransformerBlock with torch.compile
[titan] 2026-10-03 06:34:56,930 - root - INFO - Applied FSDP to the model
[titan] 2026-10-03 06:34:56,948 - root - INFO - Applied FSDP to the model
[titan] 2026-10-03 06:34:58,419 - root - WARNING - Error running lspci: [Errno 2] No such file or directory: 'lspci', fallback to use device_name
[titan] 2026-10-03 06:34:58,419 - root - INFO - Peak FLOPS used for computing MFU: 9.890e+14
[titan] 2026-10-03 06:34:58,419 - root - INFO - CUDA memory usage for model: 0.00GiB(0.00%)
[titan] 2026-10-03 06:34:58,419 - root - INFO - Optimizer AdamW (model_part=0): 36 params [.*] {'fused': True, 'foreach': False, 'lr': 0.002, 'betas': (0.9, 0.999), 'eps': 1e-08, 'weight_decay': 0.0}
[titan] 2026-10-03 06:34:58,419 - root - WARNING - Error running lspci: [Errno 2] No such file or directory: 'lspci', fallback to use device_name
[titan] 2026-10-03 06:34:58,419 - root - INFO - Peak FLOPS used for computing MFU: 9.890e+14
[titan] 2026-10-03 06:34:58,420 - root - INFO - CUDA memory usage for model: 0.00GiB(0.00%)
[titan] 2026-10-03 06:34:58,420 - root - INFO - Optimizer AdamW (model_part=0): 36 params [.*] {'fused': True, 'foreach': False, 'lr': 0.002, 'betas': (0.9, 0.999), 'eps': 1e-08, 'weight_decay': 0.0}
[titan] 2026-10-03 06:34:58,420 - root - INFO - Checkpointing active. Checkpoints will be loaded from and saved to /scratch/specforge-torchtitan-20261003/native-cuda-loss-fix-tp2/tp2-resume/checkpoint
[titan] 2026-10-03 06:34:58,421 - root - INFO - Trainer is initialized with local batch size 2, global batch size 4, gradient accumulation steps 2, sequence length 32, total steps 3 (warmup 0)
[titan] 2026-10-03 06:34:58,421 - root - INFO - Loading the checkpoint from /scratch/specforge-torchtitan-20261003/native-cuda-loss-fix-tp2/tp2-cut/checkpoint/step-1.
[titan] 2026-10-03 06:34:58,421 - root - INFO - Checkpointing active. Checkpoints will be loaded from and saved to /scratch/specforge-torchtitan-20261003/native-cuda-loss-fix-tp2/tp2-resume/checkpoint
[titan] 2026-10-03 06:34:58,421 - root - INFO - Trainer is initialized with local batch size 2, global batch size 4, gradient accumulation steps 2, sequence length 32, total steps 3 (warmup 0)
[titan] 2026-10-03 06:34:58,422 - root - INFO - Loading the checkpoint from /scratch/specforge-torchtitan-20261003/native-cuda-loss-fix-tp2/tp2-cut/checkpoint/step-1.
[titan] 2026-10-03 06:34:58,722 - root - INFO - [GC] GC collection for checkpoint loading. took 0.00 seconds
[titan] 2026-10-03 06:34:58,722 - root - INFO - Finished loading the checkpoint in 0.30 seconds.
[titan] 2026-10-03 06:34:58,722 - root - INFO - Training starts at step 2
[titan] 2026-10-03 06:34:58,722 - root - INFO - [GC] GC collection for checkpoint loading. took 0.00 seconds
[titan] 2026-10-03 06:34:58,722 - root - INFO - Finished loading the checkpoint in 0.30 seconds.
[titan] 2026-10-03 06:34:58,722 - root - INFO - Training starts at step 2
/scratch/specforge-torchtitan-20261003/venv/lib/python3.12/site-packages/torch/_dynamo/variables/functions.py:2762: UserWarning: Dynamo detected a call to a `functools.lru_cache`-wrapped function at 'dflash2.py:177'. Dynamo ignores the cache wrapper and directly traces the wrapped function. Silent incorrectness is only a *potential* risk, not something we have observed. Enable TORCH_LOGS=+dynamo for a DEBUG stack trace.

This call originates from:
  File "/scratch/specforge-torchtitan-20261003/graph-loss-source-candidate4/specforge/modeling/draft/dflash2.py", line 177, in _fused_convolution
    fused = _load_fused_grouped_conv()
            ^^^^^^^^^^^^^^^^^^^^^^^^^^

  torch._dynamo.utils.warn_once(msg)
/scratch/specforge-torchtitan-20261003/venv/lib/python3.12/site-packages/torch/_dynamo/variables/functions.py:2762: UserWarning: Dynamo detected a call to a `functools.lru_cache`-wrapped function at 'dflash2.py:177'. Dynamo ignores the cache wrapper and directly traces the wrapped function. Silent incorrectness is only a *potential* risk, not something we have observed. Enable TORCH_LOGS=+dynamo for a DEBUG stack trace.

This call originates from:
  File "/scratch/specforge-torchtitan-20261003/graph-loss-source-candidate4/specforge/modeling/draft/dflash2.py", line 177, in _fused_convolution
    fused = _load_fused_grouped_conv()
            ^^^^^^^^^^^^^^^^^^^^^^^^^^

  torch._dynamo.utils.warn_once(msg)
[titan] 2026-10-03 06:35:11,196 - root - INFO - Recorded CUDA graph
[titan] 2026-10-03 06:35:11,200 - root - INFO - Recorded CUDA graph
[rank1]:W1003 06:35:11.237000 2078027 torch/distributed/tensor/_redistribute.py:394] While redistributing from (_NormPartial(2.0), _NormPartial(2.0)) to (Replicate(), Replicate()), 2 sequential all_reduce operations will be performed. This is suboptimal: multiple collective operations have higher latency (separate kernel launches and synchronization points) and may give inconsistent results between ranks due to different reduction orders. To optimize, flatten mesh dimensions ["fsdp", "tp"] so DTensor can use a single operation instead.
[rank0]:W1003 06:35:11.242000 2078026 torch/distributed/tensor/_redistribute.py:394] While redistributing from (_NormPartial(2.0), _NormPartial(2.0)) to (Replicate(), Replicate()), 2 sequential all_reduce operations will be performed. This is suboptimal: multiple collective operations have higher latency (separate kernel launches and synchronization points) and may give inconsistent results between ranks due to different reduction orders. To optimize, flatten mesh dimensions ["fsdp", "tp"] so DTensor can use a single operation instead.
[titan] 2026-10-03 06:35:11,334 - root - INFO - [31mstep:  2  [32mloss: 12.08353  [38;2;180;60;0mgrad_norm:  4.5858  [38;2;54;234;195mmemory:  0.04GiB(0.03%)  [34mtps: 4  [36mtflops: 0.00  [35mmfu: 0.00%[39m
[titan] 2026-10-03 06:35:11,334 - root - INFO - Saving the checkpoint.
[titan] 2026-10-03 06:35:11,338 - root - INFO - [31mstep:  2  [32mloss: 12.08353  [38;2;180;60;0mgrad_norm:  4.5858  [38;2;54;234;195mmemory:  0.04GiB(0.03%)  [34mtps: 4  [36mtflops: 0.00  [35mmfu: 0.00%[39m
[titan] 2026-10-03 06:35:11,338 - root - INFO - Saving the checkpoint.
[titan] 2026-10-03 06:35:11,521 - root - INFO - [GC] GC collection invoked by checkpointer. took 0.11 seconds
[titan] 2026-10-03 06:35:11,521 - root - INFO - Finished saving the checkpoint in 0.18 seconds.
[titan] 2026-10-03 06:35:11,522 - root - INFO - Synchronizing and adjusting timeout for all ProcessGroups to 0:02:00
[titan] 2026-10-03 06:35:11,524 - root - INFO - [GC] GC collection invoked by checkpointer. took 0.11 seconds
[titan] 2026-10-03 06:35:11,524 - root - INFO - Finished saving the checkpoint in 0.19 seconds.
[titan] 2026-10-03 06:35:11,525 - root - INFO - Synchronizing and adjusting timeout for all ProcessGroups to 0:02:00
[titan] 2026-10-03 06:35:11,552 - root - INFO - [31mstep:  3  [32mloss: 11.51216  [38;2;180;60;0mgrad_norm:  3.9196  [38;2;54;234;195mmemory:  0.04GiB(0.03%)  [34mtps: 293  [36mtflops: 0.00  [35mmfu: 0.00%[39m
[titan] 2026-10-03 06:35:11,552 - root - INFO - [31mstep:  3  [32mloss: 11.51216  [38;2;180;60;0mgrad_norm:  3.9196  [38;2;54;234;195mmemory:  0.04GiB(0.03%)  [34mtps: 299  [36mtflops: 0.00  [35mmfu: 0.00%[39m
[titan] 2026-10-03 06:35:11,553 - root - INFO - Saving the checkpoint.
[titan] 2026-10-03 06:35:11,553 - root - INFO - Saving the checkpoint.
[titan] 2026-10-03 06:35:11,553 - root - INFO - Saving a full checkpoint at last step, step 3.
[titan] 2026-10-03 06:35:11,553 - root - INFO - Saving a full checkpoint at last step, step 3.
[titan] 2026-10-03 06:35:11,625 - root - INFO - [GC] GC collection invoked by checkpointer. took 0.00 seconds
[titan] 2026-10-03 06:35:11,625 - root - INFO - Last step checkpoint completed in 0.07s
[titan] 2026-10-03 06:35:11,625 - root - INFO - Sleeping 2 seconds for other ranks to complete
[titan] 2026-10-03 06:35:11,630 - root - INFO - [GC] GC collection invoked by checkpointer. took 0.00 seconds
[titan] 2026-10-03 06:35:11,631 - root - INFO - Last step checkpoint completed in 0.08s
[titan] 2026-10-03 06:35:11,631 - root - INFO - Training completed
[rank1]:W1003 06:35:11.634000 2078027 torch/distributed/tensor/_redistribute.py:394] While redistributing from (_StridedShard(dim=0, sf=2), Shard(dim=0)) to (Replicate(), Replicate()), 2 sequential all_gather operations will be performed. This is suboptimal: multiple collective operations have higher latency (separate kernel launches and synchronization points) and may give inconsistent results between ranks due to different reduction orders. it is not possible to merge non-ascending order all_gather operations.
[titan] 2026-10-03 06:35:13,626 - root - INFO - Training completed
[rank0]:W1003 06:35:13.629000 2078026 torch/distributed/tensor/_redistribute.py:394] While redistributing from (_StridedShard(dim=0, sf=2), Shard(dim=0)) to (Replicate(), Replicate()), 2 sequential all_gather operations will be performed. This is suboptimal: multiple collective operations have higher latency (separate kernel launches and synchronization points) and may give inconsistent results between ranks due to different reduction orders. it is not possible to merge non-ascending order all_gather operations.
