W1003 06:33:52.338000 2075492 torch/utils/_pytree.py:630] <enum 'KernelPreference'> is an Enum subclass and is now natively supported by torch.compile as an opaque value type. Calling register_constant() on Enum subclasses is deprecated and will be an error in a future release.
W1003 06:33:52.367000 2075492 torch/utils/_pytree.py:630] <enum 'ScaleCalculationMode'> is an Enum subclass and is now natively supported by torch.compile as an opaque value type. Calling register_constant() on Enum subclasses is deprecated and will be an error in a future release.
W1003 06:33:52.696000 2075493 torch/utils/_pytree.py:630] <enum 'KernelPreference'> is an Enum subclass and is now natively supported by torch.compile as an opaque value type. Calling register_constant() on Enum subclasses is deprecated and will be an error in a future release.
W1003 06:33:52.724000 2075493 torch/utils/_pytree.py:630] <enum 'ScaleCalculationMode'> is an Enum subclass and is now natively supported by torch.compile as an opaque value type. Calling register_constant() on Enum subclasses is deprecated and will be an error in a future release.
/scratch/specforge-torchtitan-20261003/graph-loss-source-candidate4/specforge/modeling/draft/llama3_eagle.py:33: UserWarning: flash_attn is not found, falling back to flex_attention. Please install flash_attn if you want to use the flash attention backend.
  warnings.warn(
Loading ['model.embed_tokens.weight', 'lm_head.weight'] from model.safetensors...
 -> Loaded Embeddings
 -> Loaded LM Head
/scratch/specforge-torchtitan-20261003/graph-loss-source-candidate4/specforge/modeling/draft/llama3_eagle.py:33: UserWarning: flash_attn is not found, falling back to flex_attention. Please install flash_attn if you want to use the flash attention backend.
  warnings.warn(
Loading ['model.embed_tokens.weight', 'lm_head.weight'] from model.safetensors...
 -> Loaded Embeddings
 -> Loaded LM Head
[titan] 2026-10-03 06:33:54,553 - root - WARNING - ENV[TORCH_NCCL_ASYNC_ERROR_HANDLING] = 1 will be overridden to 3 based on job config
[titan] 2026-10-03 06:33:54,560 - root - INFO - [GC] Initial GC collection took 0.00 seconds
[titan] 2026-10-03 06:33:54,560 - root - INFO - Building device mesh with parallelism: pp=1, dp_replicate=1, dp_shard=1, cp=1, tp=2, ep=1
[titan] 2026-10-03 06:33:54,565 - root - INFO - Successfully created meshes with active dimensions: ['tp']
[titan] 2026-10-03 06:33:54,566 - root - INFO - Building specforge dflash2
[titan] 2026-10-03 06:33:54,574 - root - INFO - CUDA capacity: NVIDIA H200 with 139.80GiB memory
[titan] 2026-10-03 06:33:54,574 - root - WARNING - Error running lspci: [Errno 2] No such file or directory: 'lspci', fallback to use device_name
[titan] 2026-10-03 06:33:54,575 - root - INFO - [34mModel specforge dflash2 [31msize: 30,048 total parameters[39m
[titan] 2026-10-03 06:33:54,602 - root - INFO - Compiling each TransformerBlock with torch.compile
[titan] 2026-10-03 06:33:54,645 - root - INFO - Applied FSDP to the model
[titan] 2026-10-03 06:33:55,313 - root - WARNING - ENV[TORCH_NCCL_ASYNC_ERROR_HANDLING] = 1 will be overridden to 3 based on job config
[titan] 2026-10-03 06:33:55,320 - root - INFO - [GC] Initial GC collection took 0.00 seconds
[titan] 2026-10-03 06:33:55,320 - root - INFO - Building device mesh with parallelism: pp=1, dp_replicate=1, dp_shard=1, cp=1, tp=2, ep=1
[titan] 2026-10-03 06:33:55,325 - root - INFO - Successfully created meshes with active dimensions: ['tp']
[titan] 2026-10-03 06:33:55,327 - root - INFO - Building specforge dflash2
[titan] 2026-10-03 06:33:55,334 - root - INFO - CUDA capacity: NVIDIA H200 with 139.80GiB memory
[titan] 2026-10-03 06:33:55,335 - root - WARNING - Error running lspci: [Errno 2] No such file or directory: 'lspci', fallback to use device_name
[titan] 2026-10-03 06:33:55,335 - root - INFO - [34mModel specforge dflash2 [31msize: 30,048 total parameters[39m
[titan] 2026-10-03 06:33:55,363 - root - INFO - Compiling each TransformerBlock with torch.compile
[titan] 2026-10-03 06:33:55,407 - root - INFO - Applied FSDP to the model
[titan] 2026-10-03 06:33:57,468 - root - WARNING - Error running lspci: [Errno 2] No such file or directory: 'lspci', fallback to use device_name
[titan] 2026-10-03 06:33:57,468 - root - INFO - Peak FLOPS used for computing MFU: 9.890e+14
[titan] 2026-10-03 06:33:57,468 - root - INFO - CUDA memory usage for model: 0.00GiB(0.00%)
[titan] 2026-10-03 06:33:57,469 - root - INFO - Optimizer AdamW (model_part=0): 36 params [.*] {'fused': True, 'foreach': False, 'lr': 0.002, 'betas': (0.9, 0.999), 'eps': 1e-08, 'weight_decay': 0.0}
[titan] 2026-10-03 06:33:57,470 - root - INFO - Checkpointing active. Checkpoints will be loaded from and saved to /scratch/specforge-torchtitan-20261003/native-cuda-loss-fix-tp2/tp2-full/checkpoint
[titan] 2026-10-03 06:33:57,470 - root - INFO - Trainer is initialized with local batch size 2, global batch size 4, gradient accumulation steps 2, sequence length 32, total steps 3 (warmup 0)
[titan] 2026-10-03 06:33:57,470 - root - INFO - No checkpoint was provided, this is a fresh start.
[titan] 2026-10-03 06:33:57,470 - root - INFO - Training starts at step 1
[titan] 2026-10-03 06:33:57,482 - root - WARNING - Error running lspci: [Errno 2] No such file or directory: 'lspci', fallback to use device_name
[titan] 2026-10-03 06:33:57,482 - root - INFO - Peak FLOPS used for computing MFU: 9.890e+14
[titan] 2026-10-03 06:33:57,483 - root - INFO - CUDA memory usage for model: 0.00GiB(0.00%)
[titan] 2026-10-03 06:33:57,484 - root - INFO - Optimizer AdamW (model_part=0): 36 params [.*] {'fused': True, 'foreach': False, 'lr': 0.002, 'betas': (0.9, 0.999), 'eps': 1e-08, 'weight_decay': 0.0}
[titan] 2026-10-03 06:33:57,486 - root - INFO - Checkpointing active. Checkpoints will be loaded from and saved to /scratch/specforge-torchtitan-20261003/native-cuda-loss-fix-tp2/tp2-full/checkpoint
[titan] 2026-10-03 06:33:57,486 - root - INFO - Trainer is initialized with local batch size 2, global batch size 4, gradient accumulation steps 2, sequence length 32, total steps 3 (warmup 0)
[titan] 2026-10-03 06:33:57,486 - root - INFO - No checkpoint was provided, this is a fresh start.
[titan] 2026-10-03 06:33:57,486 - root - INFO - Training starts at step 1
/scratch/specforge-torchtitan-20261003/venv/lib/python3.12/site-packages/torch/_dynamo/variables/functions.py:2762: UserWarning: Dynamo detected a call to a `functools.lru_cache`-wrapped function at 'dflash2.py:177'. Dynamo ignores the cache wrapper and directly traces the wrapped function. Silent incorrectness is only a *potential* risk, not something we have observed. Enable TORCH_LOGS=+dynamo for a DEBUG stack trace.

This call originates from:
  File "/scratch/specforge-torchtitan-20261003/graph-loss-source-candidate4/specforge/modeling/draft/dflash2.py", line 177, in _fused_convolution
    fused = _load_fused_grouped_conv()
            ^^^^^^^^^^^^^^^^^^^^^^^^^^

  torch._dynamo.utils.warn_once(msg)
/scratch/specforge-torchtitan-20261003/venv/lib/python3.12/site-packages/torch/_dynamo/variables/functions.py:2762: UserWarning: Dynamo detected a call to a `functools.lru_cache`-wrapped function at 'dflash2.py:177'. Dynamo ignores the cache wrapper and directly traces the wrapped function. Silent incorrectness is only a *potential* risk, not something we have observed. Enable TORCH_LOGS=+dynamo for a DEBUG stack trace.

This call originates from:
  File "/scratch/specforge-torchtitan-20261003/graph-loss-source-candidate4/specforge/modeling/draft/dflash2.py", line 177, in _fused_convolution
    fused = _load_fused_grouped_conv()
            ^^^^^^^^^^^^^^^^^^^^^^^^^^

  torch._dynamo.utils.warn_once(msg)
[titan] 2026-10-03 06:34:12,037 - root - INFO - Recorded CUDA graph
[titan] 2026-10-03 06:34:12,046 - root - INFO - Recorded CUDA graph
[rank1]:W1003 06:34:12.079000 2075493 torch/distributed/tensor/_redistribute.py:394] While redistributing from (_NormPartial(2.0), _NormPartial(2.0)) to (Replicate(), Replicate()), 2 sequential all_reduce operations will be performed. This is suboptimal: multiple collective operations have higher latency (separate kernel launches and synchronization points) and may give inconsistent results between ranks due to different reduction orders. To optimize, flatten mesh dimensions ["fsdp", "tp"] so DTensor can use a single operation instead.
[rank0]:W1003 06:34:12.090000 2075492 torch/distributed/tensor/_redistribute.py:394] While redistributing from (_NormPartial(2.0), _NormPartial(2.0)) to (Replicate(), Replicate()), 2 sequential all_reduce operations will be performed. This is suboptimal: multiple collective operations have higher latency (separate kernel launches and synchronization points) and may give inconsistent results between ranks due to different reduction orders. To optimize, flatten mesh dimensions ["fsdp", "tp"] so DTensor can use a single operation instead.
[titan] 2026-10-03 06:34:12,261 - root - INFO - [31mstep:  1  [32mloss:  9.98421  [38;2;180;60;0mgrad_norm:  4.3008  [38;2;54;234;195mmemory:  0.10GiB(0.07%)  [34mtps: 4  [36mtflops: 0.00  [35mmfu: 0.00%[39m
[titan] 2026-10-03 06:34:12,261 - root - INFO - Saving the checkpoint.
[titan] 2026-10-03 06:34:12,276 - root - INFO - [31mstep:  1  [32mloss:  9.98421  [38;2;180;60;0mgrad_norm:  4.3008  [38;2;54;234;195mmemory:  0.10GiB(0.07%)  [34mtps: 4  [36mtflops: 0.00  [35mmfu: 0.00%[39m
[titan] 2026-10-03 06:34:12,276 - root - INFO - Saving the checkpoint.
[titan] 2026-10-03 06:34:12,586 - root - INFO - [GC] GC collection invoked by checkpointer. took 0.11 seconds
[titan] 2026-10-03 06:34:12,586 - root - INFO - Finished saving the checkpoint in 0.33 seconds.
[titan] 2026-10-03 06:34:12,587 - root - INFO - Synchronizing and adjusting timeout for all ProcessGroups to 0:02:00
[titan] 2026-10-03 06:34:12,590 - root - INFO - [GC] GC collection invoked by checkpointer. took 0.12 seconds
[titan] 2026-10-03 06:34:12,593 - root - INFO - Finished saving the checkpoint in 0.32 seconds.
[titan] 2026-10-03 06:34:12,593 - root - INFO - Synchronizing and adjusting timeout for all ProcessGroups to 0:02:00
[titan] 2026-10-03 06:34:12,622 - root - INFO - [31mstep:  2  [32mloss: 12.08353  [38;2;180;60;0mgrad_norm:  4.5858  [38;2;54;234;195mmemory:  0.04GiB(0.03%)  [34mtps: 178  [36mtflops: 0.00  [35mmfu: 0.00%[39m
[titan] 2026-10-03 06:34:12,622 - root - INFO - Saving the checkpoint.
[titan] 2026-10-03 06:34:12,623 - root - INFO - [31mstep:  2  [32mloss: 12.08353  [38;2;180;60;0mgrad_norm:  4.5858  [38;2;54;234;195mmemory:  0.04GiB(0.03%)  [34mtps: 185  [36mtflops: 0.00  [35mmfu: 0.00%[39m
[titan] 2026-10-03 06:34:12,623 - root - INFO - Saving the checkpoint.
[titan] 2026-10-03 06:34:12,701 - root - INFO - [GC] GC collection invoked by checkpointer. took 0.00 seconds
[titan] 2026-10-03 06:34:12,701 - root - INFO - Finished saving the checkpoint in 0.08 seconds.
[titan] 2026-10-03 06:34:12,706 - root - INFO - [GC] GC collection invoked by checkpointer. took 0.00 seconds
[titan] 2026-10-03 06:34:12,706 - root - INFO - Finished saving the checkpoint in 0.08 seconds.
[titan] 2026-10-03 06:34:12,716 - root - INFO - [31mstep:  3  [32mloss: 11.51216  [38;2;180;60;0mgrad_norm:  3.9196  [38;2;54;234;195mmemory:  0.04GiB(0.03%)  [34mtps: 682  [36mtflops: 0.00  [35mmfu: 0.00%[39m
[titan] 2026-10-03 06:34:12,716 - root - INFO - [31mstep:  3  [32mloss: 11.51216  [38;2;180;60;0mgrad_norm:  3.9196  [38;2;54;234;195mmemory:  0.04GiB(0.03%)  [34mtps: 695  [36mtflops: 0.00  [35mmfu: 0.00%[39m
[titan] 2026-10-03 06:34:12,716 - root - INFO - Saving the checkpoint.
[titan] 2026-10-03 06:34:12,716 - root - INFO - Saving a full checkpoint at last step, step 3.
[titan] 2026-10-03 06:34:12,716 - root - INFO - Saving the checkpoint.
[titan] 2026-10-03 06:34:12,716 - root - INFO - Saving a full checkpoint at last step, step 3.
[titan] 2026-10-03 06:34:12,788 - root - INFO - [GC] GC collection invoked by checkpointer. took 0.00 seconds
[titan] 2026-10-03 06:34:12,788 - root - INFO - Last step checkpoint completed in 0.07s
[titan] 2026-10-03 06:34:12,788 - root - INFO - Sleeping 2 seconds for other ranks to complete
[titan] 2026-10-03 06:34:12,793 - root - INFO - [GC] GC collection invoked by checkpointer. took 0.00 seconds
[titan] 2026-10-03 06:34:12,793 - root - INFO - Last step checkpoint completed in 0.08s
[titan] 2026-10-03 06:34:12,793 - root - INFO - Training completed
[rank1]:W1003 06:34:12.796000 2075493 torch/distributed/tensor/_redistribute.py:394] While redistributing from (_StridedShard(dim=0, sf=2), Shard(dim=0)) to (Replicate(), Replicate()), 2 sequential all_gather operations will be performed. This is suboptimal: multiple collective operations have higher latency (separate kernel launches and synchronization points) and may give inconsistent results between ranks due to different reduction orders. it is not possible to merge non-ascending order all_gather operations.
[titan] 2026-10-03 06:34:14,789 - root - INFO - Training completed
[rank0]:W1003 06:34:14.792000 2075492 torch/distributed/tensor/_redistribute.py:394] While redistributing from (_StridedShard(dim=0, sf=2), Shard(dim=0)) to (Replicate(), Replicate()), 2 sequential all_gather operations will be performed. This is suboptimal: multiple collective operations have higher latency (separate kernel launches and synchronization points) and may give inconsistent results between ranks due to different reduction orders. it is not possible to merge non-ascending order all_gather operations.
