W1003 03:36:24.700000 2020931 torch/utils/_pytree.py:630] <enum 'KernelPreference'> is an Enum subclass and is now natively supported by torch.compile as an opaque value type. Calling register_constant() on Enum subclasses is deprecated and will be an error in a future release.
W1003 03:36:24.727000 2020931 torch/utils/_pytree.py:630] <enum 'ScaleCalculationMode'> is an Enum subclass and is now natively supported by torch.compile as an opaque value type. Calling register_constant() on Enum subclasses is deprecated and will be an error in a future release.
W1003 03:36:24.963000 2020932 torch/utils/_pytree.py:630] <enum 'KernelPreference'> is an Enum subclass and is now natively supported by torch.compile as an opaque value type. Calling register_constant() on Enum subclasses is deprecated and will be an error in a future release.
W1003 03:36:24.990000 2020932 torch/utils/_pytree.py:630] <enum 'ScaleCalculationMode'> is an Enum subclass and is now natively supported by torch.compile as an opaque value type. Calling register_constant() on Enum subclasses is deprecated and will be an error in a future release.
/scratch/specforge-torchtitan-20261003/SpecForge-titan-extensions/specforge/modeling/draft/llama3_eagle.py:33: UserWarning: flash_attn is not found, falling back to flex_attention. Please install flash_attn if you want to use the flash attention backend.
  warnings.warn(
/scratch/specforge-torchtitan-20261003/SpecForge-titan-extensions/specforge/modeling/draft/llama3_eagle.py:33: UserWarning: flash_attn is not found, falling back to flex_attention. Please install flash_attn if you want to use the flash attention backend.
  warnings.warn(
Loading ['model.embed_tokens.weight', 'lm_head.weight'] from model.safetensors...
 -> Loaded Embeddings
 -> Loaded LM Head
Loading ['model.embed_tokens.weight', 'lm_head.weight'] from model.safetensors...
 -> Loaded Embeddings
 -> Loaded LM Head
[titan] 2026-10-03 03:36:26,989 - root - WARNING - ENV[TORCH_NCCL_ASYNC_ERROR_HANDLING] = 1 will be overridden to 3 based on job config
[titan] 2026-10-03 03:36:26,993 - root - WARNING - ENV[TORCH_NCCL_ASYNC_ERROR_HANDLING] = 1 will be overridden to 3 based on job config
[titan] 2026-10-03 03:36:26,996 - root - INFO - Building device mesh with parallelism: pp=1, dp_replicate=1, dp_shard=2, cp=1, tp=1, ep=1
[titan] 2026-10-03 03:36:27,000 - root - INFO - Building device mesh with parallelism: pp=1, dp_replicate=1, dp_shard=2, cp=1, tp=1, ep=1
[titan] 2026-10-03 03:36:27,000 - root - INFO - Successfully created meshes with active dimensions: ['batch', 'loss', 'fsdp']
[titan] 2026-10-03 03:36:27,001 - root - INFO - [GC] Initial GC collection took 0.00 seconds
[titan] 2026-10-03 03:36:27,002 - root - INFO - Building specforge dflash2
[titan] 2026-10-03 03:36:27,004 - root - INFO - Successfully created meshes with active dimensions: ['batch', 'loss', 'fsdp']
[titan] 2026-10-03 03:36:27,005 - root - INFO - [GC] Initial GC collection took 0.00 seconds
[titan] 2026-10-03 03:36:27,007 - root - INFO - Building specforge dflash2
[titan] 2026-10-03 03:36:27,009 - root - INFO - CUDA capacity: NVIDIA H200 with 139.80GiB memory
[titan] 2026-10-03 03:36:27,010 - root - WARNING - Error running lspci: [Errno 2] No such file or directory: 'lspci', fallback to use device_name
[titan] 2026-10-03 03:36:27,010 - root - INFO - [34mModel specforge dflash2 [31msize: 30,048 total parameters[39m
[titan] 2026-10-03 03:36:27,014 - root - INFO - CUDA capacity: NVIDIA H200 with 139.80GiB memory
[titan] 2026-10-03 03:36:27,015 - root - WARNING - Error running lspci: [Errno 2] No such file or directory: 'lspci', fallback to use device_name
[titan] 2026-10-03 03:36:27,015 - root - INFO - [34mModel specforge dflash2 [31msize: 30,048 total parameters[39m
[titan] 2026-10-03 03:36:27,020 - root - INFO - Compiling each TransformerBlock with torch.compile
[titan] 2026-10-03 03:36:27,026 - root - INFO - Compiling each TransformerBlock with torch.compile
[titan] 2026-10-03 03:36:27,045 - root - INFO - Applied FSDP to the model
[titan] 2026-10-03 03:36:27,052 - root - INFO - Applied FSDP to the model
[titan] 2026-10-03 03:36:27,993 - root - WARNING - Error running lspci: [Errno 2] No such file or directory: 'lspci', fallback to use device_name
[titan] 2026-10-03 03:36:27,993 - root - INFO - Peak FLOPS used for computing MFU: 9.890e+14
[titan] 2026-10-03 03:36:27,993 - root - INFO - CUDA memory usage for model: 0.00GiB(0.00%)
[titan] 2026-10-03 03:36:27,993 - root - WARNING - Error running lspci: [Errno 2] No such file or directory: 'lspci', fallback to use device_name
[titan] 2026-10-03 03:36:27,993 - root - INFO - Peak FLOPS used for computing MFU: 9.890e+14
[titan] 2026-10-03 03:36:27,993 - root - INFO - Optimizer AdamW (model_part=0): 36 params [.*] {'fused': True, 'foreach': False, 'lr': 0.002, 'betas': (0.9, 0.999), 'eps': 1e-08, 'weight_decay': 0.0}
[titan] 2026-10-03 03:36:27,993 - root - INFO - CUDA memory usage for model: 0.00GiB(0.00%)
[titan] 2026-10-03 03:36:27,994 - root - INFO - Optimizer AdamW (model_part=0): 36 params [.*] {'fused': True, 'foreach': False, 'lr': 0.002, 'betas': (0.9, 0.999), 'eps': 1e-08, 'weight_decay': 0.0}
[titan] 2026-10-03 03:36:27,994 - root - INFO - Checkpointing active. Checkpoints will be loaded from and saved to /scratch/specforge-torchtitan-20261003/native-cuda-extension-validation/dp2-cut/checkpoint
[titan] 2026-10-03 03:36:27,994 - root - INFO - Trainer is initialized with local batch size 2, global batch size 8, gradient accumulation steps 2, sequence length 32, total steps 1 (warmup 0)
[titan] 2026-10-03 03:36:27,995 - root - INFO - No checkpoint was provided, this is a fresh start.
[titan] 2026-10-03 03:36:27,995 - root - INFO - Training starts at step 1
[titan] 2026-10-03 03:36:27,995 - root - INFO - Checkpointing active. Checkpoints will be loaded from and saved to /scratch/specforge-torchtitan-20261003/native-cuda-extension-validation/dp2-cut/checkpoint
[titan] 2026-10-03 03:36:27,995 - root - INFO - Trainer is initialized with local batch size 2, global batch size 8, gradient accumulation steps 2, sequence length 32, total steps 1 (warmup 0)
[titan] 2026-10-03 03:36:27,995 - root - INFO - No checkpoint was provided, this is a fresh start.
[titan] 2026-10-03 03:36:27,995 - root - INFO - Training starts at step 1
[titan] 2026-10-03 03:36:30,128 - root - INFO - Recorded CUDA graph
[titan] 2026-10-03 03:36:30,129 - root - INFO - Recorded CUDA graph
[titan] 2026-10-03 03:36:30,286 - root - INFO - [31mstep:  1  [32mloss: 11.10647  [38;2;180;60;0mgrad_norm:  4.0925  [38;2;54;234;195mmemory:  0.04GiB(0.03%)  [34mtps: 39  [36mtflops: 0.00  [35mmfu: 0.00%[39m
[titan] 2026-10-03 03:36:30,286 - root - INFO - [31mstep:  1  [32mloss: 11.10647  [38;2;180;60;0mgrad_norm:  4.0925  [38;2;54;234;195mmemory:  0.04GiB(0.03%)  [34mtps: 39  [36mtflops: 0.00  [35mmfu: 0.00%[39m
[titan] 2026-10-03 03:36:30,287 - root - INFO - Saving the checkpoint.
[titan] 2026-10-03 03:36:30,287 - root - INFO - Saving a full checkpoint at last step, step 1.
[titan] 2026-10-03 03:36:30,287 - root - INFO - Saving the checkpoint.
[titan] 2026-10-03 03:36:30,287 - root - INFO - Saving a full checkpoint at last step, step 1.
[titan] 2026-10-03 03:36:30,479 - root - INFO - [GC] GC collection invoked by checkpointer. took 0.00 seconds
[titan] 2026-10-03 03:36:30,480 - root - INFO - Last step checkpoint completed in 0.19s
[titan] 2026-10-03 03:36:30,480 - root - INFO - Synchronizing and adjusting timeout for all ProcessGroups to 0:02:00
[titan] 2026-10-03 03:36:30,485 - root - INFO - [GC] GC collection invoked by checkpointer. took 0.01 seconds
[titan] 2026-10-03 03:36:30,485 - root - INFO - Last step checkpoint completed in 0.20s
[titan] 2026-10-03 03:36:30,485 - root - INFO - Synchronizing and adjusting timeout for all ProcessGroups to 0:02:00
[titan] 2026-10-03 03:36:30,485 - root - INFO - Sleeping 2 seconds for other ranks to complete
[titan] 2026-10-03 03:36:30,485 - root - INFO - Training completed
[titan] 2026-10-03 03:36:32,485 - root - INFO - Training completed
