W1003 03:37:27.471000 2022716 torch/utils/_pytree.py:630] <enum 'KernelPreference'> is an Enum subclass and is now natively supported by torch.compile as an opaque value type. Calling register_constant() on Enum subclasses is deprecated and will be an error in a future release.
W1003 03:37:27.495000 2022715 torch/utils/_pytree.py:630] <enum 'KernelPreference'> is an Enum subclass and is now natively supported by torch.compile as an opaque value type. Calling register_constant() on Enum subclasses is deprecated and will be an error in a future release.
W1003 03:37:27.498000 2022716 torch/utils/_pytree.py:630] <enum 'ScaleCalculationMode'> is an Enum subclass and is now natively supported by torch.compile as an opaque value type. Calling register_constant() on Enum subclasses is deprecated and will be an error in a future release.
W1003 03:37:27.522000 2022715 torch/utils/_pytree.py:630] <enum 'ScaleCalculationMode'> is an Enum subclass and is now natively supported by torch.compile as an opaque value type. Calling register_constant() on Enum subclasses is deprecated and will be an error in a future release.
/scratch/specforge-torchtitan-20261003/SpecForge-titan-extensions/specforge/modeling/draft/llama3_eagle.py:33: UserWarning: flash_attn is not found, falling back to flex_attention. Please install flash_attn if you want to use the flash attention backend.
  warnings.warn(
/scratch/specforge-torchtitan-20261003/SpecForge-titan-extensions/specforge/modeling/draft/llama3_eagle.py:33: UserWarning: flash_attn is not found, falling back to flex_attention. Please install flash_attn if you want to use the flash attention backend.
  warnings.warn(
Loading ['model.embed_tokens.weight', 'lm_head.weight'] from model.safetensors...
 -> Loaded Embeddings
 -> Loaded LM Head
Loading ['model.embed_tokens.weight', 'lm_head.weight'] from model.safetensors...
 -> Loaded Embeddings
 -> Loaded LM Head
[titan] 2026-10-03 03:37:29,624 - root - WARNING - ENV[TORCH_NCCL_ASYNC_ERROR_HANDLING] = 1 will be overridden to 3 based on job config
[titan] 2026-10-03 03:37:29,627 - root - WARNING - ENV[TORCH_NCCL_ASYNC_ERROR_HANDLING] = 1 will be overridden to 3 based on job config
[titan] 2026-10-03 03:37:29,630 - root - INFO - [GC] Initial GC collection took 0.00 seconds
[titan] 2026-10-03 03:37:29,630 - root - INFO - Building device mesh with parallelism: pp=1, dp_replicate=1, dp_shard=1, cp=1, tp=2, ep=1
[titan] 2026-10-03 03:37:29,633 - root - INFO - [GC] Initial GC collection took 0.00 seconds
[titan] 2026-10-03 03:37:29,634 - root - INFO - Building device mesh with parallelism: pp=1, dp_replicate=1, dp_shard=1, cp=1, tp=2, ep=1
[titan] 2026-10-03 03:37:29,636 - root - INFO - Successfully created meshes with active dimensions: ['tp']
[titan] 2026-10-03 03:37:29,637 - root - INFO - Building specforge dflash2
[titan] 2026-10-03 03:37:29,638 - root - INFO - Successfully created meshes with active dimensions: ['tp']
[titan] 2026-10-03 03:37:29,640 - root - INFO - Building specforge dflash2
[titan] 2026-10-03 03:37:29,644 - root - INFO - CUDA capacity: NVIDIA H200 with 139.80GiB memory
[titan] 2026-10-03 03:37:29,645 - root - WARNING - Error running lspci: [Errno 2] No such file or directory: 'lspci', fallback to use device_name
[titan] 2026-10-03 03:37:29,645 - root - INFO - [34mModel specforge dflash2 [31msize: 30,048 total parameters[39m
[titan] 2026-10-03 03:37:29,647 - root - INFO - CUDA capacity: NVIDIA H200 with 139.80GiB memory
[titan] 2026-10-03 03:37:29,648 - root - WARNING - Error running lspci: [Errno 2] No such file or directory: 'lspci', fallback to use device_name
[titan] 2026-10-03 03:37:29,648 - root - INFO - [34mModel specforge dflash2 [31msize: 30,048 total parameters[39m
[titan] 2026-10-03 03:37:29,672 - root - INFO - Compiling each TransformerBlock with torch.compile
[titan] 2026-10-03 03:37:29,675 - root - INFO - Compiling each TransformerBlock with torch.compile
[titan] 2026-10-03 03:37:29,716 - root - INFO - Applied FSDP to the model
[titan] 2026-10-03 03:37:29,719 - root - INFO - Applied FSDP to the model
[titan] 2026-10-03 03:37:31,044 - root - WARNING - Error running lspci: [Errno 2] No such file or directory: 'lspci', fallback to use device_name
[titan] 2026-10-03 03:37:31,044 - root - INFO - Peak FLOPS used for computing MFU: 9.890e+14
[titan] 2026-10-03 03:37:31,044 - root - INFO - CUDA memory usage for model: 0.00GiB(0.00%)
[titan] 2026-10-03 03:37:31,044 - root - WARNING - Error running lspci: [Errno 2] No such file or directory: 'lspci', fallback to use device_name
[titan] 2026-10-03 03:37:31,044 - root - INFO - Peak FLOPS used for computing MFU: 9.890e+14
[titan] 2026-10-03 03:37:31,044 - root - INFO - Optimizer AdamW (model_part=0): 36 params [.*] {'fused': True, 'foreach': False, 'lr': 0.002, 'betas': (0.9, 0.999), 'eps': 1e-08, 'weight_decay': 0.0}
[titan] 2026-10-03 03:37:31,044 - root - INFO - CUDA memory usage for model: 0.00GiB(0.00%)
[titan] 2026-10-03 03:37:31,045 - root - INFO - Optimizer AdamW (model_part=0): 36 params [.*] {'fused': True, 'foreach': False, 'lr': 0.002, 'betas': (0.9, 0.999), 'eps': 1e-08, 'weight_decay': 0.0}
[titan] 2026-10-03 03:37:31,045 - root - INFO - Checkpointing active. Checkpoints will be loaded from and saved to /scratch/specforge-torchtitan-20261003/native-cuda-extension-validation/tp2-cut/checkpoint
[titan] 2026-10-03 03:37:31,046 - root - INFO - Trainer is initialized with local batch size 2, global batch size 4, gradient accumulation steps 2, sequence length 32, total steps 1 (warmup 0)
[titan] 2026-10-03 03:37:31,046 - root - INFO - No checkpoint was provided, this is a fresh start.
[titan] 2026-10-03 03:37:31,046 - root - INFO - Training starts at step 1
[titan] 2026-10-03 03:37:31,046 - root - INFO - Checkpointing active. Checkpoints will be loaded from and saved to /scratch/specforge-torchtitan-20261003/native-cuda-extension-validation/tp2-cut/checkpoint
[titan] 2026-10-03 03:37:31,046 - root - INFO - Trainer is initialized with local batch size 2, global batch size 4, gradient accumulation steps 2, sequence length 32, total steps 1 (warmup 0)
[titan] 2026-10-03 03:37:31,046 - root - INFO - No checkpoint was provided, this is a fresh start.
[titan] 2026-10-03 03:37:31,046 - root - INFO - Training starts at step 1
[titan] 2026-10-03 03:37:44,032 - root - INFO - Recorded CUDA graph
[titan] 2026-10-03 03:37:44,035 - root - INFO - Recorded CUDA graph
[rank1]:W1003 03:37:44.074000 2022716 torch/distributed/tensor/_redistribute.py:394] While redistributing from (_NormPartial(2.0), _NormPartial(2.0)) to (Replicate(), Replicate()), 2 sequential all_reduce operations will be performed. This is suboptimal: multiple collective operations have higher latency (separate kernel launches and synchronization points) and may give inconsistent results between ranks due to different reduction orders. To optimize, flatten mesh dimensions ["fsdp", "tp"] so DTensor can use a single operation instead.
[rank0]:W1003 03:37:44.077000 2022715 torch/distributed/tensor/_redistribute.py:394] While redistributing from (_NormPartial(2.0), _NormPartial(2.0)) to (Replicate(), Replicate()), 2 sequential all_reduce operations will be performed. This is suboptimal: multiple collective operations have higher latency (separate kernel launches and synchronization points) and may give inconsistent results between ranks due to different reduction orders. To optimize, flatten mesh dimensions ["fsdp", "tp"] so DTensor can use a single operation instead.
[titan] 2026-10-03 03:37:44,257 - root - INFO - [31mstep:  1  [32mloss:  9.98295  [38;2;180;60;0mgrad_norm:  4.3005  [38;2;54;234;195mmemory:  0.04GiB(0.03%)  [34mtps: 4  [36mtflops: 0.00  [35mmfu: 0.00%[39m
[titan] 2026-10-03 03:37:44,257 - root - INFO - Saving the checkpoint.
[titan] 2026-10-03 03:37:44,257 - root - INFO - Saving a full checkpoint at last step, step 1.
[titan] 2026-10-03 03:37:44,261 - root - INFO - [31mstep:  1  [32mloss:  9.98295  [38;2;180;60;0mgrad_norm:  4.3005  [38;2;54;234;195mmemory:  0.04GiB(0.03%)  [34mtps: 4  [36mtflops: 0.00  [35mmfu: 0.00%[39m
[titan] 2026-10-03 03:37:44,262 - root - INFO - Saving the checkpoint.
[titan] 2026-10-03 03:37:44,262 - root - INFO - Saving a full checkpoint at last step, step 1.
[titan] 2026-10-03 03:37:44,555 - root - INFO - [GC] GC collection invoked by checkpointer. took 0.11 seconds
[titan] 2026-10-03 03:37:44,556 - root - INFO - Last step checkpoint completed in 0.29s
[titan] 2026-10-03 03:37:44,556 - root - INFO - Synchronizing and adjusting timeout for all ProcessGroups to 0:02:00
[titan] 2026-10-03 03:37:44,566 - root - INFO - [GC] GC collection invoked by checkpointer. took 0.12 seconds
[titan] 2026-10-03 03:37:44,567 - root - INFO - Last step checkpoint completed in 0.31s
[titan] 2026-10-03 03:37:44,567 - root - INFO - Synchronizing and adjusting timeout for all ProcessGroups to 0:02:00
[titan] 2026-10-03 03:37:44,567 - root - INFO - Training completed
[titan] 2026-10-03 03:37:44,567 - root - INFO - Sleeping 2 seconds for other ranks to complete
[rank1]:W1003 03:37:44.570000 2022716 torch/distributed/tensor/_redistribute.py:394] While redistributing from (_StridedShard(dim=0, sf=2), Shard(dim=0)) to (Replicate(), Replicate()), 2 sequential all_gather operations will be performed. This is suboptimal: multiple collective operations have higher latency (separate kernel launches and synchronization points) and may give inconsistent results between ranks due to different reduction orders. it is not possible to merge non-ascending order all_gather operations.
[titan] 2026-10-03 03:37:46,567 - root - INFO - Training completed
[rank0]:W1003 03:37:46.571000 2022715 torch/distributed/tensor/_redistribute.py:394] While redistributing from (_StridedShard(dim=0, sf=2), Shard(dim=0)) to (Replicate(), Replicate()), 2 sequential all_gather operations will be performed. This is suboptimal: multiple collective operations have higher latency (separate kernel launches and synchronization points) and may give inconsistent results between ranks due to different reduction orders. it is not possible to merge non-ascending order all_gather operations.
