W1003 03:37:55.636000 2023103 torch/utils/_pytree.py:630] <enum 'KernelPreference'> is an Enum subclass and is now natively supported by torch.compile as an opaque value type. Calling register_constant() on Enum subclasses is deprecated and will be an error in a future release.
W1003 03:37:55.653000 2023102 torch/utils/_pytree.py:630] <enum 'KernelPreference'> is an Enum subclass and is now natively supported by torch.compile as an opaque value type. Calling register_constant() on Enum subclasses is deprecated and will be an error in a future release.
W1003 03:37:55.663000 2023103 torch/utils/_pytree.py:630] <enum 'ScaleCalculationMode'> is an Enum subclass and is now natively supported by torch.compile as an opaque value type. Calling register_constant() on Enum subclasses is deprecated and will be an error in a future release.
W1003 03:37:55.681000 2023102 torch/utils/_pytree.py:630] <enum 'ScaleCalculationMode'> is an Enum subclass and is now natively supported by torch.compile as an opaque value type. Calling register_constant() on Enum subclasses is deprecated and will be an error in a future release.
/scratch/specforge-torchtitan-20261003/SpecForge-titan-extensions/specforge/modeling/draft/llama3_eagle.py:33: UserWarning: flash_attn is not found, falling back to flex_attention. Please install flash_attn if you want to use the flash attention backend.
  warnings.warn(
/scratch/specforge-torchtitan-20261003/SpecForge-titan-extensions/specforge/modeling/draft/llama3_eagle.py:33: UserWarning: flash_attn is not found, falling back to flex_attention. Please install flash_attn if you want to use the flash attention backend.
  warnings.warn(
Loading ['model.embed_tokens.weight', 'lm_head.weight'] from model.safetensors...
 -> Loaded Embeddings
 -> Loaded LM Head
Loading ['model.embed_tokens.weight', 'lm_head.weight'] from model.safetensors...
 -> Loaded Embeddings
 -> Loaded LM Head
[titan] 2026-10-03 03:37:57,787 - root - WARNING - ENV[TORCH_NCCL_ASYNC_ERROR_HANDLING] = 1 will be overridden to 3 based on job config
[titan] 2026-10-03 03:37:57,790 - root - WARNING - ENV[TORCH_NCCL_ASYNC_ERROR_HANDLING] = 1 will be overridden to 3 based on job config
[titan] 2026-10-03 03:37:57,793 - root - INFO - [GC] Initial GC collection took 0.00 seconds
[titan] 2026-10-03 03:37:57,794 - root - INFO - Building device mesh with parallelism: pp=1, dp_replicate=1, dp_shard=1, cp=1, tp=2, ep=1
[titan] 2026-10-03 03:37:57,797 - root - INFO - [GC] Initial GC collection took 0.00 seconds
[titan] 2026-10-03 03:37:57,797 - root - INFO - Building device mesh with parallelism: pp=1, dp_replicate=1, dp_shard=1, cp=1, tp=2, ep=1
[titan] 2026-10-03 03:37:57,799 - root - INFO - Successfully created meshes with active dimensions: ['tp']
[titan] 2026-10-03 03:37:57,800 - root - INFO - Building specforge dflash2
[titan] 2026-10-03 03:37:57,802 - root - INFO - Successfully created meshes with active dimensions: ['tp']
[titan] 2026-10-03 03:37:57,803 - root - INFO - Building specforge dflash2
[titan] 2026-10-03 03:37:57,807 - root - INFO - CUDA capacity: NVIDIA H200 with 139.80GiB memory
[titan] 2026-10-03 03:37:57,808 - root - WARNING - Error running lspci: [Errno 2] No such file or directory: 'lspci', fallback to use device_name
[titan] 2026-10-03 03:37:57,808 - root - INFO - [34mModel specforge dflash2 [31msize: 30,048 total parameters[39m
[titan] 2026-10-03 03:37:57,810 - root - INFO - CUDA capacity: NVIDIA H200 with 139.80GiB memory
[titan] 2026-10-03 03:37:57,811 - root - WARNING - Error running lspci: [Errno 2] No such file or directory: 'lspci', fallback to use device_name
[titan] 2026-10-03 03:37:57,811 - root - INFO - [34mModel specforge dflash2 [31msize: 30,048 total parameters[39m
[titan] 2026-10-03 03:37:57,836 - root - INFO - Compiling each TransformerBlock with torch.compile
[titan] 2026-10-03 03:37:57,838 - root - INFO - Compiling each TransformerBlock with torch.compile
[titan] 2026-10-03 03:37:57,880 - root - INFO - Applied FSDP to the model
[titan] 2026-10-03 03:37:57,882 - root - INFO - Applied FSDP to the model
[titan] 2026-10-03 03:37:59,800 - root - WARNING - Error running lspci: [Errno 2] No such file or directory: 'lspci', fallback to use device_name
[titan] 2026-10-03 03:37:59,800 - root - INFO - Peak FLOPS used for computing MFU: 9.890e+14
[titan] 2026-10-03 03:37:59,801 - root - INFO - CUDA memory usage for model: 0.00GiB(0.00%)
[titan] 2026-10-03 03:37:59,801 - root - WARNING - Error running lspci: [Errno 2] No such file or directory: 'lspci', fallback to use device_name
[titan] 2026-10-03 03:37:59,801 - root - INFO - Peak FLOPS used for computing MFU: 9.890e+14
[titan] 2026-10-03 03:37:59,801 - root - INFO - Optimizer AdamW (model_part=0): 36 params [.*] {'fused': True, 'foreach': False, 'lr': 0.002, 'betas': (0.9, 0.999), 'eps': 1e-08, 'weight_decay': 0.0}
[titan] 2026-10-03 03:37:59,801 - root - INFO - CUDA memory usage for model: 0.00GiB(0.00%)
[titan] 2026-10-03 03:37:59,802 - root - INFO - Optimizer AdamW (model_part=0): 36 params [.*] {'fused': True, 'foreach': False, 'lr': 0.002, 'betas': (0.9, 0.999), 'eps': 1e-08, 'weight_decay': 0.0}
[titan] 2026-10-03 03:37:59,802 - root - INFO - Checkpointing active. Checkpoints will be loaded from and saved to /scratch/specforge-torchtitan-20261003/native-cuda-extension-validation/tp2-resume/checkpoint
[titan] 2026-10-03 03:37:59,802 - root - INFO - Trainer is initialized with local batch size 2, global batch size 4, gradient accumulation steps 2, sequence length 32, total steps 3 (warmup 0)
[titan] 2026-10-03 03:37:59,802 - root - INFO - Loading the checkpoint from /scratch/specforge-torchtitan-20261003/native-cuda-extension-validation/tp2-cut/checkpoint/step-1.
[titan] 2026-10-03 03:37:59,803 - root - INFO - Checkpointing active. Checkpoints will be loaded from and saved to /scratch/specforge-torchtitan-20261003/native-cuda-extension-validation/tp2-resume/checkpoint
[titan] 2026-10-03 03:37:59,803 - root - INFO - Trainer is initialized with local batch size 2, global batch size 4, gradient accumulation steps 2, sequence length 32, total steps 3 (warmup 0)
[titan] 2026-10-03 03:37:59,803 - root - INFO - Loading the checkpoint from /scratch/specforge-torchtitan-20261003/native-cuda-extension-validation/tp2-cut/checkpoint/step-1.
[titan] 2026-10-03 03:38:00,100 - root - INFO - [GC] GC collection for checkpoint loading. took 0.00 seconds
[titan] 2026-10-03 03:38:00,100 - root - INFO - Finished loading the checkpoint in 0.30 seconds.
[titan] 2026-10-03 03:38:00,100 - root - INFO - Training starts at step 2
[titan] 2026-10-03 03:38:00,100 - root - INFO - [GC] GC collection for checkpoint loading. took 0.00 seconds
[titan] 2026-10-03 03:38:00,100 - root - INFO - Finished loading the checkpoint in 0.30 seconds.
[titan] 2026-10-03 03:38:00,100 - root - INFO - Training starts at step 2
[titan] 2026-10-03 03:38:12,998 - root - INFO - Recorded CUDA graph
[titan] 2026-10-03 03:38:12,999 - root - INFO - Recorded CUDA graph
[rank1]:W1003 03:38:13.039000 2023103 torch/distributed/tensor/_redistribute.py:394] While redistributing from (_NormPartial(2.0), _NormPartial(2.0)) to (Replicate(), Replicate()), 2 sequential all_reduce operations will be performed. This is suboptimal: multiple collective operations have higher latency (separate kernel launches and synchronization points) and may give inconsistent results between ranks due to different reduction orders. To optimize, flatten mesh dimensions ["fsdp", "tp"] so DTensor can use a single operation instead.
[rank0]:W1003 03:38:13.040000 2023102 torch/distributed/tensor/_redistribute.py:394] While redistributing from (_NormPartial(2.0), _NormPartial(2.0)) to (Replicate(), Replicate()), 2 sequential all_reduce operations will be performed. This is suboptimal: multiple collective operations have higher latency (separate kernel launches and synchronization points) and may give inconsistent results between ranks due to different reduction orders. To optimize, flatten mesh dimensions ["fsdp", "tp"] so DTensor can use a single operation instead.
[titan] 2026-10-03 03:38:13,135 - root - INFO - [31mstep:  2  [32mloss: 12.08182  [38;2;180;60;0mgrad_norm:  4.5904  [38;2;54;234;195mmemory:  0.04GiB(0.03%)  [34mtps: 4  [36mtflops: 0.00  [35mmfu: 0.00%[39m
[titan] 2026-10-03 03:38:13,135 - root - INFO - Saving the checkpoint.
[titan] 2026-10-03 03:38:13,136 - root - INFO - [31mstep:  2  [32mloss: 12.08182  [38;2;180;60;0mgrad_norm:  4.5904  [38;2;54;234;195mmemory:  0.04GiB(0.03%)  [34mtps: 4  [36mtflops: 0.00  [35mmfu: 0.00%[39m
[titan] 2026-10-03 03:38:13,136 - root - INFO - Saving the checkpoint.
[titan] 2026-10-03 03:38:13,319 - root - INFO - [GC] GC collection invoked by checkpointer. took 0.11 seconds
[titan] 2026-10-03 03:38:13,320 - root - INFO - Finished saving the checkpoint in 0.18 seconds.
[titan] 2026-10-03 03:38:13,320 - root - INFO - Synchronizing and adjusting timeout for all ProcessGroups to 0:02:00
[titan] 2026-10-03 03:38:13,325 - root - INFO - [GC] GC collection invoked by checkpointer. took 0.11 seconds
[titan] 2026-10-03 03:38:13,326 - root - INFO - Finished saving the checkpoint in 0.19 seconds.
[titan] 2026-10-03 03:38:13,326 - root - INFO - Synchronizing and adjusting timeout for all ProcessGroups to 0:02:00
[titan] 2026-10-03 03:38:13,353 - root - INFO - [31mstep:  3  [32mloss: 11.51169  [38;2;180;60;0mgrad_norm:  3.9185  [38;2;54;234;195mmemory:  0.04GiB(0.03%)  [34mtps: 293  [36mtflops: 0.00  [35mmfu: 0.00%[39m
[titan] 2026-10-03 03:38:13,353 - root - INFO - [31mstep:  3  [32mloss: 11.51169  [38;2;180;60;0mgrad_norm:  3.9185  [38;2;54;234;195mmemory:  0.04GiB(0.03%)  [34mtps: 294  [36mtflops: 0.00  [35mmfu: 0.00%[39m
[titan] 2026-10-03 03:38:13,354 - root - INFO - Saving the checkpoint.
[titan] 2026-10-03 03:38:13,354 - root - INFO - Saving a full checkpoint at last step, step 3.
[titan] 2026-10-03 03:38:13,354 - root - INFO - Saving the checkpoint.
[titan] 2026-10-03 03:38:13,354 - root - INFO - Saving a full checkpoint at last step, step 3.
[titan] 2026-10-03 03:38:13,426 - root - INFO - [GC] GC collection invoked by checkpointer. took 0.00 seconds
[titan] 2026-10-03 03:38:13,426 - root - INFO - Last step checkpoint completed in 0.07s
[titan] 2026-10-03 03:38:13,426 - root - INFO - Sleeping 2 seconds for other ranks to complete
[titan] 2026-10-03 03:38:13,431 - root - INFO - [GC] GC collection invoked by checkpointer. took 0.00 seconds
[titan] 2026-10-03 03:38:13,431 - root - INFO - Last step checkpoint completed in 0.08s
[titan] 2026-10-03 03:38:13,431 - root - INFO - Training completed
[rank1]:W1003 03:38:13.434000 2023103 torch/distributed/tensor/_redistribute.py:394] While redistributing from (_StridedShard(dim=0, sf=2), Shard(dim=0)) to (Replicate(), Replicate()), 2 sequential all_gather operations will be performed. This is suboptimal: multiple collective operations have higher latency (separate kernel launches and synchronization points) and may give inconsistent results between ranks due to different reduction orders. it is not possible to merge non-ascending order all_gather operations.
[titan] 2026-10-03 03:38:15,426 - root - INFO - Training completed
[rank0]:W1003 03:38:15.429000 2023102 torch/distributed/tensor/_redistribute.py:394] While redistributing from (_StridedShard(dim=0, sf=2), Shard(dim=0)) to (Replicate(), Replicate()), 2 sequential all_gather operations will be performed. This is suboptimal: multiple collective operations have higher latency (separate kernel launches and synchronization points) and may give inconsistent results between ranks due to different reduction orders. it is not possible to merge non-ascending order all_gather operations.
